******************************************************************************
                  TI ARM Linker PC v5.2.2                      
******************************************************************************
>> Linked Mon Sep 07 20:48:41 2015

OUTPUT FILE NAME:   <cmsisproj.out>
ENTRY POINT SYMBOL: "_c_int00"  address: 00001595


MEMORY CONFIGURATION

         name            origin    length      used     unused   attr    fill
----------------------  --------  ---------  --------  --------  ----  --------
  FLASH                 00000000   00040000  0000173e  0003e8c2  R  X
  SRAM                  20000000   00008000  00000270  00007d90  RW X


SEGMENT ALLOCATION MAP

run origin  load origin   length   init length attrs members
----------  ----------- ---------- ----------- ----- -------
00000000    00000000    00001748   00001748    r-x
  00000000    00000000    0000026c   0000026c    r-- .intvecs
  00000270    00000270    0000146a   0000146a    r-x .text
  000016e0    000016e0    00000068   00000068    r-- .cinit
20000000    20000000    00000270   00000000    rw-
  20000000    20000000    00000200   00000000    rw- .stack
  20000200    20000200    00000068   00000000    rw- .data
  20000268    20000268    00000008   00000000    rw- .bss


SECTION ALLOCATION MAP

 output                                  attributes/
section   page    origin      length       input sections
--------  ----  ----------  ----------   ----------------
.intvecs   0    00000000    0000026c     
                  00000000    0000026c     startup_ccs.obj (.intvecs)

.text      0    00000270    0000146a     
                  00000270    000005b2     Periferal_Init.obj (.text)
                  00000822    00000006     rtsv7M4_T_le_v4SPD16_eabi.lib : copy_decompress_rle.obj (.text:decompress:rle24)
                  00000828    00000444     system_LM4F.obj (.text)
                  00000c6c    00000004     rtsv7M4_T_le_v4SPD16_eabi.lib : pre_init.obj (.text)
                  00000c70    00000404     NRF24.obj (.text)
                  00001074    00000004     --HOLE-- [fill = 0]
                  00001078    000001ba     main.obj (.text)
                  00001232    00000006     --HOLE-- [fill = 0]
                  00001238    0000016e     SPI.obj (.text)
                  000013a6    0000009c     rtsv7M4_T_le_v4SPD16_eabi.lib : memcpy_t2.obj (.text)
                  00001442    0000007a                                   : memset_t2.obj (.text)
                  000014bc    0000006c                                   : autoinit.obj (.text)
                  00001528    0000006a                                   : copy_decompress_rle.obj (.text)
                  00001592    00000002     --HOLE-- [fill = 0]
                  00001594    00000050                                   : boot.obj (.text)
                  000015e4    0000004c                                   : cpy_tbl.obj (.text)
                  00001630    00000044                                   : exit.obj (.text)
                  00001674    00000004     --HOLE-- [fill = 0]
                  00001678    0000001a     startup_ccs.obj (.text)
                  00001692    00000002     --HOLE-- [fill = 0]
                  00001694    00000018     rtsv7M4_T_le_v4SPD16_eabi.lib : args_main.obj (.text)
                  000016ac    00000014                                   : _lock.obj (.text)
                  000016c0    0000000e                                   : copy_decompress_none.obj (.text:decompress:none)
                  000016ce    0000000c                                   : copy_zero_init.obj (.text:decompress:ZI)

.cinit     0    000016e0    00000068     
                  000016e0    00000041     (.cinit..data.load) [load image, compression = rle]
                  00001721    00000003     --HOLE-- [fill = 0]
                  00001724    0000000c     (__TI_handler_table)
                  00001730    00000008     (.cinit..bss.load) [load image, compression = zero_init]
                  00001738    00000010     (__TI_cinit_table)

.init_array 
*          0    00000000    00000000     UNINITIALIZED

.stack     0    20000000    00000200     UNINITIALIZED
                  20000000    00000200     --HOLE--

.data      0    20000200    00000068     UNINITIALIZED
                  20000200    00000037     NRF24.obj (.data)
                  20000237    00000001     --HOLE--
                  20000238    00000018     main.obj (.data)
                  20000250    00000008     rtsv7M4_T_le_v4SPD16_eabi.lib : _lock.obj (.data)
                  20000258    00000008                                   : exit.obj (.data)
                  20000260    00000004                                   : stkdepth_vars.obj (.data)
                  20000264    00000004     system_LM4F.obj (.data)

.bss       0    20000268    00000008     UNINITIALIZED
                  20000268    00000004     (.common:ADCvalue)
                  2000026c    00000004     (.common:StatusReg)

.TI.persistent 
*          0    20000200    00000000     UNINITIALIZED

.TI.noinit 
*          0    20000268    00000000     UNINITIALIZED


LINKER GENERATED COPY TABLES

__TI_cinit_table @ 00001738 records: 2, size/record: 8, table size: 16
	.data: load addr=000016e0, load size=00000041 bytes, run addr=20000200, run size=00000068 bytes, compression=rle
	.bss: load addr=00001730, load size=00000008 bytes, run addr=20000268, run size=00000008 bytes, compression=zero_init


LINKER GENERATED HANDLER TABLE

__TI_handler_table @ 00001724 records: 3, size/record: 4, table size: 12
	index: 0, handler: __TI_decompress_rle24
	index: 1, handler: __TI_decompress_none
	index: 2, handler: __TI_zero_init


GLOBAL SYMBOLS: SORTED ALPHABETICALLY BY Name 

address   name                    
-------   ----                    
000010c9  ADCSeq2_HANDLER         
00000471  ADC_initTimer3          
20000240  ADCflag                 
20000268  ADCvalue                
00001631  C$$EXIT                 
000011b9  CheckInterrupts         
00000d21  ConfigNRF24_Reg         
20000200  DATA_PIPE0_ADDRESS      
20000205  DATA_PIPE1_ADDRESS      
2000020a  DATA_PIPE2_ADDRESS      
2000020f  DATA_PIPE3_ADDRESS      
20000214  DATA_PIPE4_ADDRESS      
20000219  DATA_PIPE5_ADDRESS      
2000021e  DATA_PIPEx_ADDRESS      
000010a9  GPIO_PortC_Handler      
00000791  GPIO_init               
2000023c  IRQflags                
000002c1  Interrupt_IRQ           
00000449  PWM_Duty                
00000349  PWM_Init                
00001031  Ping_TX                 
00001039  Process_Data            
20000223  RX_PAYLOAD              
00000cc9  Read_Reg                
00000f01  Read_data               
00001679  ResetISR                
UNDEFED   SHT$$INIT_ARRAY$$Base   
UNDEFED   SHT$$INIT_ARRAY$$Limit  
00001239  SPI_Init                
00001341  SPI_transfer            
2000026c  StatusReg               
20000264  SystemCoreClock         
00000a11  SystemCoreClockUpdate   
00000b51  SystemInit              
20000238  T0flags                 
00001101  TIMER0A_HANDLER         
00001121  TIMER2A_HANDLER         
2000022d  TX_PAYLOAD              
00000691  TimerEdgeCounter_init   
00000611  Timer_Init              
00000c71  Write_Reg               
00000f59  Write_data              
20000200  __STACK_END             
00000200  __STACK_SIZE            
20000200  __STACK_TOP             
00001738  __TI_CINIT_Base         
00001748  __TI_CINIT_Limit        
00001724  __TI_Handler_Table_Base 
00001730  __TI_Handler_Table_Limit
000014bd  __TI_auto_init          
20000258  __TI_cleanup_ptr        
000016c1  __TI_decompress_none    
00000823  __TI_decompress_rle24   
2000025c  __TI_dtors_ptr          
00000000  __TI_static_base__      
000016cf  __TI_zero_init          
00001443  __aeabi_memclr          
00001443  __aeabi_memclr4         
00001443  __aeabi_memclr8         
000013a7  __aeabi_memcpy          
000013a7  __aeabi_memcpy4         
000013a7  __aeabi_memcpy8         
00001445  __aeabi_memset          
00001445  __aeabi_memset4         
00001445  __aeabi_memset8         
ffffffff  __binit__               
ffffffff  __c_args__              
20000000  __stack                 
00001695  _args_main              
00001595  _c_int00                
20000250  _lock                   
000016bb  _nop                    
000016b3  _register_lock          
000016ad  _register_unlock        
00000c6d  _system_pre_init        
20000254  _unlock                 
00001635  abort                   
ffffffff  binit                   
000015e5  copy_in                 
0000163d  exit                    
00000ed1  flush_RX                
00000ea1  flush_TX                
00000000  g_pfnVectors            
00001139  main                    
20000260  main_func_sp            
000013a7  memcpy                  
0000144b  memset                  
2000024c  rps                     
20000248  val                     
20000244  voltage                 


GLOBAL SYMBOLS: SORTED BY Symbol Address 

address   name                    
-------   ----                    
00000000  __TI_static_base__      
00000000  g_pfnVectors            
00000200  __STACK_SIZE            
000002c1  Interrupt_IRQ           
00000349  PWM_Init                
00000449  PWM_Duty                
00000471  ADC_initTimer3          
00000611  Timer_Init              
00000691  TimerEdgeCounter_init   
00000791  GPIO_init               
00000823  __TI_decompress_rle24   
00000a11  SystemCoreClockUpdate   
00000b51  SystemInit              
00000c6d  _system_pre_init        
00000c71  Write_Reg               
00000cc9  Read_Reg                
00000d21  ConfigNRF24_Reg         
00000ea1  flush_TX                
00000ed1  flush_RX                
00000f01  Read_data               
00000f59  Write_data              
00001031  Ping_TX                 
00001039  Process_Data            
000010a9  GPIO_PortC_Handler      
000010c9  ADCSeq2_HANDLER         
00001101  TIMER0A_HANDLER         
00001121  TIMER2A_HANDLER         
00001139  main                    
000011b9  CheckInterrupts         
00001239  SPI_Init                
00001341  SPI_transfer            
000013a7  __aeabi_memcpy          
000013a7  __aeabi_memcpy4         
000013a7  __aeabi_memcpy8         
000013a7  memcpy                  
00001443  __aeabi_memclr          
00001443  __aeabi_memclr4         
00001443  __aeabi_memclr8         
00001445  __aeabi_memset          
00001445  __aeabi_memset4         
00001445  __aeabi_memset8         
0000144b  memset                  
000014bd  __TI_auto_init          
00001595  _c_int00                
000015e5  copy_in                 
00001631  C$$EXIT                 
00001635  abort                   
0000163d  exit                    
00001679  ResetISR                
00001695  _args_main              
000016ad  _register_unlock        
000016b3  _register_lock          
000016bb  _nop                    
000016c1  __TI_decompress_none    
000016cf  __TI_zero_init          
00001724  __TI_Handler_Table_Base 
00001730  __TI_Handler_Table_Limit
00001738  __TI_CINIT_Base         
00001748  __TI_CINIT_Limit        
20000000  __stack                 
20000200  DATA_PIPE0_ADDRESS      
20000200  __STACK_END             
20000200  __STACK_TOP             
20000205  DATA_PIPE1_ADDRESS      
2000020a  DATA_PIPE2_ADDRESS      
2000020f  DATA_PIPE3_ADDRESS      
20000214  DATA_PIPE4_ADDRESS      
20000219  DATA_PIPE5_ADDRESS      
2000021e  DATA_PIPEx_ADDRESS      
20000223  RX_PAYLOAD              
2000022d  TX_PAYLOAD              
20000238  T0flags                 
2000023c  IRQflags                
20000240  ADCflag                 
20000244  voltage                 
20000248  val                     
2000024c  rps                     
20000250  _lock                   
20000254  _unlock                 
20000258  __TI_cleanup_ptr        
2000025c  __TI_dtors_ptr          
20000260  main_func_sp            
20000264  SystemCoreClock         
20000268  ADCvalue                
2000026c  StatusReg               
ffffffff  __binit__               
ffffffff  __c_args__              
ffffffff  binit                   
UNDEFED   SHT$$INIT_ARRAY$$Base   
UNDEFED   SHT$$INIT_ARRAY$$Limit  

[90 symbols]
