******************************************************************************
                  TI ARM Linker PC v5.2.2                      
******************************************************************************
>> Linked Mon Sep 07 20:48:20 2015

OUTPUT FILE NAME:   <cmsisproj.out>
ENTRY POINT SYMBOL: "_c_int00"  address: 00001159


MEMORY CONFIGURATION

         name            origin    length      used     unused   attr    fill
----------------------  --------  ---------  --------  --------  ----  --------
  FLASH                 00000000   00040000  000012fc  0003ed04  R  X
  SRAM                  20000000   00008000  00000270  00007d90  RW X


SEGMENT ALLOCATION MAP

run origin  load origin   length   init length attrs members
----------  ----------- ---------- ----------- ----- -------
00000000    00000000    00001300   00001300    r-x
  00000000    00000000    0000026c   0000026c    r-- .intvecs
  0000026c    0000026c    00001028   00001028    r-x .text
  00001298    00001298    00000068   00000068    r-- .cinit
20000000    20000000    00000270   00000000    rw-
  20000000    20000000    00000200   00000000    rw- .stack
  20000200    20000200    00000068   00000000    rw- .data
  20000268    20000268    00000008   00000000    rw- .bss


SECTION ALLOCATION MAP

 output                                  attributes/
section   page    origin      length       input sections
--------  ----  ----------  ----------   ----------------
.intvecs   0    00000000    0000026c     
                  00000000    0000026c     startup_ccs.obj (.intvecs)

.text      0    0000026c    00001028     
                  0000026c    00000474     Periferal_Init.obj (.text)
                  000006e0    0000031c     system_LM4F.obj (.text)
                  000009fc    00000318     NRF24.obj (.text)
                  00000d14    00000160     main.obj (.text)
                  00000e74    000000f4     SPI.obj (.text)
                  00000f68    0000009c     rtsv7M4_T_le_v4SPD16_eabi.lib : memcpy_t2.obj (.text)
                  00001004    0000007a                                   : memset_t2.obj (.text)
                  0000107e    00000002     --HOLE-- [fill = 0]
                  00001080    0000006c                                   : autoinit.obj (.text)
                  000010ec    0000006a                                   : copy_decompress_rle.obj (.text)
                  00001156    00000002     --HOLE-- [fill = 0]
                  00001158    00000050                                   : boot.obj (.text)
                  000011a8    0000004c                                   : cpy_tbl.obj (.text)
                  000011f4    00000044                                   : exit.obj (.text)
                  00001238    00000018                                   : args_main.obj (.text)
                  00001250    00000014                                   : _lock.obj (.text)
                  00001264    0000000e                                   : copy_decompress_none.obj (.text:decompress:none)
                  00001272    0000000c                                   : copy_zero_init.obj (.text:decompress:ZI)
                  0000127e    0000000c     startup_ccs.obj (.text)
                  0000128a    00000006     rtsv7M4_T_le_v4SPD16_eabi.lib : copy_decompress_rle.obj (.text:decompress:rle24)
                  00001290    00000004                                   : pre_init.obj (.text)

.cinit     0    00001298    00000068     
                  00001298    00000041     (.cinit..data.load) [load image, compression = rle]
                  000012d9    00000003     --HOLE-- [fill = 0]
                  000012dc    0000000c     (__TI_handler_table)
                  000012e8    00000008     (.cinit..bss.load) [load image, compression = zero_init]
                  000012f0    00000010     (__TI_cinit_table)

.init_array 
*          0    00000000    00000000     UNINITIALIZED

.stack     0    20000000    00000200     UNINITIALIZED
                  20000000    00000200     --HOLE--

.data      0    20000200    00000068     UNINITIALIZED
                  20000200    00000037     NRF24.obj (.data)
                  20000237    00000001     --HOLE--
                  20000238    00000018     main.obj (.data)
                  20000250    00000008     rtsv7M4_T_le_v4SPD16_eabi.lib : _lock.obj (.data)
                  20000258    00000008                                   : exit.obj (.data)
                  20000260    00000004                                   : stkdepth_vars.obj (.data)
                  20000264    00000004     system_LM4F.obj (.data)

.bss       0    20000268    00000008     UNINITIALIZED
                  20000268    00000004     (.common:ADCvalue)
                  2000026c    00000004     (.common:StatusReg)

.TI.persistent 
*          0    20000200    00000000     UNINITIALIZED

.TI.noinit 
*          0    20000268    00000000     UNINITIALIZED


LINKER GENERATED COPY TABLES

__TI_cinit_table @ 000012f0 records: 2, size/record: 8, table size: 16
	.data: load addr=00001298, load size=00000041 bytes, run addr=20000200, run size=00000068 bytes, compression=rle
	.bss: load addr=000012e8, load size=00000008 bytes, run addr=20000268, run size=00000008 bytes, compression=zero_init


LINKER GENERATED HANDLER TABLE

__TI_handler_table @ 000012dc records: 3, size/record: 4, table size: 12
	index: 0, handler: __TI_decompress_rle24
	index: 1, handler: __TI_decompress_none
	index: 2, handler: __TI_zero_init


GLOBAL SYMBOLS: SORTED ALPHABETICALLY BY Name 

address   name                    
-------   ----                    
00000d4b  ADCSeq2_HANDLER         
000003b1  ADC_initTimer3          
20000240  ADCflag                 
20000268  ADCvalue                
000011f5  C$$EXIT                 
00000de1  CheckInterrupts         
00000a6f  ConfigNRF24_Reg         
20000200  DATA_PIPE0_ADDRESS      
20000205  DATA_PIPE1_ADDRESS      
2000020a  DATA_PIPE2_ADDRESS      
2000020f  DATA_PIPE3_ADDRESS      
20000214  DATA_PIPE4_ADDRESS      
20000219  DATA_PIPE5_ADDRESS      
2000021e  DATA_PIPEx_ADDRESS      
00000d39  GPIO_PortC_Handler      
000005a1  GPIO_init               
2000023c  IRQflags                
000002ab  Interrupt_IRQ           
00000397  PWM_Duty                
00000303  PWM_Init                
00000cbf  Ping_TX                 
00000cc7  Process_Data            
20000223  RX_PAYLOAD              
00000a39  Read_Reg                
00000bd9  Read_data               
0000127f  ResetISR                
UNDEFED   SHT$$INIT_ARRAY$$Base   
UNDEFED   SHT$$INIT_ARRAY$$Limit  
00000e75  SPI_Init                
00000f05  SPI_transfer            
2000026c  StatusReg               
20000264  SystemCoreClock         
00000821  SystemCoreClockUpdate   
000008ed  SystemInit              
20000238  T0flags                 
00000d65  TIMER0A_HANDLER         
00000d77  TIMER2A_HANDLER         
2000022d  TX_PAYLOAD              
00000507  TimerEdgeCounter_init   
000004b3  Timer_Init              
000009fd  Write_Reg               
00000c19  Write_data              
20000200  __STACK_END             
00000200  __STACK_SIZE            
20000200  __STACK_TOP             
000012f0  __TI_CINIT_Base         
00001300  __TI_CINIT_Limit        
000012dc  __TI_Handler_Table_Base 
000012e8  __TI_Handler_Table_Limit
00001081  __TI_auto_init          
20000258  __TI_cleanup_ptr        
00001265  __TI_decompress_none    
0000128b  __TI_decompress_rle24   
2000025c  __TI_dtors_ptr          
00000000  __TI_static_base__      
00001273  __TI_zero_init          
00001005  __aeabi_memclr          
00001005  __aeabi_memclr4         
00001005  __aeabi_memclr8         
00000f69  __aeabi_memcpy          
00000f69  __aeabi_memcpy4         
00000f69  __aeabi_memcpy8         
00001007  __aeabi_memset          
00001007  __aeabi_memset4         
00001007  __aeabi_memset8         
ffffffff  __binit__               
ffffffff  __c_args__              
20000000  __stack                 
00001239  _args_main              
00001159  _c_int00                
20000250  _lock                   
0000125f  _nop                    
00001257  _register_lock          
00001251  _register_unlock        
00001291  _system_pre_init        
20000254  _unlock                 
000011f9  abort                   
ffffffff  binit                   
000011a9  copy_in                 
00001201  exit                    
00000bbb  flush_RX                
00000b9d  flush_TX                
00000000  g_pfnVectors            
00000d83  main                    
20000260  main_func_sp            
00000f69  memcpy                  
0000100d  memset                  
2000024c  rps                     
20000248  val                     
20000244  voltage                 


GLOBAL SYMBOLS: SORTED BY Symbol Address 

address   name                    
-------   ----                    
00000000  __TI_static_base__      
00000000  g_pfnVectors            
00000200  __STACK_SIZE            
000002ab  Interrupt_IRQ           
00000303  PWM_Init                
00000397  PWM_Duty                
000003b1  ADC_initTimer3          
000004b3  Timer_Init              
00000507  TimerEdgeCounter_init   
000005a1  GPIO_init               
00000821  SystemCoreClockUpdate   
000008ed  SystemInit              
000009fd  Write_Reg               
00000a39  Read_Reg                
00000a6f  ConfigNRF24_Reg         
00000b9d  flush_TX                
00000bbb  flush_RX                
00000bd9  Read_data               
00000c19  Write_data              
00000cbf  Ping_TX                 
00000cc7  Process_Data            
00000d39  GPIO_PortC_Handler      
00000d4b  ADCSeq2_HANDLER         
00000d65  TIMER0A_HANDLER         
00000d77  TIMER2A_HANDLER         
00000d83  main                    
00000de1  CheckInterrupts         
00000e75  SPI_Init                
00000f05  SPI_transfer            
00000f69  __aeabi_memcpy          
00000f69  __aeabi_memcpy4         
00000f69  __aeabi_memcpy8         
00000f69  memcpy                  
00001005  __aeabi_memclr          
00001005  __aeabi_memclr4         
00001005  __aeabi_memclr8         
00001007  __aeabi_memset          
00001007  __aeabi_memset4         
00001007  __aeabi_memset8         
0000100d  memset                  
00001081  __TI_auto_init          
00001159  _c_int00                
000011a9  copy_in                 
000011f5  C$$EXIT                 
000011f9  abort                   
00001201  exit                    
00001239  _args_main              
00001251  _register_unlock        
00001257  _register_lock          
0000125f  _nop                    
00001265  __TI_decompress_none    
00001273  __TI_zero_init          
0000127f  ResetISR                
0000128b  __TI_decompress_rle24   
00001291  _system_pre_init        
000012dc  __TI_Handler_Table_Base 
000012e8  __TI_Handler_Table_Limit
000012f0  __TI_CINIT_Base         
00001300  __TI_CINIT_Limit        
20000000  __stack                 
20000200  DATA_PIPE0_ADDRESS      
20000200  __STACK_END             
20000200  __STACK_TOP             
20000205  DATA_PIPE1_ADDRESS      
2000020a  DATA_PIPE2_ADDRESS      
2000020f  DATA_PIPE3_ADDRESS      
20000214  DATA_PIPE4_ADDRESS      
20000219  DATA_PIPE5_ADDRESS      
2000021e  DATA_PIPEx_ADDRESS      
20000223  RX_PAYLOAD              
2000022d  TX_PAYLOAD              
20000238  T0flags                 
2000023c  IRQflags                
20000240  ADCflag                 
20000244  voltage                 
20000248  val                     
2000024c  rps                     
20000250  _lock                   
20000254  _unlock                 
20000258  __TI_cleanup_ptr        
2000025c  __TI_dtors_ptr          
20000260  main_func_sp            
20000264  SystemCoreClock         
20000268  ADCvalue                
2000026c  StatusReg               
ffffffff  __binit__               
ffffffff  __c_args__              
ffffffff  binit                   
UNDEFED   SHT$$INIT_ARRAY$$Base   
UNDEFED   SHT$$INIT_ARRAY$$Limit  

[90 symbols]
