******************************************************************************
                  TI ARM Linker PC v5.2.2                      
******************************************************************************
>> Linked Sun Feb 28 19:23:37 2016

OUTPUT FILE NAME:   <GIT_UART_OXIMETER_filter.out>
ENTRY POINT SYMBOL: "_c_int00"  address: 00005685


MEMORY CONFIGURATION

         name            origin    length      used     unused   attr    fill
----------------------  --------  ---------  --------  --------  ----  --------
  FLASH                 00000000   00040000  00006240  00039dc0  R  X
  SRAM                  20000000   00008000  00002e3e  000051c2  RW X


SEGMENT ALLOCATION MAP

run origin  load origin   length   init length attrs members
----------  ----------- ---------- ----------- ----- -------
00000000    00000000    00006248   00006248    r-x
  00000000    00000000    0000026c   0000026c    r-- .intvecs
  00000270    00000270    00005724   00005724    r-x .text
  00005998    00005998    000003f8   000003f8    r-- .const
  00005d90    00005d90    000004b8   000004b8    r-- .cinit
20000000    20000000    00002e40   00000000    rw-
  20000000    20000000    00002766   00000000    rw- .bss
  20002768    20002768    000004d0   00000000    rw- .data
  20002c38    20002c38    00000200   00000000    rw- .stack
  20002e38    20002e38    00000008   00000000    rw- .sysmem


SECTION ALLOCATION MAP

 output                                  attributes/
section   page    origin      length       input sections
--------  ----  ----------  ----------   ----------------
.intvecs   0    00000000    0000026c     
                  00000000    0000026c     startup_ccs.obj (.intvecs)

.text      0    00000270    00005724     
                  00000270    00000b04     NRF24.obj (.text)
                  00000d74    00000004     rtsv7M4_T_le_v4SPD16_eabi.lib : pre_init.obj (.text)
                  00000d78    00000af2     UART.obj (.text)
                  0000186a    00000006     rtsv7M4_T_le_v4SPD16_eabi.lib : copy_decompress_rle.obj (.text:decompress:rle24)
                  00001870    00000ad0     MAX30100.obj (.text)
                  00002340    0000083e     Oled.obj (.text)
                  00002b7e    00000002     --HOLE-- [fill = 0]
                  00002b80    000006a4     Periferal_Init.obj (.text)
                  00003224    00000004     --HOLE-- [fill = 0]
                  00003228    00000658     main.obj (.text)
                  00003880    00000444     system_LM4F.obj (.text)
                  00003cc4    000003dc     rtsv7M4_T_le_v4SPD16_eabi.lib : memory.obj (.text)
                  000040a0    0000023c                                   : strtod.obj (.text)
                  000042dc    00000004     --HOLE-- [fill = 0]
                  000042e0    000001fe     DC2notch_filter.obj (.text)
                  000044de    00000002     --HOLE-- [fill = 0]
                  000044e0    000001fe     DCnotch_filter.obj (.text)
                  000046de    00000002     --HOLE-- [fill = 0]
                  000046e0    000001e4     I2C.obj (.text)
                  000048c4    000001b6     rtsv7M4_T_le_v4SPD16_eabi.lib : fd_add_t2.obj (.text)
                  00004a7a    00000006     --HOLE-- [fill = 0]
                  00004a80    000001ac     FIFO.obj (.text)
                  00004c2c    00000004     --HOLE-- [fill = 0]
                  00004c30    0000017e     DC_blockFIR_filter.obj (.text)
                  00004dae    00000002     --HOLE-- [fill = 0]
                  00004db0    0000017e     FIR_LP_filter.obj (.text)
                  00004f2e    00000002     --HOLE-- [fill = 0]
                  00004f30    0000016e     SPI.obj (.text)
                  0000509e    00000002     --HOLE-- [fill = 0]
                  000050a0    0000013c     MA_filter.obj (.text)
                  000051dc    00000136     rtsv7M4_T_le_v4SPD16_eabi.lib : fd_div_t2.obj (.text)
                  00005312    000000fc                                   : fd_mul_t2.obj (.text)
                  0000540e    0000009c                                   : memcpy_t2.obj (.text)
                  000054aa    00000086                                   : fd_cmp_t2.obj (.text:__aeabi_cdcmple)
                  00005530    0000007a                                   : memset_t2.obj (.text)
                  000055aa    00000002     --HOLE-- [fill = 0]
                  000055ac    0000006c                                   : autoinit.obj (.text)
                  00005618    0000006a                                   : copy_decompress_rle.obj (.text)
                  00005682    00000002     --HOLE-- [fill = 0]
                  00005684    00000050                                   : boot.obj (.text)
                  000056d4    0000004c                                   : atoi.obj (.text)
                  00005720    0000004c                                   : cpy_tbl.obj (.text)
                  0000576c    0000004a                                   : fd_tos_t2.obj (.text)
                  000057b6    00000048                                   : fd_toi_t2.obj (.text)
                  000057fe    00000002     --HOLE-- [fill = 0]
                  00005800    00000044                                   : exit.obj (.text)
                  00005844    00000044                                   : fd_tou_t2.obj (.text)
                  00005888    00000038                                   : fs_tod_t2.obj (.text)
                  000058c0    00000030                                   : strncpy.obj (.text)
                  000058f0    0000002e                                   : i_tofd_t2.obj (.text)
                  0000591e    00000002     --HOLE-- [fill = 0]
                  00005920    0000001a     startup_ccs.obj (.text)
                  0000593a    00000002     --HOLE-- [fill = 0]
                  0000593c    00000018     rtsv7M4_T_le_v4SPD16_eabi.lib : args_main.obj (.text)
                  00005954    00000014                                   : _lock.obj (.text)
                  00005968    00000012                                   : atof.obj (.text)
                  0000597a    0000000e                                   : copy_decompress_none.obj (.text:decompress:none)
                  00005988    0000000c                                   : copy_zero_init.obj (.text:decompress:ZI)

.const     0    00005998    000003f8     
                  00005998    00000240     Oled.obj (.const:ASCII)
                  00005bd8    00000101     rtsv7M4_T_le_v4SPD16_eabi.lib : ctype.obj (.const:.string:_ctypes_)
                  00005cd9    00000003     --HOLE-- [fill = 0]
                  00005cdc    00000004     DC_blockFIR_filter.obj (.const)
                  00005ce0    00000098     rtsv7M4_T_le_v4SPD16_eabi.lib : strtod.obj (.const)
                  00005d78    0000000a     Oled.obj (.const:.string)
                  00005d82    00000002     --HOLE-- [fill = 0]
                  00005d84    00000004     FIR_LP_filter.obj (.const)
                  00005d88    00000004     MA_filter.obj (.const)
                  00005d8c    00000004     NRF24.obj (.const)

.cinit     0    00005d90    000004b8     
                  00005d90    0000048e     (.cinit..data.load) [load image, compression = rle]
                  0000621e    00000002     --HOLE-- [fill = 0]
                  00006220    0000000c     (__TI_handler_table)
                  0000622c    00000004     --HOLE-- [fill = 0]
                  00006230    00000008     (.cinit..bss.load) [load image, compression = zero_init]
                  00006238    00000010     (__TI_cinit_table)

.init_array 
*          0    00000000    00000000     UNINITIALIZED

.bss       0    20000000    00002766     UNINITIALIZED
                  20000000    00000638     main.obj (.bss:DC_blockFIR_filter)
                  20000638    00000638     main.obj (.bss:DC_block_RED_FIR_filter)
                  20000c70    000004b0     MAX30100.obj (.bss:Filt_IRdata)
                  20001120    000004b0     MAX30100.obj (.bss:Filt_REDdata)
                  200015d0    00000328     FIFO.obj (.bss:Fifo)
                  200018f8    00000328     MAX30100.obj (.bss:Fifo)
                  20001c20    00000320     MAX30100.obj (.bss:DC_RED_notch_Data)
                  20001f40    00000320     MAX30100.obj (.bss:DCnotch_Data)
                  20002260    000001d8     main.obj (.bss:FIR_LP_filter)
                  20002438    000001d8     main.obj (.bss:FIR_RED_LP_filter)
                  20002610    0000005c     main.obj (.bss:fir)
                  2000266c    0000002c     MAX30100.obj (.bss:HR)
                  20002698    00000018     (.common:Peaks_index)
                  200026b0    00000014     (.common:DC2notch_filter)
                  200026c4    00000014     (.common:DCnotch_filter)
                  200026d8    00000014     (.common:HRstore)
                  200026ec    00000014     (.common:RegisteredDevices)
                  20002700    00000014     (.common:SPO2store)
                  20002714    00000010     (.common:str)
                  20002724    00000004     (.common:ADCvalue)
                  20002728    00000004     (.common:DC_RED_acumulator)
                  2000272c    00000004     (.common:DCacumulator)
                  20002730    00000004     (.common:GetPt)
                  20002734    00000004     (.common:HRavg)
                  20002738    00000004     (.common:IR_DC)
                  2000273c    00000004     (.common:IR_FIFO_DATA)
                  20002740    00000004     (.common:IRrms)
                  20002744    00000004     (.common:PutPt)
                  20002748    00000004     (.common:RED_DC)
                  2000274c    00000004     (.common:RED_FIFO_DATA)
                  20002750    00000004     (.common:REDrms)
                  20002754    00000004     (.common:RMS_RED_acumulator)
                  20002758    00000004     (.common:RMSacumulator)
                  2000275c    00000004     (.common:SPO2)
                  20002760    00000004     (.common:StatusReg)
                  20002764    00000001     (.common:DeviceCnt)
                  20002765    00000001     (.common:Nofpeacks)

.TI.noinit 
*          0    20000000    00000000     UNINITIALIZED

.data      0    20002768    000004d0     UNINITIALIZED
                  20002768    00000318     DC_blockFIR_filter.obj (.data:DC_blockFIR_filter_coefficients)
                  20002a80    000000e8     FIR_LP_filter.obj (.data:FIR_LP_filter_coefficients)
                  20002b68    00000037     NRF24.obj (.data)
                  20002b9f    00000001     --HOLE--
                  20002ba0    0000002c     MAX30100.obj (.data)
                  20002bcc    0000001c     main.obj (.data)
                  20002be8    00000014     DC2notch_filter.obj (.data)
                  20002bfc    00000014     DCnotch_filter.obj (.data)
                  20002c10    0000000c     rtsv7M4_T_le_v4SPD16_eabi.lib : memory.obj (.data)
                  20002c1c    00000008                                   : _lock.obj (.data)
                  20002c24    00000008                                   : exit.obj (.data)
                  20002c2c    00000004                                   : errno.obj (.data)
                  20002c30    00000004                                   : stkdepth_vars.obj (.data)
                  20002c34    00000004     system_LM4F.obj (.data)

.TI.persistent 
*          0    20002768    00000000     UNINITIALIZED

.stack     0    20002c38    00000200     UNINITIALIZED
                  20002c38    00000200     --HOLE--

.sysmem    0    20002e38    00000008     UNINITIALIZED
                  20002e38    00000008     rtsv7M4_T_le_v4SPD16_eabi.lib : memory.obj (.sysmem)


LINKER GENERATED COPY TABLES

__TI_cinit_table @ 00006238 records: 2, size/record: 8, table size: 16
	.data: load addr=00005d90, load size=0000048e bytes, run addr=20002768, run size=000004d0 bytes, compression=rle
	.bss: load addr=00006230, load size=00000008 bytes, run addr=20000000, run size=00002766 bytes, compression=zero_init


LINKER GENERATED HANDLER TABLE

__TI_handler_table @ 00006220 records: 3, size/record: 4, table size: 12
	index: 0, handler: __TI_decompress_rle24
	index: 1, handler: __TI_decompress_none
	index: 2, handler: __TI_zero_init


GLOBAL SYMBOLS: SORTED ALPHABETICALLY BY Name 

address   name                           
-------   ----                           
00003299  ADCSeq2_HANDLER                
00002e09  ADC_initTimer3                 
20002bd8  ADCflag                        
20002724  ADCvalue                       
00005801  C$$EXIT                        
000036b9  CheckInterrupts                
00003839  Check_MAX_Interrupts           
00000321  ConfigNRF24_Reg                
20002b68  DATA_PIPE0_ADDRESS             
20002b6d  DATA_PIPE1_ADDRESS             
20002b72  DATA_PIPE2_ADDRESS             
20002b77  DATA_PIPE3_ADDRESS             
20002b7c  DATA_PIPE4_ADDRESS             
20002b81  DATA_PIPE5_ADDRESS             
20002b86  DATA_PIPEx_ADDRESS             
200026b0  DC2notch_filter                
20002be8  DC2notch_filter_coefficients   
000042e1  DC2notch_filter_create         
000042f9  DC2notch_filter_destroy        
00004381  DC2notch_filter_filterBiquad   
00004339  DC2notch_filter_filterBlock    
00004309  DC2notch_filter_init           
00004319  DC2notch_filter_reset          
20002728  DC_RED_acumulator              
20001c20  DC_RED_notch_Data              
20000000  DC_blockFIR_filter             
20002768  DC_blockFIR_filter_coefficients
00004c31  DC_blockFIR_filter_create      
00004c49  DC_blockFIR_filter_destroy     
00004d51  DC_blockFIR_filter_dotProduct  
00004c91  DC_blockFIR_filter_filterBlock 
00004c59  DC_blockFIR_filter_init        
00004c69  DC_blockFIR_filter_reset       
20000638  DC_block_RED_FIR_filter        
2000272c  DCacumulator                   
20001f40  DCnotch_Data                   
200026c4  DCnotch_filter                 
20002bfc  DCnotch_filter_coefficients    
000044e1  DCnotch_filter_create          
000044f9  DCnotch_filter_destroy         
00004581  DCnotch_filter_filterBiquad    
00004539  DCnotch_filter_filterBlock     
00004509  DCnotch_filter_init            
00004519  DCnotch_filter_reset           
20002764  DeviceCnt                      
20002ba4  Discardsample_cnt              
20002260  FIR_LP_filter                  
20002a80  FIR_LP_filter_coefficients     
00004db1  FIR_LP_filter_create           
00004dc9  FIR_LP_filter_destroy          
00004ed1  FIR_LP_filter_dotProduct       
00004e11  FIR_LP_filter_filterBlock      
00004dd9  FIR_LP_filter_init             
00004de9  FIR_LP_filter_reset            
20002438  FIR_RED_LP_filter              
00004b09  Fifo_Get                       
00004a81  Fifo_Init                      
00004aa1  Fifo_Put                       
00004b81  Fifo_Size                      
00004be1  Fifo_Write                     
20002ba6  Fifocnt                        
20000c70  Filt_IRdata                    
20001120  Filt_REDdata                   
00003279  GPIO_PortB_Handler             
00003259  GPIO_PortC_Handler             
00003139  GPIO_init                      
20002730  GetPt                          
00002149  Get_HRate                      
00002259  Get_SPO2                       
2000266c  HR                             
20002734  HRavg                          
200026d8  HRstore                        
000046e1  I2C_Init                       
00004819  I2C_ReadByte                   
000048b9  I2C_Stop                       
00004759  I2C_writeByte                  
20002bd4  IRQflags_MAX                   
20002bd0  IRQflags_NRF                   
20002738  IR_DC                          
2000273c  IR_FIFO_DATA                   
20002740  IRrms                          
20002ba0  IRsample_cnt                   
00002bd1  Interrupt_IRQ                  
000050a1  MA_filter_create               
000050b9  MA_filter_destroy              
00005109  MA_filter_filterBlock          
000050c9  MA_filter_init                 
000050d9  MA_filter_reset                
00001871  Max30100_Init                  
20002765  Nofpeacks                      
00002729  Oled_Clear_Display             
00002a41  Oled_DisplayWhen_Init          
00002821  Oled_Draw_Hline                
00002789  Oled_Draw_Pixel                
000028e1  Oled_Draw_Vline                
000024d9  Oled_Init                      
00002719  Oled_TrunOff                   
000026c9  Oled_Write_Char                
00002499  Oled_Write_Cmd                 
000024b9  Oled_Write_Data                
00002639  Oled_Write_String              
00002a71  Oled_int2string                
00002de1  PWM_Duty                       
00002ce1  PWM_Init                       
20002698  Peaks_index                    
00000731  Ping_TX                        
000011a9  Printfloat                     
00000739  Process_Data                   
20002744  PutPt                          
20002748  RED_DC                         
2000274c  RED_FIFO_DATA                  
20002750  REDrms                         
20002ba2  REDsample_cnt                  
20002754  RMS_RED_acumulator             
20002758  RMSacumulator                  
20002b8b  RX_PAYLOAD                     
00001909  Read_MAX_DATAFIFO              
000002c9  Read_Reg                       
00000601  Read_data                      
200026ec  RegisteredDevices              
00005921  ResetISR                       
UNDEFED   SHT$$INIT_ARRAY$$Base          
UNDEFED   SHT$$INIT_ARRAY$$Limit         
00004f31  SPI_Init                       
00002341  SPI_Oled_Init                  
00002439  SPI_Oled_transfer              
00005039  SPI_transfer                   
2000275c  SPO2                           
20002700  SPO2store                      
000009c9  Send_COM_PIPE                  
00000ce9  Send_Error_Code                
00002051  StartSampling                  
20002760  StatusReg                      
00002071  StopSampling                   
20002c34  SystemCoreClock                
00003a69  SystemCoreClockUpdate          
00003ba9  SystemInit                     
20002bcc  T0flags                        
000032d1  TIMER0A_HANDLER                
00003301  TIMER2A_HANDLER                
20002b95  TX_PAYLOAD                     
00003039  TimerEdgeCounter_init          
00002fb9  Timer_Init                     
00000da9  UART_Init                      
00000271  Write_Reg                      
00000659  Write_data                     
00000a89  Write_data_To_data_pipeX       
20002c2c  _Errno                         
20002e38  __STACK_END                    
00000200  __STACK_SIZE                   
20002e38  __STACK_TOP                    
00000008  __SYSMEM_SIZE                  
00006238  __TI_CINIT_Base                
00006248  __TI_CINIT_Limit               
00006220  __TI_Handler_Table_Base        
0000622c  __TI_Handler_Table_Limit       
000055ad  __TI_auto_init                 
20002c24  __TI_cleanup_ptr               
0000597b  __TI_decompress_none           
0000186b  __TI_decompress_rle24          
20002c28  __TI_dtors_ptr                 
00000000  __TI_static_base__             
00005989  __TI_zero_init                 
000054ab  __aeabi_cdcmpeq                
000054ab  __aeabi_cdcmple                
0000576d  __aeabi_d2f                    
000057b7  __aeabi_d2iz                   
00005845  __aeabi_d2uiz                  
000048cf  __aeabi_dadd                   
000051dd  __aeabi_ddiv                   
00005313  __aeabi_dmul                   
000048c5  __aeabi_dsub                   
00005889  __aeabi_f2d                    
000058f1  __aeabi_i2d                    
00005531  __aeabi_memclr                 
00005531  __aeabi_memclr4                
00005531  __aeabi_memclr8                
0000540f  __aeabi_memcpy                 
0000540f  __aeabi_memcpy4                
0000540f  __aeabi_memcpy8                
00005533  __aeabi_memset                 
00005533  __aeabi_memset4                
00005533  __aeabi_memset8                
ffffffff  __binit__                      
ffffffff  __c_args__                     
20002c38  __stack                        
0000593d  _args_main                     
00005685  _c_int00                       
00005bd8  _ctypes_                       
20002c1c  _lock                          
00005963  _nop                           
0000595b  _register_lock                 
00005955  _register_unlock               
20002e38  _sys_memory                    
00000d75  _system_pre_init               
20002c20  _unlock                        
00005805  abort                          
00005969  atof                           
000056d5  atoi                           
ffffffff  binit                          
0000406d  calloc                         
20002bb0  configValues                   
20002bbc  configresvalue                 
00005721  copy_in                        
0000580d  exit                           
20002610  fir                            
000005d1  flush_RX                       
000005a1  flush_TX                       
00003dbb  free                           
00000000  g_pfnVectors                   
00002089  getPeak                        
000022c1  getPeak_fromFIFO               
00000a51  get_pipe_from_STATUS           
20002bac  h                              
20002baa  j                              
00003319  main                           
20002c30  main_func_sp                   
00003d53  malloc                         
00003f89  memalign                       
0000540f  memcpy                         
00005539  memset                         
00003cc5  minit                          
00005d8c  node                           
20002ba8  preavPeakindex                 
00000e99  printChar                      
00001151  printDouble                    
00001101  print_String                   
00000fd9  print_int                      
00000ed1  print_uint                     
00001649  process_REGISTER_command       
00001479  process_command                
00000e79  readChar                       
00001399  readStr                        
00003e7d  realloc                        
20002be4  rps                            
20002bc8  samplingOptions                
00004899  setSlaveAddress                
20002714  str                            
000058c1  strncpy                        
000040a1  strtod                         
20002be0  val                            
20002bdc  voltage                        


GLOBAL SYMBOLS: SORTED BY Symbol Address 

address   name                           
-------   ----                           
00000000  __TI_static_base__             
00000000  g_pfnVectors                   
00000008  __SYSMEM_SIZE                  
00000200  __STACK_SIZE                   
00000271  Write_Reg                      
000002c9  Read_Reg                       
00000321  ConfigNRF24_Reg                
000005a1  flush_TX                       
000005d1  flush_RX                       
00000601  Read_data                      
00000659  Write_data                     
00000731  Ping_TX                        
00000739  Process_Data                   
000009c9  Send_COM_PIPE                  
00000a51  get_pipe_from_STATUS           
00000a89  Write_data_To_data_pipeX       
00000ce9  Send_Error_Code                
00000d75  _system_pre_init               
00000da9  UART_Init                      
00000e79  readChar                       
00000e99  printChar                      
00000ed1  print_uint                     
00000fd9  print_int                      
00001101  print_String                   
00001151  printDouble                    
000011a9  Printfloat                     
00001399  readStr                        
00001479  process_command                
00001649  process_REGISTER_command       
0000186b  __TI_decompress_rle24          
00001871  Max30100_Init                  
00001909  Read_MAX_DATAFIFO              
00002051  StartSampling                  
00002071  StopSampling                   
00002089  getPeak                        
00002149  Get_HRate                      
00002259  Get_SPO2                       
000022c1  getPeak_fromFIFO               
00002341  SPI_Oled_Init                  
00002439  SPI_Oled_transfer              
00002499  Oled_Write_Cmd                 
000024b9  Oled_Write_Data                
000024d9  Oled_Init                      
00002639  Oled_Write_String              
000026c9  Oled_Write_Char                
00002719  Oled_TrunOff                   
00002729  Oled_Clear_Display             
00002789  Oled_Draw_Pixel                
00002821  Oled_Draw_Hline                
000028e1  Oled_Draw_Vline                
00002a41  Oled_DisplayWhen_Init          
00002a71  Oled_int2string                
00002bd1  Interrupt_IRQ                  
00002ce1  PWM_Init                       
00002de1  PWM_Duty                       
00002e09  ADC_initTimer3                 
00002fb9  Timer_Init                     
00003039  TimerEdgeCounter_init          
00003139  GPIO_init                      
00003259  GPIO_PortC_Handler             
00003279  GPIO_PortB_Handler             
00003299  ADCSeq2_HANDLER                
000032d1  TIMER0A_HANDLER                
00003301  TIMER2A_HANDLER                
00003319  main                           
000036b9  CheckInterrupts                
00003839  Check_MAX_Interrupts           
00003a69  SystemCoreClockUpdate          
00003ba9  SystemInit                     
00003cc5  minit                          
00003d53  malloc                         
00003dbb  free                           
00003e7d  realloc                        
00003f89  memalign                       
0000406d  calloc                         
000040a1  strtod                         
000042e1  DC2notch_filter_create         
000042f9  DC2notch_filter_destroy        
00004309  DC2notch_filter_init           
00004319  DC2notch_filter_reset          
00004339  DC2notch_filter_filterBlock    
00004381  DC2notch_filter_filterBiquad   
000044e1  DCnotch_filter_create          
000044f9  DCnotch_filter_destroy         
00004509  DCnotch_filter_init            
00004519  DCnotch_filter_reset           
00004539  DCnotch_filter_filterBlock     
00004581  DCnotch_filter_filterBiquad    
000046e1  I2C_Init                       
00004759  I2C_writeByte                  
00004819  I2C_ReadByte                   
00004899  setSlaveAddress                
000048b9  I2C_Stop                       
000048c5  __aeabi_dsub                   
000048cf  __aeabi_dadd                   
00004a81  Fifo_Init                      
00004aa1  Fifo_Put                       
00004b09  Fifo_Get                       
00004b81  Fifo_Size                      
00004be1  Fifo_Write                     
00004c31  DC_blockFIR_filter_create      
00004c49  DC_blockFIR_filter_destroy     
00004c59  DC_blockFIR_filter_init        
00004c69  DC_blockFIR_filter_reset       
00004c91  DC_blockFIR_filter_filterBlock 
00004d51  DC_blockFIR_filter_dotProduct  
00004db1  FIR_LP_filter_create           
00004dc9  FIR_LP_filter_destroy          
00004dd9  FIR_LP_filter_init             
00004de9  FIR_LP_filter_reset            
00004e11  FIR_LP_filter_filterBlock      
00004ed1  FIR_LP_filter_dotProduct       
00004f31  SPI_Init                       
00005039  SPI_transfer                   
000050a1  MA_filter_create               
000050b9  MA_filter_destroy              
000050c9  MA_filter_init                 
000050d9  MA_filter_reset                
00005109  MA_filter_filterBlock          
000051dd  __aeabi_ddiv                   
00005313  __aeabi_dmul                   
0000540f  __aeabi_memcpy                 
0000540f  __aeabi_memcpy4                
0000540f  __aeabi_memcpy8                
0000540f  memcpy                         
000054ab  __aeabi_cdcmpeq                
000054ab  __aeabi_cdcmple                
00005531  __aeabi_memclr                 
00005531  __aeabi_memclr4                
00005531  __aeabi_memclr8                
00005533  __aeabi_memset                 
00005533  __aeabi_memset4                
00005533  __aeabi_memset8                
00005539  memset                         
000055ad  __TI_auto_init                 
00005685  _c_int00                       
000056d5  atoi                           
00005721  copy_in                        
0000576d  __aeabi_d2f                    
000057b7  __aeabi_d2iz                   
00005801  C$$EXIT                        
00005805  abort                          
0000580d  exit                           
00005845  __aeabi_d2uiz                  
00005889  __aeabi_f2d                    
000058c1  strncpy                        
000058f1  __aeabi_i2d                    
00005921  ResetISR                       
0000593d  _args_main                     
00005955  _register_unlock               
0000595b  _register_lock                 
00005963  _nop                           
00005969  atof                           
0000597b  __TI_decompress_none           
00005989  __TI_zero_init                 
00005bd8  _ctypes_                       
00005d8c  node                           
00006220  __TI_Handler_Table_Base        
0000622c  __TI_Handler_Table_Limit       
00006238  __TI_CINIT_Base                
00006248  __TI_CINIT_Limit               
20000000  DC_blockFIR_filter             
20000638  DC_block_RED_FIR_filter        
20000c70  Filt_IRdata                    
20001120  Filt_REDdata                   
20001c20  DC_RED_notch_Data              
20001f40  DCnotch_Data                   
20002260  FIR_LP_filter                  
20002438  FIR_RED_LP_filter              
20002610  fir                            
2000266c  HR                             
20002698  Peaks_index                    
200026b0  DC2notch_filter                
200026c4  DCnotch_filter                 
200026d8  HRstore                        
200026ec  RegisteredDevices              
20002700  SPO2store                      
20002714  str                            
20002724  ADCvalue                       
20002728  DC_RED_acumulator              
2000272c  DCacumulator                   
20002730  GetPt                          
20002734  HRavg                          
20002738  IR_DC                          
2000273c  IR_FIFO_DATA                   
20002740  IRrms                          
20002744  PutPt                          
20002748  RED_DC                         
2000274c  RED_FIFO_DATA                  
20002750  REDrms                         
20002754  RMS_RED_acumulator             
20002758  RMSacumulator                  
2000275c  SPO2                           
20002760  StatusReg                      
20002764  DeviceCnt                      
20002765  Nofpeacks                      
20002768  DC_blockFIR_filter_coefficients
20002a80  FIR_LP_filter_coefficients     
20002b68  DATA_PIPE0_ADDRESS             
20002b6d  DATA_PIPE1_ADDRESS             
20002b72  DATA_PIPE2_ADDRESS             
20002b77  DATA_PIPE3_ADDRESS             
20002b7c  DATA_PIPE4_ADDRESS             
20002b81  DATA_PIPE5_ADDRESS             
20002b86  DATA_PIPEx_ADDRESS             
20002b8b  RX_PAYLOAD                     
20002b95  TX_PAYLOAD                     
20002ba0  IRsample_cnt                   
20002ba2  REDsample_cnt                  
20002ba4  Discardsample_cnt              
20002ba6  Fifocnt                        
20002ba8  preavPeakindex                 
20002baa  j                              
20002bac  h                              
20002bb0  configValues                   
20002bbc  configresvalue                 
20002bc8  samplingOptions                
20002bcc  T0flags                        
20002bd0  IRQflags_NRF                   
20002bd4  IRQflags_MAX                   
20002bd8  ADCflag                        
20002bdc  voltage                        
20002be0  val                            
20002be4  rps                            
20002be8  DC2notch_filter_coefficients   
20002bfc  DCnotch_filter_coefficients    
20002c1c  _lock                          
20002c20  _unlock                        
20002c24  __TI_cleanup_ptr               
20002c28  __TI_dtors_ptr                 
20002c2c  _Errno                         
20002c30  main_func_sp                   
20002c34  SystemCoreClock                
20002c38  __stack                        
20002e38  __STACK_END                    
20002e38  __STACK_TOP                    
20002e38  _sys_memory                    
ffffffff  __binit__                      
ffffffff  __c_args__                     
ffffffff  binit                          
UNDEFED   SHT$$INIT_ARRAY$$Base          
UNDEFED   SHT$$INIT_ARRAY$$Limit         

[242 symbols]
