******************************************************************************
                  TI ARM Linker PC v5.2.2                      
******************************************************************************
>> Linked Wed Dec 09 23:17:04 2015

OUTPUT FILE NAME:   <GIT_UART_OXIMETER_filter.out>
ENTRY POINT SYMBOL: "_c_int00"  address: 000042ad


MEMORY CONFIGURATION

         name            origin    length      used     unused   attr    fill
----------------------  --------  ---------  --------  --------  ----  --------
  FLASH                 00000000   00040000  0000490c  0003b6f4  R  X
  SRAM                  20000000   00008000  000061c1  00001e3f  RW X


SEGMENT ALLOCATION MAP

run origin  load origin   length   init length attrs members
----------  ----------- ---------- ----------- ----- -------
00000000    00000000    00004910   00004910    r-x
  00000000    00000000    0000026c   0000026c    r-- .intvecs
  00000270    00000270    00004450   00004450    r-x .text
  000046c0    000046c0    000001a0   000001a0    r-- .const
  00004860    00004860    000000b0   000000b0    r-- .cinit
20000000    20000000    000061c8   00000000    rw-
  20000000    20000000    00005ded   00000000    rw- .bss
  20005df0    20005df0    00000200   00000000    rw- .stack
  20005ff0    20005ff0    000001cc   00000000    rw- .data
  200061c0    200061c0    00000008   00000000    rw- .sysmem


SECTION ALLOCATION MAP

 output                                  attributes/
section   page    origin      length       input sections
--------  ----  ----------  ----------   ----------------
.intvecs   0    00000000    0000026c     
                  00000000    0000026c     startup_ccs.obj (.intvecs)

.text      0    00000270    00004450     
                  00000270    00000b04     NRF24.obj (.text)
                  00000d74    00000004     rtsv7M4_T_le_v4SPD16_eabi.lib : pre_init.obj (.text)
                  00000d78    00000968     main.obj (.text)
                  000016e0    00000820     Filters.obj (.text)
                  00001f00    000006b0     UART.obj (.text)
                  000025b0    000006a4     Periferal_Init.obj (.text)
                  00002c54    00000004     --HOLE-- [fill = 0]
                  00002c58    00000444     system_LM4F.obj (.text)
                  0000309c    00000004     --HOLE-- [fill = 0]
                  000030a0    00000298     MAX30100.obj (.text)
                  00003338    0000023c     rtsv7M4_T_le_v4SPD16_eabi.lib : strtod.obj (.text)
                  00003574    00000004     --HOLE-- [fill = 0]
                  00003578    000001e4     I2C.obj (.text)
                  0000375c    000001b6     rtsv7M4_T_le_v4SPD16_eabi.lib : fd_add_t2.obj (.text)
                  00003912    00000006                                   : copy_decompress_rle.obj (.text:decompress:rle24)
                  00003918    0000016e     SPI.obj (.text)
                  00003a86    00000002     --HOLE-- [fill = 0]
                  00003a88    00000148     rtsv7M4_T_le_v4SPD16_eabi.lib : sqrt.obj (.text)
                  00003bd0    00000136                                   : fd_div_t2.obj (.text)
                  00003d06    00000002     --HOLE-- [fill = 0]
                  00003d08    00000110                                   : xdscale.obj (.text)
                  00003e18    000000fc                                   : fd_mul_t2.obj (.text)
                  00003f14    000000be                                   : xdnorm.obj (.text)
                  00003fd2    0000009c                                   : memcpy_t2.obj (.text)
                  0000406e    00000086                                   : fd_cmp_t2.obj (.text:__aeabi_cdcmple)
                  000040f4    0000007a                                   : memset_t2.obj (.text)
                  0000416e    00000002     --HOLE-- [fill = 0]
                  00004170    0000006c                                   : autoinit.obj (.text)
                  000041dc    0000006a                                   : copy_decompress_rle.obj (.text)
                  00004246    00000066                                   : xdunscal.obj (.text)
                  000042ac    00000050                                   : boot.obj (.text)
                  000042fc    0000004c                                   : atoi.obj (.text)
                  00004348    0000004c                                   : cpy_tbl.obj (.text)
                  00004394    0000004a                                   : fd_tos_t2.obj (.text)
                  000043de    00000048                                   : fd_toi_t2.obj (.text)
                  00004426    00000002     --HOLE-- [fill = 0]
                  00004428    00000044                                   : exit.obj (.text)
                  0000446c    00000044                                   : fd_tou_t2.obj (.text)
                  000044b0    00000040                                   : signal.obj (.text)
                  000044f0    00000038                                   : fs_tod_t2.obj (.text)
                  00004528    00000034                                   : feraiseexcept.obj (.text)
                  0000455c    00000030                                   : strncpy.obj (.text)
                  0000458c    00000030                                   : xferaise.obj (.text)
                  000045bc    0000002e                                   : i_tofd_t2.obj (.text)
                  000045ea    0000002e                                   : raise.obj (.text)
                  00004618    00000020                                   : u_tofd_t2.obj (.text)
                  00004638    0000001a     startup_ccs.obj (.text)
                  00004652    00000002     --HOLE-- [fill = 0]
                  00004654    00000018     rtsv7M4_T_le_v4SPD16_eabi.lib : args_main.obj (.text)
                  0000466c    00000014                                   : _lock.obj (.text)
                  00004680    00000014                                   : xfdsign.obj (.text)
                  00004694    00000012                                   : atof.obj (.text)
                  000046a6    0000000e                                   : copy_decompress_none.obj (.text:decompress:none)
                  000046b4    0000000c                                   : copy_zero_init.obj (.text:decompress:ZI)

.const     0    000046c0    000001a0     
                  000046c0    00000101     rtsv7M4_T_le_v4SPD16_eabi.lib : ctype.obj (.const:.string:_ctypes_)
                  000047c1    00000004     NRF24.obj (.const)
                  000047c5    00000003     --HOLE-- [fill = 0]
                  000047c8    00000098     rtsv7M4_T_le_v4SPD16_eabi.lib : strtod.obj (.const)

.cinit     0    00004860    000000b0     
                  00004860    00000087     (.cinit..data.load) [load image, compression = rle]
                  000048e7    00000001     --HOLE-- [fill = 0]
                  000048e8    0000000c     (__TI_handler_table)
                  000048f4    00000004     --HOLE-- [fill = 0]
                  000048f8    00000008     (.cinit..bss.load) [load image, compression = zero_init]
                  00004900    00000010     (__TI_cinit_table)

.init_array 
*          0    00000000    00000000     UNINITIALIZED

.bss       0    20000000    00005ded     UNINITIALIZED
                  20000000    00001f40     Filters.obj (.bss:Filt_data)
                  20001f40    00001f40     MAX30100.obj (.bss:IR_FIFO_DATA)
                  20003e80    00001f40     MAX30100.obj (.bss:RED_FIFO_DATA)
                  20005dc0    00000014     (.common:RegisteredDevices)
                  20005dd4    00000010     (.common:str)
                  20005de4    00000004     (.common:ADCvalue)
                  20005de8    00000004     (.common:StatusReg)
                  20005dec    00000001     (.common:DeviceCnt)

.TI.noinit 
*          0    20000000    00000000     UNINITIALIZED

.stack     0    20005df0    00000200     UNINITIALIZED
                  20005df0    00000200     --HOLE--

.data      0    20005ff0    000001cc     UNINITIALIZED
                  20005ff0    000000b0     rtsv7M4_T_le_v4SPD16_eabi.lib : signal.obj (.data:sigtable)
                  200060a0    00000080                                   : xvalues.obj (.data)
                  20006120    00000037     NRF24.obj (.data)
                  20006157    00000001     --HOLE--
                  20006158    0000001c     MAX30100.obj (.data)
                  20006174    0000001c     main.obj (.data)
                  20006190    00000008     Filters.obj (.data)
                  20006198    00000008     rtsv7M4_T_le_v4SPD16_eabi.lib : _lock.obj (.data)
                  200061a0    00000008                                   : exit.obj (.data)
                  200061a8    00000008                                   : feraiseexcept.obj (.data)
                  200061b0    00000004                                   : errno.obj (.data)
                  200061b4    00000004                                   : stkdepth_vars.obj (.data)
                  200061b8    00000004     system_LM4F.obj (.data)

.TI.persistent 
*          0    20005ff0    00000000     UNINITIALIZED

.sysmem    0    200061c0    00000008     UNINITIALIZED
                  200061c0    00000008     rtsv7M4_T_le_v4SPD16_eabi.lib : memory.obj (.sysmem)


LINKER GENERATED COPY TABLES

__TI_cinit_table @ 00004900 records: 2, size/record: 8, table size: 16
	.data: load addr=00004860, load size=00000087 bytes, run addr=20005ff0, run size=000001cc bytes, compression=rle
	.bss: load addr=000048f8, load size=00000008 bytes, run addr=20000000, run size=00005ded bytes, compression=zero_init


LINKER GENERATED HANDLER TABLE

__TI_handler_table @ 000048e8 records: 3, size/record: 4, table size: 12
	index: 0, handler: __TI_decompress_rle24
	index: 1, handler: __TI_decompress_none
	index: 2, handler: __TI_zero_init


GLOBAL SYMBOLS: SORTED ALPHABETICALLY BY Name 

address   name                    
-------   ----                    
20006190  ACC                     
00000de9  ADCSeq2_HANDLER         
00002839  ADC_initTimer3          
20006180  ADCflag                 
20005de4  ADCvalue                
000016e1  Accumulator_Init_values 
00004429  C$$EXIT                 
00001519  CheckInterrupts         
00001699  Check_MAX_Interrupts    
00000321  ConfigNRF24_Reg         
20006120  DATA_PIPE0_ADDRESS      
20006125  DATA_PIPE1_ADDRESS      
2000612a  DATA_PIPE2_ADDRESS      
2000612f  DATA_PIPE3_ADDRESS      
20006134  DATA_PIPE4_ADDRESS      
20006139  DATA_PIPE5_ADDRESS      
2000613e  DATA_PIPEx_ADDRESS      
00001d69  Detrend                 
20005dec  DeviceCnt               
2000615c  Discardsample_cnt       
00001841  EMA_Process             
20000000  Filt_data               
00001e61  Find_zero_cross         
00000dc9  GPIO_PortB_Handler      
00000da9  GPIO_PortC_Handler      
00002b69  GPIO_init               
00003579  I2C_Init                
000036b1  I2C_ReadByte            
00003751  I2C_Stop                
000035f1  I2C_writeByte           
2000617c  IRQflags_MAX            
20006178  IRQflags_NRF            
20001f40  IR_FIFO_DATA            
20006158  IRsample_cnt            
00002601  Interrupt_IRQ           
00001aa9  Linear_Regression1      
000030a1  Max30100_Init           
20006194  NewValue                
00002811  PWM_Duty                
00002711  PWM_Init                
00000731  Ping_TX                 
00000739  Process_Data            
20003e80  RED_FIFO_DATA           
2000615a  REDsample_cnt           
20006143  RX_PAYLOAD              
000031c9  Read_MAX_DATAFIFO       
000002c9  Read_Reg                
00000601  Read_data               
20005dc0  RegisteredDevices       
00004639  ResetISR                
UNDEFED   SHT$$INIT_ARRAY$$Base   
UNDEFED   SHT$$INIT_ARRAY$$Limit  
00003919  SPI_Init                
00003a21  SPI_transfer            
000009c9  Send_COM_PIPE           
00000ce9  Send_Error_Code         
00001e01  Shiftarray              
00003301  StartSampling           
20005de8  StatusReg               
00003321  StopSampling            
200061b8  SystemCoreClock         
00002e41  SystemCoreClockUpdate   
00002f81  SystemInit              
20006174  T0flags                 
00000e21  TIMER0A_HANDLER         
00000e51  TIMER2A_HANDLER         
2000614d  TX_PAYLOAD              
00002a69  TimerEdgeCounter_init   
000029e9  Timer_Init              
00001f01  UART_Init               
00000271  Write_Reg               
00000659  Write_data              
00000a89  Write_data_To_data_pipeX
200060a0  _Denorm                 
00003f15  _Dnorm                  
00003d09  _Dscale                 
00004247  _Dunscale               
200060b0  _Eps                    
200061b0  _Errno                  
00004681  _FDsign                 
200061a8  _Fenv                   
0000458d  _Feraise                
200060c0  _Hugeval                
200060d0  _Inf                    
200060e0  _Nan                    
20006100  _Rteps                  
200060f0  _Snan                   
200061ac  _Tls_setup__Fenv        
20006110  _Xbig                   
20006118  _Zero                   
20005ff0  __STACK_END             
00000200  __STACK_SIZE            
20005ff0  __STACK_TOP             
00000008  __SYSMEM_SIZE           
00004900  __TI_CINIT_Base         
00004910  __TI_CINIT_Limit        
000048e8  __TI_Handler_Table_Base 
000048f4  __TI_Handler_Table_Limit
00004171  __TI_auto_init          
200061a0  __TI_cleanup_ptr        
000046a7  __TI_decompress_none    
00003913  __TI_decompress_rle24   
200061a4  __TI_dtors_ptr          
00000000  __TI_static_base__      
000046b5  __TI_zero_init          
0000406f  __aeabi_cdcmpeq         
0000406f  __aeabi_cdcmple         
00004395  __aeabi_d2f             
000043df  __aeabi_d2iz            
0000446d  __aeabi_d2uiz           
00003767  __aeabi_dadd            
00003bd1  __aeabi_ddiv            
00003e19  __aeabi_dmul            
0000375d  __aeabi_dsub            
000044f1  __aeabi_f2d             
000045bd  __aeabi_i2d             
000040f5  __aeabi_memclr          
000040f5  __aeabi_memclr4         
000040f5  __aeabi_memclr8         
00003fd3  __aeabi_memcpy          
00003fd3  __aeabi_memcpy4         
00003fd3  __aeabi_memcpy8         
000040f7  __aeabi_memset          
000040f7  __aeabi_memset4         
000040f7  __aeabi_memset8         
00004619  __aeabi_ui2d            
ffffffff  __binit__               
ffffffff  __c_args__              
20005df0  __stack                 
00004655  _args_main              
000042ad  _c_int00                
000046c0  _ctypes_                
20006198  _lock                   
0000467b  _nop                    
00004673  _register_lock          
0000466d  _register_unlock        
200061c0  _sys_memory             
00000d75  _system_pre_init        
2000619c  _unlock                 
0000442d  abort                   
00004695  atof                    
000042fd  atoi                    
ffffffff  binit                   
20006160  configValues            
2000616c  configresvalue          
00004349  copy_in                 
00004435  exit                    
00004529  feraiseexcept           
000005d1  flush_RX                
000005a1  flush_TX                
00000000  g_pfnVectors            
00000a51  get_pipe_from_STATUS    
000018b1  linear_Regression       
00000e69  main                    
200061b4  main_func_sp            
00003fd3  memcpy                  
000040fd  memset                  
000047c1  node                    
00001fb9  printChar               
00002271  printDouble             
00002221  print_String            
000020f9  print_int               
00001ff1  print_uint              
00002499  process_REGISTER_command
000023a1  process_command         
000045eb  raise                   
00001f99  readChar                
000022c9  readStr                 
2000618c  rps                     
00003731  setSlaveAddress         
000044b1  signal                  
00003a89  sqrt                    
20005dd4  str                     
0000455d  strncpy                 
00003339  strtod                  
20006188  val                     
20006184  voltage                 


GLOBAL SYMBOLS: SORTED BY Symbol Address 

address   name                    
-------   ----                    
00000000  __TI_static_base__      
00000000  g_pfnVectors            
00000008  __SYSMEM_SIZE           
00000200  __STACK_SIZE            
00000271  Write_Reg               
000002c9  Read_Reg                
00000321  ConfigNRF24_Reg         
000005a1  flush_TX                
000005d1  flush_RX                
00000601  Read_data               
00000659  Write_data              
00000731  Ping_TX                 
00000739  Process_Data            
000009c9  Send_COM_PIPE           
00000a51  get_pipe_from_STATUS    
00000a89  Write_data_To_data_pipeX
00000ce9  Send_Error_Code         
00000d75  _system_pre_init        
00000da9  GPIO_PortC_Handler      
00000dc9  GPIO_PortB_Handler      
00000de9  ADCSeq2_HANDLER         
00000e21  TIMER0A_HANDLER         
00000e51  TIMER2A_HANDLER         
00000e69  main                    
00001519  CheckInterrupts         
00001699  Check_MAX_Interrupts    
000016e1  Accumulator_Init_values 
00001841  EMA_Process             
000018b1  linear_Regression       
00001aa9  Linear_Regression1      
00001d69  Detrend                 
00001e01  Shiftarray              
00001e61  Find_zero_cross         
00001f01  UART_Init               
00001f99  readChar                
00001fb9  printChar               
00001ff1  print_uint              
000020f9  print_int               
00002221  print_String            
00002271  printDouble             
000022c9  readStr                 
000023a1  process_command         
00002499  process_REGISTER_command
00002601  Interrupt_IRQ           
00002711  PWM_Init                
00002811  PWM_Duty                
00002839  ADC_initTimer3          
000029e9  Timer_Init              
00002a69  TimerEdgeCounter_init   
00002b69  GPIO_init               
00002e41  SystemCoreClockUpdate   
00002f81  SystemInit              
000030a1  Max30100_Init           
000031c9  Read_MAX_DATAFIFO       
00003301  StartSampling           
00003321  StopSampling            
00003339  strtod                  
00003579  I2C_Init                
000035f1  I2C_writeByte           
000036b1  I2C_ReadByte            
00003731  setSlaveAddress         
00003751  I2C_Stop                
0000375d  __aeabi_dsub            
00003767  __aeabi_dadd            
00003913  __TI_decompress_rle24   
00003919  SPI_Init                
00003a21  SPI_transfer            
00003a89  sqrt                    
00003bd1  __aeabi_ddiv            
00003d09  _Dscale                 
00003e19  __aeabi_dmul            
00003f15  _Dnorm                  
00003fd3  __aeabi_memcpy          
00003fd3  __aeabi_memcpy4         
00003fd3  __aeabi_memcpy8         
00003fd3  memcpy                  
0000406f  __aeabi_cdcmpeq         
0000406f  __aeabi_cdcmple         
000040f5  __aeabi_memclr          
000040f5  __aeabi_memclr4         
000040f5  __aeabi_memclr8         
000040f7  __aeabi_memset          
000040f7  __aeabi_memset4         
000040f7  __aeabi_memset8         
000040fd  memset                  
00004171  __TI_auto_init          
00004247  _Dunscale               
000042ad  _c_int00                
000042fd  atoi                    
00004349  copy_in                 
00004395  __aeabi_d2f             
000043df  __aeabi_d2iz            
00004429  C$$EXIT                 
0000442d  abort                   
00004435  exit                    
0000446d  __aeabi_d2uiz           
000044b1  signal                  
000044f1  __aeabi_f2d             
00004529  feraiseexcept           
0000455d  strncpy                 
0000458d  _Feraise                
000045bd  __aeabi_i2d             
000045eb  raise                   
00004619  __aeabi_ui2d            
00004639  ResetISR                
00004655  _args_main              
0000466d  _register_unlock        
00004673  _register_lock          
0000467b  _nop                    
00004681  _FDsign                 
00004695  atof                    
000046a7  __TI_decompress_none    
000046b5  __TI_zero_init          
000046c0  _ctypes_                
000047c1  node                    
000048e8  __TI_Handler_Table_Base 
000048f4  __TI_Handler_Table_Limit
00004900  __TI_CINIT_Base         
00004910  __TI_CINIT_Limit        
20000000  Filt_data               
20001f40  IR_FIFO_DATA            
20003e80  RED_FIFO_DATA           
20005dc0  RegisteredDevices       
20005dd4  str                     
20005de4  ADCvalue                
20005de8  StatusReg               
20005dec  DeviceCnt               
20005df0  __stack                 
20005ff0  __STACK_END             
20005ff0  __STACK_TOP             
200060a0  _Denorm                 
200060b0  _Eps                    
200060c0  _Hugeval                
200060d0  _Inf                    
200060e0  _Nan                    
200060f0  _Snan                   
20006100  _Rteps                  
20006110  _Xbig                   
20006118  _Zero                   
20006120  DATA_PIPE0_ADDRESS      
20006125  DATA_PIPE1_ADDRESS      
2000612a  DATA_PIPE2_ADDRESS      
2000612f  DATA_PIPE3_ADDRESS      
20006134  DATA_PIPE4_ADDRESS      
20006139  DATA_PIPE5_ADDRESS      
2000613e  DATA_PIPEx_ADDRESS      
20006143  RX_PAYLOAD              
2000614d  TX_PAYLOAD              
20006158  IRsample_cnt            
2000615a  REDsample_cnt           
2000615c  Discardsample_cnt       
20006160  configValues            
2000616c  configresvalue          
20006174  T0flags                 
20006178  IRQflags_NRF            
2000617c  IRQflags_MAX            
20006180  ADCflag                 
20006184  voltage                 
20006188  val                     
2000618c  rps                     
20006190  ACC                     
20006194  NewValue                
20006198  _lock                   
2000619c  _unlock                 
200061a0  __TI_cleanup_ptr        
200061a4  __TI_dtors_ptr          
200061a8  _Fenv                   
200061ac  _Tls_setup__Fenv        
200061b0  _Errno                  
200061b4  main_func_sp            
200061b8  SystemCoreClock         
200061c0  _sys_memory             
ffffffff  __binit__               
ffffffff  __c_args__              
ffffffff  binit                   
UNDEFED   SHT$$INIT_ARRAY$$Base   
UNDEFED   SHT$$INIT_ARRAY$$Limit  

[177 symbols]
