<?xml version="1.0"?>
<link_info>
   <banner>TI ARM Linker PC v5.2.2</banner>
   <copyright>Copyright (c) 1996-2015 Texas Instruments Incorporated</copyright>
   <link_time>0x565f9585</link_time>
   <link_errors>0x0</link_errors>
   <output_file>GIT_UART_OXIMETER_filter.out</output_file>
   <entry_point>
      <name>_c_int00</name>
      <address>0x3735</address>
   </entry_point>
   <input_file_list>
      <input_file id="fl-2">
         <path>.\</path>
         <kind>object</kind>
         <file>Filters.obj</file>
         <name>Filters.obj</name>
      </input_file>
      <input_file id="fl-3">
         <path>.\</path>
         <kind>object</kind>
         <file>I2C.obj</file>
         <name>I2C.obj</name>
      </input_file>
      <input_file id="fl-4">
         <path>.\</path>
         <kind>object</kind>
         <file>MAX30100.obj</file>
         <name>MAX30100.obj</name>
      </input_file>
      <input_file id="fl-5">
         <path>.\</path>
         <kind>object</kind>
         <file>NRF24.obj</file>
         <name>NRF24.obj</name>
      </input_file>
      <input_file id="fl-6">
         <path>.\</path>
         <kind>object</kind>
         <file>Periferal_Init.obj</file>
         <name>Periferal_Init.obj</name>
      </input_file>
      <input_file id="fl-7">
         <path>.\</path>
         <kind>object</kind>
         <file>SPI.obj</file>
         <name>SPI.obj</name>
      </input_file>
      <input_file id="fl-8">
         <path>.\</path>
         <kind>object</kind>
         <file>UART.obj</file>
         <name>UART.obj</name>
      </input_file>
      <input_file id="fl-9">
         <path>.\</path>
         <kind>object</kind>
         <file>auxFile.obj</file>
         <name>auxFile.obj</name>
      </input_file>
      <input_file id="fl-a">
         <path>.\</path>
         <kind>object</kind>
         <file>main.obj</file>
         <name>main.obj</name>
      </input_file>
      <input_file id="fl-b">
         <path>.\</path>
         <kind>object</kind>
         <file>startup_ccs.obj</file>
         <name>startup_ccs.obj</name>
      </input_file>
      <input_file id="fl-c">
         <path>.\src\</path>
         <kind>object</kind>
         <file>system_LM4F.obj</file>
         <name>system_LM4F.obj</name>
      </input_file>
      <input_file id="fl-132">
         <path>C:\ti\ccsv6\tools\compiler\ti-cgt-arm_5.2.2\lib\</path>
         <kind>archive</kind>
         <file>rtsv7M4_T_le_v4SPD16_eabi.lib</file>
         <name>atof.obj</name>
      </input_file>
      <input_file id="fl-133">
         <path>C:\ti\ccsv6\tools\compiler\ti-cgt-arm_5.2.2\lib\</path>
         <kind>archive</kind>
         <file>rtsv7M4_T_le_v4SPD16_eabi.lib</file>
         <name>atoi.obj</name>
      </input_file>
      <input_file id="fl-134">
         <path>C:\ti\ccsv6\tools\compiler\ti-cgt-arm_5.2.2\lib\</path>
         <kind>archive</kind>
         <file>rtsv7M4_T_le_v4SPD16_eabi.lib</file>
         <name>boot.obj</name>
      </input_file>
      <input_file id="fl-135">
         <path>C:\ti\ccsv6\tools\compiler\ti-cgt-arm_5.2.2\lib\</path>
         <kind>archive</kind>
         <file>rtsv7M4_T_le_v4SPD16_eabi.lib</file>
         <name>copy_decompress_none.obj</name>
      </input_file>
      <input_file id="fl-136">
         <path>C:\ti\ccsv6\tools\compiler\ti-cgt-arm_5.2.2\lib\</path>
         <kind>archive</kind>
         <file>rtsv7M4_T_le_v4SPD16_eabi.lib</file>
         <name>copy_decompress_rle.obj</name>
      </input_file>
      <input_file id="fl-137">
         <path>C:\ti\ccsv6\tools\compiler\ti-cgt-arm_5.2.2\lib\</path>
         <kind>archive</kind>
         <file>rtsv7M4_T_le_v4SPD16_eabi.lib</file>
         <name>copy_zero_init.obj</name>
      </input_file>
      <input_file id="fl-138">
         <path>C:\ti\ccsv6\tools\compiler\ti-cgt-arm_5.2.2\lib\</path>
         <kind>archive</kind>
         <file>rtsv7M4_T_le_v4SPD16_eabi.lib</file>
         <name>ctype.obj</name>
      </input_file>
      <input_file id="fl-139">
         <path>C:\ti\ccsv6\tools\compiler\ti-cgt-arm_5.2.2\lib\</path>
         <kind>archive</kind>
         <file>rtsv7M4_T_le_v4SPD16_eabi.lib</file>
         <name>exit.obj</name>
      </input_file>
      <input_file id="fl-13a">
         <path>C:\ti\ccsv6\tools\compiler\ti-cgt-arm_5.2.2\lib\</path>
         <kind>archive</kind>
         <file>rtsv7M4_T_le_v4SPD16_eabi.lib</file>
         <name>fd_add_t2.obj</name>
      </input_file>
      <input_file id="fl-13b">
         <path>C:\ti\ccsv6\tools\compiler\ti-cgt-arm_5.2.2\lib\</path>
         <kind>archive</kind>
         <file>rtsv7M4_T_le_v4SPD16_eabi.lib</file>
         <name>fd_mul_t2.obj</name>
      </input_file>
      <input_file id="fl-13c">
         <path>C:\ti\ccsv6\tools\compiler\ti-cgt-arm_5.2.2\lib\</path>
         <kind>archive</kind>
         <file>rtsv7M4_T_le_v4SPD16_eabi.lib</file>
         <name>fd_toi_t2.obj</name>
      </input_file>
      <input_file id="fl-13d">
         <path>C:\ti\ccsv6\tools\compiler\ti-cgt-arm_5.2.2\lib\</path>
         <kind>archive</kind>
         <file>rtsv7M4_T_le_v4SPD16_eabi.lib</file>
         <name>fd_tos_t2.obj</name>
      </input_file>
      <input_file id="fl-13e">
         <path>C:\ti\ccsv6\tools\compiler\ti-cgt-arm_5.2.2\lib\</path>
         <kind>archive</kind>
         <file>rtsv7M4_T_le_v4SPD16_eabi.lib</file>
         <name>fd_tou_t2.obj</name>
      </input_file>
      <input_file id="fl-13f">
         <path>C:\ti\ccsv6\tools\compiler\ti-cgt-arm_5.2.2\lib\</path>
         <kind>archive</kind>
         <file>rtsv7M4_T_le_v4SPD16_eabi.lib</file>
         <name>fs_tod_t2.obj</name>
      </input_file>
      <input_file id="fl-140">
         <path>C:\ti\ccsv6\tools\compiler\ti-cgt-arm_5.2.2\lib\</path>
         <kind>archive</kind>
         <file>rtsv7M4_T_le_v4SPD16_eabi.lib</file>
         <name>i_tofd_t2.obj</name>
      </input_file>
      <input_file id="fl-141">
         <path>C:\ti\ccsv6\tools\compiler\ti-cgt-arm_5.2.2\lib\</path>
         <kind>archive</kind>
         <file>rtsv7M4_T_le_v4SPD16_eabi.lib</file>
         <name>memcpy_t2.obj</name>
      </input_file>
      <input_file id="fl-142">
         <path>C:\ti\ccsv6\tools\compiler\ti-cgt-arm_5.2.2\lib\</path>
         <kind>archive</kind>
         <file>rtsv7M4_T_le_v4SPD16_eabi.lib</file>
         <name>memory.obj</name>
      </input_file>
      <input_file id="fl-143">
         <path>C:\ti\ccsv6\tools\compiler\ti-cgt-arm_5.2.2\lib\</path>
         <kind>archive</kind>
         <file>rtsv7M4_T_le_v4SPD16_eabi.lib</file>
         <name>memset_t2.obj</name>
      </input_file>
      <input_file id="fl-144">
         <path>C:\ti\ccsv6\tools\compiler\ti-cgt-arm_5.2.2\lib\</path>
         <kind>archive</kind>
         <file>rtsv7M4_T_le_v4SPD16_eabi.lib</file>
         <name>pre_init.obj</name>
      </input_file>
      <input_file id="fl-145">
         <path>C:\ti\ccsv6\tools\compiler\ti-cgt-arm_5.2.2\lib\</path>
         <kind>archive</kind>
         <file>rtsv7M4_T_le_v4SPD16_eabi.lib</file>
         <name>printf.obj</name>
      </input_file>
      <input_file id="fl-146">
         <path>C:\ti\ccsv6\tools\compiler\ti-cgt-arm_5.2.2\lib\</path>
         <kind>archive</kind>
         <file>rtsv7M4_T_le_v4SPD16_eabi.lib</file>
         <name>stkdepth_vars.obj</name>
      </input_file>
      <input_file id="fl-147">
         <path>C:\ti\ccsv6\tools\compiler\ti-cgt-arm_5.2.2\lib\</path>
         <kind>archive</kind>
         <file>rtsv7M4_T_le_v4SPD16_eabi.lib</file>
         <name>strncpy.obj</name>
      </input_file>
      <input_file id="fl-148">
         <path>C:\ti\ccsv6\tools\compiler\ti-cgt-arm_5.2.2\lib\</path>
         <kind>archive</kind>
         <file>rtsv7M4_T_le_v4SPD16_eabi.lib</file>
         <name>strtod.obj</name>
      </input_file>
      <input_file id="fl-149">
         <path>C:\ti\ccsv6\tools\compiler\ti-cgt-arm_5.2.2\lib\</path>
         <kind>archive</kind>
         <file>rtsv7M4_T_le_v4SPD16_eabi.lib</file>
         <name>_lock.obj</name>
      </input_file>
      <input_file id="fl-14a">
         <path>C:\ti\ccsv6\tools\compiler\ti-cgt-arm_5.2.2\lib\</path>
         <kind>archive</kind>
         <file>rtsv7M4_T_le_v4SPD16_eabi.lib</file>
         <name>_printfi.obj</name>
      </input_file>
      <input_file id="fl-14b">
         <path>C:\ti\ccsv6\tools\compiler\ti-cgt-arm_5.2.2\lib\</path>
         <kind>archive</kind>
         <file>rtsv7M4_T_le_v4SPD16_eabi.lib</file>
         <name>args_main.obj</name>
      </input_file>
      <input_file id="fl-14c">
         <path>C:\ti\ccsv6\tools\compiler\ti-cgt-arm_5.2.2\lib\</path>
         <kind>archive</kind>
         <file>rtsv7M4_T_le_v4SPD16_eabi.lib</file>
         <name>autoinit.obj</name>
      </input_file>
      <input_file id="fl-14d">
         <path>C:\ti\ccsv6\tools\compiler\ti-cgt-arm_5.2.2\lib\</path>
         <kind>archive</kind>
         <file>rtsv7M4_T_le_v4SPD16_eabi.lib</file>
         <name>cpy_tbl.obj</name>
      </input_file>
      <input_file id="fl-14e">
         <path>C:\ti\ccsv6\tools\compiler\ti-cgt-arm_5.2.2\lib\</path>
         <kind>archive</kind>
         <file>rtsv7M4_T_le_v4SPD16_eabi.lib</file>
         <name>defs.obj</name>
      </input_file>
      <input_file id="fl-14f">
         <path>C:\ti\ccsv6\tools\compiler\ti-cgt-arm_5.2.2\lib\</path>
         <kind>archive</kind>
         <file>rtsv7M4_T_le_v4SPD16_eabi.lib</file>
         <name>errno.obj</name>
      </input_file>
      <input_file id="fl-150">
         <path>C:\ti\ccsv6\tools\compiler\ti-cgt-arm_5.2.2\lib\</path>
         <kind>archive</kind>
         <file>rtsv7M4_T_le_v4SPD16_eabi.lib</file>
         <name>fd_cmp_t2.obj</name>
      </input_file>
      <input_file id="fl-151">
         <path>C:\ti\ccsv6\tools\compiler\ti-cgt-arm_5.2.2\lib\</path>
         <kind>archive</kind>
         <file>rtsv7M4_T_le_v4SPD16_eabi.lib</file>
         <name>fd_div_t2.obj</name>
      </input_file>
      <input_file id="fl-152">
         <path>C:\ti\ccsv6\tools\compiler\ti-cgt-arm_5.2.2\lib\</path>
         <kind>archive</kind>
         <file>rtsv7M4_T_le_v4SPD16_eabi.lib</file>
         <name>fputc.obj</name>
      </input_file>
      <input_file id="fl-153">
         <path>C:\ti\ccsv6\tools\compiler\ti-cgt-arm_5.2.2\lib\</path>
         <kind>archive</kind>
         <file>rtsv7M4_T_le_v4SPD16_eabi.lib</file>
         <name>fputs.obj</name>
      </input_file>
      <input_file id="fl-154">
         <path>C:\ti\ccsv6\tools\compiler\ti-cgt-arm_5.2.2\lib\</path>
         <kind>archive</kind>
         <file>rtsv7M4_T_le_v4SPD16_eabi.lib</file>
         <name>frexp.obj</name>
      </input_file>
      <input_file id="fl-155">
         <path>C:\ti\ccsv6\tools\compiler\ti-cgt-arm_5.2.2\lib\</path>
         <kind>archive</kind>
         <file>rtsv7M4_T_le_v4SPD16_eabi.lib</file>
         <name>ldexp.obj</name>
      </input_file>
      <input_file id="fl-156">
         <path>C:\ti\ccsv6\tools\compiler\ti-cgt-arm_5.2.2\lib\</path>
         <kind>archive</kind>
         <file>rtsv7M4_T_le_v4SPD16_eabi.lib</file>
         <name>lowlev.obj</name>
      </input_file>
      <input_file id="fl-157">
         <path>C:\ti\ccsv6\tools\compiler\ti-cgt-arm_5.2.2\lib\</path>
         <kind>archive</kind>
         <file>rtsv7M4_T_le_v4SPD16_eabi.lib</file>
         <name>ltoa.obj</name>
      </input_file>
      <input_file id="fl-158">
         <path>C:\ti\ccsv6\tools\compiler\ti-cgt-arm_5.2.2\lib\</path>
         <kind>archive</kind>
         <file>rtsv7M4_T_le_v4SPD16_eabi.lib</file>
         <name>memccpy.obj</name>
      </input_file>
      <input_file id="fl-159">
         <path>C:\ti\ccsv6\tools\compiler\ti-cgt-arm_5.2.2\lib\</path>
         <kind>archive</kind>
         <file>rtsv7M4_T_le_v4SPD16_eabi.lib</file>
         <name>memchr.obj</name>
      </input_file>
      <input_file id="fl-15a">
         <path>C:\ti\ccsv6\tools\compiler\ti-cgt-arm_5.2.2\lib\</path>
         <kind>archive</kind>
         <file>rtsv7M4_T_le_v4SPD16_eabi.lib</file>
         <name>strchr.obj</name>
      </input_file>
      <input_file id="fl-15b">
         <path>C:\ti\ccsv6\tools\compiler\ti-cgt-arm_5.2.2\lib\</path>
         <kind>archive</kind>
         <file>rtsv7M4_T_le_v4SPD16_eabi.lib</file>
         <name>strcmp.obj</name>
      </input_file>
      <input_file id="fl-15c">
         <path>C:\ti\ccsv6\tools\compiler\ti-cgt-arm_5.2.2\lib\</path>
         <kind>archive</kind>
         <file>rtsv7M4_T_le_v4SPD16_eabi.lib</file>
         <name>strlen.obj</name>
      </input_file>
      <input_file id="fl-15d">
         <path>C:\ti\ccsv6\tools\compiler\ti-cgt-arm_5.2.2\lib\</path>
         <kind>archive</kind>
         <file>rtsv7M4_T_le_v4SPD16_eabi.lib</file>
         <name>trgdrv.obj</name>
      </input_file>
      <input_file id="fl-15e">
         <path>C:\ti\ccsv6\tools\compiler\ti-cgt-arm_5.2.2\lib\</path>
         <kind>archive</kind>
         <file>rtsv7M4_T_le_v4SPD16_eabi.lib</file>
         <name>trgmsg.obj</name>
      </input_file>
      <input_file id="fl-15f">
         <path>C:\ti\ccsv6\tools\compiler\ti-cgt-arm_5.2.2\lib\</path>
         <kind>archive</kind>
         <file>rtsv7M4_T_le_v4SPD16_eabi.lib</file>
         <name>ull_div_t2.obj</name>
      </input_file>
      <input_file id="fl-160">
         <path>C:\ti\ccsv6\tools\compiler\ti-cgt-arm_5.2.2\lib\</path>
         <kind>archive</kind>
         <file>rtsv7M4_T_le_v4SPD16_eabi.lib</file>
         <name>xdclass.obj</name>
      </input_file>
      <input_file id="fl-161">
         <path>C:\ti\ccsv6\tools\compiler\ti-cgt-arm_5.2.2\lib\</path>
         <kind>archive</kind>
         <file>rtsv7M4_T_le_v4SPD16_eabi.lib</file>
         <name>xdscale.obj</name>
      </input_file>
      <input_file id="fl-162">
         <path>C:\ti\ccsv6\tools\compiler\ti-cgt-arm_5.2.2\lib\</path>
         <kind>archive</kind>
         <file>rtsv7M4_T_le_v4SPD16_eabi.lib</file>
         <name>xdunscal.obj</name>
      </input_file>
      <input_file id="fl-163">
         <path>C:\ti\ccsv6\tools\compiler\ti-cgt-arm_5.2.2\lib\</path>
         <kind>archive</kind>
         <file>rtsv7M4_T_le_v4SPD16_eabi.lib</file>
         <name>xferaise.obj</name>
      </input_file>
      <input_file id="fl-164">
         <path>C:\ti\ccsv6\tools\compiler\ti-cgt-arm_5.2.2\lib\</path>
         <kind>archive</kind>
         <file>rtsv7M4_T_le_v4SPD16_eabi.lib</file>
         <name>xvalues.obj</name>
      </input_file>
      <input_file id="fl-165">
         <path>C:\ti\ccsv6\tools\compiler\ti-cgt-arm_5.2.2\lib\</path>
         <kind>archive</kind>
         <file>rtsv7M4_T_le_v4SPD16_eabi.lib</file>
         <name>_io_perm.obj</name>
      </input_file>
      <input_file id="fl-166">
         <path>C:\ti\ccsv6\tools\compiler\ti-cgt-arm_5.2.2\lib\</path>
         <kind>archive</kind>
         <file>rtsv7M4_T_le_v4SPD16_eabi.lib</file>
         <name>feraiseexcept.obj</name>
      </input_file>
      <input_file id="fl-167">
         <path>C:\ti\ccsv6\tools\compiler\ti-cgt-arm_5.2.2\lib\</path>
         <kind>archive</kind>
         <file>rtsv7M4_T_le_v4SPD16_eabi.lib</file>
         <name>fflush.obj</name>
      </input_file>
      <input_file id="fl-168">
         <path>C:\ti\ccsv6\tools\compiler\ti-cgt-arm_5.2.2\lib\</path>
         <kind>archive</kind>
         <file>rtsv7M4_T_le_v4SPD16_eabi.lib</file>
         <name>fseek.obj</name>
      </input_file>
      <input_file id="fl-169">
         <path>C:\ti\ccsv6\tools\compiler\ti-cgt-arm_5.2.2\lib\</path>
         <kind>archive</kind>
         <file>rtsv7M4_T_le_v4SPD16_eabi.lib</file>
         <name>raise.obj</name>
      </input_file>
      <input_file id="fl-16a">
         <path>C:\ti\ccsv6\tools\compiler\ti-cgt-arm_5.2.2\lib\</path>
         <kind>archive</kind>
         <file>rtsv7M4_T_le_v4SPD16_eabi.lib</file>
         <name>setvbuf.obj</name>
      </input_file>
      <input_file id="fl-16b">
         <path>C:\ti\ccsv6\tools\compiler\ti-cgt-arm_5.2.2\lib\</path>
         <kind>archive</kind>
         <file>rtsv7M4_T_le_v4SPD16_eabi.lib</file>
         <name>signal.obj</name>
      </input_file>
      <input_file id="fl-16c">
         <path>C:\ti\ccsv6\tools\compiler\ti-cgt-arm_5.2.2\lib\</path>
         <kind>archive</kind>
         <file>rtsv7M4_T_le_v4SPD16_eabi.lib</file>
         <name>strcpy.obj</name>
      </input_file>
      <input_file id="fl-16d">
         <path>C:\ti\ccsv6\tools\compiler\ti-cgt-arm_5.2.2\lib\</path>
         <kind>archive</kind>
         <file>rtsv7M4_T_le_v4SPD16_eabi.lib</file>
         <name>xdnorm.obj</name>
      </input_file>
      <input_file id="fl-16e">
         <path>C:\ti\ccsv6\tools\compiler\ti-cgt-arm_5.2.2\lib\</path>
         <kind>archive</kind>
         <file>rtsv7M4_T_le_v4SPD16_eabi.lib</file>
         <name>fopen.obj</name>
      </input_file>
      <input_file id="fl-16f">
         <path>C:\ti\ccsv6\tools\compiler\ti-cgt-arm_5.2.2\lib\</path>
         <kind>archive</kind>
         <file>rtsv7M4_T_le_v4SPD16_eabi.lib</file>
         <name>fclose.obj</name>
      </input_file>
      <input_file id="fl-170">
         <path>C:\ti\ccsv6\tools\compiler\ti-cgt-arm_5.2.2\lib\</path>
         <kind>archive</kind>
         <file>rtsv7M4_T_le_v4SPD16_eabi.lib</file>
         <name>remove.obj</name>
      </input_file>
   </input_file_list>
   <object_component_list>
      <object_component id="oc-f">
         <name>.intvecs</name>
         <load_address>0x0</load_address>
         <run_address>0x0</run_address>
         <size>0x26c</size>
         <input_file_ref idref="fl-b"/>
      </object_component>
      <object_component id="oc-c6">
         <name>.text</name>
         <load_address>0x270</load_address>
         <run_address>0x270</run_address>
         <size>0xb04</size>
         <input_file_ref idref="fl-5"/>
      </object_component>
      <object_component id="oc-61">
         <name>.text</name>
         <load_address>0xd74</load_address>
         <run_address>0xd74</run_address>
         <size>0x4</size>
         <input_file_ref idref="fl-144"/>
      </object_component>
      <object_component id="oc-33">
         <name>.text</name>
         <load_address>0xd78</load_address>
         <run_address>0xd78</run_address>
         <size>0x738</size>
         <input_file_ref idref="fl-a"/>
      </object_component>
      <object_component id="oc-8e">
         <name>.text</name>
         <load_address>0x14b0</load_address>
         <run_address>0x14b0</run_address>
         <size>0x6a4</size>
         <input_file_ref idref="fl-6"/>
      </object_component>
      <object_component id="oc-a0">
         <name>.text</name>
         <load_address>0x1b58</load_address>
         <run_address>0x1b58</run_address>
         <size>0x588</size>
         <input_file_ref idref="fl-8"/>
      </object_component>
      <object_component id="oc-88">
         <name>.text</name>
         <load_address>0x20e0</load_address>
         <run_address>0x20e0</run_address>
         <size>0x444</size>
         <input_file_ref idref="fl-c"/>
      </object_component>
      <object_component id="oc-b8">
         <name>.text</name>
         <load_address>0x2528</load_address>
         <run_address>0x2528</run_address>
         <size>0x3c6</size>
         <input_file_ref idref="fl-2"/>
      </object_component>
      <object_component id="oc-a6">
         <name>.text</name>
         <load_address>0x28f0</load_address>
         <run_address>0x28f0</run_address>
         <size>0x250</size>
         <input_file_ref idref="fl-4"/>
      </object_component>
      <object_component id="oc-1b1">
         <name>.text</name>
         <load_address>0x2b40</load_address>
         <run_address>0x2b40</run_address>
         <size>0x23c</size>
         <input_file_ref idref="fl-148"/>
      </object_component>
      <object_component id="oc-9a">
         <name>.text</name>
         <load_address>0x2d80</load_address>
         <run_address>0x2d80</run_address>
         <size>0x1e4</size>
         <input_file_ref idref="fl-3"/>
      </object_component>
      <object_component id="oc-135">
         <name>.text</name>
         <load_address>0x2f64</load_address>
         <run_address>0x2f64</run_address>
         <size>0x1b6</size>
         <input_file_ref idref="fl-13a"/>
      </object_component>
      <object_component id="oc-18">
         <name>.text:decompress:rle24</name>
         <load_address>0x311a</load_address>
         <run_address>0x311a</run_address>
         <size>0x6</size>
         <input_file_ref idref="fl-136"/>
      </object_component>
      <object_component id="oc-94">
         <name>.text</name>
         <load_address>0x3120</load_address>
         <run_address>0x3120</run_address>
         <size>0x16e</size>
         <input_file_ref idref="fl-7"/>
      </object_component>
      <object_component id="oc-1dd">
         <name>.text</name>
         <load_address>0x328e</load_address>
         <run_address>0x328e</run_address>
         <size>0x136</size>
         <input_file_ref idref="fl-151"/>
      </object_component>
      <object_component id="oc-13a">
         <name>.text</name>
         <load_address>0x33c4</load_address>
         <run_address>0x33c4</run_address>
         <size>0xfc</size>
         <input_file_ref idref="fl-13b"/>
      </object_component>
      <object_component id="oc-3c">
         <name>.text</name>
         <load_address>0x34c0</load_address>
         <run_address>0x34c0</run_address>
         <size>0x9c</size>
         <input_file_ref idref="fl-141"/>
      </object_component>
      <object_component id="oc-1d8">
         <name>.text:__aeabi_cdcmple</name>
         <load_address>0x355c</load_address>
         <run_address>0x355c</run_address>
         <size>0x86</size>
         <input_file_ref idref="fl-150"/>
      </object_component>
      <object_component id="oc-55">
         <name>.text</name>
         <load_address>0x35e2</load_address>
         <run_address>0x35e2</run_address>
         <size>0x7a</size>
         <input_file_ref idref="fl-143"/>
      </object_component>
      <object_component id="oc-67">
         <name>.text</name>
         <load_address>0x365c</load_address>
         <run_address>0x365c</run_address>
         <size>0x6c</size>
         <input_file_ref idref="fl-14c"/>
      </object_component>
      <object_component id="oc-48">
         <name>.text</name>
         <load_address>0x36c8</load_address>
         <run_address>0x36c8</run_address>
         <size>0x6a</size>
         <input_file_ref idref="fl-136"/>
      </object_component>
      <object_component id="oc-24">
         <name>.text</name>
         <load_address>0x3734</load_address>
         <run_address>0x3734</run_address>
         <size>0x50</size>
         <input_file_ref idref="fl-134"/>
      </object_component>
      <object_component id="oc-14d">
         <name>.text</name>
         <load_address>0x3784</load_address>
         <run_address>0x3784</run_address>
         <size>0x4c</size>
         <input_file_ref idref="fl-133"/>
      </object_component>
      <object_component id="oc-f5">
         <name>.text</name>
         <load_address>0x37d0</load_address>
         <run_address>0x37d0</run_address>
         <size>0x4c</size>
         <input_file_ref idref="fl-14d"/>
      </object_component>
      <object_component id="oc-159">
         <name>.text</name>
         <load_address>0x381c</load_address>
         <run_address>0x381c</run_address>
         <size>0x4a</size>
         <input_file_ref idref="fl-13d"/>
      </object_component>
      <object_component id="oc-12b">
         <name>.text</name>
         <load_address>0x3866</load_address>
         <run_address>0x3866</run_address>
         <size>0x48</size>
         <input_file_ref idref="fl-13c"/>
      </object_component>
      <object_component id="oc-73">
         <name>.text</name>
         <load_address>0x38b0</load_address>
         <run_address>0x38b0</run_address>
         <size>0x44</size>
         <input_file_ref idref="fl-139"/>
      </object_component>
      <object_component id="oc-13f">
         <name>.text</name>
         <load_address>0x38f4</load_address>
         <run_address>0x38f4</run_address>
         <size>0x44</size>
         <input_file_ref idref="fl-13e"/>
      </object_component>
      <object_component id="oc-c1">
         <name>.text</name>
         <load_address>0x3938</load_address>
         <run_address>0x3938</run_address>
         <size>0x38</size>
         <input_file_ref idref="fl-13f"/>
      </object_component>
      <object_component id="oc-147">
         <name>.text</name>
         <load_address>0x3970</load_address>
         <run_address>0x3970</run_address>
         <size>0x30</size>
         <input_file_ref idref="fl-147"/>
      </object_component>
      <object_component id="oc-130">
         <name>.text</name>
         <load_address>0x39a0</load_address>
         <run_address>0x39a0</run_address>
         <size>0x2e</size>
         <input_file_ref idref="fl-140"/>
      </object_component>
      <object_component id="oc-2d">
         <name>.text</name>
         <load_address>0x39d0</load_address>
         <run_address>0x39d0</run_address>
         <size>0x1a</size>
         <input_file_ref idref="fl-b"/>
      </object_component>
      <object_component id="oc-6d">
         <name>.text</name>
         <load_address>0x39ec</load_address>
         <run_address>0x39ec</run_address>
         <size>0x18</size>
         <input_file_ref idref="fl-14b"/>
      </object_component>
      <object_component id="oc-18e">
         <name>.text</name>
         <load_address>0x3a04</load_address>
         <run_address>0x3a04</run_address>
         <size>0x14</size>
         <input_file_ref idref="fl-149"/>
      </object_component>
      <object_component id="oc-153">
         <name>.text</name>
         <load_address>0x3a18</load_address>
         <run_address>0x3a18</run_address>
         <size>0x12</size>
         <input_file_ref idref="fl-132"/>
      </object_component>
      <object_component id="oc-12">
         <name>.text:decompress:none</name>
         <load_address>0x3a2a</load_address>
         <run_address>0x3a2a</run_address>
         <size>0xe</size>
         <input_file_ref idref="fl-135"/>
      </object_component>
      <object_component id="oc-1e">
         <name>.text:decompress:ZI</name>
         <load_address>0x3a38</load_address>
         <run_address>0x3a38</run_address>
         <size>0xc</size>
         <input_file_ref idref="fl-137"/>
      </object_component>
      <object_component id="oc-1ac">
         <name>.const:.string:_ctypes_</name>
         <load_address>0x3a48</load_address>
         <run_address>0x3a48</run_address>
         <size>0x101</size>
         <input_file_ref idref="fl-138"/>
      </object_component>
      <object_component id="oc-171">
         <name>.const</name>
         <load_address>0x3b49</load_address>
         <run_address>0x3b49</run_address>
         <size>0x4</size>
         <input_file_ref idref="fl-5"/>
      </object_component>
      <object_component id="oc-1e2">
         <name>.const</name>
         <load_address>0x3b50</load_address>
         <run_address>0x3b50</run_address>
         <size>0x98</size>
         <input_file_ref idref="fl-148"/>
      </object_component>
      <object_component id="oc-21a">
         <name>.cinit..data.load</name>
         <load_address>0x3be8</load_address>
         <run_address>0x3be8</run_address>
         <size>0x53</size>
      </object_component>
      <object_component id="oc-218">
         <name>__TI_handler_table</name>
         <load_address>0x3c3c</load_address>
         <run_address>0x3c3c</run_address>
         <size>0xc</size>
      </object_component>
      <object_component id="oc-21b">
         <name>.cinit..bss.load</name>
         <load_address>0x3c48</load_address>
         <run_address>0x3c48</run_address>
         <size>0x8</size>
      </object_component>
      <object_component id="oc-219">
         <name>__TI_cinit_table</name>
         <load_address>0x3c50</load_address>
         <run_address>0x3c50</run_address>
         <size>0x10</size>
      </object_component>
      <object_component id="oc-2a">
         <name>.sysmem</name>
         <uninitialized>true</uninitialized>
         <run_address>0x20006080</run_address>
         <size>0x8</size>
         <input_file_ref idref="fl-142"/>
      </object_component>
      <object_component id="oc-21d">
         <name>.sysmem</name>
         <uninitialized>true</uninitialized>
         <run_address>0x20006080</run_address>
         <size>0x0</size>
      </object_component>
      <object_component id="oc-29">
         <name>.stack</name>
         <uninitialized>true</uninitialized>
         <run_address>0x20005df0</run_address>
         <size>0x0</size>
         <input_file_ref idref="fl-134"/>
      </object_component>
      <object_component id="oc-21c">
         <name>.stack</name>
         <uninitialized>true</uninitialized>
         <run_address>0x20005df0</run_address>
         <size>0x0</size>
      </object_component>
      <object_component id="oc-be">
         <name>.bss:Filt_data</name>
         <uninitialized>true</uninitialized>
         <run_address>0x20000000</run_address>
         <size>0x1f40</size>
         <input_file_ref idref="fl-2"/>
      </object_component>
      <object_component id="oc-af">
         <name>.bss:IR_FIFO_DATA</name>
         <uninitialized>true</uninitialized>
         <run_address>0x20001f40</run_address>
         <size>0x1f40</size>
         <input_file_ref idref="fl-4"/>
      </object_component>
      <object_component id="oc-b2">
         <name>.bss:RED_FIFO_DATA</name>
         <uninitialized>true</uninitialized>
         <run_address>0x20003e80</run_address>
         <size>0x1f40</size>
         <input_file_ref idref="fl-4"/>
      </object_component>
      <object_component id="oc-16e">
         <name>.common:StatusReg</name>
         <uninitialized>true</uninitialized>
         <run_address>0x20005de8</run_address>
         <size>0x4</size>
      </object_component>
      <object_component id="oc-175">
         <name>.common:DeviceCnt</name>
         <uninitialized>true</uninitialized>
         <run_address>0x20005dec</run_address>
         <size>0x1</size>
      </object_component>
      <object_component id="oc-174">
         <name>.common:RegisteredDevices</name>
         <uninitialized>true</uninitialized>
         <run_address>0x20005dc0</run_address>
         <size>0x14</size>
      </object_component>
      <object_component id="oc-144">
         <name>.common:str</name>
         <uninitialized>true</uninitialized>
         <run_address>0x20005dd4</run_address>
         <size>0x10</size>
      </object_component>
      <object_component id="oc-85">
         <name>.common:ADCvalue</name>
         <uninitialized>true</uninitialized>
         <run_address>0x20005de4</run_address>
         <size>0x4</size>
      </object_component>
      <object_component id="oc-b5">
         <name>.data</name>
         <load_address>0x2000605c</load_address>
         <run_address>0x2000605c</run_address>
         <size>0x8</size>
         <input_file_ref idref="fl-2"/>
      </object_component>
      <object_component id="oc-ac">
         <name>.data</name>
         <load_address>0x20006044</load_address>
         <run_address>0x20006044</run_address>
         <size>0x18</size>
         <input_file_ref idref="fl-4"/>
      </object_component>
      <object_component id="oc-cc">
         <name>.data</name>
         <load_address>0x20005ff0</load_address>
         <run_address>0x20005ff0</run_address>
         <size>0x37</size>
         <input_file_ref idref="fl-5"/>
      </object_component>
      <object_component id="oc-82">
         <name>.data</name>
         <load_address>0x20006028</load_address>
         <run_address>0x20006028</run_address>
         <size>0x1c</size>
         <input_file_ref idref="fl-a"/>
      </object_component>
      <object_component id="oc-124">
         <name>.data</name>
         <load_address>0x2000607c</load_address>
         <run_address>0x2000607c</run_address>
         <size>0x4</size>
         <input_file_ref idref="fl-c"/>
      </object_component>
      <object_component id="oc-102">
         <name>.data</name>
         <load_address>0x2000606c</load_address>
         <run_address>0x2000606c</run_address>
         <size>0x8</size>
         <input_file_ref idref="fl-139"/>
      </object_component>
      <object_component id="oc-79">
         <name>.data</name>
         <load_address>0x20006078</load_address>
         <run_address>0x20006078</run_address>
         <size>0x4</size>
         <input_file_ref idref="fl-146"/>
      </object_component>
      <object_component id="oc-ff">
         <name>.data</name>
         <load_address>0x20006064</load_address>
         <run_address>0x20006064</run_address>
         <size>0x8</size>
         <input_file_ref idref="fl-149"/>
      </object_component>
      <object_component id="oc-1e5">
         <name>.data</name>
         <load_address>0x20006074</load_address>
         <run_address>0x20006074</run_address>
         <size>0x4</size>
         <input_file_ref idref="fl-14f"/>
      </object_component>
      <object_component id="oc-16a">
         <name>.debug_info</name>
         <load_address>0x0</load_address>
         <run_address>0x0</run_address>
         <size>0x576</size>
         <input_file_ref idref="fl-2"/>
      </object_component>
      <object_component id="oc-bf">
         <name>.debug_info</name>
         <load_address>0x576</load_address>
         <run_address>0x576</run_address>
         <size>0xd5</size>
         <input_file_ref idref="fl-2"/>
      </object_component>
      <object_component id="oc-b6">
         <name>.debug_info</name>
         <load_address>0x64b</load_address>
         <run_address>0x64b</run_address>
         <size>0xea</size>
         <input_file_ref idref="fl-2"/>
      </object_component>
      <object_component id="oc-b9">
         <name>.debug_info</name>
         <load_address>0x735</load_address>
         <run_address>0x735</run_address>
         <size>0x3ae</size>
         <input_file_ref idref="fl-2"/>
      </object_component>
      <object_component id="oc-da">
         <name>.debug_info</name>
         <load_address>0xae3</load_address>
         <run_address>0xae3</run_address>
         <size>0x482f</size>
         <input_file_ref idref="fl-2"/>
      </object_component>
      <object_component id="oc-11a">
         <name>.debug_info</name>
         <load_address>0x5312</load_address>
         <run_address>0x5312</run_address>
         <size>0x103c</size>
         <input_file_ref idref="fl-2"/>
      </object_component>
      <object_component id="oc-11f">
         <name>.debug_info</name>
         <load_address>0x634e</load_address>
         <run_address>0x634e</run_address>
         <size>0x185</size>
         <input_file_ref idref="fl-2"/>
      </object_component>
      <object_component id="oc-d0">
         <name>.debug_info</name>
         <load_address>0x64d3</load_address>
         <run_address>0x64d3</run_address>
         <size>0x84</size>
         <input_file_ref idref="fl-2"/>
      </object_component>
      <object_component id="oc-d5">
         <name>.debug_info</name>
         <load_address>0x6557</load_address>
         <run_address>0x6557</run_address>
         <size>0x18b</size>
         <input_file_ref idref="fl-2"/>
      </object_component>
      <object_component id="oc-9b">
         <name>.debug_info</name>
         <load_address>0x66e2</load_address>
         <run_address>0x66e2</run_address>
         <size>0x32e</size>
         <input_file_ref idref="fl-3"/>
      </object_component>
      <object_component id="oc-164">
         <name>.debug_info</name>
         <load_address>0x6a10</load_address>
         <run_address>0x6a10</run_address>
         <size>0x504</size>
         <input_file_ref idref="fl-4"/>
      </object_component>
      <object_component id="oc-b0">
         <name>.debug_info</name>
         <load_address>0x6f14</load_address>
         <run_address>0x6f14</run_address>
         <size>0xdc</size>
         <input_file_ref idref="fl-4"/>
      </object_component>
      <object_component id="oc-b3">
         <name>.debug_info</name>
         <load_address>0x6ff0</load_address>
         <run_address>0x6ff0</run_address>
         <size>0xde</size>
         <input_file_ref idref="fl-4"/>
      </object_component>
      <object_component id="oc-ad">
         <name>.debug_info</name>
         <load_address>0x70ce</load_address>
         <run_address>0x70ce</run_address>
         <size>0x15d</size>
         <input_file_ref idref="fl-4"/>
      </object_component>
      <object_component id="oc-a7">
         <name>.debug_info</name>
         <load_address>0x722b</load_address>
         <run_address>0x722b</run_address>
         <size>0x436</size>
         <input_file_ref idref="fl-4"/>
      </object_component>
      <object_component id="oc-16f">
         <name>.debug_info</name>
         <load_address>0x7661</load_address>
         <run_address>0x7661</run_address>
         <size>0x549</size>
         <input_file_ref idref="fl-5"/>
      </object_component>
      <object_component id="oc-cd">
         <name>.debug_info</name>
         <load_address>0x7baa</load_address>
         <run_address>0x7baa</run_address>
         <size>0x26d</size>
         <input_file_ref idref="fl-5"/>
      </object_component>
      <object_component id="oc-172">
         <name>.debug_info</name>
         <load_address>0x7e17</load_address>
         <run_address>0x7e17</run_address>
         <size>0xc9</size>
         <input_file_ref idref="fl-5"/>
      </object_component>
      <object_component id="oc-c7">
         <name>.debug_info</name>
         <load_address>0x7ee0</load_address>
         <run_address>0x7ee0</run_address>
         <size>0xc33</size>
         <input_file_ref idref="fl-5"/>
      </object_component>
      <object_component id="oc-1c0">
         <name>.debug_info</name>
         <load_address>0x8b13</load_address>
         <run_address>0x8b13</run_address>
         <size>0x8b</size>
         <input_file_ref idref="fl-5"/>
      </object_component>
      <object_component id="oc-8f">
         <name>.debug_info</name>
         <load_address>0x8b9e</load_address>
         <run_address>0x8b9e</run_address>
         <size>0x550</size>
         <input_file_ref idref="fl-6"/>
      </object_component>
      <object_component id="oc-95">
         <name>.debug_info</name>
         <load_address>0x90ee</load_address>
         <run_address>0x90ee</run_address>
         <size>0x167</size>
         <input_file_ref idref="fl-7"/>
      </object_component>
      <object_component id="oc-145">
         <name>.debug_info</name>
         <load_address>0x9255</load_address>
         <run_address>0x9255</run_address>
         <size>0x60b</size>
         <input_file_ref idref="fl-8"/>
      </object_component>
      <object_component id="oc-a1">
         <name>.debug_info</name>
         <load_address>0x9860</load_address>
         <run_address>0x9860</run_address>
         <size>0x727</size>
         <input_file_ref idref="fl-8"/>
      </object_component>
      <object_component id="oc-1a5">
         <name>.debug_info</name>
         <load_address>0x9f87</load_address>
         <run_address>0x9f87</run_address>
         <size>0xc8</size>
         <input_file_ref idref="fl-8"/>
      </object_component>
      <object_component id="oc-86">
         <name>.debug_info</name>
         <load_address>0xa04f</load_address>
         <run_address>0xa04f</run_address>
         <size>0xace</size>
         <input_file_ref idref="fl-a"/>
      </object_component>
      <object_component id="oc-83">
         <name>.debug_info</name>
         <load_address>0xab1d</load_address>
         <run_address>0xab1d</run_address>
         <size>0x18c</size>
         <input_file_ref idref="fl-a"/>
      </object_component>
      <object_component id="oc-34">
         <name>.debug_info</name>
         <load_address>0xaca9</load_address>
         <run_address>0xaca9</run_address>
         <size>0xa44</size>
         <input_file_ref idref="fl-a"/>
      </object_component>
      <object_component id="oc-ec">
         <name>.debug_info</name>
         <load_address>0xb6ed</load_address>
         <run_address>0xb6ed</run_address>
         <size>0x2c</size>
         <input_file_ref idref="fl-a"/>
      </object_component>
      <object_component id="oc-3b">
         <name>.debug_info</name>
         <load_address>0xb719</load_address>
         <run_address>0xb719</run_address>
         <size>0x1c4</size>
         <input_file_ref idref="fl-b"/>
      </object_component>
      <object_component id="oc-10">
         <name>.debug_info</name>
         <load_address>0xb8dd</load_address>
         <run_address>0xb8dd</run_address>
         <size>0xdf</size>
         <input_file_ref idref="fl-b"/>
      </object_component>
      <object_component id="oc-2e">
         <name>.debug_info</name>
         <load_address>0xb9bc</load_address>
         <run_address>0xb9bc</run_address>
         <size>0x1f1</size>
         <input_file_ref idref="fl-b"/>
      </object_component>
      <object_component id="oc-125">
         <name>.debug_info</name>
         <load_address>0xbbad</load_address>
         <run_address>0xbbad</run_address>
         <size>0xea</size>
         <input_file_ref idref="fl-c"/>
      </object_component>
      <object_component id="oc-89">
         <name>.debug_info</name>
         <load_address>0xbc97</load_address>
         <run_address>0xbc97</run_address>
         <size>0x2ab</size>
         <input_file_ref idref="fl-c"/>
      </object_component>
      <object_component id="oc-1b8">
         <name>.debug_info</name>
         <load_address>0xbf42</load_address>
         <run_address>0xbf42</run_address>
         <size>0xfe</size>
         <input_file_ref idref="fl-132"/>
      </object_component>
      <object_component id="oc-156">
         <name>.debug_info</name>
         <load_address>0xc040</load_address>
         <run_address>0xc040</run_address>
         <size>0x12e</size>
         <input_file_ref idref="fl-132"/>
      </object_component>
      <object_component id="oc-1b0">
         <name>.debug_info</name>
         <load_address>0xc16e</load_address>
         <run_address>0xc16e</run_address>
         <size>0xf7</size>
         <input_file_ref idref="fl-133"/>
      </object_component>
      <object_component id="oc-14e">
         <name>.debug_info</name>
         <load_address>0xc265</load_address>
         <run_address>0xc265</run_address>
         <size>0x154</size>
         <input_file_ref idref="fl-133"/>
      </object_component>
      <object_component id="oc-26">
         <name>.debug_info</name>
         <load_address>0xc3b9</load_address>
         <run_address>0xc3b9</run_address>
         <size>0x138</size>
         <input_file_ref idref="fl-134"/>
      </object_component>
      <object_component id="oc-47">
         <name>.debug_info</name>
         <load_address>0xc4f1</load_address>
         <run_address>0xc4f1</run_address>
         <size>0x123</size>
         <input_file_ref idref="fl-135"/>
      </object_component>
      <object_component id="oc-15">
         <name>.debug_info</name>
         <load_address>0xc614</load_address>
         <run_address>0xc614</run_address>
         <size>0x1c2</size>
         <input_file_ref idref="fl-135"/>
      </object_component>
      <object_component id="oc-42">
         <name>.debug_info</name>
         <load_address>0xc7d6</load_address>
         <run_address>0xc7d6</run_address>
         <size>0x46</size>
         <input_file_ref idref="fl-135"/>
      </object_component>
      <object_component id="oc-e2">
         <name>.debug_info</name>
         <load_address>0xc81c</load_address>
         <run_address>0xc81c</run_address>
         <size>0x2c</size>
         <input_file_ref idref="fl-135"/>
      </object_component>
      <object_component id="oc-4f">
         <name>.debug_info</name>
         <load_address>0xc848</load_address>
         <run_address>0xc848</run_address>
         <size>0x117</size>
         <input_file_ref idref="fl-136"/>
      </object_component>
      <object_component id="oc-4a">
         <name>.debug_info</name>
         <load_address>0xc95f</load_address>
         <run_address>0xc95f</run_address>
         <size>0x22a</size>
         <input_file_ref idref="fl-136"/>
      </object_component>
      <object_component id="oc-1a">
         <name>.debug_info</name>
         <load_address>0xcb89</load_address>
         <run_address>0xcb89</run_address>
         <size>0x1bc</size>
         <input_file_ref idref="fl-136"/>
      </object_component>
      <object_component id="oc-50">
         <name>.debug_info</name>
         <load_address>0xcd45</load_address>
         <run_address>0xcd45</run_address>
         <size>0x39</size>
         <input_file_ref idref="fl-136"/>
      </object_component>
      <object_component id="oc-60">
         <name>.debug_info</name>
         <load_address>0xcd7e</load_address>
         <run_address>0xcd7e</run_address>
         <size>0x112</size>
         <input_file_ref idref="fl-137"/>
      </object_component>
      <object_component id="oc-21">
         <name>.debug_info</name>
         <load_address>0xce90</load_address>
         <run_address>0xce90</run_address>
         <size>0x18d</size>
         <input_file_ref idref="fl-137"/>
      </object_component>
      <object_component id="oc-5b">
         <name>.debug_info</name>
         <load_address>0xd01d</load_address>
         <run_address>0xd01d</run_address>
         <size>0x46</size>
         <input_file_ref idref="fl-137"/>
      </object_component>
      <object_component id="oc-1d5">
         <name>.debug_info</name>
         <load_address>0xd063</load_address>
         <run_address>0xd063</run_address>
         <size>0xd1</size>
         <input_file_ref idref="fl-138"/>
      </object_component>
      <object_component id="oc-1ad">
         <name>.debug_info</name>
         <load_address>0xd134</load_address>
         <run_address>0xd134</run_address>
         <size>0xdd</size>
         <input_file_ref idref="fl-138"/>
      </object_component>
      <object_component id="oc-106">
         <name>.debug_info</name>
         <load_address>0xd211</load_address>
         <run_address>0xd211</run_address>
         <size>0x174</size>
         <input_file_ref idref="fl-139"/>
      </object_component>
      <object_component id="oc-103">
         <name>.debug_info</name>
         <load_address>0xd385</load_address>
         <run_address>0xd385</run_address>
         <size>0x119</size>
         <input_file_ref idref="fl-139"/>
      </object_component>
      <object_component id="oc-77">
         <name>.debug_info</name>
         <load_address>0xd49e</load_address>
         <run_address>0xd49e</run_address>
         <size>0x1f0</size>
         <input_file_ref idref="fl-139"/>
      </object_component>
      <object_component id="oc-137">
         <name>.debug_info</name>
         <load_address>0xd68e</load_address>
         <run_address>0xd68e</run_address>
         <size>0x12d</size>
         <input_file_ref idref="fl-13a"/>
      </object_component>
      <object_component id="oc-13d">
         <name>.debug_info</name>
         <load_address>0xd7bb</load_address>
         <run_address>0xd7bb</run_address>
         <size>0x11b</size>
         <input_file_ref idref="fl-13b"/>
      </object_component>
      <object_component id="oc-12e">
         <name>.debug_info</name>
         <load_address>0xd8d6</load_address>
         <run_address>0xd8d6</run_address>
         <size>0x10f</size>
         <input_file_ref idref="fl-13c"/>
      </object_component>
      <object_component id="oc-15a">
         <name>.debug_info</name>
         <load_address>0xd9e5</load_address>
         <run_address>0xd9e5</run_address>
         <size>0x116</size>
         <input_file_ref idref="fl-13d"/>
      </object_component>
      <object_component id="oc-140">
         <name>.debug_info</name>
         <load_address>0xdafb</load_address>
         <run_address>0xdafb</run_address>
         <size>0x11a</size>
         <input_file_ref idref="fl-13e"/>
      </object_component>
      <object_component id="oc-c2">
         <name>.debug_info</name>
         <load_address>0xdc15</load_address>
         <run_address>0xdc15</run_address>
         <size>0x10d</size>
         <input_file_ref idref="fl-13f"/>
      </object_component>
      <object_component id="oc-131">
         <name>.debug_info</name>
         <load_address>0xdd22</load_address>
         <run_address>0xdd22</run_address>
         <size>0x10d</size>
         <input_file_ref idref="fl-140"/>
      </object_component>
      <object_component id="oc-3d">
         <name>.debug_info</name>
         <load_address>0xde2f</load_address>
         <run_address>0xde2f</run_address>
         <size>0xfa</size>
         <input_file_ref idref="fl-141"/>
      </object_component>
      <object_component id="oc-7f">
         <name>.debug_info</name>
         <load_address>0xdf29</load_address>
         <run_address>0xdf29</run_address>
         <size>0x205</size>
         <input_file_ref idref="fl-142"/>
      </object_component>
      <object_component id="oc-2b">
         <name>.debug_info</name>
         <load_address>0xe12e</load_address>
         <run_address>0xe12e</run_address>
         <size>0xe4</size>
         <input_file_ref idref="fl-142"/>
      </object_component>
      <object_component id="oc-10c">
         <name>.debug_info</name>
         <load_address>0xe212</load_address>
         <run_address>0xe212</run_address>
         <size>0x2c</size>
         <input_file_ref idref="fl-142"/>
      </object_component>
      <object_component id="oc-111">
         <name>.debug_info</name>
         <load_address>0xe23e</load_address>
         <run_address>0xe23e</run_address>
         <size>0x62</size>
         <input_file_ref idref="fl-142"/>
      </object_component>
      <object_component id="oc-57">
         <name>.debug_info</name>
         <load_address>0xe2a0</load_address>
         <run_address>0xe2a0</run_address>
         <size>0x12a</size>
         <input_file_ref idref="fl-143"/>
      </object_component>
      <object_component id="oc-62">
         <name>.debug_info</name>
         <load_address>0xe3ca</load_address>
         <run_address>0xe3ca</run_address>
         <size>0x12b</size>
         <input_file_ref idref="fl-144"/>
      </object_component>
      <object_component id="oc-7a">
         <name>.debug_info</name>
         <load_address>0xe4f5</load_address>
         <run_address>0xe4f5</run_address>
         <size>0xec</size>
         <input_file_ref idref="fl-146"/>
      </object_component>
      <object_component id="oc-1ab">
         <name>.debug_info</name>
         <load_address>0xe5e1</load_address>
         <run_address>0xe5e1</run_address>
         <size>0xd9</size>
         <input_file_ref idref="fl-147"/>
      </object_component>
      <object_component id="oc-148">
         <name>.debug_info</name>
         <load_address>0xe6ba</load_address>
         <run_address>0xe6ba</run_address>
         <size>0x20c</size>
         <input_file_ref idref="fl-147"/>
      </object_component>
      <object_component id="oc-1e9">
         <name>.debug_info</name>
         <load_address>0xe8c6</load_address>
         <run_address>0xe8c6</run_address>
         <size>0x23f</size>
         <input_file_ref idref="fl-148"/>
      </object_component>
      <object_component id="oc-1e3">
         <name>.debug_info</name>
         <load_address>0xeb05</load_address>
         <run_address>0xeb05</run_address>
         <size>0xfb</size>
         <input_file_ref idref="fl-148"/>
      </object_component>
      <object_component id="oc-1b2">
         <name>.debug_info</name>
         <load_address>0xec00</load_address>
         <run_address>0xec00</run_address>
         <size>0x2e3</size>
         <input_file_ref idref="fl-148"/>
      </object_component>
      <object_component id="oc-196">
         <name>.debug_info</name>
         <load_address>0xeee3</load_address>
         <run_address>0xeee3</run_address>
         <size>0x107</size>
         <input_file_ref idref="fl-149"/>
      </object_component>
      <object_component id="oc-100">
         <name>.debug_info</name>
         <load_address>0xefea</load_address>
         <run_address>0xefea</run_address>
         <size>0xf6</size>
         <input_file_ref idref="fl-149"/>
      </object_component>
      <object_component id="oc-18f">
         <name>.debug_info</name>
         <load_address>0xf0e0</load_address>
         <run_address>0xf0e0</run_address>
         <size>0x202</size>
         <input_file_ref idref="fl-149"/>
      </object_component>
      <object_component id="oc-fe">
         <name>.debug_info</name>
         <load_address>0xf2e2</load_address>
         <run_address>0xf2e2</run_address>
         <size>0x149</size>
         <input_file_ref idref="fl-14b"/>
      </object_component>
      <object_component id="oc-6e">
         <name>.debug_info</name>
         <load_address>0xf42b</load_address>
         <run_address>0xf42b</run_address>
         <size>0x14a</size>
         <input_file_ref idref="fl-14b"/>
      </object_component>
      <object_component id="oc-189">
         <name>.debug_info</name>
         <load_address>0xf575</load_address>
         <run_address>0xf575</run_address>
         <size>0x5e</size>
         <input_file_ref idref="fl-14b"/>
      </object_component>
      <object_component id="oc-fc">
         <name>.debug_info</name>
         <load_address>0xf5d3</load_address>
         <run_address>0xf5d3</run_address>
         <size>0x2a0</size>
         <input_file_ref idref="fl-14c"/>
      </object_component>
      <object_component id="oc-68">
         <name>.debug_info</name>
         <load_address>0xf873</load_address>
         <run_address>0xf873</run_address>
         <size>0x15a</size>
         <input_file_ref idref="fl-14c"/>
      </object_component>
      <object_component id="oc-17d">
         <name>.debug_info</name>
         <load_address>0xf9cd</load_address>
         <run_address>0xf9cd</run_address>
         <size>0x39</size>
         <input_file_ref idref="fl-14c"/>
      </object_component>
      <object_component id="oc-182">
         <name>.debug_info</name>
         <load_address>0xfa06</load_address>
         <run_address>0xfa06</run_address>
         <size>0xcd</size>
         <input_file_ref idref="fl-14c"/>
      </object_component>
      <object_component id="oc-17a">
         <name>.debug_info</name>
         <load_address>0xfad3</load_address>
         <run_address>0xfad3</run_address>
         <size>0x1c3</size>
         <input_file_ref idref="fl-14d"/>
      </object_component>
      <object_component id="oc-f9">
         <name>.debug_info</name>
         <load_address>0xfc96</load_address>
         <run_address>0xfc96</run_address>
         <size>0x17f</size>
         <input_file_ref idref="fl-14d"/>
      </object_component>
      <object_component id="oc-1c9">
         <name>.debug_info</name>
         <load_address>0xfe15</load_address>
         <run_address>0xfe15</run_address>
         <size>0x2c</size>
         <input_file_ref idref="fl-14d"/>
      </object_component>
      <object_component id="oc-1e6">
         <name>.debug_info</name>
         <load_address>0xfe41</load_address>
         <run_address>0xfe41</run_address>
         <size>0xd8</size>
         <input_file_ref idref="fl-14f"/>
      </object_component>
      <object_component id="oc-1d9">
         <name>.debug_info</name>
         <load_address>0xff19</load_address>
         <run_address>0xff19</run_address>
         <size>0x109</size>
         <input_file_ref idref="fl-150"/>
      </object_component>
      <object_component id="oc-1de">
         <name>.debug_info</name>
         <load_address>0x10022</load_address>
         <run_address>0x10022</run_address>
         <size>0x11b</size>
         <input_file_ref idref="fl-151"/>
      </object_component>
      <object_component id="oc-21e">
         <name>.debug_info</name>
         <load_address>0x1013d</load_address>
         <run_address>0x1013d</run_address>
         <size>0xa6</size>
      </object_component>
      <object_component id="oc-1bd">
         <name>.debug_line</name>
         <load_address>0x0</load_address>
         <run_address>0x0</run_address>
         <size>0x41</size>
         <input_file_ref idref="fl-2"/>
      </object_component>
      <object_component id="oc-16c">
         <name>.debug_line</name>
         <load_address>0x41</load_address>
         <run_address>0x41</run_address>
         <size>0x30</size>
         <input_file_ref idref="fl-2"/>
      </object_component>
      <object_component id="oc-168">
         <name>.debug_line</name>
         <load_address>0x71</load_address>
         <run_address>0x71</run_address>
         <size>0x30</size>
         <input_file_ref idref="fl-2"/>
      </object_component>
      <object_component id="oc-bc">
         <name>.debug_line</name>
         <load_address>0xa1</load_address>
         <run_address>0xa1</run_address>
         <size>0x103</size>
         <input_file_ref idref="fl-2"/>
      </object_component>
      <object_component id="oc-dd">
         <name>.debug_line</name>
         <load_address>0x1a4</load_address>
         <run_address>0x1a4</run_address>
         <size>0x5a</size>
         <input_file_ref idref="fl-2"/>
      </object_component>
      <object_component id="oc-11d">
         <name>.debug_line</name>
         <load_address>0x1fe</load_address>
         <run_address>0x1fe</run_address>
         <size>0x55</size>
         <input_file_ref idref="fl-2"/>
      </object_component>
      <object_component id="oc-122">
         <name>.debug_line</name>
         <load_address>0x253</load_address>
         <run_address>0x253</run_address>
         <size>0x31</size>
         <input_file_ref idref="fl-2"/>
      </object_component>
      <object_component id="oc-d3">
         <name>.debug_line</name>
         <load_address>0x284</load_address>
         <run_address>0x284</run_address>
         <size>0x20</size>
         <input_file_ref idref="fl-2"/>
      </object_component>
      <object_component id="oc-d8">
         <name>.debug_line</name>
         <load_address>0x2a4</load_address>
         <run_address>0x2a4</run_address>
         <size>0x60</size>
         <input_file_ref idref="fl-2"/>
      </object_component>
      <object_component id="oc-9e">
         <name>.debug_line</name>
         <load_address>0x304</load_address>
         <run_address>0x304</run_address>
         <size>0xe0</size>
         <input_file_ref idref="fl-3"/>
      </object_component>
      <object_component id="oc-1bb">
         <name>.debug_line</name>
         <load_address>0x3e4</load_address>
         <run_address>0x3e4</run_address>
         <size>0x39</size>
         <input_file_ref idref="fl-4"/>
      </object_component>
      <object_component id="oc-163">
         <name>.debug_line</name>
         <load_address>0x41d</load_address>
         <run_address>0x41d</run_address>
         <size>0x31</size>
         <input_file_ref idref="fl-4"/>
      </object_component>
      <object_component id="oc-166">
         <name>.debug_line</name>
         <load_address>0x44e</load_address>
         <run_address>0x44e</run_address>
         <size>0x31</size>
         <input_file_ref idref="fl-4"/>
      </object_component>
      <object_component id="oc-161">
         <name>.debug_line</name>
         <load_address>0x47f</load_address>
         <run_address>0x47f</run_address>
         <size>0x31</size>
         <input_file_ref idref="fl-4"/>
      </object_component>
      <object_component id="oc-aa">
         <name>.debug_line</name>
         <load_address>0x4b0</load_address>
         <run_address>0x4b0</run_address>
         <size>0xea</size>
         <input_file_ref idref="fl-4"/>
      </object_component>
      <object_component id="oc-1bf">
         <name>.debug_line</name>
         <load_address>0x59a</load_address>
         <run_address>0x59a</run_address>
         <size>0x3a</size>
         <input_file_ref idref="fl-5"/>
      </object_component>
      <object_component id="oc-178">
         <name>.debug_line</name>
         <load_address>0x5d4</load_address>
         <run_address>0x5d4</run_address>
         <size>0x2e</size>
         <input_file_ref idref="fl-5"/>
      </object_component>
      <object_component id="oc-1c6">
         <name>.debug_line</name>
         <load_address>0x602</load_address>
         <run_address>0x602</run_address>
         <size>0x2e</size>
         <input_file_ref idref="fl-5"/>
      </object_component>
      <object_component id="oc-ca">
         <name>.debug_line</name>
         <load_address>0x630</load_address>
         <run_address>0x630</run_address>
         <size>0x3cc</size>
         <input_file_ref idref="fl-5"/>
      </object_component>
      <object_component id="oc-1c3">
         <name>.debug_line</name>
         <load_address>0x9fc</load_address>
         <run_address>0x9fc</run_address>
         <size>0x2e</size>
         <input_file_ref idref="fl-5"/>
      </object_component>
      <object_component id="oc-92">
         <name>.debug_line</name>
         <load_address>0xa2a</load_address>
         <run_address>0xa2a</run_address>
         <size>0x1d6</size>
         <input_file_ref idref="fl-6"/>
      </object_component>
      <object_component id="oc-98">
         <name>.debug_line</name>
         <load_address>0xc00</load_address>
         <run_address>0xc00</run_address>
         <size>0x77</size>
         <input_file_ref idref="fl-7"/>
      </object_component>
      <object_component id="oc-1a4">
         <name>.debug_line</name>
         <load_address>0xc77</load_address>
         <run_address>0xc77</run_address>
         <size>0xad</size>
         <input_file_ref idref="fl-8"/>
      </object_component>
      <object_component id="oc-a4">
         <name>.debug_line</name>
         <load_address>0xd24</load_address>
         <run_address>0xd24</run_address>
         <size>0x202</size>
         <input_file_ref idref="fl-8"/>
      </object_component>
      <object_component id="oc-1a8">
         <name>.debug_line</name>
         <load_address>0xf26</load_address>
         <run_address>0xf26</run_address>
         <size>0x5f</size>
         <input_file_ref idref="fl-8"/>
      </object_component>
      <object_component id="oc-119">
         <name>.debug_line</name>
         <load_address>0xf85</load_address>
         <run_address>0xf85</run_address>
         <size>0xd2</size>
         <input_file_ref idref="fl-a"/>
      </object_component>
      <object_component id="oc-117">
         <name>.debug_line</name>
         <load_address>0x1057</load_address>
         <run_address>0x1057</run_address>
         <size>0x2d</size>
         <input_file_ref idref="fl-a"/>
      </object_component>
      <object_component id="oc-37">
         <name>.debug_line</name>
         <load_address>0x1084</load_address>
         <run_address>0x1084</run_address>
         <size>0x3d5</size>
         <input_file_ref idref="fl-a"/>
      </object_component>
      <object_component id="oc-ef">
         <name>.debug_line</name>
         <load_address>0x1459</load_address>
         <run_address>0x1459</run_address>
         <size>0x60</size>
         <input_file_ref idref="fl-a"/>
      </object_component>
      <object_component id="oc-e0">
         <name>.debug_line</name>
         <load_address>0x14b9</load_address>
         <run_address>0x14b9</run_address>
         <size>0x34</size>
         <input_file_ref idref="fl-b"/>
      </object_component>
      <object_component id="oc-3a">
         <name>.debug_line</name>
         <load_address>0x14ed</load_address>
         <run_address>0x14ed</run_address>
         <size>0x34</size>
         <input_file_ref idref="fl-b"/>
      </object_component>
      <object_component id="oc-31">
         <name>.debug_line</name>
         <load_address>0x1521</load_address>
         <run_address>0x1521</run_address>
         <size>0x94</size>
         <input_file_ref idref="fl-b"/>
      </object_component>
      <object_component id="oc-19d">
         <name>.debug_line</name>
         <load_address>0x15b5</load_address>
         <run_address>0x15b5</run_address>
         <size>0x38</size>
         <input_file_ref idref="fl-c"/>
      </object_component>
      <object_component id="oc-8c">
         <name>.debug_line</name>
         <load_address>0x15ed</load_address>
         <run_address>0x15ed</run_address>
         <size>0x1e5</size>
         <input_file_ref idref="fl-c"/>
      </object_component>
      <object_component id="oc-1ec">
         <name>.debug_line</name>
         <load_address>0x17d2</load_address>
         <run_address>0x17d2</run_address>
         <size>0x72</size>
         <input_file_ref idref="fl-132"/>
      </object_component>
      <object_component id="oc-155">
         <name>.debug_line</name>
         <load_address>0x1844</load_address>
         <run_address>0x1844</run_address>
         <size>0x3e</size>
         <input_file_ref idref="fl-132"/>
      </object_component>
      <object_component id="oc-1d7">
         <name>.debug_line</name>
         <load_address>0x1882</load_address>
         <run_address>0x1882</run_address>
         <size>0x71</size>
         <input_file_ref idref="fl-133"/>
      </object_component>
      <object_component id="oc-151">
         <name>.debug_line</name>
         <load_address>0x18f3</load_address>
         <run_address>0x18f3</run_address>
         <size>0x63</size>
         <input_file_ref idref="fl-133"/>
      </object_component>
      <object_component id="oc-28">
         <name>.debug_line</name>
         <load_address>0x1956</load_address>
         <run_address>0x1956</run_address>
         <size>0x52</size>
         <input_file_ref idref="fl-134"/>
      </object_component>
      <object_component id="oc-e8">
         <name>.debug_line</name>
         <load_address>0x19a8</load_address>
         <run_address>0x19a8</run_address>
         <size>0x72</size>
         <input_file_ref idref="fl-135"/>
      </object_component>
      <object_component id="oc-14">
         <name>.debug_line</name>
         <load_address>0x1a1a</load_address>
         <run_address>0x1a1a</run_address>
         <size>0x55</size>
         <input_file_ref idref="fl-135"/>
      </object_component>
      <object_component id="oc-45">
         <name>.debug_line</name>
         <load_address>0x1a6f</load_address>
         <run_address>0x1a6f</run_address>
         <size>0x3a</size>
         <input_file_ref idref="fl-135"/>
      </object_component>
      <object_component id="oc-e5">
         <name>.debug_line</name>
         <load_address>0x1aa9</load_address>
         <run_address>0x1aa9</run_address>
         <size>0x72</size>
         <input_file_ref idref="fl-135"/>
      </object_component>
      <object_component id="oc-eb">
         <name>.debug_line</name>
         <load_address>0x1b1b</load_address>
         <run_address>0x1b1b</run_address>
         <size>0x72</size>
         <input_file_ref idref="fl-136"/>
      </object_component>
      <object_component id="oc-49">
         <name>.debug_line</name>
         <load_address>0x1b8d</load_address>
         <run_address>0x1b8d</run_address>
         <size>0x98</size>
         <input_file_ref idref="fl-136"/>
      </object_component>
      <object_component id="oc-19">
         <name>.debug_line</name>
         <load_address>0x1c25</load_address>
         <run_address>0x1c25</run_address>
         <size>0x4b</size>
         <input_file_ref idref="fl-136"/>
      </object_component>
      <object_component id="oc-53">
         <name>.debug_line</name>
         <load_address>0x1c70</load_address>
         <run_address>0x1c70</run_address>
         <size>0x39</size>
         <input_file_ref idref="fl-136"/>
      </object_component>
      <object_component id="oc-f3">
         <name>.debug_line</name>
         <load_address>0x1ca9</load_address>
         <run_address>0x1ca9</run_address>
         <size>0x72</size>
         <input_file_ref idref="fl-137"/>
      </object_component>
      <object_component id="oc-20">
         <name>.debug_line</name>
         <load_address>0x1d1b</load_address>
         <run_address>0x1d1b</run_address>
         <size>0x4f</size>
         <input_file_ref idref="fl-137"/>
      </object_component>
      <object_component id="oc-5e">
         <name>.debug_line</name>
         <load_address>0x1d6a</load_address>
         <run_address>0x1d6a</run_address>
         <size>0x34</size>
         <input_file_ref idref="fl-137"/>
      </object_component>
      <object_component id="oc-1ee">
         <name>.debug_line</name>
         <load_address>0x1d9e</load_address>
         <run_address>0x1d9e</run_address>
         <size>0x20</size>
         <input_file_ref idref="fl-138"/>
      </object_component>
      <object_component id="oc-1d4">
         <name>.debug_line</name>
         <load_address>0x1dbe</load_address>
         <run_address>0x1dbe</run_address>
         <size>0x2b</size>
         <input_file_ref idref="fl-138"/>
      </object_component>
      <object_component id="oc-19b">
         <name>.debug_line</name>
         <load_address>0x1de9</load_address>
         <run_address>0x1de9</run_address>
         <size>0x71</size>
         <input_file_ref idref="fl-139"/>
      </object_component>
      <object_component id="oc-199">
         <name>.debug_line</name>
         <load_address>0x1e5a</load_address>
         <run_address>0x1e5a</run_address>
         <size>0x2a</size>
         <input_file_ref idref="fl-139"/>
      </object_component>
      <object_component id="oc-76">
         <name>.debug_line</name>
         <load_address>0x1e84</load_address>
         <run_address>0x1e84</run_address>
         <size>0x7a</size>
         <input_file_ref idref="fl-139"/>
      </object_component>
      <object_component id="oc-139">
         <name>.debug_line</name>
         <load_address>0x1efe</load_address>
         <run_address>0x1efe</run_address>
         <size>0xd2</size>
         <input_file_ref idref="fl-13a"/>
      </object_component>
      <object_component id="oc-13c">
         <name>.debug_line</name>
         <load_address>0x1fd0</load_address>
         <run_address>0x1fd0</run_address>
         <size>0x8e</size>
         <input_file_ref idref="fl-13b"/>
      </object_component>
      <object_component id="oc-12c">
         <name>.debug_line</name>
         <load_address>0x205e</load_address>
         <run_address>0x205e</run_address>
         <size>0x5a</size>
         <input_file_ref idref="fl-13c"/>
      </object_component>
      <object_component id="oc-15d">
         <name>.debug_line</name>
         <load_address>0x20b8</load_address>
         <run_address>0x20b8</run_address>
         <size>0x58</size>
         <input_file_ref idref="fl-13d"/>
      </object_component>
      <object_component id="oc-143">
         <name>.debug_line</name>
         <load_address>0x2110</load_address>
         <run_address>0x2110</run_address>
         <size>0x59</size>
         <input_file_ref idref="fl-13e"/>
      </object_component>
      <object_component id="oc-c5">
         <name>.debug_line</name>
         <load_address>0x2169</load_address>
         <run_address>0x2169</run_address>
         <size>0x56</size>
         <input_file_ref idref="fl-13f"/>
      </object_component>
      <object_component id="oc-134">
         <name>.debug_line</name>
         <load_address>0x21bf</load_address>
         <run_address>0x21bf</run_address>
         <size>0x50</size>
         <input_file_ref idref="fl-140"/>
      </object_component>
      <object_component id="oc-40">
         <name>.debug_line</name>
         <load_address>0x220f</load_address>
         <run_address>0x220f</run_address>
         <size>0x88</size>
         <input_file_ref idref="fl-141"/>
      </object_component>
      <object_component id="oc-10b">
         <name>.debug_line</name>
         <load_address>0x2297</load_address>
         <run_address>0x2297</run_address>
         <size>0xcf</size>
         <input_file_ref idref="fl-142"/>
      </object_component>
      <object_component id="oc-7e">
         <name>.debug_line</name>
         <load_address>0x2366</load_address>
         <run_address>0x2366</run_address>
         <size>0x2c</size>
         <input_file_ref idref="fl-142"/>
      </object_component>
      <object_component id="oc-10f">
         <name>.debug_line</name>
         <load_address>0x2392</load_address>
         <run_address>0x2392</run_address>
         <size>0x72</size>
         <input_file_ref idref="fl-142"/>
      </object_component>
      <object_component id="oc-114">
         <name>.debug_line</name>
         <load_address>0x2404</load_address>
         <run_address>0x2404</run_address>
         <size>0x2c</size>
         <input_file_ref idref="fl-142"/>
      </object_component>
      <object_component id="oc-56">
         <name>.debug_line</name>
         <load_address>0x2430</load_address>
         <run_address>0x2430</run_address>
         <size>0x79</size>
         <input_file_ref idref="fl-143"/>
      </object_component>
      <object_component id="oc-65">
         <name>.debug_line</name>
         <load_address>0x24a9</load_address>
         <run_address>0x24a9</run_address>
         <size>0x40</size>
         <input_file_ref idref="fl-144"/>
      </object_component>
      <object_component id="oc-109">
         <name>.debug_line</name>
         <load_address>0x24e9</load_address>
         <run_address>0x24e9</run_address>
         <size>0x33</size>
         <input_file_ref idref="fl-146"/>
      </object_component>
      <object_component id="oc-1d2">
         <name>.debug_line</name>
         <load_address>0x251c</load_address>
         <run_address>0x251c</run_address>
         <size>0x20</size>
         <input_file_ref idref="fl-147"/>
      </object_component>
      <object_component id="oc-14b">
         <name>.debug_line</name>
         <load_address>0x253c</load_address>
         <run_address>0x253c</run_address>
         <size>0x9a</size>
         <input_file_ref idref="fl-147"/>
      </object_component>
      <object_component id="oc-1f6">
         <name>.debug_line</name>
         <load_address>0x25d6</load_address>
         <run_address>0x25d6</run_address>
         <size>0x114</size>
         <input_file_ref idref="fl-148"/>
      </object_component>
      <object_component id="oc-1f2">
         <name>.debug_line</name>
         <load_address>0x26ea</load_address>
         <run_address>0x26ea</run_address>
         <size>0x2c</size>
         <input_file_ref idref="fl-148"/>
      </object_component>
      <object_component id="oc-1b5">
         <name>.debug_line</name>
         <load_address>0x2716</load_address>
         <run_address>0x2716</run_address>
         <size>0x163</size>
         <input_file_ref idref="fl-148"/>
      </object_component>
      <object_component id="oc-1d0">
         <name>.debug_line</name>
         <load_address>0x2879</load_address>
         <run_address>0x2879</run_address>
         <size>0x20</size>
         <input_file_ref idref="fl-149"/>
      </object_component>
      <object_component id="oc-195">
         <name>.debug_line</name>
         <load_address>0x2899</load_address>
         <run_address>0x2899</run_address>
         <size>0x2b</size>
         <input_file_ref idref="fl-149"/>
      </object_component>
      <object_component id="oc-192">
         <name>.debug_line</name>
         <load_address>0x28c4</load_address>
         <run_address>0x28c4</run_address>
         <size>0x68</size>
         <input_file_ref idref="fl-149"/>
      </object_component>
      <object_component id="oc-188">
         <name>.debug_line</name>
         <load_address>0x292c</load_address>
         <run_address>0x292c</run_address>
         <size>0x2b</size>
         <input_file_ref idref="fl-14b"/>
      </object_component>
      <object_component id="oc-71">
         <name>.debug_line</name>
         <load_address>0x2957</load_address>
         <run_address>0x2957</run_address>
         <size>0x50</size>
         <input_file_ref idref="fl-14b"/>
      </object_component>
      <object_component id="oc-18c">
         <name>.debug_line</name>
         <load_address>0x29a7</load_address>
         <run_address>0x29a7</run_address>
         <size>0x2b</size>
         <input_file_ref idref="fl-14b"/>
      </object_component>
      <object_component id="oc-17c">
         <name>.debug_line</name>
         <load_address>0x29d2</load_address>
         <run_address>0x29d2</run_address>
         <size>0x81</size>
         <input_file_ref idref="fl-14c"/>
      </object_component>
      <object_component id="oc-6b">
         <name>.debug_line</name>
         <load_address>0x2a53</load_address>
         <run_address>0x2a53</run_address>
         <size>0x79</size>
         <input_file_ref idref="fl-14c"/>
      </object_component>
      <object_component id="oc-180">
         <name>.debug_line</name>
         <load_address>0x2acc</load_address>
         <run_address>0x2acc</run_address>
         <size>0x2e</size>
         <input_file_ref idref="fl-14c"/>
      </object_component>
      <object_component id="oc-185">
         <name>.debug_line</name>
         <load_address>0x2afa</load_address>
[...]
         <object_component_ref idref="oc-ac"/>
      </symbol>
      <symbol id="sm-b0">
         <name>IR_FIFO_DATA</name>
         <value>0x20001f40</value>
         <object_component_ref idref="oc-af"/>
      </symbol>
      <symbol id="sm-b1">
         <name>StartSampling</name>
         <value>0x2b09</value>
         <object_component_ref idref="oc-a6"/>
      </symbol>
      <symbol id="sm-b2">
         <name>StopSampling</name>
         <value>0x2b29</value>
         <object_component_ref idref="oc-a6"/>
      </symbol>
      <symbol id="sm-b3">
         <name>configresvalue</name>
         <value>0x20006054</value>
         <object_component_ref idref="oc-ac"/>
      </symbol>
      <symbol id="sm-b4">
         <name>Read_MAX_DATAFIFO</name>
         <value>0x2a19</value>
         <object_component_ref idref="oc-a6"/>
      </symbol>
      <symbol id="sm-b5">
         <name>RED_FIFO_DATA</name>
         <value>0x20003e80</value>
         <object_component_ref idref="oc-b2"/>
      </symbol>
      <symbol id="sm-b6">
         <name>IRsample_cnt</name>
         <value>0x20006044</value>
         <object_component_ref idref="oc-ac"/>
      </symbol>
      <symbol id="sm-11d">
         <name>StatusReg</name>
         <value>0x20005de8</value>
      </symbol>
      <symbol id="sm-11e">
         <name>DeviceCnt</name>
         <value>0x20005dec</value>
      </symbol>
      <symbol id="sm-11f">
         <name>RegisteredDevices</name>
         <value>0x20005dc0</value>
      </symbol>
      <symbol id="sm-120">
         <name>Read_Reg</name>
         <value>0x2c9</value>
         <object_component_ref idref="oc-c6"/>
      </symbol>
      <symbol id="sm-121">
         <name>DATA_PIPE3_ADDRESS</name>
         <value>0x20005fff</value>
         <object_component_ref idref="oc-cc"/>
      </symbol>
      <symbol id="sm-122">
         <name>Write_data_To_data_pipeX</name>
         <value>0xa89</value>
         <object_component_ref idref="oc-c6"/>
      </symbol>
      <symbol id="sm-123">
         <name>Read_data</name>
         <value>0x601</value>
         <object_component_ref idref="oc-c6"/>
      </symbol>
      <symbol id="sm-124">
         <name>Write_data</name>
         <value>0x659</value>
         <object_component_ref idref="oc-c6"/>
      </symbol>
      <symbol id="sm-125">
         <name>Process_Data</name>
         <value>0x739</value>
         <object_component_ref idref="oc-c6"/>
      </symbol>
      <symbol id="sm-126">
         <name>DATA_PIPE4_ADDRESS</name>
         <value>0x20006004</value>
         <object_component_ref idref="oc-cc"/>
      </symbol>
      <symbol id="sm-127">
         <name>Send_Error_Code</name>
         <value>0xce9</value>
         <object_component_ref idref="oc-c6"/>
      </symbol>
      <symbol id="sm-128">
         <name>get_pipe_from_STATUS</name>
         <value>0xa51</value>
         <object_component_ref idref="oc-c6"/>
      </symbol>
      <symbol id="sm-129">
         <name>Write_Reg</name>
         <value>0x271</value>
         <object_component_ref idref="oc-c6"/>
      </symbol>
      <symbol id="sm-12a">
         <name>Send_COM_PIPE</name>
         <value>0x9c9</value>
         <object_component_ref idref="oc-c6"/>
      </symbol>
      <symbol id="sm-12b">
         <name>TX_PAYLOAD</name>
         <value>0x2000601d</value>
         <object_component_ref idref="oc-cc"/>
      </symbol>
      <symbol id="sm-12c">
         <name>RX_PAYLOAD</name>
         <value>0x20006013</value>
         <object_component_ref idref="oc-cc"/>
      </symbol>
      <symbol id="sm-12d">
         <name>DATA_PIPEx_ADDRESS</name>
         <value>0x2000600e</value>
         <object_component_ref idref="oc-cc"/>
      </symbol>
      <symbol id="sm-12e">
         <name>DATA_PIPE0_ADDRESS</name>
         <value>0x20005ff0</value>
         <object_component_ref idref="oc-cc"/>
      </symbol>
      <symbol id="sm-12f">
         <name>Ping_TX</name>
         <value>0x731</value>
         <object_component_ref idref="oc-c6"/>
      </symbol>
      <symbol id="sm-130">
         <name>node</name>
         <value>0x3b49</value>
         <object_component_ref idref="oc-171"/>
      </symbol>
      <symbol id="sm-131">
         <name>DATA_PIPE2_ADDRESS</name>
         <value>0x20005ffa</value>
         <object_component_ref idref="oc-cc"/>
      </symbol>
      <symbol id="sm-132">
         <name>ConfigNRF24_Reg</name>
         <value>0x321</value>
         <object_component_ref idref="oc-c6"/>
      </symbol>
      <symbol id="sm-133">
         <name>DATA_PIPE5_ADDRESS</name>
         <value>0x20006009</value>
         <object_component_ref idref="oc-cc"/>
      </symbol>
      <symbol id="sm-134">
         <name>flush_RX</name>
         <value>0x5d1</value>
         <object_component_ref idref="oc-c6"/>
      </symbol>
      <symbol id="sm-135">
         <name>flush_TX</name>
         <value>0x5a1</value>
         <object_component_ref idref="oc-c6"/>
      </symbol>
      <symbol id="sm-136">
         <name>DATA_PIPE1_ADDRESS</name>
         <value>0x20005ff5</value>
         <object_component_ref idref="oc-cc"/>
      </symbol>
      <symbol id="sm-150">
         <name>Interrupt_IRQ</name>
         <value>0x1501</value>
         <object_component_ref idref="oc-8e"/>
      </symbol>
      <symbol id="sm-151">
         <name>Timer_Init</name>
         <value>0x18e9</value>
         <object_component_ref idref="oc-8e"/>
      </symbol>
      <symbol id="sm-152">
         <name>GPIO_init</name>
         <value>0x1a69</value>
         <object_component_ref idref="oc-8e"/>
      </symbol>
      <symbol id="sm-153">
         <name>PWM_Duty</name>
         <value>0x1711</value>
         <object_component_ref idref="oc-8e"/>
      </symbol>
      <symbol id="sm-154">
         <name>PWM_Init</name>
         <value>0x1611</value>
         <object_component_ref idref="oc-8e"/>
      </symbol>
      <symbol id="sm-155">
         <name>TimerEdgeCounter_init</name>
         <value>0x1969</value>
         <object_component_ref idref="oc-8e"/>
      </symbol>
      <symbol id="sm-156">
         <name>ADC_initTimer3</name>
         <value>0x1739</value>
         <object_component_ref idref="oc-8e"/>
      </symbol>
      <symbol id="sm-167">
         <name>SPI_transfer</name>
         <value>0x3229</value>
         <object_component_ref idref="oc-94"/>
      </symbol>
      <symbol id="sm-168">
         <name>SPI_Init</name>
         <value>0x3121</value>
         <object_component_ref idref="oc-94"/>
      </symbol>
      <symbol id="sm-19e">
         <name>str</name>
         <value>0x20005dd4</value>
      </symbol>
      <symbol id="sm-19f">
         <name>printDouble</name>
         <value>0x1da1</value>
         <object_component_ref idref="oc-a0"/>
      </symbol>
      <symbol id="sm-1a0">
         <name>print_uint</name>
         <value>0x1c49</value>
         <object_component_ref idref="oc-a0"/>
      </symbol>
      <symbol id="sm-1a1">
         <name>print_String</name>
         <value>0x1d51</value>
         <object_component_ref idref="oc-a0"/>
      </symbol>
      <symbol id="sm-1a2">
         <name>process_command</name>
         <value>0x1ed1</value>
         <object_component_ref idref="oc-a0"/>
      </symbol>
      <symbol id="sm-1a3">
         <name>printChar</name>
         <value>0x1c11</value>
         <object_component_ref idref="oc-a0"/>
      </symbol>
      <symbol id="sm-1a4">
         <name>UART_Init</name>
         <value>0x1b59</value>
         <object_component_ref idref="oc-a0"/>
      </symbol>
      <symbol id="sm-1a5">
         <name>process_REGISTER_command</name>
         <value>0x1fc9</value>
         <object_component_ref idref="oc-a0"/>
      </symbol>
      <symbol id="sm-1a6">
         <name>readChar</name>
         <value>0x1bf1</value>
         <object_component_ref idref="oc-a0"/>
      </symbol>
      <symbol id="sm-1a7">
         <name>readStr</name>
         <value>0x1df9</value>
         <object_component_ref idref="oc-a0"/>
      </symbol>
      <symbol id="sm-1f1">
         <name>ADCvalue</name>
         <value>0x20005de4</value>
      </symbol>
      <symbol id="sm-1f2">
         <name>ADCflag</name>
         <value>0x20006034</value>
         <object_component_ref idref="oc-82"/>
      </symbol>
      <symbol id="sm-1f3">
         <name>TIMER2A_HANDLER</name>
         <value>0xe51</value>
         <object_component_ref idref="oc-33"/>
      </symbol>
      <symbol id="sm-1f4">
         <name>TIMER0A_HANDLER</name>
         <value>0xe21</value>
         <object_component_ref idref="oc-33"/>
      </symbol>
      <symbol id="sm-1f5">
         <name>rps</name>
         <value>0x20006040</value>
         <object_component_ref idref="oc-82"/>
      </symbol>
      <symbol id="sm-1f6">
         <name>IRQflags_NRF</name>
         <value>0x2000602c</value>
         <object_component_ref idref="oc-82"/>
      </symbol>
      <symbol id="sm-1f7">
         <name>T0flags</name>
         <value>0x20006028</value>
         <object_component_ref idref="oc-82"/>
      </symbol>
      <symbol id="sm-1f8">
         <name>val</name>
         <value>0x2000603c</value>
         <object_component_ref idref="oc-82"/>
      </symbol>
      <symbol id="sm-1f9">
         <name>GPIO_PortC_Handler</name>
         <value>0xda9</value>
         <object_component_ref idref="oc-33"/>
      </symbol>
      <symbol id="sm-1fa">
         <name>main</name>
         <value>0xe69</value>
         <object_component_ref idref="oc-33"/>
      </symbol>
      <symbol id="sm-1fb">
         <name>ADCSeq2_HANDLER</name>
         <value>0xde9</value>
         <object_component_ref idref="oc-33"/>
      </symbol>
      <symbol id="sm-1fc">
         <name>voltage</name>
         <value>0x20006038</value>
         <object_component_ref idref="oc-82"/>
      </symbol>
      <symbol id="sm-1fd">
         <name>CheckInterrupts</name>
         <value>0x12e9</value>
         <object_component_ref idref="oc-33"/>
      </symbol>
      <symbol id="sm-1fe">
         <name>IRQflags_MAX</name>
         <value>0x20006030</value>
         <object_component_ref idref="oc-82"/>
      </symbol>
      <symbol id="sm-1ff">
         <name>GPIO_PortB_Handler</name>
         <value>0xdc9</value>
         <object_component_ref idref="oc-33"/>
      </symbol>
      <symbol id="sm-200">
         <name>Check_MAX_Interrupts</name>
         <value>0x1469</value>
         <object_component_ref idref="oc-33"/>
      </symbol>
      <symbol id="sm-21c">
         <name>ResetISR</name>
         <value>0x39d1</value>
         <object_component_ref idref="oc-2d"/>
      </symbol>
      <symbol id="sm-21d">
         <name>g_pfnVectors</name>
         <value>0x0</value>
         <object_component_ref idref="oc-f"/>
      </symbol>
      <symbol id="sm-260">
         <name>SystemInit</name>
         <value>0x2409</value>
         <object_component_ref idref="oc-88"/>
      </symbol>
      <symbol id="sm-261">
         <name>SystemCoreClockUpdate</name>
         <value>0x22c9</value>
         <object_component_ref idref="oc-88"/>
      </symbol>
      <symbol id="sm-262">
         <name>SystemCoreClock</name>
         <value>0x2000607c</value>
         <object_component_ref idref="oc-124"/>
      </symbol>
      <symbol id="sm-26f">
         <name>atof</name>
         <value>0x3a19</value>
         <object_component_ref idref="oc-153"/>
      </symbol>
      <symbol id="sm-285">
         <name>atoi</name>
         <value>0x3785</value>
         <object_component_ref idref="oc-14d"/>
      </symbol>
      <symbol id="sm-297">
         <name>_c_int00</name>
         <value>0x3735</value>
         <object_component_ref idref="oc-24"/>
      </symbol>
      <symbol id="sm-298">
         <name>__stack</name>
         <value>0x20005df0</value>
         <object_component_ref idref="oc-29"/>
      </symbol>
      <symbol id="sm-2af">
         <name>__TI_decompress_none</name>
         <value>0x3a2b</value>
         <object_component_ref idref="oc-12"/>
      </symbol>
      <symbol id="sm-2d2">
         <name>__TI_decompress_rle24</name>
         <value>0x311b</value>
         <object_component_ref idref="oc-18"/>
      </symbol>
      <symbol id="sm-2e4">
         <name>__TI_zero_init</name>
         <value>0x3a39</value>
         <object_component_ref idref="oc-1e"/>
      </symbol>
      <symbol id="sm-2ef">
         <name>_ctypes_</name>
         <value>0x3a48</value>
         <object_component_ref idref="oc-1ac"/>
      </symbol>
      <symbol id="sm-30e">
         <name>C$$EXIT</name>
         <value>0x38b1</value>
         <object_component_ref idref="oc-73"/>
      </symbol>
      <symbol id="sm-30f">
         <name>abort</name>
         <value>0x38b5</value>
         <object_component_ref idref="oc-73"/>
      </symbol>
      <symbol id="sm-310">
         <name>exit</name>
         <value>0x38bd</value>
         <object_component_ref idref="oc-73"/>
      </symbol>
      <symbol id="sm-311">
         <name>__TI_dtors_ptr</name>
         <value>0x20006070</value>
         <object_component_ref idref="oc-102"/>
      </symbol>
      <symbol id="sm-312">
         <name>__TI_cleanup_ptr</name>
         <value>0x2000606c</value>
         <object_component_ref idref="oc-102"/>
      </symbol>
      <symbol id="sm-336">
         <name>__aeabi_dsub</name>
         <value>0x2f65</value>
         <object_component_ref idref="oc-135"/>
      </symbol>
      <symbol id="sm-337">
         <name>__aeabi_dadd</name>
         <value>0x2f6f</value>
         <object_component_ref idref="oc-135"/>
      </symbol>
      <symbol id="sm-34e">
         <name>__aeabi_dmul</name>
         <value>0x33c5</value>
         <object_component_ref idref="oc-13a"/>
      </symbol>
      <symbol id="sm-35c">
         <name>__aeabi_d2iz</name>
         <value>0x3867</value>
         <object_component_ref idref="oc-12b"/>
      </symbol>
      <symbol id="sm-368">
         <name>__aeabi_d2f</name>
         <value>0x381d</value>
         <object_component_ref idref="oc-159"/>
      </symbol>
      <symbol id="sm-375">
         <name>__aeabi_d2uiz</name>
         <value>0x38f5</value>
         <object_component_ref idref="oc-13f"/>
      </symbol>
      <symbol id="sm-383">
         <name>__aeabi_f2d</name>
         <value>0x3939</value>
         <object_component_ref idref="oc-c1"/>
      </symbol>
      <symbol id="sm-38f">
         <name>__aeabi_i2d</name>
         <value>0x39a1</value>
         <object_component_ref idref="oc-130"/>
      </symbol>
      <symbol id="sm-3aa">
         <name>memcpy</name>
         <value>0x34c1</value>
         <object_component_ref idref="oc-3c"/>
      </symbol>
      <symbol id="sm-3ab">
         <name>__aeabi_memcpy</name>
         <value>0x34c1</value>
         <object_component_ref idref="oc-3c"/>
      </symbol>
      <symbol id="sm-3ac">
         <name>__aeabi_memcpy8</name>
         <value>0x34c1</value>
         <object_component_ref idref="oc-3c"/>
      </symbol>
      <symbol id="sm-3ad">
         <name>__aeabi_memcpy4</name>
         <value>0x34c1</value>
         <object_component_ref idref="oc-3c"/>
      </symbol>
      <symbol id="sm-3c5">
         <name>_sys_memory</name>
         <value>0x20006080</value>
         <object_component_ref idref="oc-2a"/>
      </symbol>
      <symbol id="sm-3d4">
         <name>__aeabi_memset</name>
         <value>0x35e5</value>
         <object_component_ref idref="oc-55"/>
      </symbol>
      <symbol id="sm-3d5">
         <name>memset</name>
         <value>0x35eb</value>
         <object_component_ref idref="oc-55"/>
      </symbol>
      <symbol id="sm-3d6">
         <name>__aeabi_memset8</name>
         <value>0x35e5</value>
         <object_component_ref idref="oc-55"/>
      </symbol>
      <symbol id="sm-3d7">
         <name>__aeabi_memset4</name>
         <value>0x35e5</value>
         <object_component_ref idref="oc-55"/>
      </symbol>
      <symbol id="sm-3d8">
         <name>__aeabi_memclr8</name>
         <value>0x35e3</value>
         <object_component_ref idref="oc-55"/>
      </symbol>
      <symbol id="sm-3d9">
         <name>__aeabi_memclr4</name>
         <value>0x35e3</value>
         <object_component_ref idref="oc-55"/>
      </symbol>
      <symbol id="sm-3da">
         <name>__aeabi_memclr</name>
         <value>0x35e3</value>
         <object_component_ref idref="oc-55"/>
      </symbol>
      <symbol id="sm-3e4">
         <name>_system_pre_init</name>
         <value>0xd75</value>
         <object_component_ref idref="oc-61"/>
      </symbol>
      <symbol id="sm-3ed">
         <name>main_func_sp</name>
         <value>0x20006078</value>
         <object_component_ref idref="oc-79"/>
      </symbol>
      <symbol id="sm-3fd">
         <name>strncpy</name>
         <value>0x3971</value>
         <object_component_ref idref="oc-147"/>
      </symbol>
      <symbol id="sm-43c">
         <name>strtod</name>
         <value>0x2b41</value>
         <object_component_ref idref="oc-1b1"/>
      </symbol>
      <symbol id="sm-455">
         <name>_nop</name>
         <value>0x3a13</value>
         <object_component_ref idref="oc-18e"/>
      </symbol>
      <symbol id="sm-456">
         <name>_lock</name>
         <value>0x20006064</value>
         <object_component_ref idref="oc-ff"/>
      </symbol>
      <symbol id="sm-457">
         <name>_unlock</name>
         <value>0x20006068</value>
         <object_component_ref idref="oc-ff"/>
      </symbol>
      <symbol id="sm-458">
         <name>_register_lock</name>
         <value>0x3a0b</value>
         <object_component_ref idref="oc-18e"/>
      </symbol>
      <symbol id="sm-459">
         <name>_register_unlock</name>
         <value>0x3a05</value>
         <object_component_ref idref="oc-18e"/>
      </symbol>
      <symbol id="sm-46f">
         <name>_args_main</name>
         <value>0x39ed</value>
         <object_component_ref idref="oc-6d"/>
      </symbol>
      <symbol id="sm-495">
         <name>__TI_auto_init</name>
         <value>0x365d</value>
         <object_component_ref idref="oc-67"/>
      </symbol>
      <symbol id="sm-4af">
         <name>copy_in</name>
         <value>0x37d1</value>
         <object_component_ref idref="oc-f5"/>
      </symbol>
      <symbol id="sm-4b8">
         <name>_Errno</name>
         <value>0x20006074</value>
         <object_component_ref idref="oc-1e5"/>
      </symbol>
      <symbol id="sm-4cf">
         <name>__aeabi_cdcmpeq</name>
         <value>0x355d</value>
         <object_component_ref idref="oc-1d8"/>
      </symbol>
      <symbol id="sm-4d0">
         <name>__aeabi_cdcmple</name>
         <value>0x355d</value>
         <object_component_ref idref="oc-1d8"/>
      </symbol>
      <symbol id="sm-4f0">
         <name>__aeabi_ddiv</name>
         <value>0x328f</value>
         <object_component_ref idref="oc-1dd"/>
      </symbol>
      <symbol id="sm-522">
         <name>__TI_static_base__</name>
         <value>0x0</value>
      </symbol>
      <symbol id="sm-525">
         <name>SHT$$INIT_ARRAY$$Limit</name>
         <value>0x0</value>
      </symbol>
      <symbol id="sm-526">
         <name>SHT$$INIT_ARRAY$$Base</name>
         <value>0x0</value>
      </symbol>
   </symbol_table>
   <title>Link successful</title>
</link_info>
