******************************************************************************
                  TI ARM Linker PC v5.2.2                      
******************************************************************************
>> Linked Mon Jan 25 18:31:20 2016

OUTPUT FILE NAME:   <GIT_UART_OXIMETER_filter.out>
ENTRY POINT SYMBOL: "_c_int00"  address: 00005621


MEMORY CONFIGURATION

         name            origin    length      used     unused   attr    fill
----------------------  --------  ---------  --------  --------  ----  --------
  FLASH                 00000000   00040000  00005d14  0003a2ec  R  X
  SRAM                  20000000   00008000  0000639d  00001c63  RW X


SEGMENT ALLOCATION MAP

run origin  load origin   length   init length attrs members
----------  ----------- ---------- ----------- ----- -------
00000000    00000000    00005d18   00005d18    r-x
  00000000    00000000    0000026c   0000026c    r-- .intvecs
  00000270    00000270    000057c8   000057c8    r-x .text
  00005a38    00005a38    000001a8   000001a8    r-- .const
  00005be0    00005be0    00000138   00000138    r-- .cinit
20000000    20000000    000063a0   00000000    rw-
  20000000    20000000    00005f35   00000000    rw- .bss
  20005f38    20005f38    00000260   00000000    rw- .data
  20006198    20006198    00000200   00000000    rw- .stack
  20006398    20006398    00000008   00000000    rw- .sysmem


SECTION ALLOCATION MAP

 output                                  attributes/
section   page    origin      length       input sections
--------  ----  ----------  ----------   ----------------
.intvecs   0    00000000    0000026c     
                  00000000    0000026c     startup_ccs.obj (.intvecs)

.text      0    00000270    000057c8     
                  00000270    00000e88     Filters.obj (.text)
                  000010f8    00000b30     main.obj (.text)
                  00001c28    00000b04     NRF24.obj (.text)
                  0000272c    00000004     rtsv7M4_T_le_v4SPD16_eabi.lib : pre_init.obj (.text)
                  00002730    00000930     UART.obj (.text)
                  00003060    000006a4     Periferal_Init.obj (.text)
                  00003704    00000004     --HOLE-- [fill = 0]
                  00003708    00000444     system_LM4F.obj (.text)
                  00003b4c    000003dc     rtsv7M4_T_le_v4SPD16_eabi.lib : memory.obj (.text)
                  00003f28    000002c0     MAX30100.obj (.text)
                  000041e8    0000023c     rtsv7M4_T_le_v4SPD16_eabi.lib : strtod.obj (.text)
                  00004424    00000004     --HOLE-- [fill = 0]
                  00004428    00000206     Butterword_filter.obj (.text)
                  0000462e    00000002     --HOLE-- [fill = 0]
                  00004630    000001e4     I2C.obj (.text)
                  00004814    000001b6     rtsv7M4_T_le_v4SPD16_eabi.lib : fd_add_t2.obj (.text)
                  000049ca    00000006                                   : copy_decompress_rle.obj (.text:decompress:rle24)
                  000049d0    0000017e     FIR_filter.obj (.text)
                  00004b4e    00000002     --HOLE-- [fill = 0]
                  00004b50    0000016e     SPI.obj (.text)
                  00004cbe    00000002     --HOLE-- [fill = 0]
                  00004cc0    00000148     rtsv7M4_T_le_v4SPD16_eabi.lib : sqrt.obj (.text)
                  00004e08    0000013c     MA_filter.obj (.text)
                  00004f44    00000136     rtsv7M4_T_le_v4SPD16_eabi.lib : fd_div_t2.obj (.text)
                  0000507a    00000002     --HOLE-- [fill = 0]
                  0000507c    00000110                                   : xdscale.obj (.text)
                  0000518c    000000fc                                   : fd_mul_t2.obj (.text)
                  00005288    000000be                                   : xdnorm.obj (.text)
                  00005346    0000009c                                   : memcpy_t2.obj (.text)
                  000053e2    00000086                                   : fd_cmp_t2.obj (.text:__aeabi_cdcmple)
                  00005468    0000007a                                   : memset_t2.obj (.text)
                  000054e2    00000002     --HOLE-- [fill = 0]
                  000054e4    0000006c                                   : autoinit.obj (.text)
                  00005550    0000006a                                   : copy_decompress_rle.obj (.text)
                  000055ba    00000066                                   : xdunscal.obj (.text)
                  00005620    00000050                                   : boot.obj (.text)
                  00005670    0000004c                                   : atoi.obj (.text)
                  000056bc    0000004c                                   : cpy_tbl.obj (.text)
                  00005708    0000004a                                   : fd_tos_t2.obj (.text)
                  00005752    00000048                                   : fd_toi_t2.obj (.text)
                  0000579a    00000002     --HOLE-- [fill = 0]
                  0000579c    00000044                                   : exit.obj (.text)
                  000057e0    00000044                                   : fd_tou_t2.obj (.text)
                  00005824    00000040                                   : signal.obj (.text)
                  00005864    00000038                                   : fs_tod_t2.obj (.text)
                  0000589c    00000034                                   : feraiseexcept.obj (.text)
                  000058d0    00000030                                   : strncpy.obj (.text)
                  00005900    00000030                                   : xferaise.obj (.text)
                  00005930    0000002e                                   : i_tofd_t2.obj (.text)
                  0000595e    0000002e                                   : raise.obj (.text)
                  0000598c    00000020                                   : u_tofd_t2.obj (.text)
                  000059ac    00000004     --HOLE-- [fill = 0]
                  000059b0    0000001a     startup_ccs.obj (.text)
                  000059ca    00000002     --HOLE-- [fill = 0]
                  000059cc    00000018     rtsv7M4_T_le_v4SPD16_eabi.lib : args_main.obj (.text)
                  000059e4    00000014                                   : _lock.obj (.text)
                  000059f8    00000014                                   : xfdsign.obj (.text)
                  00005a0c    00000012                                   : atof.obj (.text)
                  00005a1e    0000000e                                   : copy_decompress_none.obj (.text:decompress:none)
                  00005a2c    0000000c                                   : copy_zero_init.obj (.text:decompress:ZI)

.const     0    00005a38    000001a8     
                  00005a38    00000101     rtsv7M4_T_le_v4SPD16_eabi.lib : ctype.obj (.const:.string:_ctypes_)
                  00005b39    00000003     --HOLE-- [fill = 0]
                  00005b3c    00000004     FIR_filter.obj (.const)
                  00005b40    00000098     rtsv7M4_T_le_v4SPD16_eabi.lib : strtod.obj (.const)
                  00005bd8    00000004     MA_filter.obj (.const)
                  00005bdc    00000004     NRF24.obj (.const)

.cinit     0    00005be0    00000138     
                  00005be0    0000010e     (.cinit..data.load) [load image, compression = rle]
                  00005cee    00000002     --HOLE-- [fill = 0]
                  00005cf0    0000000c     (__TI_handler_table)
                  00005cfc    00000004     --HOLE-- [fill = 0]
                  00005d00    00000008     (.cinit..bss.load) [load image, compression = zero_init]
                  00005d08    00000010     (__TI_cinit_table)

.init_array 
*          0    00000000    00000000     UNINITIALIZED

.bss       0    20000000    00005f35     UNINITIALIZED
                  20000000    00001f40     Filters.obj (.bss:Filt_data)
                  20001f40    00001f40     MAX30100.obj (.bss:IR_FIFO_DATA)
                  20003e80    00001f40     MAX30100.obj (.bss:RED_FIFO_DATA)
                  20005dc0    000000c8     main.obj (.bss:fir11)
                  20005e88    0000005c     main.obj (.bss:fir)
                  20005ee4    00000024     main.obj (.bss:Butterword)
                  20005f08    00000014     (.common:RegisteredDevices)
                  20005f1c    00000010     (.common:str)
                  20005f2c    00000004     (.common:ADCvalue)
                  20005f30    00000004     (.common:StatusReg)
                  20005f34    00000001     (.common:DeviceCnt)

.TI.noinit 
*          0    20000000    00000000     UNINITIALIZED

.data      0    20005f38    00000260     UNINITIALIZED
                  20005f38    000000b0     rtsv7M4_T_le_v4SPD16_eabi.lib : signal.obj (.data:sigtable)
                  20005fe8    00000080                                   : xvalues.obj (.data)
                  20006068    00000060     FIR_filter.obj (.data:FIR_filter_coefficients)
                  200060c8    00000037     NRF24.obj (.data)
                  200060ff    00000001     --HOLE--
                  20006100    00000028     Butterword_filter.obj (.data:Butterword_filter_coefficients)
                  20006128    0000001c     MAX30100.obj (.data)
                  20006144    0000001c     main.obj (.data)
                  20006160    0000000c     rtsv7M4_T_le_v4SPD16_eabi.lib : memory.obj (.data)
                  2000616c    00000008     Filters.obj (.data)
                  20006174    00000008     rtsv7M4_T_le_v4SPD16_eabi.lib : _lock.obj (.data)
                  2000617c    00000008                                   : exit.obj (.data)
                  20006184    00000008                                   : feraiseexcept.obj (.data)
                  2000618c    00000004                                   : errno.obj (.data)
                  20006190    00000004                                   : stkdepth_vars.obj (.data)
                  20006194    00000004     system_LM4F.obj (.data)

.TI.persistent 
*          0    20005f38    00000000     UNINITIALIZED

.stack     0    20006198    00000200     UNINITIALIZED
                  20006198    00000200     --HOLE--

.sysmem    0    20006398    00000008     UNINITIALIZED
                  20006398    00000008     rtsv7M4_T_le_v4SPD16_eabi.lib : memory.obj (.sysmem)


LINKER GENERATED COPY TABLES

__TI_cinit_table @ 00005d08 records: 2, size/record: 8, table size: 16
	.data: load addr=00005be0, load size=0000010e bytes, run addr=20005f38, run size=00000260 bytes, compression=rle
	.bss: load addr=00005d00, load size=00000008 bytes, run addr=20000000, run size=00005f35 bytes, compression=zero_init


LINKER GENERATED HANDLER TABLE

__TI_handler_table @ 00005cf0 records: 3, size/record: 4, table size: 12
	index: 0, handler: __TI_decompress_rle24
	index: 1, handler: __TI_decompress_none
	index: 2, handler: __TI_zero_init


GLOBAL SYMBOLS: SORTED ALPHABETICALLY BY Name 

address   name                          
-------   ----                          
2000616c  ACC                           
00001169  ADCSeq2_HANDLER               
000032e9  ADC_initTimer3                
20006150  ADCflag                       
20005f2c  ADCvalue                      
00000271  Accumulator_Init_values       
20005ee4  Butterword                    
20006100  Butterword_filter_coefficients
00004429  Butterword_filter_create      
00004441  Butterword_filter_destroy     
000044d1  Butterword_filter_filterBiquad
00004481  Butterword_filter_filterBlock 
00004451  Butterword_filter_init        
00004461  Butterword_filter_reset       
0000579d  C$$EXIT                       
00001a61  CheckInterrupts               
00001be1  Check_MAX_Interrupts          
00001cd9  ConfigNRF24_Reg               
200060c8  DATA_PIPE0_ADDRESS            
200060cd  DATA_PIPE1_ADDRESS            
200060d2  DATA_PIPE2_ADDRESS            
200060d7  DATA_PIPE3_ADDRESS            
200060dc  DATA_PIPE4_ADDRESS            
200060e1  DATA_PIPE5_ADDRESS            
200060e6  DATA_PIPEx_ADDRESS            
00000961  Detrend                       
20005f34  DeviceCnt                     
2000612c  Discardsample_cnt             
000003f9  EMA_Process                   
20006068  FIR_filter_coefficients       
000049d1  FIR_filter_create             
000049e9  FIR_filter_destroy            
00004af1  FIR_filter_dotProduct         
00004a31  FIR_filter_filterBlock        
000049f9  FIR_filter_init               
00004a09  FIR_filter_reset              
20000000  Filt_data                     
00000b09  Find_peak_Recursively         
00000cd1  Find_valleys_Recursively      
00000a61  Find_zero_cross               
00001149  GPIO_PortB_Handler            
00001129  GPIO_PortC_Handler            
00003619  GPIO_init                     
00000e99  Get_HeartRate                 
00004631  I2C_Init                      
00004769  I2C_ReadByte                  
00004809  I2C_Stop                      
000046a9  I2C_writeByte                 
2000614c  IRQflags_MAX                  
20006148  IRQflags_NRF                  
20001f40  IR_FIFO_DATA                  
20006128  IRsample_cnt                  
000030b1  Interrupt_IRQ                 
00000661  Linear_Regression1            
00004e09  MA_filter_create              
00004e21  MA_filter_destroy             
00004e71  MA_filter_filterBlock         
00004e31  MA_filter_init                
00004e41  MA_filter_reset               
00003f29  Max30100_Init                 
20006170  NewValue                      
000032c1  PWM_Duty                      
000031c1  PWM_Init                      
000020e9  Ping_TX                       
00002b61  Printfloat                    
000020f1  Process_Data                  
20003e80  RED_FIFO_DATA                 
2000612a  REDsample_cnt                 
200060eb  RX_PAYLOAD                    
00004061  Read_MAX_DATAFIFO             
00001c81  Read_Reg                      
00001fb9  Read_data                     
20005f08  RegisteredDevices             
000059b1  ResetISR                      
UNDEFED   SHT$$INIT_ARRAY$$Base         
UNDEFED   SHT$$INIT_ARRAY$$Limit        
00004b51  SPI_Init                      
00004c59  SPI_transfer                  
00002381  Send_COM_PIPE                 
000026a1  Send_Error_Code               
00000a01  Shiftarray                    
000041b1  StartSampling                 
20005f30  StatusReg                     
000041d1  StopSampling                  
20006194  SystemCoreClock               
000038f1  SystemCoreClockUpdate         
00003a31  SystemInit                    
20006144  T0flags                       
000011a1  TIMER0A_HANDLER               
000011d1  TIMER2A_HANDLER               
200060f5  TX_PAYLOAD                    
00003519  TimerEdgeCounter_init         
00003499  Timer_Init                    
00002761  UART_Init                     
00001c29  Write_Reg                     
00002011  Write_data                    
00002441  Write_data_To_data_pipeX      
20005fe8  _Denorm                       
00005289  _Dnorm                        
0000507d  _Dscale                       
000055bb  _Dunscale                     
20005ff8  _Eps                          
2000618c  _Errno                        
000059f9  _FDsign                       
20006184  _Fenv                         
00005901  _Feraise                      
20006008  _Hugeval                      
20006018  _Inf                          
20006028  _Nan                          
20006048  _Rteps                        
20006038  _Snan                         
20006188  _Tls_setup__Fenv              
20006058  _Xbig                         
20006060  _Zero                         
20006398  __STACK_END                   
00000200  __STACK_SIZE                  
20006398  __STACK_TOP                   
00000008  __SYSMEM_SIZE                 
00005d08  __TI_CINIT_Base               
00005d18  __TI_CINIT_Limit              
00005cf0  __TI_Handler_Table_Base       
00005cfc  __TI_Handler_Table_Limit      
000054e5  __TI_auto_init                
2000617c  __TI_cleanup_ptr              
00005a1f  __TI_decompress_none          
000049cb  __TI_decompress_rle24         
20006180  __TI_dtors_ptr                
00000000  __TI_static_base__            
00005a2d  __TI_zero_init                
000053e3  __aeabi_cdcmpeq               
000053e3  __aeabi_cdcmple               
00005709  __aeabi_d2f                   
00005753  __aeabi_d2iz                  
000057e1  __aeabi_d2uiz                 
0000481f  __aeabi_dadd                  
00004f45  __aeabi_ddiv                  
0000518d  __aeabi_dmul                  
00004815  __aeabi_dsub                  
00005865  __aeabi_f2d                   
00005931  __aeabi_i2d                   
00005469  __aeabi_memclr                
00005469  __aeabi_memclr4               
00005469  __aeabi_memclr8               
00005347  __aeabi_memcpy                
00005347  __aeabi_memcpy4               
00005347  __aeabi_memcpy8               
0000546b  __aeabi_memset                
0000546b  __aeabi_memset4               
0000546b  __aeabi_memset8               
0000598d  __aeabi_ui2d                  
ffffffff  __binit__                     
ffffffff  __c_args__                    
20006198  __stack                       
000059cd  _args_main                    
00005621  _c_int00                      
00005a38  _ctypes_                      
20006174  _lock                         
000059f3  _nop                          
000059eb  _register_lock                
000059e5  _register_unlock              
20006398  _sys_memory                   
0000272d  _system_pre_init              
20006178  _unlock                       
000057a1  abort                         
00005a0d  atof                          
00005671  atoi                          
ffffffff  binit                         
00003ef5  calloc                        
20006130  configValues                  
2000613c  configresvalue                
000056bd  copy_in                       
000057a9  exit                          
0000589d  feraiseexcept                 
20005e88  fir                           
20005dc0  fir11                         
00001f89  flush_RX                      
00001f59  flush_TX                      
00003c43  free                          
00000000  g_pfnVectors                  
00002409  get_pipe_from_STATUS          
00000469  linear_Regression             
000011e9  main                          
20006190  main_func_sp                  
00003bdb  malloc                        
00003e11  memalign                      
00005347  memcpy                        
00005471  memset                        
00003b4d  minit                         
00005bdc  node                          
00002851  printChar                     
00002b09  printDouble                   
00002ab9  print_String                  
00002991  print_int                     
00002889  print_uint                    
00002f51  process_REGISTER_command      
00002e31  process_command               
0000595f  raise                         
00002831  readChar                      
00002d51  readStr                       
00003d05  realloc                       
2000615c  rps                           
000047e9  setSlaveAddress               
00005825  signal                        
00004cc1  sqrt                          
20005f1c  str                           
000058d1  strncpy                       
000041e9  strtod                        
20006158  val                           
20006154  voltage                       


GLOBAL SYMBOLS: SORTED BY Symbol Address 

address   name                          
-------   ----                          
00000000  __TI_static_base__            
00000000  g_pfnVectors                  
00000008  __SYSMEM_SIZE                 
00000200  __STACK_SIZE                  
00000271  Accumulator_Init_values       
000003f9  EMA_Process                   
00000469  linear_Regression             
00000661  Linear_Regression1            
00000961  Detrend                       
00000a01  Shiftarray                    
00000a61  Find_zero_cross               
00000b09  Find_peak_Recursively         
00000cd1  Find_valleys_Recursively      
00000e99  Get_HeartRate                 
00001129  GPIO_PortC_Handler            
00001149  GPIO_PortB_Handler            
00001169  ADCSeq2_HANDLER               
000011a1  TIMER0A_HANDLER               
000011d1  TIMER2A_HANDLER               
000011e9  main                          
00001a61  CheckInterrupts               
00001be1  Check_MAX_Interrupts          
00001c29  Write_Reg                     
00001c81  Read_Reg                      
00001cd9  ConfigNRF24_Reg               
00001f59  flush_TX                      
00001f89  flush_RX                      
00001fb9  Read_data                     
00002011  Write_data                    
000020e9  Ping_TX                       
000020f1  Process_Data                  
00002381  Send_COM_PIPE                 
00002409  get_pipe_from_STATUS          
00002441  Write_data_To_data_pipeX      
000026a1  Send_Error_Code               
0000272d  _system_pre_init              
00002761  UART_Init                     
00002831  readChar                      
00002851  printChar                     
00002889  print_uint                    
00002991  print_int                     
00002ab9  print_String                  
00002b09  printDouble                   
00002b61  Printfloat                    
00002d51  readStr                       
00002e31  process_command               
00002f51  process_REGISTER_command      
000030b1  Interrupt_IRQ                 
000031c1  PWM_Init                      
000032c1  PWM_Duty                      
000032e9  ADC_initTimer3                
00003499  Timer_Init                    
00003519  TimerEdgeCounter_init         
00003619  GPIO_init                     
000038f1  SystemCoreClockUpdate         
00003a31  SystemInit                    
00003b4d  minit                         
00003bdb  malloc                        
00003c43  free                          
00003d05  realloc                       
00003e11  memalign                      
00003ef5  calloc                        
00003f29  Max30100_Init                 
00004061  Read_MAX_DATAFIFO             
000041b1  StartSampling                 
000041d1  StopSampling                  
000041e9  strtod                        
00004429  Butterword_filter_create      
00004441  Butterword_filter_destroy     
00004451  Butterword_filter_init        
00004461  Butterword_filter_reset       
00004481  Butterword_filter_filterBlock 
000044d1  Butterword_filter_filterBiquad
00004631  I2C_Init                      
000046a9  I2C_writeByte                 
00004769  I2C_ReadByte                  
000047e9  setSlaveAddress               
00004809  I2C_Stop                      
00004815  __aeabi_dsub                  
0000481f  __aeabi_dadd                  
000049cb  __TI_decompress_rle24         
000049d1  FIR_filter_create             
000049e9  FIR_filter_destroy            
000049f9  FIR_filter_init               
00004a09  FIR_filter_reset              
00004a31  FIR_filter_filterBlock        
00004af1  FIR_filter_dotProduct         
00004b51  SPI_Init                      
00004c59  SPI_transfer                  
00004cc1  sqrt                          
00004e09  MA_filter_create              
00004e21  MA_filter_destroy             
00004e31  MA_filter_init                
00004e41  MA_filter_reset               
00004e71  MA_filter_filterBlock         
00004f45  __aeabi_ddiv                  
0000507d  _Dscale                       
0000518d  __aeabi_dmul                  
00005289  _Dnorm                        
00005347  __aeabi_memcpy                
00005347  __aeabi_memcpy4               
00005347  __aeabi_memcpy8               
00005347  memcpy                        
000053e3  __aeabi_cdcmpeq               
000053e3  __aeabi_cdcmple               
00005469  __aeabi_memclr                
00005469  __aeabi_memclr4               
00005469  __aeabi_memclr8               
0000546b  __aeabi_memset                
0000546b  __aeabi_memset4               
0000546b  __aeabi_memset8               
00005471  memset                        
000054e5  __TI_auto_init                
000055bb  _Dunscale                     
00005621  _c_int00                      
00005671  atoi                          
000056bd  copy_in                       
00005709  __aeabi_d2f                   
00005753  __aeabi_d2iz                  
0000579d  C$$EXIT                       
000057a1  abort                         
000057a9  exit                          
000057e1  __aeabi_d2uiz                 
00005825  signal                        
00005865  __aeabi_f2d                   
0000589d  feraiseexcept                 
000058d1  strncpy                       
00005901  _Feraise                      
00005931  __aeabi_i2d                   
0000595f  raise                         
0000598d  __aeabi_ui2d                  
000059b1  ResetISR                      
000059cd  _args_main                    
000059e5  _register_unlock              
000059eb  _register_lock                
000059f3  _nop                          
000059f9  _FDsign                       
00005a0d  atof                          
00005a1f  __TI_decompress_none          
00005a2d  __TI_zero_init                
00005a38  _ctypes_                      
00005bdc  node                          
00005cf0  __TI_Handler_Table_Base       
00005cfc  __TI_Handler_Table_Limit      
00005d08  __TI_CINIT_Base               
00005d18  __TI_CINIT_Limit              
20000000  Filt_data                     
20001f40  IR_FIFO_DATA                  
20003e80  RED_FIFO_DATA                 
20005dc0  fir11                         
20005e88  fir                           
20005ee4  Butterword                    
20005f08  RegisteredDevices             
20005f1c  str                           
20005f2c  ADCvalue                      
20005f30  StatusReg                     
20005f34  DeviceCnt                     
20005fe8  _Denorm                       
20005ff8  _Eps                          
20006008  _Hugeval                      
20006018  _Inf                          
20006028  _Nan                          
20006038  _Snan                         
20006048  _Rteps                        
20006058  _Xbig                         
20006060  _Zero                         
20006068  FIR_filter_coefficients       
200060c8  DATA_PIPE0_ADDRESS            
200060cd  DATA_PIPE1_ADDRESS            
200060d2  DATA_PIPE2_ADDRESS            
200060d7  DATA_PIPE3_ADDRESS            
200060dc  DATA_PIPE4_ADDRESS            
200060e1  DATA_PIPE5_ADDRESS            
200060e6  DATA_PIPEx_ADDRESS            
200060eb  RX_PAYLOAD                    
200060f5  TX_PAYLOAD                    
20006100  Butterword_filter_coefficients
20006128  IRsample_cnt                  
2000612a  REDsample_cnt                 
2000612c  Discardsample_cnt             
20006130  configValues                  
2000613c  configresvalue                
20006144  T0flags                       
20006148  IRQflags_NRF                  
2000614c  IRQflags_MAX                  
20006150  ADCflag                       
20006154  voltage                       
20006158  val                           
2000615c  rps                           
2000616c  ACC                           
20006170  NewValue                      
20006174  _lock                         
20006178  _unlock                       
2000617c  __TI_cleanup_ptr              
20006180  __TI_dtors_ptr                
20006184  _Fenv                         
20006188  _Tls_setup__Fenv              
2000618c  _Errno                        
20006190  main_func_sp                  
20006194  SystemCoreClock               
20006198  __stack                       
20006398  __STACK_END                   
20006398  __STACK_TOP                   
20006398  _sys_memory                   
ffffffff  __binit__                     
ffffffff  __c_args__                    
ffffffff  binit                         
UNDEFED   SHT$$INIT_ARRAY$$Base         
UNDEFED   SHT$$INIT_ARRAY$$Limit        

[209 symbols]
