******************************************************************************
                  TI ARM Linker PC v5.2.2                      
******************************************************************************
>> Linked Sat Jan 23 01:20:13 2016

OUTPUT FILE NAME:   <GIT_UART_OXIMETER_filter.out>
ENTRY POINT SYMBOL: "_c_int00"  address: 00005319


MEMORY CONFIGURATION

         name            origin    length      used     unused   attr    fill
----------------------  --------  ---------  --------  --------  ----  --------
  FLASH                 00000000   00040000  000059bc  0003a644  R  X
  SRAM                  20000000   00008000  0000434d  00003cb3  RW X


SEGMENT ALLOCATION MAP

run origin  load origin   length   init length attrs members
----------  ----------- ---------- ----------- ----- -------
00000000    00000000    000059c0   000059c0    r-x
  00000000    00000000    0000026c   0000026c    r-- .intvecs
  00000270    00000270    000054c0   000054c0    r-x .text
  00005730    00005730    000001a8   000001a8    r-- .const
  000058d8    000058d8    000000e8   000000e8    r-- .cinit
20000000    20000000    00004350   00000000    rw-
  20000000    20000000    00003f3d   00000000    rw- .bss
  20003f40    20003f40    00000208   00000000    rw- .data
  20004148    20004148    00000200   00000000    rw- .stack
  20004348    20004348    00000008   00000000    rw- .sysmem


SECTION ALLOCATION MAP

 output                                  attributes/
section   page    origin      length       input sections
--------  ----  ----------  ----------   ----------------
.intvecs   0    00000000    0000026c     
                  00000000    0000026c     startup_ccs.obj (.intvecs)

.text      0    00000270    000054c0     
                  00000270    00000e60     Filters.obj (.text)
                  000010d0    00000b04     NRF24.obj (.text)
                  00001bd4    00000004     rtsv7M4_T_le_v4SPD16_eabi.lib : pre_init.obj (.text)
                  00001bd8    00000ad0     main.obj (.text)
                  000026a8    00000930     UART.obj (.text)
                  00002fd8    000006a4     Periferal_Init.obj (.text)
                  0000367c    00000004     --HOLE-- [fill = 0]
                  00003680    00000444     system_LM4F.obj (.text)
                  00003ac4    000003dc     rtsv7M4_T_le_v4SPD16_eabi.lib : memory.obj (.text)
                  00003ea0    00000298     MAX30100.obj (.text)
                  00004138    0000023c     rtsv7M4_T_le_v4SPD16_eabi.lib : strtod.obj (.text)
                  00004374    00000004     --HOLE-- [fill = 0]
                  00004378    000001e4     I2C.obj (.text)
                  0000455c    000001b6     rtsv7M4_T_le_v4SPD16_eabi.lib : fd_add_t2.obj (.text)
                  00004712    00000006                                   : copy_decompress_rle.obj (.text:decompress:rle24)
                  00004718    0000016e     SPI.obj (.text)
                  00004886    00000002     --HOLE-- [fill = 0]
                  00004888    0000016a     FIR_filter.obj (.text)
                  000049f2    00000002     --HOLE-- [fill = 0]
                  000049f4    00000148     rtsv7M4_T_le_v4SPD16_eabi.lib : sqrt.obj (.text)
                  00004b3c    00000136                                   : fd_div_t2.obj (.text)
                  00004c72    00000002     --HOLE-- [fill = 0]
                  00004c74    00000110                                   : xdscale.obj (.text)
                  00004d84    00000004     --HOLE-- [fill = 0]
                  00004d88    000000fc     MA.obj (.text)
                  00004e84    000000fc     rtsv7M4_T_le_v4SPD16_eabi.lib : fd_mul_t2.obj (.text)
                  00004f80    000000be                                   : xdnorm.obj (.text)
                  0000503e    0000009c                                   : memcpy_t2.obj (.text)
                  000050da    00000086                                   : fd_cmp_t2.obj (.text:__aeabi_cdcmple)
                  00005160    0000007a                                   : memset_t2.obj (.text)
                  000051da    00000002     --HOLE-- [fill = 0]
                  000051dc    0000006c                                   : autoinit.obj (.text)
                  00005248    0000006a                                   : copy_decompress_rle.obj (.text)
                  000052b2    00000066                                   : xdunscal.obj (.text)
                  00005318    00000050                                   : boot.obj (.text)
                  00005368    0000004c                                   : atoi.obj (.text)
                  000053b4    0000004c                                   : cpy_tbl.obj (.text)
                  00005400    0000004a                                   : fd_tos_t2.obj (.text)
                  0000544a    00000048                                   : fd_toi_t2.obj (.text)
                  00005492    00000002     --HOLE-- [fill = 0]
                  00005494    00000044                                   : exit.obj (.text)
                  000054d8    00000044                                   : fd_tou_t2.obj (.text)
                  0000551c    00000040                                   : signal.obj (.text)
                  0000555c    00000038                                   : fs_tod_t2.obj (.text)
                  00005594    00000034                                   : feraiseexcept.obj (.text)
                  000055c8    00000030                                   : strncpy.obj (.text)
                  000055f8    00000030                                   : xferaise.obj (.text)
                  00005628    0000002e                                   : i_tofd_t2.obj (.text)
                  00005656    0000002e                                   : raise.obj (.text)
                  00005684    00000020                                   : u_tofd_t2.obj (.text)
                  000056a4    00000004     --HOLE-- [fill = 0]
                  000056a8    0000001a     startup_ccs.obj (.text)
                  000056c2    00000002     --HOLE-- [fill = 0]
                  000056c4    00000018     rtsv7M4_T_le_v4SPD16_eabi.lib : args_main.obj (.text)
                  000056dc    00000014                                   : _lock.obj (.text)
                  000056f0    00000014                                   : xfdsign.obj (.text)
                  00005704    00000012                                   : atof.obj (.text)
                  00005716    0000000e                                   : copy_decompress_none.obj (.text:decompress:none)
                  00005724    0000000c                                   : copy_zero_init.obj (.text:decompress:ZI)

.const     0    00005730    000001a8     
                  00005730    00000101     rtsv7M4_T_le_v4SPD16_eabi.lib : ctype.obj (.const:.string:_ctypes_)
                  00005831    00000003     --HOLE-- [fill = 0]
                  00005834    00000004     FIR_filter.obj (.const)
                  00005838    00000098     rtsv7M4_T_le_v4SPD16_eabi.lib : strtod.obj (.const)
                  000058d0    00000004     MA.obj (.const)
                  000058d4    00000004     NRF24.obj (.const)

.cinit     0    000058d8    000000e8     
                  000058d8    000000bd     (.cinit..data.load) [load image, compression = rle]
                  00005995    00000003     --HOLE-- [fill = 0]
                  00005998    0000000c     (__TI_handler_table)
                  000059a4    00000004     --HOLE-- [fill = 0]
                  000059a8    00000008     (.cinit..bss.load) [load image, compression = zero_init]
                  000059b0    00000010     (__TI_cinit_table)

.init_array 
*          0    00000000    00000000     UNINITIALIZED

.bss       0    20000000    00003f3d     UNINITIALIZED
                  20000000    00001f40     Filters.obj (.bss:Filt_data)
                  20001f40    00000fa0     MAX30100.obj (.bss:IR_FIFO_DATA)
                  20002ee0    00000fa0     MAX30100.obj (.bss:RED_FIFO_DATA)
                  20003e80    00000068     main.obj (.bss:fir11)
                  20003ee8    00000028     main.obj (.bss:fir)
                  20003f10    00000014     (.common:RegisteredDevices)
                  20003f24    00000010     (.common:str)
                  20003f34    00000004     (.common:ADCvalue)
                  20003f38    00000004     (.common:StatusReg)
                  20003f3c    00000001     (.common:DeviceCnt)

.TI.noinit 
*          0    20000000    00000000     UNINITIALIZED

.data      0    20003f40    00000208     UNINITIALIZED
                  20003f40    000000b0     rtsv7M4_T_le_v4SPD16_eabi.lib : signal.obj (.data:sigtable)
                  20003ff0    00000080                                   : xvalues.obj (.data)
                  20004070    00000037     NRF24.obj (.data)
                  200040a7    00000001     --HOLE--
                  200040a8    00000030     FIR_filter.obj (.data:FIR_filter_coefficients)
                  200040d8    0000001c     MAX30100.obj (.data)
                  200040f4    0000001c     main.obj (.data)
                  20004110    0000000c     rtsv7M4_T_le_v4SPD16_eabi.lib : memory.obj (.data)
                  2000411c    00000008     Filters.obj (.data)
                  20004124    00000008     rtsv7M4_T_le_v4SPD16_eabi.lib : _lock.obj (.data)
                  2000412c    00000008                                   : exit.obj (.data)
                  20004134    00000008                                   : feraiseexcept.obj (.data)
                  2000413c    00000004                                   : errno.obj (.data)
                  20004140    00000004                                   : stkdepth_vars.obj (.data)
                  20004144    00000004     system_LM4F.obj (.data)

.TI.persistent 
*          0    20003f40    00000000     UNINITIALIZED

.stack     0    20004148    00000200     UNINITIALIZED
                  20004148    00000200     --HOLE--

.sysmem    0    20004348    00000008     UNINITIALIZED
                  20004348    00000008     rtsv7M4_T_le_v4SPD16_eabi.lib : memory.obj (.sysmem)


LINKER GENERATED COPY TABLES

__TI_cinit_table @ 000059b0 records: 2, size/record: 8, table size: 16
	.data: load addr=000058d8, load size=000000bd bytes, run addr=20003f40, run size=00000208 bytes, compression=rle
	.bss: load addr=000059a8, load size=00000008 bytes, run addr=20000000, run size=00003f3d bytes, compression=zero_init


LINKER GENERATED HANDLER TABLE

__TI_handler_table @ 00005998 records: 3, size/record: 4, table size: 12
	index: 0, handler: __TI_decompress_rle24
	index: 1, handler: __TI_decompress_none
	index: 2, handler: __TI_zero_init


GLOBAL SYMBOLS: SORTED ALPHABETICALLY BY Name 

address   name                    
-------   ----                    
2000411c  ACC                     
00001c49  ADCSeq2_HANDLER         
00003261  ADC_initTimer3          
20004100  ADCflag                 
20003f34  ADCvalue                
00000271  Accumulator_Init_values 
00005495  C$$EXIT                 
000024e1  CheckInterrupts         
00002661  Check_MAX_Interrupts    
00001181  ConfigNRF24_Reg         
20004070  DATA_PIPE0_ADDRESS      
20004075  DATA_PIPE1_ADDRESS      
2000407a  DATA_PIPE2_ADDRESS      
2000407f  DATA_PIPE3_ADDRESS      
20004084  DATA_PIPE4_ADDRESS      
20004089  DATA_PIPE5_ADDRESS      
2000408e  DATA_PIPEx_ADDRESS      
00000939  Detrend                 
20003f3c  DeviceCnt               
200040dc  Discardsample_cnt       
000003d1  EMA_Process             
200040a8  FIR_filter_coefficients 
00004889  FIR_filter_create       
000048a1  FIR_filter_destroy      
000049a1  FIR_filter_dotProduct   
000048e9  FIR_filter_filterBlock  
000048b1  FIR_filter_init         
000048c1  FIR_filter_reset        
20000000  Filt_data               
00000ae1  Find_peak_Recursively   
00000ca9  Find_valleys_Recursively
00000a39  Find_zero_cross         
00001c29  GPIO_PortB_Handler      
00001c09  GPIO_PortC_Handler      
00003591  GPIO_init               
00000e71  Get_HeartRate           
00004379  I2C_Init                
000044b1  I2C_ReadByte            
00004551  I2C_Stop                
000043f1  I2C_writeByte           
200040fc  IRQflags_MAX            
200040f8  IRQflags_NRF            
20001f40  IR_FIFO_DATA            
200040d8  IRsample_cnt            
00003029  Interrupt_IRQ           
00000639  Linear_Regression1      
00004d89  MA_create               
00004da1  MA_destroy              
00004de9  MA_filterBlock          
00004db1  MA_init                 
00004dc1  MA_reset                
00003ea1  Max30100_Init           
20004120  NewValue                
00003239  PWM_Duty                
00003139  PWM_Init                
00001591  Ping_TX                 
00002ad9  Printfloat              
00001599  Process_Data            
20002ee0  RED_FIFO_DATA           
200040da  REDsample_cnt           
20004093  RX_PAYLOAD              
00003fc9  Read_MAX_DATAFIFO       
00001129  Read_Reg                
00001461  Read_data               
20003f10  RegisteredDevices       
000056a9  ResetISR                
UNDEFED   SHT$$INIT_ARRAY$$Base   
UNDEFED   SHT$$INIT_ARRAY$$Limit  
00004719  SPI_Init                
00004821  SPI_transfer            
00001829  Send_COM_PIPE           
00001b49  Send_Error_Code         
000009d9  Shiftarray              
00004101  StartSampling           
20003f38  StatusReg               
00004121  StopSampling            
20004144  SystemCoreClock         
00003869  SystemCoreClockUpdate   
000039a9  SystemInit              
200040f4  T0flags                 
00001c81  TIMER0A_HANDLER         
00001cb1  TIMER2A_HANDLER         
2000409d  TX_PAYLOAD              
00003491  TimerEdgeCounter_init   
00003411  Timer_Init              
000026d9  UART_Init               
000010d1  Write_Reg               
000014b9  Write_data              
000018e9  Write_data_To_data_pipeX
20003ff0  _Denorm                 
00004f81  _Dnorm                  
00004c75  _Dscale                 
000052b3  _Dunscale               
20004000  _Eps                    
2000413c  _Errno                  
000056f1  _FDsign                 
20004134  _Fenv                   
000055f9  _Feraise                
20004010  _Hugeval                
20004020  _Inf                    
20004030  _Nan                    
20004050  _Rteps                  
20004040  _Snan                   
20004138  _Tls_setup__Fenv        
20004060  _Xbig                   
20004068  _Zero                   
20004348  __STACK_END             
00000200  __STACK_SIZE            
20004348  __STACK_TOP             
00000008  __SYSMEM_SIZE           
000059b0  __TI_CINIT_Base         
000059c0  __TI_CINIT_Limit        
00005998  __TI_Handler_Table_Base 
000059a4  __TI_Handler_Table_Limit
000051dd  __TI_auto_init          
2000412c  __TI_cleanup_ptr        
00005717  __TI_decompress_none    
00004713  __TI_decompress_rle24   
20004130  __TI_dtors_ptr          
00000000  __TI_static_base__      
00005725  __TI_zero_init          
000050db  __aeabi_cdcmpeq         
000050db  __aeabi_cdcmple         
00005401  __aeabi_d2f             
0000544b  __aeabi_d2iz            
000054d9  __aeabi_d2uiz           
00004567  __aeabi_dadd            
00004b3d  __aeabi_ddiv            
00004e85  __aeabi_dmul            
0000455d  __aeabi_dsub            
0000555d  __aeabi_f2d             
00005629  __aeabi_i2d             
00005161  __aeabi_memclr          
00005161  __aeabi_memclr4         
00005161  __aeabi_memclr8         
0000503f  __aeabi_memcpy          
0000503f  __aeabi_memcpy4         
0000503f  __aeabi_memcpy8         
00005163  __aeabi_memset          
00005163  __aeabi_memset4         
00005163  __aeabi_memset8         
00005685  __aeabi_ui2d            
ffffffff  __binit__               
ffffffff  __c_args__              
20004148  __stack                 
000056c5  _args_main              
00005319  _c_int00                
00005730  _ctypes_                
20004124  _lock                   
000056eb  _nop                    
000056e3  _register_lock          
000056dd  _register_unlock        
20004348  _sys_memory             
00001bd5  _system_pre_init        
20004128  _unlock                 
00005499  abort                   
00005705  atof                    
00005369  atoi                    
ffffffff  binit                   
00003e6d  calloc                  
200040e0  configValues            
200040ec  configresvalue          
000053b5  copy_in                 
000054a1  exit                    
00005595  feraiseexcept           
20003ee8  fir                     
20003e80  fir11                   
00001431  flush_RX                
00001401  flush_TX                
00003bbb  free                    
00000000  g_pfnVectors            
000018b1  get_pipe_from_STATUS    
00000441  linear_Regression       
00001cc9  main                    
20004140  main_func_sp            
00003b53  malloc                  
00003d89  memalign                
0000503f  memcpy                  
00005169  memset                  
00003ac5  minit                   
000058d4  node                    
000027c9  printChar               
00002a81  printDouble             
00002a31  print_String            
00002909  print_int               
00002801  print_uint              
00002ec9  process_REGISTER_command
00002da9  process_command         
00005657  raise                   
000027a9  readChar                
00002cc9  readStr                 
00003c7d  realloc                 
2000410c  rps                     
00004531  setSlaveAddress         
0000551d  signal                  
000049f5  sqrt                    
20003f24  str                     
000055c9  strncpy                 
00004139  strtod                  
20004108  val                     
20004104  voltage                 


GLOBAL SYMBOLS: SORTED BY Symbol Address 

address   name                    
-------   ----                    
00000000  __TI_static_base__      
00000000  g_pfnVectors            
00000008  __SYSMEM_SIZE           
00000200  __STACK_SIZE            
00000271  Accumulator_Init_values 
000003d1  EMA_Process             
00000441  linear_Regression       
00000639  Linear_Regression1      
00000939  Detrend                 
000009d9  Shiftarray              
00000a39  Find_zero_cross         
00000ae1  Find_peak_Recursively   
00000ca9  Find_valleys_Recursively
00000e71  Get_HeartRate           
000010d1  Write_Reg               
00001129  Read_Reg                
00001181  ConfigNRF24_Reg         
00001401  flush_TX                
00001431  flush_RX                
00001461  Read_data               
000014b9  Write_data              
00001591  Ping_TX                 
00001599  Process_Data            
00001829  Send_COM_PIPE           
000018b1  get_pipe_from_STATUS    
000018e9  Write_data_To_data_pipeX
00001b49  Send_Error_Code         
00001bd5  _system_pre_init        
00001c09  GPIO_PortC_Handler      
00001c29  GPIO_PortB_Handler      
00001c49  ADCSeq2_HANDLER         
00001c81  TIMER0A_HANDLER         
00001cb1  TIMER2A_HANDLER         
00001cc9  main                    
000024e1  CheckInterrupts         
00002661  Check_MAX_Interrupts    
000026d9  UART_Init               
000027a9  readChar                
000027c9  printChar               
00002801  print_uint              
00002909  print_int               
00002a31  print_String            
00002a81  printDouble             
00002ad9  Printfloat              
00002cc9  readStr                 
00002da9  process_command         
00002ec9  process_REGISTER_command
00003029  Interrupt_IRQ           
00003139  PWM_Init                
00003239  PWM_Duty                
00003261  ADC_initTimer3          
00003411  Timer_Init              
00003491  TimerEdgeCounter_init   
00003591  GPIO_init               
00003869  SystemCoreClockUpdate   
000039a9  SystemInit              
00003ac5  minit                   
00003b53  malloc                  
00003bbb  free                    
00003c7d  realloc                 
00003d89  memalign                
00003e6d  calloc                  
00003ea1  Max30100_Init           
00003fc9  Read_MAX_DATAFIFO       
00004101  StartSampling           
00004121  StopSampling            
00004139  strtod                  
00004379  I2C_Init                
000043f1  I2C_writeByte           
000044b1  I2C_ReadByte            
00004531  setSlaveAddress         
00004551  I2C_Stop                
0000455d  __aeabi_dsub            
00004567  __aeabi_dadd            
00004713  __TI_decompress_rle24   
00004719  SPI_Init                
00004821  SPI_transfer            
00004889  FIR_filter_create       
000048a1  FIR_filter_destroy      
000048b1  FIR_filter_init         
000048c1  FIR_filter_reset        
000048e9  FIR_filter_filterBlock  
000049a1  FIR_filter_dotProduct   
000049f5  sqrt                    
00004b3d  __aeabi_ddiv            
00004c75  _Dscale                 
00004d89  MA_create               
00004da1  MA_destroy              
00004db1  MA_init                 
00004dc1  MA_reset                
00004de9  MA_filterBlock          
00004e85  __aeabi_dmul            
00004f81  _Dnorm                  
0000503f  __aeabi_memcpy          
0000503f  __aeabi_memcpy4         
0000503f  __aeabi_memcpy8         
0000503f  memcpy                  
000050db  __aeabi_cdcmpeq         
000050db  __aeabi_cdcmple         
00005161  __aeabi_memclr          
00005161  __aeabi_memclr4         
00005161  __aeabi_memclr8         
00005163  __aeabi_memset          
00005163  __aeabi_memset4         
00005163  __aeabi_memset8         
00005169  memset                  
000051dd  __TI_auto_init          
000052b3  _Dunscale               
00005319  _c_int00                
00005369  atoi                    
000053b5  copy_in                 
00005401  __aeabi_d2f             
0000544b  __aeabi_d2iz            
00005495  C$$EXIT                 
00005499  abort                   
000054a1  exit                    
000054d9  __aeabi_d2uiz           
0000551d  signal                  
0000555d  __aeabi_f2d             
00005595  feraiseexcept           
000055c9  strncpy                 
000055f9  _Feraise                
00005629  __aeabi_i2d             
00005657  raise                   
00005685  __aeabi_ui2d            
000056a9  ResetISR                
000056c5  _args_main              
000056dd  _register_unlock        
000056e3  _register_lock          
000056eb  _nop                    
000056f1  _FDsign                 
00005705  atof                    
00005717  __TI_decompress_none    
00005725  __TI_zero_init          
00005730  _ctypes_                
000058d4  node                    
00005998  __TI_Handler_Table_Base 
000059a4  __TI_Handler_Table_Limit
000059b0  __TI_CINIT_Base         
000059c0  __TI_CINIT_Limit        
20000000  Filt_data               
20001f40  IR_FIFO_DATA            
20002ee0  RED_FIFO_DATA           
20003e80  fir11                   
20003ee8  fir                     
20003f10  RegisteredDevices       
20003f24  str                     
20003f34  ADCvalue                
20003f38  StatusReg               
20003f3c  DeviceCnt               
20003ff0  _Denorm                 
20004000  _Eps                    
20004010  _Hugeval                
20004020  _Inf                    
20004030  _Nan                    
20004040  _Snan                   
20004050  _Rteps                  
20004060  _Xbig                   
20004068  _Zero                   
20004070  DATA_PIPE0_ADDRESS      
20004075  DATA_PIPE1_ADDRESS      
2000407a  DATA_PIPE2_ADDRESS      
2000407f  DATA_PIPE3_ADDRESS      
20004084  DATA_PIPE4_ADDRESS      
20004089  DATA_PIPE5_ADDRESS      
2000408e  DATA_PIPEx_ADDRESS      
20004093  RX_PAYLOAD              
2000409d  TX_PAYLOAD              
200040a8  FIR_filter_coefficients 
200040d8  IRsample_cnt            
200040da  REDsample_cnt           
200040dc  Discardsample_cnt       
200040e0  configValues            
200040ec  configresvalue          
200040f4  T0flags                 
200040f8  IRQflags_NRF            
200040fc  IRQflags_MAX            
20004100  ADCflag                 
20004104  voltage                 
20004108  val                     
2000410c  rps                     
2000411c  ACC                     
20004120  NewValue                
20004124  _lock                   
20004128  _unlock                 
2000412c  __TI_cleanup_ptr        
20004130  __TI_dtors_ptr          
20004134  _Fenv                   
20004138  _Tls_setup__Fenv        
2000413c  _Errno                  
20004140  main_func_sp            
20004144  SystemCoreClock         
20004148  __stack                 
20004348  __STACK_END             
20004348  __STACK_TOP             
20004348  _sys_memory             
ffffffff  __binit__               
ffffffff  __c_args__              
ffffffff  binit                   
UNDEFED   SHT$$INIT_ARRAY$$Base   
UNDEFED   SHT$$INIT_ARRAY$$Limit  

[201 symbols]
