******************************************************************************
                  TI ARM Linker PC v5.2.2                      
******************************************************************************
>> Linked Fri Feb 26 15:12:53 2016

OUTPUT FILE NAME:   <GIT_UART_OXIMETER_filter.out>
ENTRY POINT SYMBOL: "_c_int00"  address: 00005595


MEMORY CONFIGURATION

         name            origin    length      used     unused   attr    fill
----------------------  --------  ---------  --------  --------  ----  --------
  FLASH                 00000000   00040000  00006148  00039eb8  R  X
  SRAM                  20000000   00008000  0000346e  00004b92  RW X


SEGMENT ALLOCATION MAP

run origin  load origin   length   init length attrs members
----------  ----------- ---------- ----------- ----- -------
00000000    00000000    00006150   00006150    r-x
  00000000    00000000    0000026c   0000026c    r-- .intvecs
  00000270    00000270    00005634   00005634    r-x .text
  000058a8    000058a8    000003f8   000003f8    r-- .const
  00005ca0    00005ca0    000004b0   000004b0    r-- .cinit
20000000    20000000    00003470   00000000    rw-
  20000000    20000000    00002d96   00000000    rw- .bss
  20002d98    20002d98    000004d0   00000000    rw- .data
  20003268    20003268    00000200   00000000    rw- .stack
  20003468    20003468    00000008   00000000    rw- .sysmem


SECTION ALLOCATION MAP

 output                                  attributes/
section   page    origin      length       input sections
--------  ----  ----------  ----------   ----------------
.intvecs   0    00000000    0000026c     
                  00000000    0000026c     startup_ccs.obj (.intvecs)

.text      0    00000270    00005634     
                  00000270    00000b04     NRF24.obj (.text)
                  00000d74    00000004     rtsv7M4_T_le_v4SPD16_eabi.lib : pre_init.obj (.text)
                  00000d78    00000ad6     MAX30100.obj (.text)
                  0000184e    00000002     --HOLE-- [fill = 0]
                  00001850    00000a48     UART.obj (.text)
                  00002298    0000083e     Oled.obj (.text)
                  00002ad6    00000002     --HOLE-- [fill = 0]
                  00002ad8    000006a4     Periferal_Init.obj (.text)
                  0000317c    00000004     --HOLE-- [fill = 0]
                  00003180    00000660     main.obj (.text)
                  000037e0    00000444     system_LM4F.obj (.text)
                  00003c24    000003dc     rtsv7M4_T_le_v4SPD16_eabi.lib : memory.obj (.text)
                  00004000    0000023c                                   : strtod.obj (.text)
                  0000423c    00000004     --HOLE-- [fill = 0]
                  00004240    000001fe     DC2notch_filter.obj (.text)
                  0000443e    00000002     --HOLE-- [fill = 0]
                  00004440    000001fe     DCnotch_filter.obj (.text)
                  0000463e    00000002     --HOLE-- [fill = 0]
                  00004640    000001e4     I2C.obj (.text)
                  00004824    000001b6     rtsv7M4_T_le_v4SPD16_eabi.lib : fd_add_t2.obj (.text)
                  000049da    00000006                                   : copy_decompress_rle.obj (.text:decompress:rle24)
                  000049e0    0000017e     DC_blockFIR_filter.obj (.text)
                  00004b5e    00000002     --HOLE-- [fill = 0]
                  00004b60    0000017e     FIR_LP_filter.obj (.text)
                  00004cde    00000002     --HOLE-- [fill = 0]
                  00004ce0    0000016e     SPI.obj (.text)
                  00004e4e    00000002     --HOLE-- [fill = 0]
                  00004e50    0000015e     FIFO.obj (.text)
                  00004fae    00000002     --HOLE-- [fill = 0]
                  00004fb0    0000013c     MA_filter.obj (.text)
                  000050ec    00000136     rtsv7M4_T_le_v4SPD16_eabi.lib : fd_div_t2.obj (.text)
                  00005222    000000fc                                   : fd_mul_t2.obj (.text)
                  0000531e    0000009c                                   : memcpy_t2.obj (.text)
                  000053ba    00000086                                   : fd_cmp_t2.obj (.text:__aeabi_cdcmple)
                  00005440    0000007a                                   : memset_t2.obj (.text)
                  000054ba    00000002     --HOLE-- [fill = 0]
                  000054bc    0000006c                                   : autoinit.obj (.text)
                  00005528    0000006a                                   : copy_decompress_rle.obj (.text)
                  00005592    00000002     --HOLE-- [fill = 0]
                  00005594    00000050                                   : boot.obj (.text)
                  000055e4    0000004c                                   : atoi.obj (.text)
                  00005630    0000004c                                   : cpy_tbl.obj (.text)
                  0000567c    0000004a                                   : fd_tos_t2.obj (.text)
                  000056c6    00000048                                   : fd_toi_t2.obj (.text)
                  0000570e    00000002     --HOLE-- [fill = 0]
                  00005710    00000044                                   : exit.obj (.text)
                  00005754    00000044                                   : fd_tou_t2.obj (.text)
                  00005798    00000038                                   : fs_tod_t2.obj (.text)
                  000057d0    00000030                                   : strncpy.obj (.text)
                  00005800    0000002e                                   : i_tofd_t2.obj (.text)
                  0000582e    00000002     --HOLE-- [fill = 0]
                  00005830    0000001a     startup_ccs.obj (.text)
                  0000584a    00000002     --HOLE-- [fill = 0]
                  0000584c    00000018     rtsv7M4_T_le_v4SPD16_eabi.lib : args_main.obj (.text)
                  00005864    00000014                                   : _lock.obj (.text)
                  00005878    00000012                                   : atof.obj (.text)
                  0000588a    0000000e                                   : copy_decompress_none.obj (.text:decompress:none)
                  00005898    0000000c                                   : copy_zero_init.obj (.text:decompress:ZI)

.const     0    000058a8    000003f8     
                  000058a8    00000240     Oled.obj (.const:ASCII)
                  00005ae8    00000101     rtsv7M4_T_le_v4SPD16_eabi.lib : ctype.obj (.const:.string:_ctypes_)
                  00005be9    00000003     --HOLE-- [fill = 0]
                  00005bec    00000004     DC_blockFIR_filter.obj (.const)
                  00005bf0    00000098     rtsv7M4_T_le_v4SPD16_eabi.lib : strtod.obj (.const)
                  00005c88    0000000a     Oled.obj (.const:.string)
                  00005c92    00000002     --HOLE-- [fill = 0]
                  00005c94    00000004     FIR_LP_filter.obj (.const)
                  00005c98    00000004     MA_filter.obj (.const)
                  00005c9c    00000004     NRF24.obj (.const)

.cinit     0    00005ca0    000004b0     
                  00005ca0    0000048c     (.cinit..data.load) [load image, compression = rle]
                  0000612c    0000000c     (__TI_handler_table)
                  00006138    00000008     (.cinit..bss.load) [load image, compression = zero_init]
                  00006140    00000010     (__TI_cinit_table)

.init_array 
*          0    00000000    00000000     UNINITIALIZED

.bss       0    20000000    00002d96     UNINITIALIZED
                  20000000    00000638     main.obj (.bss:DC_blockFIR_filter)
                  20000638    00000638     main.obj (.bss:DC_block_RED_FIR_filter)
                  20000c70    000004b0     MAX30100.obj (.bss:Filt_IRdata)
                  20001120    000004b0     MAX30100.obj (.bss:Filt_REDdata)
                  200015d0    000004b0     MAX30100.obj (.bss:IR_FIFO_DATA)
                  20001a80    000004b0     MAX30100.obj (.bss:RED_FIFO_DATA)
                  20001f30    00000328     FIFO.obj (.bss:Fifo)
                  20002258    00000320     MAX30100.obj (.bss:DC_RED_notch_Data)
                  20002578    00000320     MAX30100.obj (.bss:DCnotch_Data)
                  20002898    000001d8     main.obj (.bss:FIR_LP_filter)
                  20002a70    000001d8     main.obj (.bss:FIR_RED_LP_filter)
                  20002c48    0000005c     main.obj (.bss:fir)
                  20002ca4    0000002c     MAX30100.obj (.bss:HR)
                  20002cd0    00000018     (.common:Peaks_index)
                  20002ce8    00000014     (.common:DC2notch_filter)
                  20002cfc    00000014     (.common:DCnotch_filter)
                  20002d10    00000014     (.common:HRstore)
                  20002d24    00000014     (.common:RegisteredDevices)
                  20002d38    00000014     (.common:SPO2store)
                  20002d4c    00000010     (.common:str)
                  20002d5c    00000004     (.common:ADCvalue)
                  20002d60    00000004     (.common:DC_RED_acumulator)
                  20002d64    00000004     (.common:DCacumulator)
                  20002d68    00000004     (.common:GetPt)
                  20002d6c    00000004     (.common:HRavg)
                  20002d70    00000004     (.common:IR_DC)
                  20002d74    00000004     (.common:IRrms)
                  20002d78    00000004     (.common:PutPt)
                  20002d7c    00000004     (.common:RED_DC)
                  20002d80    00000004     (.common:REDrms)
                  20002d84    00000004     (.common:RMS_RED_acumulator)
                  20002d88    00000004     (.common:RMSacumulator)
                  20002d8c    00000004     (.common:SPO2)
                  20002d90    00000004     (.common:StatusReg)
                  20002d94    00000001     (.common:DeviceCnt)
                  20002d95    00000001     (.common:Nofpeacks)

.TI.noinit 
*          0    20000000    00000000     UNINITIALIZED

.data      0    20002d98    000004d0     UNINITIALIZED
                  20002d98    00000318     DC_blockFIR_filter.obj (.data:DC_blockFIR_filter_coefficients)
                  200030b0    000000e8     FIR_LP_filter.obj (.data:FIR_LP_filter_coefficients)
                  20003198    00000037     NRF24.obj (.data)
                  200031cf    00000001     --HOLE--
                  200031d0    0000002a     MAX30100.obj (.data)
                  200031fa    00000002     --HOLE--
                  200031fc    0000001c     main.obj (.data)
                  20003218    00000014     DC2notch_filter.obj (.data)
                  2000322c    00000014     DCnotch_filter.obj (.data)
                  20003240    0000000c     rtsv7M4_T_le_v4SPD16_eabi.lib : memory.obj (.data)
                  2000324c    00000008                                   : _lock.obj (.data)
                  20003254    00000008                                   : exit.obj (.data)
                  2000325c    00000004                                   : errno.obj (.data)
                  20003260    00000004                                   : stkdepth_vars.obj (.data)
                  20003264    00000004     system_LM4F.obj (.data)

.TI.persistent 
*          0    20002d98    00000000     UNINITIALIZED

.stack     0    20003268    00000200     UNINITIALIZED
                  20003268    00000200     --HOLE--

.sysmem    0    20003468    00000008     UNINITIALIZED
                  20003468    00000008     rtsv7M4_T_le_v4SPD16_eabi.lib : memory.obj (.sysmem)


LINKER GENERATED COPY TABLES

__TI_cinit_table @ 00006140 records: 2, size/record: 8, table size: 16
	.data: load addr=00005ca0, load size=0000048c bytes, run addr=20002d98, run size=000004d0 bytes, compression=rle
	.bss: load addr=00006138, load size=00000008 bytes, run addr=20000000, run size=00002d96 bytes, compression=zero_init


LINKER GENERATED HANDLER TABLE

__TI_handler_table @ 0000612c records: 3, size/record: 4, table size: 12
	index: 0, handler: __TI_decompress_rle24
	index: 1, handler: __TI_decompress_none
	index: 2, handler: __TI_zero_init


GLOBAL SYMBOLS: SORTED ALPHABETICALLY BY Name 

address   name                           
-------   ----                           
000031f1  ADCSeq2_HANDLER                
00002d61  ADC_initTimer3                 
20003208  ADCflag                        
20002d5c  ADCvalue                       
00005711  C$$EXIT                        
00003619  CheckInterrupts                
00003799  Check_MAX_Interrupts           
00000321  ConfigNRF24_Reg                
20003198  DATA_PIPE0_ADDRESS             
2000319d  DATA_PIPE1_ADDRESS             
200031a2  DATA_PIPE2_ADDRESS             
200031a7  DATA_PIPE3_ADDRESS             
200031ac  DATA_PIPE4_ADDRESS             
200031b1  DATA_PIPE5_ADDRESS             
200031b6  DATA_PIPEx_ADDRESS             
20002ce8  DC2notch_filter                
20003218  DC2notch_filter_coefficients   
00004241  DC2notch_filter_create         
00004259  DC2notch_filter_destroy        
000042e1  DC2notch_filter_filterBiquad   
00004299  DC2notch_filter_filterBlock    
00004269  DC2notch_filter_init           
00004279  DC2notch_filter_reset          
20002d60  DC_RED_acumulator              
20002258  DC_RED_notch_Data              
20000000  DC_blockFIR_filter             
20002d98  DC_blockFIR_filter_coefficients
000049e1  DC_blockFIR_filter_create      
000049f9  DC_blockFIR_filter_destroy     
00004b01  DC_blockFIR_filter_dotProduct  
00004a41  DC_blockFIR_filter_filterBlock 
00004a09  DC_blockFIR_filter_init        
00004a19  DC_blockFIR_filter_reset       
20000638  DC_block_RED_FIR_filter        
20002d64  DCacumulator                   
20002578  DCnotch_Data                   
20002cfc  DCnotch_filter                 
2000322c  DCnotch_filter_coefficients    
00004441  DCnotch_filter_create          
00004459  DCnotch_filter_destroy         
000044e1  DCnotch_filter_filterBiquad    
00004499  DCnotch_filter_filterBlock     
00004469  DCnotch_filter_init            
00004479  DCnotch_filter_reset           
20002d94  DeviceCnt                      
200031d4  Discardsample_cnt              
20002898  FIR_LP_filter                  
200030b0  FIR_LP_filter_coefficients     
00004b61  FIR_LP_filter_create           
00004b79  FIR_LP_filter_destroy          
00004c81  FIR_LP_filter_dotProduct       
00004bc1  FIR_LP_filter_filterBlock      
00004b89  FIR_LP_filter_init             
00004b99  FIR_LP_filter_reset            
20002a70  FIR_RED_LP_filter              
00004ed9  Fifo_Get                       
00004e51  Fifo_Init                      
00004e71  Fifo_Put                       
00004f51  Fifo_Size                      
200031d6  Fifocnt                        
20000c70  Filt_IRdata                    
20001120  Filt_REDdata                   
000031d1  GPIO_PortB_Handler             
000031b1  GPIO_PortC_Handler             
00003091  GPIO_init                      
20002d68  GetPt                          
000016d9  Get_HRate                      
000017e9  Get_SPO2                       
20002ca4  HR                             
20002d6c  HRavg                          
20002d10  HRstore                        
00004641  I2C_Init                       
00004779  I2C_ReadByte                   
00004819  I2C_Stop                       
000046b9  I2C_writeByte                  
20003204  IRQflags_MAX                   
20003200  IRQflags_NRF                   
20002d70  IR_DC                          
200015d0  IR_FIFO_DATA                   
20002d74  IRrms                          
200031d0  IRsample_cnt                   
00002b29  Interrupt_IRQ                  
00004fb1  MA_filter_create               
00004fc9  MA_filter_destroy              
00005019  MA_filter_filterBlock          
00004fd9  MA_filter_init                 
00004fe9  MA_filter_reset                
00000d79  Max30100_Init                  
20002d95  Nofpeacks                      
00002681  Oled_Clear_Display             
00002999  Oled_DisplayWhen_Init          
00002779  Oled_Draw_Hline                
000026e1  Oled_Draw_Pixel                
00002839  Oled_Draw_Vline                
00002431  Oled_Init                      
00002671  Oled_TrunOff                   
00002621  Oled_Write_Char                
000023f1  Oled_Write_Cmd                 
00002411  Oled_Write_Data                
00002591  Oled_Write_String              
000029c9  Oled_int2string                
00002d39  PWM_Duty                       
00002c39  PWM_Init                       
20002cd0  Peaks_index                    
00000731  Ping_TX                        
00001c81  Printfloat                     
00000739  Process_Data                   
20002d78  PutPt                          
20002d7c  RED_DC                         
20001a80  RED_FIFO_DATA                  
20002d80  REDrms                         
200031d2  REDsample_cnt                  
20002d84  RMS_RED_acumulator             
20002d88  RMSacumulator                  
200031bb  RX_PAYLOAD                     
00000eb1  Read_MAX_DATAFIFO              
000002c9  Read_Reg                       
00000601  Read_data                      
20002d24  RegisteredDevices              
00005831  ResetISR                       
UNDEFED   SHT$$INIT_ARRAY$$Base          
UNDEFED   SHT$$INIT_ARRAY$$Limit         
00004ce1  SPI_Init                       
00002299  SPI_Oled_Init                  
00002391  SPI_Oled_transfer              
00004de9  SPI_transfer                   
20002d8c  SPO2                           
20002d38  SPO2store                      
000009c9  Send_COM_PIPE                  
00000ce9  Send_Error_Code                
000015e1  StartSampling                  
20002d90  StatusReg                      
00001601  StopSampling                   
20003264  SystemCoreClock                
000039c9  SystemCoreClockUpdate          
00003b09  SystemInit                     
200031fc  T0flags                        
00003229  TIMER0A_HANDLER                
00003259  TIMER2A_HANDLER                
200031c5  TX_PAYLOAD                     
00002f91  TimerEdgeCounter_init          
00002f11  Timer_Init                     
00001881  UART_Init                      
00000271  Write_Reg                      
00000659  Write_data                     
00000a89  Write_data_To_data_pipeX       
2000325c  _Errno                         
20003468  __STACK_END                    
00000200  __STACK_SIZE                   
20003468  __STACK_TOP                    
00000008  __SYSMEM_SIZE                  
00006140  __TI_CINIT_Base                
00006150  __TI_CINIT_Limit               
0000612c  __TI_Handler_Table_Base        
00006138  __TI_Handler_Table_Limit       
000054bd  __TI_auto_init                 
20003254  __TI_cleanup_ptr               
0000588b  __TI_decompress_none           
000049db  __TI_decompress_rle24          
20003258  __TI_dtors_ptr                 
00000000  __TI_static_base__             
00005899  __TI_zero_init                 
000053bb  __aeabi_cdcmpeq                
000053bb  __aeabi_cdcmple                
0000567d  __aeabi_d2f                    
000056c7  __aeabi_d2iz                   
00005755  __aeabi_d2uiz                  
0000482f  __aeabi_dadd                   
000050ed  __aeabi_ddiv                   
00005223  __aeabi_dmul                   
00004825  __aeabi_dsub                   
00005799  __aeabi_f2d                    
00005801  __aeabi_i2d                    
00005441  __aeabi_memclr                 
00005441  __aeabi_memclr4                
00005441  __aeabi_memclr8                
0000531f  __aeabi_memcpy                 
0000531f  __aeabi_memcpy4                
0000531f  __aeabi_memcpy8                
00005443  __aeabi_memset                 
00005443  __aeabi_memset4                
00005443  __aeabi_memset8                
ffffffff  __binit__                      
ffffffff  __c_args__                     
20003268  __stack                        
0000584d  _args_main                     
00005595  _c_int00                       
00005ae8  _ctypes_                       
2000324c  _lock                          
00005873  _nop                           
0000586b  _register_lock                 
00005865  _register_unlock               
20003468  _sys_memory                    
00000d75  _system_pre_init               
20003250  _unlock                        
00005715  abort                          
00005879  atof                           
000055e5  atoi                           
ffffffff  binit                          
00003fcd  calloc                         
200031e0  configValues                   
200031ec  configresvalue                 
00005631  copy_in                        
0000571d  exit                           
20002c48  fir                            
000005d1  flush_RX                       
000005a1  flush_TX                       
00003d1b  free                           
00000000  g_pfnVectors                   
00001619  getPeak                        
00000a51  get_pipe_from_STATUS           
200031dc  h                              
200031da  j                              
00003271  main                           
20003260  main_func_sp                   
00003cb3  malloc                         
00003ee9  memalign                       
0000531f  memcpy                         
00005449  memset                         
00003c25  minit                          
00005c9c  node                           
200031d8  preavPeakindex                 
00001971  printChar                      
00001c29  printDouble                    
00001bd9  print_String                   
00001ab1  print_int                      
000019a9  print_uint                     
00002121  process_REGISTER_command       
00001f51  process_command                
00001951  readChar                       
00001e71  readStr                        
00003ddd  realloc                        
20003214  rps                            
200031f6  samplingOptions                
000047f9  setSlaveAddress                
20002d4c  str                            
000057d1  strncpy                        
00004001  strtod                         
20003210  val                            
2000320c  voltage                        


GLOBAL SYMBOLS: SORTED BY Symbol Address 

address   name                           
-------   ----                           
00000000  __TI_static_base__             
00000000  g_pfnVectors                   
00000008  __SYSMEM_SIZE                  
00000200  __STACK_SIZE                   
00000271  Write_Reg                      
000002c9  Read_Reg                       
00000321  ConfigNRF24_Reg                
000005a1  flush_TX                       
000005d1  flush_RX                       
00000601  Read_data                      
00000659  Write_data                     
00000731  Ping_TX                        
00000739  Process_Data                   
000009c9  Send_COM_PIPE                  
00000a51  get_pipe_from_STATUS           
00000a89  Write_data_To_data_pipeX       
00000ce9  Send_Error_Code                
00000d75  _system_pre_init               
00000d79  Max30100_Init                  
00000eb1  Read_MAX_DATAFIFO              
000015e1  StartSampling                  
00001601  StopSampling                   
00001619  getPeak                        
000016d9  Get_HRate                      
000017e9  Get_SPO2                       
00001881  UART_Init                      
00001951  readChar                       
00001971  printChar                      
000019a9  print_uint                     
00001ab1  print_int                      
00001bd9  print_String                   
00001c29  printDouble                    
00001c81  Printfloat                     
00001e71  readStr                        
00001f51  process_command                
00002121  process_REGISTER_command       
00002299  SPI_Oled_Init                  
00002391  SPI_Oled_transfer              
000023f1  Oled_Write_Cmd                 
00002411  Oled_Write_Data                
00002431  Oled_Init                      
00002591  Oled_Write_String              
00002621  Oled_Write_Char                
00002671  Oled_TrunOff                   
00002681  Oled_Clear_Display             
000026e1  Oled_Draw_Pixel                
00002779  Oled_Draw_Hline                
00002839  Oled_Draw_Vline                
00002999  Oled_DisplayWhen_Init          
000029c9  Oled_int2string                
00002b29  Interrupt_IRQ                  
00002c39  PWM_Init                       
00002d39  PWM_Duty                       
00002d61  ADC_initTimer3                 
00002f11  Timer_Init                     
00002f91  TimerEdgeCounter_init          
00003091  GPIO_init                      
000031b1  GPIO_PortC_Handler             
000031d1  GPIO_PortB_Handler             
000031f1  ADCSeq2_HANDLER                
00003229  TIMER0A_HANDLER                
00003259  TIMER2A_HANDLER                
00003271  main                           
00003619  CheckInterrupts                
00003799  Check_MAX_Interrupts           
000039c9  SystemCoreClockUpdate          
00003b09  SystemInit                     
00003c25  minit                          
00003cb3  malloc                         
00003d1b  free                           
00003ddd  realloc                        
00003ee9  memalign                       
00003fcd  calloc                         
00004001  strtod                         
00004241  DC2notch_filter_create         
00004259  DC2notch_filter_destroy        
00004269  DC2notch_filter_init           
00004279  DC2notch_filter_reset          
00004299  DC2notch_filter_filterBlock    
000042e1  DC2notch_filter_filterBiquad   
00004441  DCnotch_filter_create          
00004459  DCnotch_filter_destroy         
00004469  DCnotch_filter_init            
00004479  DCnotch_filter_reset           
00004499  DCnotch_filter_filterBlock     
000044e1  DCnotch_filter_filterBiquad    
00004641  I2C_Init                       
000046b9  I2C_writeByte                  
00004779  I2C_ReadByte                   
000047f9  setSlaveAddress                
00004819  I2C_Stop                       
00004825  __aeabi_dsub                   
0000482f  __aeabi_dadd                   
000049db  __TI_decompress_rle24          
000049e1  DC_blockFIR_filter_create      
000049f9  DC_blockFIR_filter_destroy     
00004a09  DC_blockFIR_filter_init        
00004a19  DC_blockFIR_filter_reset       
00004a41  DC_blockFIR_filter_filterBlock 
00004b01  DC_blockFIR_filter_dotProduct  
00004b61  FIR_LP_filter_create           
00004b79  FIR_LP_filter_destroy          
00004b89  FIR_LP_filter_init             
00004b99  FIR_LP_filter_reset            
00004bc1  FIR_LP_filter_filterBlock      
00004c81  FIR_LP_filter_dotProduct       
00004ce1  SPI_Init                       
00004de9  SPI_transfer                   
00004e51  Fifo_Init                      
00004e71  Fifo_Put                       
00004ed9  Fifo_Get                       
00004f51  Fifo_Size                      
00004fb1  MA_filter_create               
00004fc9  MA_filter_destroy              
00004fd9  MA_filter_init                 
00004fe9  MA_filter_reset                
00005019  MA_filter_filterBlock          
000050ed  __aeabi_ddiv                   
00005223  __aeabi_dmul                   
0000531f  __aeabi_memcpy                 
0000531f  __aeabi_memcpy4                
0000531f  __aeabi_memcpy8                
0000531f  memcpy                         
000053bb  __aeabi_cdcmpeq                
000053bb  __aeabi_cdcmple                
00005441  __aeabi_memclr                 
00005441  __aeabi_memclr4                
00005441  __aeabi_memclr8                
00005443  __aeabi_memset                 
00005443  __aeabi_memset4                
00005443  __aeabi_memset8                
00005449  memset                         
000054bd  __TI_auto_init                 
00005595  _c_int00                       
000055e5  atoi                           
00005631  copy_in                        
0000567d  __aeabi_d2f                    
000056c7  __aeabi_d2iz                   
00005711  C$$EXIT                        
00005715  abort                          
0000571d  exit                           
00005755  __aeabi_d2uiz                  
00005799  __aeabi_f2d                    
000057d1  strncpy                        
00005801  __aeabi_i2d                    
00005831  ResetISR                       
0000584d  _args_main                     
00005865  _register_unlock               
0000586b  _register_lock                 
00005873  _nop                           
00005879  atof                           
0000588b  __TI_decompress_none           
00005899  __TI_zero_init                 
00005ae8  _ctypes_                       
00005c9c  node                           
0000612c  __TI_Handler_Table_Base        
00006138  __TI_Handler_Table_Limit       
00006140  __TI_CINIT_Base                
00006150  __TI_CINIT_Limit               
20000000  DC_blockFIR_filter             
20000638  DC_block_RED_FIR_filter        
20000c70  Filt_IRdata                    
20001120  Filt_REDdata                   
200015d0  IR_FIFO_DATA                   
20001a80  RED_FIFO_DATA                  
20002258  DC_RED_notch_Data              
20002578  DCnotch_Data                   
20002898  FIR_LP_filter                  
20002a70  FIR_RED_LP_filter              
20002c48  fir                            
20002ca4  HR                             
20002cd0  Peaks_index                    
20002ce8  DC2notch_filter                
20002cfc  DCnotch_filter                 
20002d10  HRstore                        
20002d24  RegisteredDevices              
20002d38  SPO2store                      
20002d4c  str                            
20002d5c  ADCvalue                       
20002d60  DC_RED_acumulator              
20002d64  DCacumulator                   
20002d68  GetPt                          
20002d6c  HRavg                          
20002d70  IR_DC                          
20002d74  IRrms                          
20002d78  PutPt                          
20002d7c  RED_DC                         
20002d80  REDrms                         
20002d84  RMS_RED_acumulator             
20002d88  RMSacumulator                  
20002d8c  SPO2                           
20002d90  StatusReg                      
20002d94  DeviceCnt                      
20002d95  Nofpeacks                      
20002d98  DC_blockFIR_filter_coefficients
200030b0  FIR_LP_filter_coefficients     
20003198  DATA_PIPE0_ADDRESS             
2000319d  DATA_PIPE1_ADDRESS             
200031a2  DATA_PIPE2_ADDRESS             
200031a7  DATA_PIPE3_ADDRESS             
200031ac  DATA_PIPE4_ADDRESS             
200031b1  DATA_PIPE5_ADDRESS             
200031b6  DATA_PIPEx_ADDRESS             
200031bb  RX_PAYLOAD                     
200031c5  TX_PAYLOAD                     
200031d0  IRsample_cnt                   
200031d2  REDsample_cnt                  
200031d4  Discardsample_cnt              
200031d6  Fifocnt                        
200031d8  preavPeakindex                 
200031da  j                              
200031dc  h                              
200031e0  configValues                   
200031ec  configresvalue                 
200031f6  samplingOptions                
200031fc  T0flags                        
20003200  IRQflags_NRF                   
20003204  IRQflags_MAX                   
20003208  ADCflag                        
2000320c  voltage                        
20003210  val                            
20003214  rps                            
20003218  DC2notch_filter_coefficients   
2000322c  DCnotch_filter_coefficients    
2000324c  _lock                          
20003250  _unlock                        
20003254  __TI_cleanup_ptr               
20003258  __TI_dtors_ptr                 
2000325c  _Errno                         
20003260  main_func_sp                   
20003264  SystemCoreClock                
20003268  __stack                        
20003468  __STACK_END                    
20003468  __STACK_TOP                    
20003468  _sys_memory                    
ffffffff  __binit__                      
ffffffff  __c_args__                     
ffffffff  binit                          
UNDEFED   SHT$$INIT_ARRAY$$Base          
UNDEFED   SHT$$INIT_ARRAY$$Limit         

[240 symbols]
