******************************************************************************
                  TI ARM Linker PC v5.2.2                      
******************************************************************************
>> Linked Tue Nov 17 18:23:45 2015

OUTPUT FILE NAME:   <GIT_UART_OXIMETER_filter.out>
ENTRY POINT SYMBOL: "_c_int00"  address: 00003b1d


MEMORY CONFIGURATION

         name            origin    length      used     unused   attr    fill
----------------------  --------  ---------  --------  --------  ----  --------
  FLASH                 00000000   00040000  00004222  0003bdde  R  X
  SRAM                  20000000   00008000  00007fbd  00000043  RW X


SEGMENT ALLOCATION MAP

run origin  load origin   length   init length attrs members
----------  ----------- ---------- ----------- ----- -------
00000000    00000000    00004230   00004230    r-x
  00000000    00000000    0000026c   0000026c    r-- .intvecs
  00000270    00000270    00003bbc   00003bbc    r-x .text
  00003e30    00003e30    0000038a   0000038a    r-- .const
  000041c0    000041c0    00000070   00000070    r-- .cinit
20000000    20000000    00007fc0   00000000    rw-
  20000000    20000000    00007d2d   00000000    rw- .bss
  20007d30    20007d30    00000200   00000000    rw- .stack
  20007f30    20007f30    00000088   00000000    rw- .data
  20007fb8    20007fb8    00000008   00000000    rw- .sysmem


SECTION ALLOCATION MAP

 output                                  attributes/
section   page    origin      length       input sections
--------  ----  ----------  ----------   ----------------
.intvecs   0    00000000    0000026c     
                  00000000    0000026c     startup_ccs.obj (.intvecs)

.text      0    00000270    00003bbc     
                  00000270    00000b04     NRF24.obj (.text)
                  00000d74    00000004     rtsv7M4_T_le_v4SPD16_eabi.lib : pre_init.obj (.text)
                  00000d78    0000077e     main.obj (.text)
                  000014f6    00000002     --HOLE-- [fill = 0]
                  000014f8    0000072a     Oled.obj (.text)
                  00001c22    00000006     rtsv7M4_T_le_v4SPD16_eabi.lib : copy_decompress_rle.obj (.text:decompress:rle24)
                  00001c28    000006a4     Periferal_Init.obj (.text)
                  000022cc    00000004     --HOLE-- [fill = 0]
                  000022d0    00000444     system_LM4F.obj (.text)
                  00002714    00000004     --HOLE-- [fill = 0]
                  00002718    00000414     UART.obj (.text)
                  00002b2c    0000023c     rtsv7M4_T_le_v4SPD16_eabi.lib : strtod.obj (.text)
                  00002d68    00000230     MAX30100.obj (.text)
                  00002f98    000001e4     I2C.obj (.text)
                  0000317c    00000004     --HOLE-- [fill = 0]
                  00003180    000001d0     Filters.obj (.text)
                  00003350    000001b6     rtsv7M4_T_le_v4SPD16_eabi.lib : fd_add_t2.obj (.text)
                  00003506    00000002     --HOLE-- [fill = 0]
                  00003508    0000016e     SPI.obj (.text)
                  00003676    00000136     rtsv7M4_T_le_v4SPD16_eabi.lib : fd_div_t2.obj (.text)
                  000037ac    000000fc                                   : fd_mul_t2.obj (.text)
                  000038a8    0000009c                                   : memcpy_t2.obj (.text)
                  00003944    00000086                                   : fd_cmp_t2.obj (.text:__aeabi_cdcmple)
                  000039ca    0000007a                                   : memset_t2.obj (.text)
                  00003a44    0000006c                                   : autoinit.obj (.text)
                  00003ab0    0000006a                                   : copy_decompress_rle.obj (.text)
                  00003b1a    00000002     --HOLE-- [fill = 0]
                  00003b1c    00000050                                   : boot.obj (.text)
                  00003b6c    0000004c                                   : atoi.obj (.text)
                  00003bb8    0000004c                                   : cpy_tbl.obj (.text)
                  00003c04    0000004a                                   : fd_tos_t2.obj (.text)
                  00003c4e    00000048                                   : fd_toi_t2.obj (.text)
                  00003c96    00000002     --HOLE-- [fill = 0]
                  00003c98    00000044                                   : exit.obj (.text)
                  00003cdc    00000044                                   : fd_tou_t2.obj (.text)
                  00003d20    00000038                                   : fs_tod_t2.obj (.text)
                  00003d58    00000030                                   : strncpy.obj (.text)
                  00003d88    0000002e                                   : i_tofd_t2.obj (.text)
                  00003db6    00000002     --HOLE-- [fill = 0]
                  00003db8    0000001a     startup_ccs.obj (.text)
                  00003dd2    00000002     --HOLE-- [fill = 0]
                  00003dd4    00000018     rtsv7M4_T_le_v4SPD16_eabi.lib : args_main.obj (.text)
                  00003dec    00000014                                   : _lock.obj (.text)
                  00003e00    00000012                                   : atof.obj (.text)
                  00003e12    0000000e                                   : copy_decompress_none.obj (.text:decompress:none)
                  00003e20    0000000c                                   : copy_zero_init.obj (.text:decompress:ZI)

.const     0    00003e30    0000038a     
                  00003e30    000001e0     Oled.obj (.const:ASCII)
                  00004010    00000101     rtsv7M4_T_le_v4SPD16_eabi.lib : ctype.obj (.const:.string:_ctypes_)
                  00004111    00000004     NRF24.obj (.const)
                  00004115    00000003     --HOLE-- [fill = 0]
                  00004118    00000098     rtsv7M4_T_le_v4SPD16_eabi.lib : strtod.obj (.const)
                  000041b0    0000000a     main.obj (.const:.string)

.cinit     0    000041c0    00000070     
                  000041c0    00000049     (.cinit..data.load) [load image, compression = rle]
                  00004209    00000003     --HOLE-- [fill = 0]
                  0000420c    0000000c     (__TI_handler_table)
                  00004218    00000008     (.cinit..bss.load) [load image, compression = zero_init]
                  00004220    00000010     (__TI_cinit_table)

.init_array 
*          0    00000000    00000000     UNINITIALIZED

.bss       0    20000000    00007d2d     UNINITIALIZED
                  20000000    00003e80     Filters.obj (.bss:Filt_data)
                  20003e80    00001f40     MAX30100.obj (.bss:IR_FIFO_DATA)
                  20005dc0    00001f40     MAX30100.obj (.bss:RED_FIFO_DATA)
                  20007d00    00000014     (.common:RegisteredDevices)
                  20007d14    00000010     (.common:str)
                  20007d24    00000004     (.common:ADCvalue)
                  20007d28    00000004     (.common:StatusReg)
                  20007d2c    00000001     (.common:DeviceCnt)

.TI.noinit 
*          0    20000000    00000000     UNINITIALIZED

.stack     0    20007d30    00000200     UNINITIALIZED
                  20007d30    00000200     --HOLE--

.data      0    20007f30    00000088     UNINITIALIZED
                  20007f30    00000037     NRF24.obj (.data)
                  20007f67    00000001     --HOLE--
                  20007f68    0000001c     main.obj (.data)
                  20007f84    00000010     MAX30100.obj (.data)
                  20007f94    00000008     Filters.obj (.data)
                  20007f9c    00000008     rtsv7M4_T_le_v4SPD16_eabi.lib : _lock.obj (.data)
                  20007fa4    00000008                                   : exit.obj (.data)
                  20007fac    00000004                                   : errno.obj (.data)
                  20007fb0    00000004                                   : stkdepth_vars.obj (.data)
                  20007fb4    00000004     system_LM4F.obj (.data)

.TI.persistent 
*          0    20007f30    00000000     UNINITIALIZED

.sysmem    0    20007fb8    00000008     UNINITIALIZED
                  20007fb8    00000008     rtsv7M4_T_le_v4SPD16_eabi.lib : memory.obj (.sysmem)


LINKER GENERATED COPY TABLES

__TI_cinit_table @ 00004220 records: 2, size/record: 8, table size: 16
	.data: load addr=000041c0, load size=00000049 bytes, run addr=20007f30, run size=00000088 bytes, compression=rle
	.bss: load addr=00004218, load size=00000008 bytes, run addr=20000000, run size=00007d2d bytes, compression=zero_init


LINKER GENERATED HANDLER TABLE

__TI_handler_table @ 0000420c records: 3, size/record: 4, table size: 12
	index: 0, handler: __TI_decompress_rle24
	index: 1, handler: __TI_decompress_none
	index: 2, handler: __TI_zero_init


GLOBAL SYMBOLS: SORTED ALPHABETICALLY BY Name 

address   name                    
-------   ----                    
20007f94  ACC                     
00000de9  ADCSeq2_HANDLER         
00001eb1  ADC_initTimer3          
20007f74  ADCflag                 
20007d24  ADCvalue                
00003181  Accumulator_Init_values 
00003c99  C$$EXIT                 
00001279  CheckInterrupts         
000013f9  Check_MAX_Interrupts    
00000321  ConfigNRF24_Reg         
20007f30  DATA_PIPE0_ADDRESS      
20007f35  DATA_PIPE1_ADDRESS      
20007f3a  DATA_PIPE2_ADDRESS      
20007f3f  DATA_PIPE3_ADDRESS      
20007f44  DATA_PIPE4_ADDRESS      
20007f49  DATA_PIPE5_ADDRESS      
20007f4e  DATA_PIPEx_ADDRESS      
20007d2c  DeviceCnt               
000032e1  EMA_Process             
20000000  Filt_data               
00000dc9  GPIO_PortB_Handler      
00000da9  GPIO_PortC_Handler      
000021e1  GPIO_init               
00002f99  I2C_Init                
000030d1  I2C_ReadByte            
00003171  I2C_Stop                
00003011  I2C_writeByte           
20007f70  IRQflags_MAX            
20007f6c  IRQflags_NRF            
20003e80  IR_FIFO_DATA            
20007f84  IRsample_cnt            
00001c79  Interrupt_IRQ           
00002d69  Max30100_Init           
20007f98  NewValue                
000018e1  Oled_Clear_Display      
00001bf9  Oled_DisplayWhen_Init   
000019d9  Oled_Draw_Hline         
00001941  Oled_Draw_Pixel         
00001a99  Oled_Draw_Vline         
00001691  Oled_Init               
000018d1  Oled_TrunOff            
00001881  Oled_Write_Char         
00001651  Oled_Write_Cmd          
00001671  Oled_Write_Data         
000017f1  Oled_Write_String       
00001441  Oled_int2string         
00001e89  PWM_Duty                
00001d89  PWM_Init                
00000731  Ping_TX                 
00000739  Process_Data            
20005dc0  RED_FIFO_DATA           
20007f86  REDsample_cnt           
20007f53  RX_PAYLOAD              
00002e79  Read_MAX_DATAFIFO       
000002c9  Read_Reg                
00000601  Read_data               
20007d00  RegisteredDevices       
00003db9  ResetISR                
UNDEFED   SHT$$INIT_ARRAY$$Base   
UNDEFED   SHT$$INIT_ARRAY$$Limit  
00003509  SPI_Init                
000014f9  SPI_Oled_Init           
000015f1  SPI_Oled_transfer       
00003611  SPI_transfer            
000009c9  Send_COM_PIPE           
00000ce9  Send_Error_Code         
00002f69  StartSampling           
20007d28  StatusReg               
00002f81  StopSampling            
20007fb4  SystemCoreClock         
000024b9  SystemCoreClockUpdate   
000025f9  SystemInit              
20007f68  T0flags                 
00000e21  TIMER0A_HANDLER         
00000e51  TIMER2A_HANDLER         
20007f5d  TX_PAYLOAD              
000020e1  TimerEdgeCounter_init   
00002061  Timer_Init              
00002719  UART_Init               
00000271  Write_Reg               
00000659  Write_data              
00000a89  Write_data_To_data_pipeX
20007fac  _Errno                  
20007f30  __STACK_END             
00000200  __STACK_SIZE            
20007f30  __STACK_TOP             
00000008  __SYSMEM_SIZE           
00004220  __TI_CINIT_Base         
00004230  __TI_CINIT_Limit        
0000420c  __TI_Handler_Table_Base 
00004218  __TI_Handler_Table_Limit
00003a45  __TI_auto_init          
20007fa4  __TI_cleanup_ptr        
00003e13  __TI_decompress_none    
00001c23  __TI_decompress_rle24   
20007fa8  __TI_dtors_ptr          
00000000  __TI_static_base__      
00003e21  __TI_zero_init          
00003945  __aeabi_cdcmpeq         
00003945  __aeabi_cdcmple         
00003c05  __aeabi_d2f             
00003c4f  __aeabi_d2iz            
00003cdd  __aeabi_d2uiz           
0000335b  __aeabi_dadd            
00003677  __aeabi_ddiv            
000037ad  __aeabi_dmul            
00003351  __aeabi_dsub            
00003d21  __aeabi_f2d             
00003d89  __aeabi_i2d             
000039cb  __aeabi_memclr          
000039cb  __aeabi_memclr4         
000039cb  __aeabi_memclr8         
000038a9  __aeabi_memcpy          
000038a9  __aeabi_memcpy4         
000038a9  __aeabi_memcpy8         
000039cd  __aeabi_memset          
000039cd  __aeabi_memset4         
000039cd  __aeabi_memset8         
ffffffff  __binit__               
ffffffff  __c_args__              
20007d30  __stack                 
00003dd5  _args_main              
00003b1d  _c_int00                
00004010  _ctypes_                
20007f9c  _lock                   
00003dfb  _nop                    
00003df3  _register_lock          
00003ded  _register_unlock        
20007fb8  _sys_memory             
00000d75  _system_pre_init        
20007fa0  _unlock                 
00003c9d  abort                   
00003e01  atof                    
00003b6d  atoi                    
ffffffff  binit                   
20007f88  configValues            
00003bb9  copy_in                 
00003ca5  exit                    
000005d1  flush_RX                
000005a1  flush_TX                
00000000  g_pfnVectors            
00000a51  get_pipe_from_STATUS    
00000e69  main                    
20007fb0  main_func_sp            
000038a9  memcpy                  
000039d3  memset                  
00004111  node                    
000027d1  printChar               
00002961  printDouble             
00002911  print_String            
00002809  print_uint              
00002a71  process_command         
000027b1  readChar                
000029b9  readStr                 
20007f80  rps                     
00003151  setSlaveAddress         
20007d14  str                     
00003d59  strncpy                 
00002b2d  strtod                  
20007f7c  val                     
20007f78  voltage                 


GLOBAL SYMBOLS: SORTED BY Symbol Address 

address   name                    
-------   ----                    
00000000  __TI_static_base__      
00000000  g_pfnVectors            
00000008  __SYSMEM_SIZE           
00000200  __STACK_SIZE            
00000271  Write_Reg               
000002c9  Read_Reg                
00000321  ConfigNRF24_Reg         
000005a1  flush_TX                
000005d1  flush_RX                
00000601  Read_data               
00000659  Write_data              
00000731  Ping_TX                 
00000739  Process_Data            
000009c9  Send_COM_PIPE           
00000a51  get_pipe_from_STATUS    
00000a89  Write_data_To_data_pipeX
00000ce9  Send_Error_Code         
00000d75  _system_pre_init        
00000da9  GPIO_PortC_Handler      
00000dc9  GPIO_PortB_Handler      
00000de9  ADCSeq2_HANDLER         
00000e21  TIMER0A_HANDLER         
00000e51  TIMER2A_HANDLER         
00000e69  main                    
00001279  CheckInterrupts         
000013f9  Check_MAX_Interrupts    
00001441  Oled_int2string         
000014f9  SPI_Oled_Init           
000015f1  SPI_Oled_transfer       
00001651  Oled_Write_Cmd          
00001671  Oled_Write_Data         
00001691  Oled_Init               
000017f1  Oled_Write_String       
00001881  Oled_Write_Char         
000018d1  Oled_TrunOff            
000018e1  Oled_Clear_Display      
00001941  Oled_Draw_Pixel         
000019d9  Oled_Draw_Hline         
00001a99  Oled_Draw_Vline         
00001bf9  Oled_DisplayWhen_Init   
00001c23  __TI_decompress_rle24   
00001c79  Interrupt_IRQ           
00001d89  PWM_Init                
00001e89  PWM_Duty                
00001eb1  ADC_initTimer3          
00002061  Timer_Init              
000020e1  TimerEdgeCounter_init   
000021e1  GPIO_init               
000024b9  SystemCoreClockUpdate   
000025f9  SystemInit              
00002719  UART_Init               
000027b1  readChar                
000027d1  printChar               
00002809  print_uint              
00002911  print_String            
00002961  printDouble             
000029b9  readStr                 
00002a71  process_command         
00002b2d  strtod                  
00002d69  Max30100_Init           
00002e79  Read_MAX_DATAFIFO       
00002f69  StartSampling           
00002f81  StopSampling            
00002f99  I2C_Init                
00003011  I2C_writeByte           
000030d1  I2C_ReadByte            
00003151  setSlaveAddress         
00003171  I2C_Stop                
00003181  Accumulator_Init_values 
000032e1  EMA_Process             
00003351  __aeabi_dsub            
0000335b  __aeabi_dadd            
00003509  SPI_Init                
00003611  SPI_transfer            
00003677  __aeabi_ddiv            
000037ad  __aeabi_dmul            
000038a9  __aeabi_memcpy          
000038a9  __aeabi_memcpy4         
000038a9  __aeabi_memcpy8         
000038a9  memcpy                  
00003945  __aeabi_cdcmpeq         
00003945  __aeabi_cdcmple         
000039cb  __aeabi_memclr          
000039cb  __aeabi_memclr4         
000039cb  __aeabi_memclr8         
000039cd  __aeabi_memset          
000039cd  __aeabi_memset4         
000039cd  __aeabi_memset8         
000039d3  memset                  
00003a45  __TI_auto_init          
00003b1d  _c_int00                
00003b6d  atoi                    
00003bb9  copy_in                 
00003c05  __aeabi_d2f             
00003c4f  __aeabi_d2iz            
00003c99  C$$EXIT                 
00003c9d  abort                   
00003ca5  exit                    
00003cdd  __aeabi_d2uiz           
00003d21  __aeabi_f2d             
00003d59  strncpy                 
00003d89  __aeabi_i2d             
00003db9  ResetISR                
00003dd5  _args_main              
00003ded  _register_unlock        
00003df3  _register_lock          
00003dfb  _nop                    
00003e01  atof                    
00003e13  __TI_decompress_none    
00003e21  __TI_zero_init          
00004010  _ctypes_                
00004111  node                    
0000420c  __TI_Handler_Table_Base 
00004218  __TI_Handler_Table_Limit
00004220  __TI_CINIT_Base         
00004230  __TI_CINIT_Limit        
20000000  Filt_data               
20003e80  IR_FIFO_DATA            
20005dc0  RED_FIFO_DATA           
20007d00  RegisteredDevices       
20007d14  str                     
20007d24  ADCvalue                
20007d28  StatusReg               
20007d2c  DeviceCnt               
20007d30  __stack                 
20007f30  DATA_PIPE0_ADDRESS      
20007f30  __STACK_END             
20007f30  __STACK_TOP             
20007f35  DATA_PIPE1_ADDRESS      
20007f3a  DATA_PIPE2_ADDRESS      
20007f3f  DATA_PIPE3_ADDRESS      
20007f44  DATA_PIPE4_ADDRESS      
20007f49  DATA_PIPE5_ADDRESS      
20007f4e  DATA_PIPEx_ADDRESS      
20007f53  RX_PAYLOAD              
20007f5d  TX_PAYLOAD              
20007f68  T0flags                 
20007f6c  IRQflags_NRF            
20007f70  IRQflags_MAX            
20007f74  ADCflag                 
20007f78  voltage                 
20007f7c  val                     
20007f80  rps                     
20007f84  IRsample_cnt            
20007f86  REDsample_cnt           
20007f88  configValues            
20007f94  ACC                     
20007f98  NewValue                
20007f9c  _lock                   
20007fa0  _unlock                 
20007fa4  __TI_cleanup_ptr        
20007fa8  __TI_dtors_ptr          
20007fac  _Errno                  
20007fb0  main_func_sp            
20007fb4  SystemCoreClock         
20007fb8  _sys_memory             
ffffffff  __binit__               
ffffffff  __c_args__              
ffffffff  binit                   
UNDEFED   SHT$$INIT_ARRAY$$Base   
UNDEFED   SHT$$INIT_ARRAY$$Limit  

[161 symbols]
