******************************************************************************
                  TI ARM Linker PC v5.2.2                      
******************************************************************************
>> Linked Tue Mar 01 21:29:48 2016

OUTPUT FILE NAME:   <GIT_UART_OXIMETER_filter.out>
ENTRY POINT SYMBOL: "_c_int00"  address: 000056e5


MEMORY CONFIGURATION

         name            origin    length      used     unused   attr    fill
----------------------  --------  ---------  --------  --------  ----  --------
  FLASH                 00000000   00040000  00006298  00039d68  R  X
  SRAM                  20000000   00008000  0000283a  000057c6  RW X


SEGMENT ALLOCATION MAP

run origin  load origin   length   init length attrs members
----------  ----------- ---------- ----------- ----- -------
00000000    00000000    000062a0   000062a0    r-x
  00000000    00000000    0000026c   0000026c    r-- .intvecs
  00000270    00000270    00005784   00005784    r-x .text
  000059f8    000059f8    000003f8   000003f8    r-- .const
  00005df0    00005df0    000004b0   000004b0    r-- .cinit
20000000    20000000    00002840   00000000    rw-
  20000000    20000000    00002162   00000000    rw- .bss
  20002164    20002164    000004d0   00000000    rw- .data
  20002634    20002634    00000200   00000000    rw- .stack
  20002838    20002838    00000008   00000000    rw- .sysmem


SECTION ALLOCATION MAP

 output                                  attributes/
section   page    origin      length       input sections
--------  ----  ----------  ----------   ----------------
.intvecs   0    00000000    0000026c     
                  00000000    0000026c     startup_ccs.obj (.intvecs)

.text      0    00000270    00005784     
                  00000270    00000b04     NRF24.obj (.text)
                  00000d74    00000004     rtsv7M4_T_le_v4SPD16_eabi.lib : pre_init.obj (.text)
                  00000d78    00000af2     UART.obj (.text)
                  0000186a    00000006     rtsv7M4_T_le_v4SPD16_eabi.lib : copy_decompress_rle.obj (.text:decompress:rle24)
                  00001870    00000a86     MAX30100.obj (.text)
                  000022f6    00000002     --HOLE-- [fill = 0]
                  000022f8    0000083e     Oled.obj (.text)
                  00002b36    00000002     --HOLE-- [fill = 0]
                  00002b38    000006a4     Periferal_Init.obj (.text)
                  000031dc    00000004     --HOLE-- [fill = 0]
                  000031e0    00000658     main.obj (.text)
                  00003838    00000444     system_LM4F.obj (.text)
                  00003c7c    000003dc     rtsv7M4_T_le_v4SPD16_eabi.lib : memory.obj (.text)
                  00004058    00000256     FIFO.obj (.text)
                  000042ae    00000002     --HOLE-- [fill = 0]
                  000042b0    0000023c     rtsv7M4_T_le_v4SPD16_eabi.lib : strtod.obj (.text)
                  000044ec    00000004     --HOLE-- [fill = 0]
                  000044f0    000001fe     DC2notch_filter.obj (.text)
                  000046ee    00000002     --HOLE-- [fill = 0]
                  000046f0    000001fe     DCnotch_filter.obj (.text)
                  000048ee    00000002     --HOLE-- [fill = 0]
                  000048f0    000001e4     I2C.obj (.text)
                  00004ad4    000001b6     rtsv7M4_T_le_v4SPD16_eabi.lib : fd_add_t2.obj (.text)
                  00004c8a    00000006     --HOLE-- [fill = 0]
                  00004c90    0000017e     DC_blockFIR_filter.obj (.text)
                  00004e0e    00000002     --HOLE-- [fill = 0]
                  00004e10    0000017e     FIR_LP_filter.obj (.text)
                  00004f8e    00000002     --HOLE-- [fill = 0]
                  00004f90    0000016e     SPI.obj (.text)
                  000050fe    00000002     --HOLE-- [fill = 0]
                  00005100    0000013c     MA_filter.obj (.text)
                  0000523c    00000136     rtsv7M4_T_le_v4SPD16_eabi.lib : fd_div_t2.obj (.text)
                  00005372    000000fc                                   : fd_mul_t2.obj (.text)
                  0000546e    0000009c                                   : memcpy_t2.obj (.text)
                  0000550a    00000086                                   : fd_cmp_t2.obj (.text:__aeabi_cdcmple)
                  00005590    0000007a                                   : memset_t2.obj (.text)
                  0000560a    00000002     --HOLE-- [fill = 0]
                  0000560c    0000006c                                   : autoinit.obj (.text)
                  00005678    0000006a                                   : copy_decompress_rle.obj (.text)
                  000056e2    00000002     --HOLE-- [fill = 0]
                  000056e4    00000050                                   : boot.obj (.text)
                  00005734    0000004c                                   : atoi.obj (.text)
                  00005780    0000004c                                   : cpy_tbl.obj (.text)
                  000057cc    0000004a                                   : fd_tos_t2.obj (.text)
                  00005816    00000048                                   : fd_toi_t2.obj (.text)
                  0000585e    00000002     --HOLE-- [fill = 0]
                  00005860    00000044                                   : exit.obj (.text)
                  000058a4    00000044                                   : fd_tou_t2.obj (.text)
                  000058e8    00000038                                   : fs_tod_t2.obj (.text)
                  00005920    00000030                                   : strncpy.obj (.text)
                  00005950    0000002e                                   : i_tofd_t2.obj (.text)
                  0000597e    00000002     --HOLE-- [fill = 0]
                  00005980    0000001a     startup_ccs.obj (.text)
                  0000599a    00000002     --HOLE-- [fill = 0]
                  0000599c    00000018     rtsv7M4_T_le_v4SPD16_eabi.lib : args_main.obj (.text)
                  000059b4    00000014                                   : _lock.obj (.text)
                  000059c8    00000012                                   : atof.obj (.text)
                  000059da    0000000e                                   : copy_decompress_none.obj (.text:decompress:none)
                  000059e8    0000000c                                   : copy_zero_init.obj (.text:decompress:ZI)

.const     0    000059f8    000003f8     
                  000059f8    00000240     Oled.obj (.const:ASCII)
                  00005c38    00000101     rtsv7M4_T_le_v4SPD16_eabi.lib : ctype.obj (.const:.string:_ctypes_)
                  00005d39    00000003     --HOLE-- [fill = 0]
                  00005d3c    00000004     DC_blockFIR_filter.obj (.const)
                  00005d40    00000098     rtsv7M4_T_le_v4SPD16_eabi.lib : strtod.obj (.const)
                  00005dd8    0000000a     Oled.obj (.const:.string)
                  00005de2    00000002     --HOLE-- [fill = 0]
                  00005de4    00000004     FIR_LP_filter.obj (.const)
                  00005de8    00000004     MA_filter.obj (.const)
                  00005dec    00000004     NRF24.obj (.const)

.cinit     0    00005df0    000004b0     
                  00005df0    0000048a     (.cinit..data.load) [load image, compression = rle]
                  0000627a    00000002     --HOLE-- [fill = 0]
                  0000627c    0000000c     (__TI_handler_table)
                  00006288    00000008     (.cinit..bss.load) [load image, compression = zero_init]
                  00006290    00000010     (__TI_cinit_table)

.init_array 
*          0    00000000    00000000     UNINITIALIZED

.bss       0    20000000    00002162     UNINITIALIZED
                  20000000    00000638     main.obj (.bss:DC_blockFIR_filter)
                  20000638    00000638     main.obj (.bss:DC_block_RED_FIR_filter)
                  20000c70    000004b0     MAX30100.obj (.bss:Filt_IRdata)
                  20001120    000004b0     MAX30100.obj (.bss:Filt_REDdata)
                  200015d0    00000320     MAX30100.obj (.bss:DC_RED_notch_Data)
                  200018f0    00000320     MAX30100.obj (.bss:DCnotch_Data)
                  20001c10    000001d8     main.obj (.bss:FIR_LP_filter)
                  20001de8    000001d8     main.obj (.bss:FIR_RED_LP_filter)
                  20001fc0    0000005c     main.obj (.bss:fir)
                  2000201c    00000050     MAX30100.obj (.bss:HR)
                  2000206c    00000028     MAX30100.obj (.bss:Peaks_index)
                  20002094    00000014     (.common:DC2notch_filter)
                  200020a8    00000014     (.common:DCnotch_filter)
                  200020bc    00000014     (.common:HRstore)
                  200020d0    00000014     (.common:RegisteredDevices)
                  200020e4    00000014     (.common:SPO2store)
                  200020f8    00000010     (.common:str)
                  20002108    0000000c     (.common:Fifo)
                  20002114    00000004     (.common:ADCvalue)
                  20002118    00000004     (.common:BackPt)
                  2000211c    00000004     (.common:DC_RED_acumulator)
                  20002120    00000004     (.common:DCacumulator)
                  20002124    00000004     (.common:FrontPt)
                  20002128    00000004     (.common:GetPt)
                  2000212c    00000004     (.common:HRavg)
                  20002130    00000004     (.common:IR_DC)
                  20002134    00000004     (.common:IR_FIFO_DATA)
                  20002138    00000004     (.common:IRrms)
                  2000213c    00000004     (.common:MidPt)
                  20002140    00000004     (.common:PutPt)
                  20002144    00000004     (.common:RED_DC)
                  20002148    00000004     (.common:RED_FIFO_DATA)
                  2000214c    00000004     (.common:REDrms)
                  20002150    00000004     (.common:RMS_RED_acumulator)
                  20002154    00000004     (.common:RMSacumulator)
                  20002158    00000004     (.common:SPO2)
                  2000215c    00000004     (.common:StatusReg)
                  20002160    00000001     (.common:DeviceCnt)
                  20002161    00000001     (.common:Nofpeacks)

.TI.noinit 
*          0    20000000    00000000     UNINITIALIZED

.data      0    20002164    000004d0     UNINITIALIZED
                  20002164    00000318     DC_blockFIR_filter.obj (.data:DC_blockFIR_filter_coefficients)
                  2000247c    000000e8     FIR_LP_filter.obj (.data:FIR_LP_filter_coefficients)
                  20002564    00000037     NRF24.obj (.data)
                  2000259b    00000001     --HOLE--
                  2000259c    0000002c     MAX30100.obj (.data)
                  200025c8    0000001c     main.obj (.data)
                  200025e4    00000014     DC2notch_filter.obj (.data)
                  200025f8    00000014     DCnotch_filter.obj (.data)
                  2000260c    0000000c     rtsv7M4_T_le_v4SPD16_eabi.lib : memory.obj (.data)
                  20002618    00000008                                   : _lock.obj (.data)
                  20002620    00000008                                   : exit.obj (.data)
                  20002628    00000004                                   : errno.obj (.data)
                  2000262c    00000004                                   : stkdepth_vars.obj (.data)
                  20002630    00000004     system_LM4F.obj (.data)

.TI.persistent 
*          0    20002164    00000000     UNINITIALIZED

.stack     0    20002634    00000200     UNINITIALIZED
                  20002634    00000200     --HOLE--

.sysmem    0    20002838    00000008     UNINITIALIZED
                  20002838    00000008     rtsv7M4_T_le_v4SPD16_eabi.lib : memory.obj (.sysmem)


LINKER GENERATED COPY TABLES

__TI_cinit_table @ 00006290 records: 2, size/record: 8, table size: 16
	.data: load addr=00005df0, load size=0000048a bytes, run addr=20002164, run size=000004d0 bytes, compression=rle
	.bss: load addr=00006288, load size=00000008 bytes, run addr=20000000, run size=00002162 bytes, compression=zero_init


LINKER GENERATED HANDLER TABLE

__TI_handler_table @ 0000627c records: 3, size/record: 4, table size: 12
	index: 0, handler: __TI_decompress_rle24
	index: 1, handler: __TI_decompress_none
	index: 2, handler: __TI_zero_init


GLOBAL SYMBOLS: SORTED ALPHABETICALLY BY Name 

address   name                           
-------   ----                           
00003251  ADCSeq2_HANDLER                
00002dc1  ADC_initTimer3                 
200025d4  ADCflag                        
20002114  ADCvalue                       
20002118  BackPt                         
00005861  C$$EXIT                        
00003671  CheckInterrupts                
000037f1  Check_MAX_Interrupts           
00000321  ConfigNRF24_Reg                
20002564  DATA_PIPE0_ADDRESS             
20002569  DATA_PIPE1_ADDRESS             
2000256e  DATA_PIPE2_ADDRESS             
20002573  DATA_PIPE3_ADDRESS             
20002578  DATA_PIPE4_ADDRESS             
2000257d  DATA_PIPE5_ADDRESS             
20002582  DATA_PIPEx_ADDRESS             
20002094  DC2notch_filter                
200025e4  DC2notch_filter_coefficients   
000044f1  DC2notch_filter_create         
00004509  DC2notch_filter_destroy        
00004591  DC2notch_filter_filterBiquad   
00004549  DC2notch_filter_filterBlock    
00004519  DC2notch_filter_init           
00004529  DC2notch_filter_reset          
2000211c  DC_RED_acumulator              
200015d0  DC_RED_notch_Data              
20000000  DC_blockFIR_filter             
20002164  DC_blockFIR_filter_coefficients
00004c91  DC_blockFIR_filter_create      
00004ca9  DC_blockFIR_filter_destroy     
00004db1  DC_blockFIR_filter_dotProduct  
00004cf1  DC_blockFIR_filter_filterBlock 
00004cb9  DC_blockFIR_filter_init        
00004cc9  DC_blockFIR_filter_reset       
20000638  DC_block_RED_FIR_filter        
20002120  DCacumulator                   
200018f0  DCnotch_Data                   
200020a8  DCnotch_filter                 
200025f8  DCnotch_filter_coefficients    
000046f1  DCnotch_filter_create          
00004709  DCnotch_filter_destroy         
00004791  DCnotch_filter_filterBiquad    
00004749  DCnotch_filter_filterBlock     
00004719  DCnotch_filter_init            
00004729  DCnotch_filter_reset           
20002160  DeviceCnt                      
200025a0  Discardsample_cnt              
20001c10  FIR_LP_filter                  
2000247c  FIR_LP_filter_coefficients     
00004e11  FIR_LP_filter_create           
00004e29  FIR_LP_filter_destroy          
00004f31  FIR_LP_filter_dotProduct       
00004e71  FIR_LP_filter_filterBlock      
00004e39  FIR_LP_filter_init             
00004e49  FIR_LP_filter_reset            
20001de8  FIR_RED_LP_filter              
20002108  Fifo                           
00004111  Fifo_Get                       
00004059  Fifo_Init                      
000040a9  Fifo_Put                       
00004189  Fifo_Size                      
000041e9  Fifo_Write                     
20000c70  Filt_IRdata                    
20001120  Filt_REDdata                   
20002124  FrontPt                        
00003231  GPIO_PortB_Handler             
00003211  GPIO_PortC_Handler             
000030f1  GPIO_init                      
00002249  GetPeak_fromFIFO               
20002128  GetPt                          
000020d1  Get_HRate                      
000021e1  Get_SPO2                       
2000201c  HR                             
2000212c  HRavg                          
200020bc  HRstore                        
000048f1  I2C_Init                       
00004a29  I2C_ReadByte                   
00004ac9  I2C_Stop                       
00004969  I2C_writeByte                  
200025d0  IRQflags_MAX                   
200025cc  IRQflags_NRF                   
20002130  IR_DC                          
20002134  IR_FIFO_DATA                   
20002138  IRrms                          
2000259c  IRsample_cnt                   
00002b89  Interrupt_IRQ                  
00005101  MA_filter_create               
00005119  MA_filter_destroy              
00005169  MA_filter_filterBlock          
00005129  MA_filter_init                 
00005139  MA_filter_reset                
00001871  Max30100_Init                  
2000213c  MidPt                          
20002161  Nofpeacks                      
000026e1  Oled_Clear_Display             
000029f9  Oled_DisplayWhen_Init          
000027d9  Oled_Draw_Hline                
00002741  Oled_Draw_Pixel                
00002899  Oled_Draw_Vline                
00002491  Oled_Init                      
000026d1  Oled_TrunOff                   
00002681  Oled_Write_Char                
00002451  Oled_Write_Cmd                 
00002471  Oled_Write_Data                
000025f1  Oled_Write_String              
00002a29  Oled_int2string                
00002d99  PWM_Duty                       
00002c99  PWM_Init                       
2000206c  Peaks_index                    
00000731  Ping_TX                        
000011a9  Printfloat                     
00000739  Process_Data                   
20002140  PutPt                          
20002144  RED_DC                         
20002148  RED_FIFO_DATA                  
2000214c  REDrms                         
2000259e  REDsample_cnt                  
20002150  RMS_RED_acumulator             
20002154  RMSacumulator                  
20002587  RX_PAYLOAD                     
00001909  Read_MAX_DATAFIFO              
000002c9  Read_Reg                       
00000601  Read_data                      
200020d0  RegisteredDevices              
00005981  ResetISR                       
UNDEFED   SHT$$INIT_ARRAY$$Base          
UNDEFED   SHT$$INIT_ARRAY$$Limit         
00004f91  SPI_Init                       
000022f9  SPI_Oled_Init                  
000023f1  SPI_Oled_transfer              
00005099  SPI_transfer                   
20002158  SPO2                           
200020e4  SPO2store                      
000009c9  Send_COM_PIPE                  
00000ce9  Send_Error_Code                
00001fd9  StartSampling                  
2000215c  StatusReg                      
00001ff9  StopSampling                   
20002630  SystemCoreClock                
00003a21  SystemCoreClockUpdate          
00003b61  SystemInit                     
200025c8  T0flags                        
00003289  TIMER0A_HANDLER                
000032b9  TIMER2A_HANDLER                
20002591  TX_PAYLOAD                     
00002ff1  TimerEdgeCounter_init          
00002f71  Timer_Init                     
00000da9  UART_Init                      
00000271  Write_Reg                      
00000659  Write_data                     
00000a89  Write_data_To_data_pipeX       
20002628  _Errno                         
20002834  __STACK_END                    
00000200  __STACK_SIZE                   
20002834  __STACK_TOP                    
00000008  __SYSMEM_SIZE                  
00006290  __TI_CINIT_Base                
000062a0  __TI_CINIT_Limit               
0000627c  __TI_Handler_Table_Base        
00006288  __TI_Handler_Table_Limit       
0000560d  __TI_auto_init                 
20002620  __TI_cleanup_ptr               
000059db  __TI_decompress_none           
0000186b  __TI_decompress_rle24          
20002624  __TI_dtors_ptr                 
00000000  __TI_static_base__             
000059e9  __TI_zero_init                 
0000550b  __aeabi_cdcmpeq                
0000550b  __aeabi_cdcmple                
000057cd  __aeabi_d2f                    
00005817  __aeabi_d2iz                   
000058a5  __aeabi_d2uiz                  
00004adf  __aeabi_dadd                   
0000523d  __aeabi_ddiv                   
00005373  __aeabi_dmul                   
00004ad5  __aeabi_dsub                   
000058e9  __aeabi_f2d                    
00005951  __aeabi_i2d                    
00005591  __aeabi_memclr                 
00005591  __aeabi_memclr4                
00005591  __aeabi_memclr8                
0000546f  __aeabi_memcpy                 
0000546f  __aeabi_memcpy4                
0000546f  __aeabi_memcpy8                
00005593  __aeabi_memset                 
00005593  __aeabi_memset4                
00005593  __aeabi_memset8                
ffffffff  __binit__                      
ffffffff  __c_args__                     
20002634  __stack                        
0000599d  _args_main                     
000056e5  _c_int00                       
00005c38  _ctypes_                       
20002618  _lock                          
000059c3  _nop                           
000059bb  _register_lock                 
000059b5  _register_unlock               
20002838  _sys_memory                    
00000d75  _system_pre_init               
2000261c  _unlock                        
00005865  abort                          
000059c9  atof                           
00005735  atoi                           
ffffffff  binit                          
00004025  calloc                         
200025ac  configValues                   
200025b8  configresvalue                 
00005781  copy_in                        
0000586d  exit                           
20001fc0  fir                            
000005d1  flush_RX                       
000005a1  flush_TX                       
00003d73  free                           
00000000  g_pfnVectors                   
00002011  getPeak                        
00000a51  get_pipe_from_STATUS           
200025a8  h                              
200025a6  j                              
000032d1  main                           
2000262c  main_func_sp                   
00003d0b  malloc                         
00003f41  memalign                       
0000546f  memcpy                         
00005599  memset                         
00003c7d  minit                          
00005dec  node                           
200025a4  preavPeakindex                 
00000e99  printChar                      
00001151  printDouble                    
00001101  print_String                   
00000fd9  print_int                      
00000ed1  print_uint                     
00001649  process_REGISTER_command       
00001479  process_command                
00000e79  readChar                       
00001399  readStr                        
00003e35  realloc                        
200025e0  rps                            
200025a2  samplcnt                       
200025c4  samplingOptions                
00004aa9  setSlaveAddress                
200020f8  str                            
00005921  strncpy                        
000042b1  strtod                         
200025dc  val                            
200025d8  voltage                        


GLOBAL SYMBOLS: SORTED BY Symbol Address 

address   name                           
-------   ----                           
00000000  __TI_static_base__             
00000000  g_pfnVectors                   
00000008  __SYSMEM_SIZE                  
00000200  __STACK_SIZE                   
00000271  Write_Reg                      
000002c9  Read_Reg                       
00000321  ConfigNRF24_Reg                
000005a1  flush_TX                       
000005d1  flush_RX                       
00000601  Read_data                      
00000659  Write_data                     
00000731  Ping_TX                        
00000739  Process_Data                   
000009c9  Send_COM_PIPE                  
00000a51  get_pipe_from_STATUS           
00000a89  Write_data_To_data_pipeX       
00000ce9  Send_Error_Code                
00000d75  _system_pre_init               
00000da9  UART_Init                      
00000e79  readChar                       
00000e99  printChar                      
00000ed1  print_uint                     
00000fd9  print_int                      
00001101  print_String                   
00001151  printDouble                    
000011a9  Printfloat                     
00001399  readStr                        
00001479  process_command                
00001649  process_REGISTER_command       
0000186b  __TI_decompress_rle24          
00001871  Max30100_Init                  
00001909  Read_MAX_DATAFIFO              
00001fd9  StartSampling                  
00001ff9  StopSampling                   
00002011  getPeak                        
000020d1  Get_HRate                      
000021e1  Get_SPO2                       
00002249  GetPeak_fromFIFO               
000022f9  SPI_Oled_Init                  
000023f1  SPI_Oled_transfer              
00002451  Oled_Write_Cmd                 
00002471  Oled_Write_Data                
00002491  Oled_Init                      
000025f1  Oled_Write_String              
00002681  Oled_Write_Char                
000026d1  Oled_TrunOff                   
000026e1  Oled_Clear_Display             
00002741  Oled_Draw_Pixel                
000027d9  Oled_Draw_Hline                
00002899  Oled_Draw_Vline                
000029f9  Oled_DisplayWhen_Init          
00002a29  Oled_int2string                
00002b89  Interrupt_IRQ                  
00002c99  PWM_Init                       
00002d99  PWM_Duty                       
00002dc1  ADC_initTimer3                 
00002f71  Timer_Init                     
00002ff1  TimerEdgeCounter_init          
000030f1  GPIO_init                      
00003211  GPIO_PortC_Handler             
00003231  GPIO_PortB_Handler             
00003251  ADCSeq2_HANDLER                
00003289  TIMER0A_HANDLER                
000032b9  TIMER2A_HANDLER                
000032d1  main                           
00003671  CheckInterrupts                
000037f1  Check_MAX_Interrupts           
00003a21  SystemCoreClockUpdate          
00003b61  SystemInit                     
00003c7d  minit                          
00003d0b  malloc                         
00003d73  free                           
00003e35  realloc                        
00003f41  memalign                       
00004025  calloc                         
00004059  Fifo_Init                      
000040a9  Fifo_Put                       
00004111  Fifo_Get                       
00004189  Fifo_Size                      
000041e9  Fifo_Write                     
000042b1  strtod                         
000044f1  DC2notch_filter_create         
00004509  DC2notch_filter_destroy        
00004519  DC2notch_filter_init           
00004529  DC2notch_filter_reset          
00004549  DC2notch_filter_filterBlock    
00004591  DC2notch_filter_filterBiquad   
000046f1  DCnotch_filter_create          
00004709  DCnotch_filter_destroy         
00004719  DCnotch_filter_init            
00004729  DCnotch_filter_reset           
00004749  DCnotch_filter_filterBlock     
00004791  DCnotch_filter_filterBiquad    
000048f1  I2C_Init                       
00004969  I2C_writeByte                  
00004a29  I2C_ReadByte                   
00004aa9  setSlaveAddress                
00004ac9  I2C_Stop                       
00004ad5  __aeabi_dsub                   
00004adf  __aeabi_dadd                   
00004c91  DC_blockFIR_filter_create      
00004ca9  DC_blockFIR_filter_destroy     
00004cb9  DC_blockFIR_filter_init        
00004cc9  DC_blockFIR_filter_reset       
00004cf1  DC_blockFIR_filter_filterBlock 
00004db1  DC_blockFIR_filter_dotProduct  
00004e11  FIR_LP_filter_create           
00004e29  FIR_LP_filter_destroy          
00004e39  FIR_LP_filter_init             
00004e49  FIR_LP_filter_reset            
00004e71  FIR_LP_filter_filterBlock      
00004f31  FIR_LP_filter_dotProduct       
00004f91  SPI_Init                       
00005099  SPI_transfer                   
00005101  MA_filter_create               
00005119  MA_filter_destroy              
00005129  MA_filter_init                 
00005139  MA_filter_reset                
00005169  MA_filter_filterBlock          
0000523d  __aeabi_ddiv                   
00005373  __aeabi_dmul                   
0000546f  __aeabi_memcpy                 
0000546f  __aeabi_memcpy4                
0000546f  __aeabi_memcpy8                
0000546f  memcpy                         
0000550b  __aeabi_cdcmpeq                
0000550b  __aeabi_cdcmple                
00005591  __aeabi_memclr                 
00005591  __aeabi_memclr4                
00005591  __aeabi_memclr8                
00005593  __aeabi_memset                 
00005593  __aeabi_memset4                
00005593  __aeabi_memset8                
00005599  memset                         
0000560d  __TI_auto_init                 
000056e5  _c_int00                       
00005735  atoi                           
00005781  copy_in                        
000057cd  __aeabi_d2f                    
00005817  __aeabi_d2iz                   
00005861  C$$EXIT                        
00005865  abort                          
0000586d  exit                           
000058a5  __aeabi_d2uiz                  
000058e9  __aeabi_f2d                    
00005921  strncpy                        
00005951  __aeabi_i2d                    
00005981  ResetISR                       
0000599d  _args_main                     
000059b5  _register_unlock               
000059bb  _register_lock                 
000059c3  _nop                           
000059c9  atof                           
000059db  __TI_decompress_none           
000059e9  __TI_zero_init                 
00005c38  _ctypes_                       
00005dec  node                           
0000627c  __TI_Handler_Table_Base        
00006288  __TI_Handler_Table_Limit       
00006290  __TI_CINIT_Base                
000062a0  __TI_CINIT_Limit               
20000000  DC_blockFIR_filter             
20000638  DC_block_RED_FIR_filter        
20000c70  Filt_IRdata                    
20001120  Filt_REDdata                   
200015d0  DC_RED_notch_Data              
200018f0  DCnotch_Data                   
20001c10  FIR_LP_filter                  
20001de8  FIR_RED_LP_filter              
20001fc0  fir                            
2000201c  HR                             
2000206c  Peaks_index                    
20002094  DC2notch_filter                
200020a8  DCnotch_filter                 
200020bc  HRstore                        
200020d0  RegisteredDevices              
200020e4  SPO2store                      
200020f8  str                            
20002108  Fifo                           
20002114  ADCvalue                       
20002118  BackPt                         
2000211c  DC_RED_acumulator              
20002120  DCacumulator                   
20002124  FrontPt                        
20002128  GetPt                          
2000212c  HRavg                          
20002130  IR_DC                          
20002134  IR_FIFO_DATA                   
20002138  IRrms                          
2000213c  MidPt                          
20002140  PutPt                          
20002144  RED_DC                         
20002148  RED_FIFO_DATA                  
2000214c  REDrms                         
20002150  RMS_RED_acumulator             
20002154  RMSacumulator                  
20002158  SPO2                           
2000215c  StatusReg                      
20002160  DeviceCnt                      
20002161  Nofpeacks                      
20002164  DC_blockFIR_filter_coefficients
2000247c  FIR_LP_filter_coefficients     
20002564  DATA_PIPE0_ADDRESS             
20002569  DATA_PIPE1_ADDRESS             
2000256e  DATA_PIPE2_ADDRESS             
20002573  DATA_PIPE3_ADDRESS             
20002578  DATA_PIPE4_ADDRESS             
2000257d  DATA_PIPE5_ADDRESS             
20002582  DATA_PIPEx_ADDRESS             
20002587  RX_PAYLOAD                     
20002591  TX_PAYLOAD                     
2000259c  IRsample_cnt                   
2000259e  REDsample_cnt                  
200025a0  Discardsample_cnt              
200025a2  samplcnt                       
200025a4  preavPeakindex                 
200025a6  j                              
200025a8  h                              
200025ac  configValues                   
200025b8  configresvalue                 
200025c4  samplingOptions                
200025c8  T0flags                        
200025cc  IRQflags_NRF                   
200025d0  IRQflags_MAX                   
200025d4  ADCflag                        
200025d8  voltage                        
200025dc  val                            
200025e0  rps                            
200025e4  DC2notch_filter_coefficients   
200025f8  DCnotch_filter_coefficients    
20002618  _lock                          
2000261c  _unlock                        
20002620  __TI_cleanup_ptr               
20002624  __TI_dtors_ptr                 
20002628  _Errno                         
2000262c  main_func_sp                   
20002630  SystemCoreClock                
20002634  __stack                        
20002834  __STACK_END                    
20002834  __STACK_TOP                    
20002838  _sys_memory                    
ffffffff  __binit__                      
ffffffff  __c_args__                     
ffffffff  binit                          
UNDEFED   SHT$$INIT_ARRAY$$Base          
UNDEFED   SHT$$INIT_ARRAY$$Limit         

[246 symbols]
