******************************************************************************
                  TI ARM Linker PC v5.2.2                      
******************************************************************************
>> Linked Wed Feb 17 18:55:50 2016

OUTPUT FILE NAME:   <GIT_UART_OXIMETER_filter.out>
ENTRY POINT SYMBOL: "_c_int00"  address: 0000490d


MEMORY CONFIGURATION

         name            origin    length      used     unused   attr    fill
----------------------  --------  ---------  --------  --------  ----  --------
  FLASH                 00000000   00040000  0000529c  0003ad64  R  X
  SRAM                  20000000   00008000  000051ad  00002e53  RW X


SEGMENT ALLOCATION MAP

run origin  load origin   length   init length attrs members
----------  ----------- ---------- ----------- ----- -------
00000000    00000000    000052a8   000052a8    r-x
  00000000    00000000    0000026c   0000026c    r-- .intvecs
  00000270    00000270    000049ac   000049ac    r-x .text
  00004c20    00004c20    000001ac   000001ac    r-- .const
  00004dd0    00004dd0    000004d8   000004d8    r-- .cinit
20000000    20000000    000051b0   00000000    rw-
  20000000    20000000    00004ab1   00000000    rw- .bss
  20004ab4    20004ab4    000004f4   00000000    rw- .data
  20004fa8    20004fa8    00000200   00000000    rw- .stack
  200051a8    200051a8    00000008   00000000    rw- .sysmem


SECTION ALLOCATION MAP

 output                                  attributes/
section   page    origin      length       input sections
--------  ----  ----------  ----------   ----------------
.intvecs   0    00000000    0000026c     
                  00000000    0000026c     startup_ccs.obj (.intvecs)

.text      0    00000270    000049ac     
                  00000270    00000b04     NRF24.obj (.text)
                  00000d74    00000004     rtsv7M4_T_le_v4SPD16_eabi.lib : pre_init.obj (.text)
                  00000d78    000009e0     UART.obj (.text)
                  00001758    000006a4     Periferal_Init.obj (.text)
                  00001dfc    00000004     --HOLE-- [fill = 0]
                  00001e00    00000608     main.obj (.text)
                  00002408    00000546     MAX30100.obj (.text)
                  0000294e    00000002     --HOLE-- [fill = 0]
                  00002950    00000444     system_LM4F.obj (.text)
                  00002d94    000003dc     rtsv7M4_T_le_v4SPD16_eabi.lib : memory.obj (.text)
                  00003170    0000023c                                   : strtod.obj (.text)
                  000033ac    00000004     --HOLE-- [fill = 0]
                  000033b0    00000206     Butterword_filter.obj (.text)
                  000035b6    00000002     --HOLE-- [fill = 0]
                  000035b8    000001fe     DC2notch_filter.obj (.text)
                  000037b6    00000002     --HOLE-- [fill = 0]
                  000037b8    000001fe     DCnotch_filter.obj (.text)
                  000039b6    00000002     --HOLE-- [fill = 0]
                  000039b8    000001e4     I2C.obj (.text)
                  00003b9c    000001b6     rtsv7M4_T_le_v4SPD16_eabi.lib : fd_add_t2.obj (.text)
                  00003d52    00000006                                   : copy_decompress_rle.obj (.text:decompress:rle24)
                  00003d58    0000017e     DC_blockFIR_filter.obj (.text)
                  00003ed6    00000002     --HOLE-- [fill = 0]
                  00003ed8    0000017e     FIR_LP_filter.obj (.text)
                  00004056    00000002     --HOLE-- [fill = 0]
                  00004058    0000016e     SPI.obj (.text)
                  000041c6    00000002     --HOLE-- [fill = 0]
                  000041c8    0000015e     FIFO.obj (.text)
                  00004326    00000002     --HOLE-- [fill = 0]
                  00004328    0000013c     MA_filter.obj (.text)
                  00004464    00000136     rtsv7M4_T_le_v4SPD16_eabi.lib : fd_div_t2.obj (.text)
                  0000459a    000000fc                                   : fd_mul_t2.obj (.text)
                  00004696    0000009c                                   : memcpy_t2.obj (.text)
                  00004732    00000086                                   : fd_cmp_t2.obj (.text:__aeabi_cdcmple)
                  000047b8    0000007a                                   : memset_t2.obj (.text)
                  00004832    00000002     --HOLE-- [fill = 0]
                  00004834    0000006c                                   : autoinit.obj (.text)
                  000048a0    0000006a                                   : copy_decompress_rle.obj (.text)
                  0000490a    00000002     --HOLE-- [fill = 0]
                  0000490c    00000050                                   : boot.obj (.text)
                  0000495c    0000004c                                   : atoi.obj (.text)
                  000049a8    0000004c                                   : cpy_tbl.obj (.text)
                  000049f4    0000004a                                   : fd_tos_t2.obj (.text)
                  00004a3e    00000048                                   : fd_toi_t2.obj (.text)
                  00004a86    00000002     --HOLE-- [fill = 0]
                  00004a88    00000044                                   : exit.obj (.text)
                  00004acc    00000044                                   : fd_tou_t2.obj (.text)
                  00004b10    00000038                                   : fs_tod_t2.obj (.text)
                  00004b48    00000030                                   : strncpy.obj (.text)
                  00004b78    0000002e                                   : i_tofd_t2.obj (.text)
                  00004ba6    00000002     --HOLE-- [fill = 0]
                  00004ba8    0000001a     startup_ccs.obj (.text)
                  00004bc2    00000002     --HOLE-- [fill = 0]
                  00004bc4    00000018     rtsv7M4_T_le_v4SPD16_eabi.lib : args_main.obj (.text)
                  00004bdc    00000014                                   : _lock.obj (.text)
                  00004bf0    00000012                                   : atof.obj (.text)
                  00004c02    0000000e                                   : copy_decompress_none.obj (.text:decompress:none)
                  00004c10    0000000c                                   : copy_zero_init.obj (.text:decompress:ZI)

.const     0    00004c20    000001ac     
                  00004c20    00000101     rtsv7M4_T_le_v4SPD16_eabi.lib : ctype.obj (.const:.string:_ctypes_)
                  00004d21    00000003     --HOLE-- [fill = 0]
                  00004d24    00000004     DC_blockFIR_filter.obj (.const)
                  00004d28    00000098     rtsv7M4_T_le_v4SPD16_eabi.lib : strtod.obj (.const)
                  00004dc0    00000004     FIR_LP_filter.obj (.const)
                  00004dc4    00000004     MA_filter.obj (.const)
                  00004dc8    00000004     NRF24.obj (.const)

.cinit     0    00004dd0    000004d8     
                  00004dd0    000004b3     (.cinit..data.load) [load image, compression = rle]
                  00005283    00000001     --HOLE-- [fill = 0]
                  00005284    0000000c     (__TI_handler_table)
                  00005290    00000008     (.cinit..bss.load) [load image, compression = zero_init]
                  00005298    00000010     (__TI_cinit_table)

.init_array 
*          0    00000000    00000000     UNINITIALIZED

.bss       0    20000000    00004ab1     UNINITIALIZED
                  20000000    00000fa0     MAX30100.obj (.bss:DCnotch_Data)
                  20000fa0    00000fa0     Filters.obj (.bss:Filt_data)
                  20001f40    00000fa0     MAX30100.obj (.bss:IR_FIFO_DATA)
                  20002ee0    00000fa0     MAX30100.obj (.bss:RED_FIFO_DATA)
                  20003e80    00000638     main.obj (.bss:DC_blockFIR_filter)
                  200044b8    00000328     FIFO.obj (.bss:Fifo)
                  200047e0    000001d8     main.obj (.bss:FIR_LP_filter)
                  200049b8    0000005c     main.obj (.bss:fir)
                  20004a14    00000024     main.obj (.bss:Butterword)
                  20004a38    00000018     (.common:Peaks_index)
                  20004a50    00000014     (.common:DC2notch_filter)
                  20004a64    00000014     (.common:DCnotch_filter)
                  20004a78    00000014     (.common:RegisteredDevices)
                  20004a8c    00000010     (.common:str)
                  20004a9c    00000004     (.common:ADCvalue)
                  20004aa0    00000004     (.common:DCacumulator)
                  20004aa4    00000004     (.common:GetPt)
                  20004aa8    00000004     (.common:PutPt)
                  20004aac    00000004     (.common:StatusReg)
                  20004ab0    00000001     (.common:DeviceCnt)

.TI.noinit 
*          0    20000000    00000000     UNINITIALIZED

.data      0    20004ab4    000004f4     UNINITIALIZED
                  20004ab4    00000318     DC_blockFIR_filter.obj (.data:DC_blockFIR_filter_coefficients)
                  20004dcc    000000e8     FIR_LP_filter.obj (.data:FIR_LP_filter_coefficients)
                  20004eb4    00000037     NRF24.obj (.data)
                  20004eeb    00000001     --HOLE--
                  20004eec    00000028     Butterword_filter.obj (.data:Butterword_filter_coefficients)
                  20004f14    00000028     MAX30100.obj (.data)
                  20004f3c    0000001c     main.obj (.data)
                  20004f58    00000014     DC2notch_filter.obj (.data)
                  20004f6c    00000014     DCnotch_filter.obj (.data)
                  20004f80    0000000c     rtsv7M4_T_le_v4SPD16_eabi.lib : memory.obj (.data)
                  20004f8c    00000008                                   : _lock.obj (.data)
                  20004f94    00000008                                   : exit.obj (.data)
                  20004f9c    00000004                                   : errno.obj (.data)
                  20004fa0    00000004                                   : stkdepth_vars.obj (.data)
                  20004fa4    00000004     system_LM4F.obj (.data)

.TI.persistent 
*          0    20004ab4    00000000     UNINITIALIZED

.stack     0    20004fa8    00000200     UNINITIALIZED
                  20004fa8    00000200     --HOLE--

.sysmem    0    200051a8    00000008     UNINITIALIZED
                  200051a8    00000008     rtsv7M4_T_le_v4SPD16_eabi.lib : memory.obj (.sysmem)


LINKER GENERATED COPY TABLES

__TI_cinit_table @ 00005298 records: 2, size/record: 8, table size: 16
	.data: load addr=00004dd0, load size=000004b3 bytes, run addr=20004ab4, run size=000004f4 bytes, compression=rle
	.bss: load addr=00005290, load size=00000008 bytes, run addr=20000000, run size=00004ab1 bytes, compression=zero_init


LINKER GENERATED HANDLER TABLE

__TI_handler_table @ 00005284 records: 3, size/record: 4, table size: 12
	index: 0, handler: __TI_decompress_rle24
	index: 1, handler: __TI_decompress_none
	index: 2, handler: __TI_zero_init


GLOBAL SYMBOLS: SORTED ALPHABETICALLY BY Name 

address   name                           
-------   ----                           
00001e71  ADCSeq2_HANDLER                
000019e1  ADC_initTimer3                 
20004f48  ADCflag                        
20004a9c  ADCvalue                       
20004a14  Butterword                     
20004eec  Butterword_filter_coefficients 
000033b1  Butterword_filter_create       
000033c9  Butterword_filter_destroy      
00003459  Butterword_filter_filterBiquad 
00003409  Butterword_filter_filterBlock  
000033d9  Butterword_filter_init         
000033e9  Butterword_filter_reset        
00004a89  C$$EXIT                        
00002241  CheckInterrupts                
000023c1  Check_MAX_Interrupts           
00000321  ConfigNRF24_Reg                
20004eb4  DATA_PIPE0_ADDRESS             
20004eb9  DATA_PIPE1_ADDRESS             
20004ebe  DATA_PIPE2_ADDRESS             
20004ec3  DATA_PIPE3_ADDRESS             
20004ec8  DATA_PIPE4_ADDRESS             
20004ecd  DATA_PIPE5_ADDRESS             
20004ed2  DATA_PIPEx_ADDRESS             
20004a50  DC2notch_filter                
20004f58  DC2notch_filter_coefficients   
000035b9  DC2notch_filter_create         
000035d1  DC2notch_filter_destroy        
00003659  DC2notch_filter_filterBiquad   
00003611  DC2notch_filter_filterBlock    
000035e1  DC2notch_filter_init           
000035f1  DC2notch_filter_reset          
20003e80  DC_blockFIR_filter             
20004ab4  DC_blockFIR_filter_coefficients
00003d59  DC_blockFIR_filter_create      
00003d71  DC_blockFIR_filter_destroy     
00003e79  DC_blockFIR_filter_dotProduct  
00003db9  DC_blockFIR_filter_filterBlock 
00003d81  DC_blockFIR_filter_init        
00003d91  DC_blockFIR_filter_reset       
20004aa0  DCacumulator                   
20000000  DCnotch_Data                   
20004a64  DCnotch_filter                 
20004f6c  DCnotch_filter_coefficients    
000037b9  DCnotch_filter_create          
000037d1  DCnotch_filter_destroy         
00003859  DCnotch_filter_filterBiquad    
00003811  DCnotch_filter_filterBlock     
000037e1  DCnotch_filter_init            
000037f1  DCnotch_filter_reset           
20004ab0  DeviceCnt                      
20004f18  Discardsample_cnt              
200047e0  FIR_LP_filter                  
20004dcc  FIR_LP_filter_coefficients     
00003ed9  FIR_LP_filter_create           
00003ef1  FIR_LP_filter_destroy          
00003ff9  FIR_LP_filter_dotProduct       
00003f39  FIR_LP_filter_filterBlock      
00003f01  FIR_LP_filter_init             
00003f11  FIR_LP_filter_reset            
00004251  Fifo_Get                       
000041c9  Fifo_Init                      
000041e9  Fifo_Put                       
000042c9  Fifo_Size                      
20004f1a  Fifocnt                        
20000fa0  Filt_data                      
00001e51  GPIO_PortB_Handler             
00001e31  GPIO_PortC_Handler             
00001d11  GPIO_init                      
20004aa4  GetPt                          
000039b9  I2C_Init                       
00003af1  I2C_ReadByte                   
00003b91  I2C_Stop                       
00003a31  I2C_writeByte                  
20004f44  IRQflags_MAX                   
20004f40  IRQflags_NRF                   
20001f40  IR_FIFO_DATA                   
20004f14  IRsample_cnt                   
000017a9  Interrupt_IRQ                  
00004329  MA_filter_create               
00004341  MA_filter_destroy              
00004391  MA_filter_filterBlock          
00004351  MA_filter_init                 
00004361  MA_filter_reset                
00002409  Max30100_Init                  
000019b9  PWM_Duty                       
000018b9  PWM_Init                       
20004a38  Peaks_index                    
00000731  Ping_TX                        
000011a9  Printfloat                     
00000739  Process_Data                   
20004aa8  PutPt                          
20002ee0  RED_FIFO_DATA                  
20004f16  REDsample_cnt                  
20004ed7  RX_PAYLOAD                     
00002541  Read_MAX_DATAFIFO              
000002c9  Read_Reg                       
00000601  Read_data                      
20004a78  RegisteredDevices              
00004ba9  ResetISR                       
UNDEFED   SHT$$INIT_ARRAY$$Base          
UNDEFED   SHT$$INIT_ARRAY$$Limit         
00004059  SPI_Init                       
00004161  SPI_transfer                   
000009c9  Send_COM_PIPE                  
00000ce9  Send_Error_Code                
00002871  StartSampling                  
20004aac  StatusReg                      
00002891  StopSampling                   
20004fa4  SystemCoreClock                
00002b39  SystemCoreClockUpdate          
00002c79  SystemInit                     
20004f3c  T0flags                        
00001ea9  TIMER0A_HANDLER                
00001ed9  TIMER2A_HANDLER                
20004ee1  TX_PAYLOAD                     
00001c11  TimerEdgeCounter_init          
00001b91  Timer_Init                     
00000da9  UART_Init                      
00000271  Write_Reg                      
00000659  Write_data                     
00000a89  Write_data_To_data_pipeX       
20004f9c  _Errno                         
200051a8  __STACK_END                    
00000200  __STACK_SIZE                   
200051a8  __STACK_TOP                    
00000008  __SYSMEM_SIZE                  
00005298  __TI_CINIT_Base                
000052a8  __TI_CINIT_Limit               
00005284  __TI_Handler_Table_Base        
00005290  __TI_Handler_Table_Limit       
00004835  __TI_auto_init                 
20004f94  __TI_cleanup_ptr               
00004c03  __TI_decompress_none           
00003d53  __TI_decompress_rle24          
20004f98  __TI_dtors_ptr                 
00000000  __TI_static_base__             
00004c11  __TI_zero_init                 
00004733  __aeabi_cdcmpeq                
00004733  __aeabi_cdcmple                
000049f5  __aeabi_d2f                    
00004a3f  __aeabi_d2iz                   
00004acd  __aeabi_d2uiz                  
00003ba7  __aeabi_dadd                   
00004465  __aeabi_ddiv                   
0000459b  __aeabi_dmul                   
00003b9d  __aeabi_dsub                   
00004b11  __aeabi_f2d                    
00004b79  __aeabi_i2d                    
000047b9  __aeabi_memclr                 
000047b9  __aeabi_memclr4                
000047b9  __aeabi_memclr8                
00004697  __aeabi_memcpy                 
00004697  __aeabi_memcpy4                
00004697  __aeabi_memcpy8                
000047bb  __aeabi_memset                 
000047bb  __aeabi_memset4                
000047bb  __aeabi_memset8                
ffffffff  __binit__                      
ffffffff  __c_args__                     
20004fa8  __stack                        
00004bc5  _args_main                     
0000490d  _c_int00                       
00004c20  _ctypes_                       
20004f8c  _lock                          
00004beb  _nop                           
00004be3  _register_lock                 
00004bdd  _register_unlock               
200051a8  _sys_memory                    
00000d75  _system_pre_init               
20004f90  _unlock                        
00004a8d  abort                          
00004bf1  atof                           
0000495d  atoi                           
ffffffff  binit                          
0000313d  calloc                         
20004f24  configValues                   
20004f30  configresvalue                 
000049a9  copy_in                        
00004a95  exit                           
200049b8  fir                            
000005d1  flush_RX                       
000005a1  flush_TX                       
00002e8b  free                           
00000000  g_pfnVectors                   
000028a9  getPeak                        
00000a51  get_pipe_from_STATUS           
20004f1e  j                              
20004f20  k                              
00001ef1  main                           
20004fa0  main_func_sp                   
00002e23  malloc                         
00003059  memalign                       
00004697  memcpy                         
000047c1  memset                         
00002d95  minit                          
00004dc8  node                           
20004f1c  preavPeakindex                 
00000e99  printChar                      
00001151  printDouble                    
00001101  print_String                   
00000fd9  print_int                      
00000ed1  print_uint                     
00001649  process_REGISTER_command       
00001479  process_command                
00000e79  readChar                       
00001399  readStr                        
00002f4d  realloc                        
20004f54  rps                            
20004f38  samplingOptions                
00003b71  setSlaveAddress                
20004a8c  str                            
00004b49  strncpy                        
00003171  strtod                         
20004f50  val                            
20004f4c  voltage                        


GLOBAL SYMBOLS: SORTED BY Symbol Address 

address   name                           
-------   ----                           
00000000  __TI_static_base__             
00000000  g_pfnVectors                   
00000008  __SYSMEM_SIZE                  
00000200  __STACK_SIZE                   
00000271  Write_Reg                      
000002c9  Read_Reg                       
00000321  ConfigNRF24_Reg                
000005a1  flush_TX                       
000005d1  flush_RX                       
00000601  Read_data                      
00000659  Write_data                     
00000731  Ping_TX                        
00000739  Process_Data                   
000009c9  Send_COM_PIPE                  
00000a51  get_pipe_from_STATUS           
00000a89  Write_data_To_data_pipeX       
00000ce9  Send_Error_Code                
00000d75  _system_pre_init               
00000da9  UART_Init                      
00000e79  readChar                       
00000e99  printChar                      
00000ed1  print_uint                     
00000fd9  print_int                      
00001101  print_String                   
00001151  printDouble                    
000011a9  Printfloat                     
00001399  readStr                        
00001479  process_command                
00001649  process_REGISTER_command       
000017a9  Interrupt_IRQ                  
000018b9  PWM_Init                       
000019b9  PWM_Duty                       
000019e1  ADC_initTimer3                 
00001b91  Timer_Init                     
00001c11  TimerEdgeCounter_init          
00001d11  GPIO_init                      
00001e31  GPIO_PortC_Handler             
00001e51  GPIO_PortB_Handler             
00001e71  ADCSeq2_HANDLER                
00001ea9  TIMER0A_HANDLER                
00001ed9  TIMER2A_HANDLER                
00001ef1  main                           
00002241  CheckInterrupts                
000023c1  Check_MAX_Interrupts           
00002409  Max30100_Init                  
00002541  Read_MAX_DATAFIFO              
00002871  StartSampling                  
00002891  StopSampling                   
000028a9  getPeak                        
00002b39  SystemCoreClockUpdate          
00002c79  SystemInit                     
00002d95  minit                          
00002e23  malloc                         
00002e8b  free                           
00002f4d  realloc                        
00003059  memalign                       
0000313d  calloc                         
00003171  strtod                         
000033b1  Butterword_filter_create       
000033c9  Butterword_filter_destroy      
000033d9  Butterword_filter_init         
000033e9  Butterword_filter_reset        
00003409  Butterword_filter_filterBlock  
00003459  Butterword_filter_filterBiquad 
000035b9  DC2notch_filter_create         
000035d1  DC2notch_filter_destroy        
000035e1  DC2notch_filter_init           
000035f1  DC2notch_filter_reset          
00003611  DC2notch_filter_filterBlock    
00003659  DC2notch_filter_filterBiquad   
000037b9  DCnotch_filter_create          
000037d1  DCnotch_filter_destroy         
000037e1  DCnotch_filter_init            
000037f1  DCnotch_filter_reset           
00003811  DCnotch_filter_filterBlock     
00003859  DCnotch_filter_filterBiquad    
000039b9  I2C_Init                       
00003a31  I2C_writeByte                  
00003af1  I2C_ReadByte                   
00003b71  setSlaveAddress                
00003b91  I2C_Stop                       
00003b9d  __aeabi_dsub                   
00003ba7  __aeabi_dadd                   
00003d53  __TI_decompress_rle24          
00003d59  DC_blockFIR_filter_create      
00003d71  DC_blockFIR_filter_destroy     
00003d81  DC_blockFIR_filter_init        
00003d91  DC_blockFIR_filter_reset       
00003db9  DC_blockFIR_filter_filterBlock 
00003e79  DC_blockFIR_filter_dotProduct  
00003ed9  FIR_LP_filter_create           
00003ef1  FIR_LP_filter_destroy          
00003f01  FIR_LP_filter_init             
00003f11  FIR_LP_filter_reset            
00003f39  FIR_LP_filter_filterBlock      
00003ff9  FIR_LP_filter_dotProduct       
00004059  SPI_Init                       
00004161  SPI_transfer                   
000041c9  Fifo_Init                      
000041e9  Fifo_Put                       
00004251  Fifo_Get                       
000042c9  Fifo_Size                      
00004329  MA_filter_create               
00004341  MA_filter_destroy              
00004351  MA_filter_init                 
00004361  MA_filter_reset                
00004391  MA_filter_filterBlock          
00004465  __aeabi_ddiv                   
0000459b  __aeabi_dmul                   
00004697  __aeabi_memcpy                 
00004697  __aeabi_memcpy4                
00004697  __aeabi_memcpy8                
00004697  memcpy                         
00004733  __aeabi_cdcmpeq                
00004733  __aeabi_cdcmple                
000047b9  __aeabi_memclr                 
000047b9  __aeabi_memclr4                
000047b9  __aeabi_memclr8                
000047bb  __aeabi_memset                 
000047bb  __aeabi_memset4                
000047bb  __aeabi_memset8                
000047c1  memset                         
00004835  __TI_auto_init                 
0000490d  _c_int00                       
0000495d  atoi                           
000049a9  copy_in                        
000049f5  __aeabi_d2f                    
00004a3f  __aeabi_d2iz                   
00004a89  C$$EXIT                        
00004a8d  abort                          
00004a95  exit                           
00004acd  __aeabi_d2uiz                  
00004b11  __aeabi_f2d                    
00004b49  strncpy                        
00004b79  __aeabi_i2d                    
00004ba9  ResetISR                       
00004bc5  _args_main                     
00004bdd  _register_unlock               
00004be3  _register_lock                 
00004beb  _nop                           
00004bf1  atof                           
00004c03  __TI_decompress_none           
00004c11  __TI_zero_init                 
00004c20  _ctypes_                       
00004dc8  node                           
00005284  __TI_Handler_Table_Base        
00005290  __TI_Handler_Table_Limit       
00005298  __TI_CINIT_Base                
000052a8  __TI_CINIT_Limit               
20000000  DCnotch_Data                   
20000fa0  Filt_data                      
20001f40  IR_FIFO_DATA                   
20002ee0  RED_FIFO_DATA                  
20003e80  DC_blockFIR_filter             
200047e0  FIR_LP_filter                  
200049b8  fir                            
20004a14  Butterword                     
20004a38  Peaks_index                    
20004a50  DC2notch_filter                
20004a64  DCnotch_filter                 
20004a78  RegisteredDevices              
20004a8c  str                            
20004a9c  ADCvalue                       
20004aa0  DCacumulator                   
20004aa4  GetPt                          
20004aa8  PutPt                          
20004aac  StatusReg                      
20004ab0  DeviceCnt                      
20004ab4  DC_blockFIR_filter_coefficients
20004dcc  FIR_LP_filter_coefficients     
20004eb4  DATA_PIPE0_ADDRESS             
20004eb9  DATA_PIPE1_ADDRESS             
20004ebe  DATA_PIPE2_ADDRESS             
20004ec3  DATA_PIPE3_ADDRESS             
20004ec8  DATA_PIPE4_ADDRESS             
20004ecd  DATA_PIPE5_ADDRESS             
20004ed2  DATA_PIPEx_ADDRESS             
20004ed7  RX_PAYLOAD                     
20004ee1  TX_PAYLOAD                     
20004eec  Butterword_filter_coefficients 
20004f14  IRsample_cnt                   
20004f16  REDsample_cnt                  
20004f18  Discardsample_cnt              
20004f1a  Fifocnt                        
20004f1c  preavPeakindex                 
20004f1e  j                              
20004f20  k                              
20004f24  configValues                   
20004f30  configresvalue                 
20004f38  samplingOptions                
20004f3c  T0flags                        
20004f40  IRQflags_NRF                   
20004f44  IRQflags_MAX                   
20004f48  ADCflag                        
20004f4c  voltage                        
20004f50  val                            
20004f54  rps                            
20004f58  DC2notch_filter_coefficients   
20004f6c  DCnotch_filter_coefficients    
20004f8c  _lock                          
20004f90  _unlock                        
20004f94  __TI_cleanup_ptr               
20004f98  __TI_dtors_ptr                 
20004f9c  _Errno                         
20004fa0  main_func_sp                   
20004fa4  SystemCoreClock                
20004fa8  __stack                        
200051a8  __STACK_END                    
200051a8  __STACK_TOP                    
200051a8  _sys_memory                    
ffffffff  __binit__                      
ffffffff  __c_args__                     
ffffffff  binit                          
UNDEFED   SHT$$INIT_ARRAY$$Base          
UNDEFED   SHT$$INIT_ARRAY$$Limit         

[215 symbols]
