******************************************************************************
                  TI ARM Linker PC v5.2.2                      
******************************************************************************
>> Linked Wed Mar 09 18:42:24 2016

OUTPUT FILE NAME:   <GIT_UART_OXIMETER_filter.out>
ENTRY POINT SYMBOL: "_c_int00"  address: 000056ad


MEMORY CONFIGURATION

         name            origin    length      used     unused   attr    fill
----------------------  --------  ---------  --------  --------  ----  --------
  FLASH                 00000000   00040000  00006290  00039d70  R  X
  SRAM                  20000000   00008000  000028ce  00005732  RW X


SEGMENT ALLOCATION MAP

run origin  load origin   length   init length attrs members
----------  ----------- ---------- ----------- ----- -------
00000000    00000000    00006298   00006298    r-x
  00000000    00000000    0000026c   0000026c    r-- .intvecs
  00000270    00000270    0000574c   0000574c    r-x .text
  000059c0    000059c0    000003f8   000003f8    r-- .const
  00005db8    00005db8    000004e0   000004e0    r-- .cinit
20000000    20000000    000028d0   00000000    rw-
  20000000    20000000    000021ce   00000000    rw- .bss
  200021d0    200021d0    000004f8   00000000    rw- .data
  200026c8    200026c8    00000200   00000000    rw- .stack
  200028c8    200028c8    00000008   00000000    rw- .sysmem


SECTION ALLOCATION MAP

 output                                  attributes/
section   page    origin      length       input sections
--------  ----  ----------  ----------   ----------------
.intvecs   0    00000000    0000026c     
                  00000000    0000026c     startup_ccs.obj (.intvecs)

.text      0    00000270    0000574c     
                  00000270    00000b04     NRF24.obj (.text)
                  00000d74    00000004     rtsv7M4_T_le_v4SPD16_eabi.lib : pre_init.obj (.text)
                  00000d78    00000af2     UART.obj (.text)
                  0000186a    00000006     rtsv7M4_T_le_v4SPD16_eabi.lib : copy_decompress_rle.obj (.text:decompress:rle24)
                  00001870    00000a4e     MAX30100.obj (.text)
                  000022be    00000002     --HOLE-- [fill = 0]
                  000022c0    0000083e     Oled.obj (.text)
                  00002afe    00000002     --HOLE-- [fill = 0]
                  00002b00    000006a4     Periferal_Init.obj (.text)
                  000031a4    00000004     --HOLE-- [fill = 0]
                  000031a8    00000658     main.obj (.text)
                  00003800    00000444     system_LM4F.obj (.text)
                  00003c44    000003dc     rtsv7M4_T_le_v4SPD16_eabi.lib : memory.obj (.text)
                  00004020    00000256     FIFO.obj (.text)
                  00004276    00000002     --HOLE-- [fill = 0]
                  00004278    0000023c     rtsv7M4_T_le_v4SPD16_eabi.lib : strtod.obj (.text)
                  000044b4    00000004     --HOLE-- [fill = 0]
                  000044b8    000001fe     DC2notch_filter.obj (.text)
                  000046b6    00000002     --HOLE-- [fill = 0]
                  000046b8    000001fe     DCnotch_filter.obj (.text)
                  000048b6    00000002     --HOLE-- [fill = 0]
                  000048b8    000001e4     I2C.obj (.text)
                  00004a9c    000001b6     rtsv7M4_T_le_v4SPD16_eabi.lib : fd_add_t2.obj (.text)
                  00004c52    00000006     --HOLE-- [fill = 0]
                  00004c58    0000017e     DC_blockFIR_filter.obj (.text)
                  00004dd6    00000002     --HOLE-- [fill = 0]
                  00004dd8    0000017e     FIR_LP_filter.obj (.text)
                  00004f56    00000002     --HOLE-- [fill = 0]
                  00004f58    0000016e     SPI.obj (.text)
                  000050c6    00000002     --HOLE-- [fill = 0]
                  000050c8    0000013c     MA_filter.obj (.text)
                  00005204    00000136     rtsv7M4_T_le_v4SPD16_eabi.lib : fd_div_t2.obj (.text)
                  0000533a    000000fc                                   : fd_mul_t2.obj (.text)
                  00005436    0000009c                                   : memcpy_t2.obj (.text)
                  000054d2    00000086                                   : fd_cmp_t2.obj (.text:__aeabi_cdcmple)
                  00005558    0000007a                                   : memset_t2.obj (.text)
                  000055d2    00000002     --HOLE-- [fill = 0]
                  000055d4    0000006c                                   : autoinit.obj (.text)
                  00005640    0000006a                                   : copy_decompress_rle.obj (.text)
                  000056aa    00000002     --HOLE-- [fill = 0]
                  000056ac    00000050                                   : boot.obj (.text)
                  000056fc    0000004c                                   : atoi.obj (.text)
                  00005748    0000004c                                   : cpy_tbl.obj (.text)
                  00005794    0000004a                                   : fd_tos_t2.obj (.text)
                  000057de    00000048                                   : fd_toi_t2.obj (.text)
                  00005826    00000002     --HOLE-- [fill = 0]
                  00005828    00000044                                   : exit.obj (.text)
                  0000586c    00000044                                   : fd_tou_t2.obj (.text)
                  000058b0    00000038                                   : fs_tod_t2.obj (.text)
                  000058e8    00000030                                   : strncpy.obj (.text)
                  00005918    0000002e                                   : i_tofd_t2.obj (.text)
                  00005946    00000002     --HOLE-- [fill = 0]
                  00005948    0000001a     startup_ccs.obj (.text)
                  00005962    00000002     --HOLE-- [fill = 0]
                  00005964    00000018     rtsv7M4_T_le_v4SPD16_eabi.lib : args_main.obj (.text)
                  0000597c    00000014                                   : _lock.obj (.text)
                  00005990    00000012                                   : atof.obj (.text)
                  000059a2    0000000e                                   : copy_decompress_none.obj (.text:decompress:none)
                  000059b0    0000000c                                   : copy_zero_init.obj (.text:decompress:ZI)

.const     0    000059c0    000003f8     
                  000059c0    00000240     Oled.obj (.const:ASCII)
                  00005c00    00000101     rtsv7M4_T_le_v4SPD16_eabi.lib : ctype.obj (.const:.string:_ctypes_)
                  00005d01    00000003     --HOLE-- [fill = 0]
                  00005d04    00000004     DC_blockFIR_filter.obj (.const)
                  00005d08    00000098     rtsv7M4_T_le_v4SPD16_eabi.lib : strtod.obj (.const)
                  00005da0    0000000a     Oled.obj (.const:.string)
                  00005daa    00000002     --HOLE-- [fill = 0]
                  00005dac    00000004     FIR_LP_filter.obj (.const)
                  00005db0    00000004     MA_filter.obj (.const)
                  00005db4    00000004     NRF24.obj (.const)

.cinit     0    00005db8    000004e0     
                  00005db8    000004b6     (.cinit..data.load) [load image, compression = rle]
                  0000626e    00000002     --HOLE-- [fill = 0]
                  00006270    0000000c     (__TI_handler_table)
                  0000627c    00000004     --HOLE-- [fill = 0]
                  00006280    00000008     (.cinit..bss.load) [load image, compression = zero_init]
                  00006288    00000010     (__TI_cinit_table)

.init_array 
*          0    00000000    00000000     UNINITIALIZED

.bss       0    20000000    000021ce     UNINITIALIZED
                  20000000    00000630     main.obj (.bss:DC_blockFIR_filter)
                  20000630    00000630     main.obj (.bss:DC_block_RED_FIR_filter)
                  20000c60    000004b0     MAX30100.obj (.bss:Filt_IRdata)
                  20001110    000004b0     MAX30100.obj (.bss:Filt_REDdata)
                  200015c0    00000320     MAX30100.obj (.bss:DC_RED_notch_Data)
                  200018e0    00000320     MAX30100.obj (.bss:DCnotch_Data)
                  20001c00    00000230     main.obj (.bss:FIR_LP_filter)
                  20001e30    00000230     main.obj (.bss:FIR_RED_LP_filter)
                  20002060    0000005c     main.obj (.bss:fir)
                  200020bc    0000002c     MAX30100.obj (.bss:HR)
                  200020e8    00000018     (.common:Peaks_index)
                  20002100    00000014     (.common:DC2notch_filter)
                  20002114    00000014     (.common:DCnotch_filter)
                  20002128    00000014     (.common:HRstore)
                  2000213c    00000014     (.common:RegisteredDevices)
                  20002150    00000014     (.common:SPO2store)
                  20002164    00000010     (.common:str)
                  20002174    0000000c     (.common:Fifo)
                  20002180    00000004     (.common:ADCvalue)
                  20002184    00000004     (.common:BackPt)
                  20002188    00000004     (.common:DC_RED_acumulator)
                  2000218c    00000004     (.common:DCacumulator)
                  20002190    00000004     (.common:FrontPt)
                  20002194    00000004     (.common:GetPt)
                  20002198    00000004     (.common:HRavg)
                  2000219c    00000004     (.common:IR_DC)
                  200021a0    00000004     (.common:IR_FIFO_DATA)
                  200021a4    00000004     (.common:IRrms)
                  200021a8    00000004     (.common:MidPt)
                  200021ac    00000004     (.common:PutPt)
                  200021b0    00000004     (.common:RED_DC)
                  200021b4    00000004     (.common:RED_FIFO_DATA)
                  200021b8    00000004     (.common:REDrms)
                  200021bc    00000004     (.common:RMS_RED_acumulator)
                  200021c0    00000004     (.common:RMSacumulator)
                  200021c4    00000004     (.common:SPO2)
                  200021c8    00000004     (.common:StatusReg)
                  200021cc    00000001     (.common:DeviceCnt)
                  200021cd    00000001     (.common:Nofpeacks)

.TI.noinit 
*          0    20000000    00000000     UNINITIALIZED

.data      0    200021d0    000004f8     UNINITIALIZED
                  200021d0    00000314     DC_blockFIR_filter.obj (.data:DC_blockFIR_filter_coefficients)
                  200024e4    00000114     FIR_LP_filter.obj (.data:FIR_LP_filter_coefficients)
                  200025f8    00000037     NRF24.obj (.data)
                  2000262f    00000001     --HOLE--
                  20002630    0000002c     MAX30100.obj (.data)
                  2000265c    0000001c     main.obj (.data)
                  20002678    00000014     DC2notch_filter.obj (.data)
                  2000268c    00000014     DCnotch_filter.obj (.data)
                  200026a0    0000000c     rtsv7M4_T_le_v4SPD16_eabi.lib : memory.obj (.data)
                  200026ac    00000008                                   : _lock.obj (.data)
                  200026b4    00000008                                   : exit.obj (.data)
                  200026bc    00000004                                   : errno.obj (.data)
                  200026c0    00000004                                   : stkdepth_vars.obj (.data)
                  200026c4    00000004     system_LM4F.obj (.data)

.TI.persistent 
*          0    200021d0    00000000     UNINITIALIZED

.stack     0    200026c8    00000200     UNINITIALIZED
                  200026c8    00000200     --HOLE--

.sysmem    0    200028c8    00000008     UNINITIALIZED
                  200028c8    00000008     rtsv7M4_T_le_v4SPD16_eabi.lib : memory.obj (.sysmem)


LINKER GENERATED COPY TABLES

__TI_cinit_table @ 00006288 records: 2, size/record: 8, table size: 16
	.data: load addr=00005db8, load size=000004b6 bytes, run addr=200021d0, run size=000004f8 bytes, compression=rle
	.bss: load addr=00006280, load size=00000008 bytes, run addr=20000000, run size=000021ce bytes, compression=zero_init


LINKER GENERATED HANDLER TABLE

__TI_handler_table @ 00006270 records: 3, size/record: 4, table size: 12
	index: 0, handler: __TI_decompress_rle24
	index: 1, handler: __TI_decompress_none
	index: 2, handler: __TI_zero_init


GLOBAL SYMBOLS: SORTED ALPHABETICALLY BY Name 

address   name                           
-------   ----                           
00003219  ADCSeq2_HANDLER                
00002d89  ADC_initTimer3                 
20002668  ADCflag                        
20002180  ADCvalue                       
20002184  BackPt                         
00005829  C$$EXIT                        
00003639  CheckInterrupts                
000037b9  Check_MAX_Interrupts           
00000321  ConfigNRF24_Reg                
200025f8  DATA_PIPE0_ADDRESS             
200025fd  DATA_PIPE1_ADDRESS             
20002602  DATA_PIPE2_ADDRESS             
20002607  DATA_PIPE3_ADDRESS             
2000260c  DATA_PIPE4_ADDRESS             
20002611  DATA_PIPE5_ADDRESS             
20002616  DATA_PIPEx_ADDRESS             
20002100  DC2notch_filter                
20002678  DC2notch_filter_coefficients   
000044b9  DC2notch_filter_create         
000044d1  DC2notch_filter_destroy        
00004559  DC2notch_filter_filterBiquad   
00004511  DC2notch_filter_filterBlock    
000044e1  DC2notch_filter_init           
000044f1  DC2notch_filter_reset          
20002188  DC_RED_acumulator              
200015c0  DC_RED_notch_Data              
20000000  DC_blockFIR_filter             
200021d0  DC_blockFIR_filter_coefficients
00004c59  DC_blockFIR_filter_create      
00004c71  DC_blockFIR_filter_destroy     
00004d79  DC_blockFIR_filter_dotProduct  
00004cb9  DC_blockFIR_filter_filterBlock 
00004c81  DC_blockFIR_filter_init        
00004c91  DC_blockFIR_filter_reset       
20000630  DC_block_RED_FIR_filter        
2000218c  DCacumulator                   
200018e0  DCnotch_Data                   
20002114  DCnotch_filter                 
2000268c  DCnotch_filter_coefficients    
000046b9  DCnotch_filter_create          
000046d1  DCnotch_filter_destroy         
00004759  DCnotch_filter_filterBiquad    
00004711  DCnotch_filter_filterBlock     
000046e1  DCnotch_filter_init            
000046f1  DCnotch_filter_reset           
200021cc  DeviceCnt                      
20002634  Discardsample_cnt              
20001c00  FIR_LP_filter                  
200024e4  FIR_LP_filter_coefficients     
00004dd9  FIR_LP_filter_create           
00004df1  FIR_LP_filter_destroy          
00004ef9  FIR_LP_filter_dotProduct       
00004e39  FIR_LP_filter_filterBlock      
00004e01  FIR_LP_filter_init             
00004e11  FIR_LP_filter_reset            
20001e30  FIR_RED_LP_filter              
20002174  Fifo                           
000040d9  Fifo_Get                       
00004021  Fifo_Init                      
00004071  Fifo_Put                       
00004151  Fifo_Size                      
000041b1  Fifo_Write                     
20002636  Fifocnt                        
20000c60  Filt_IRdata                    
20001110  Filt_REDdata                   
20002190  FrontPt                        
000031f9  GPIO_PortB_Handler             
000031d9  GPIO_PortC_Handler             
000030b9  GPIO_init                      
20002194  GetPt                          
00002149  Get_HRate                      
00002259  Get_SPO2                       
200020bc  HR                             
20002198  HRavg                          
20002128  HRstore                        
000048b9  I2C_Init                       
000049f1  I2C_ReadByte                   
00004a91  I2C_Stop                       
00004931  I2C_writeByte                  
20002664  IRQflags_MAX                   
20002660  IRQflags_NRF                   
2000219c  IR_DC                          
200021a0  IR_FIFO_DATA                   
200021a4  IRrms                          
20002630  IRsample_cnt                   
00002b51  Interrupt_IRQ                  
000050c9  MA_filter_create               
000050e1  MA_filter_destroy              
00005131  MA_filter_filterBlock          
000050f1  MA_filter_init                 
00005101  MA_filter_reset                
00001871  Max30100_Init                  
200021a8  MidPt                          
200021cd  Nofpeacks                      
000026a9  Oled_Clear_Display             
000029c1  Oled_DisplayWhen_Init          
000027a1  Oled_Draw_Hline                
00002709  Oled_Draw_Pixel                
00002861  Oled_Draw_Vline                
00002459  Oled_Init                      
00002699  Oled_TrunOff                   
00002649  Oled_Write_Char                
00002419  Oled_Write_Cmd                 
00002439  Oled_Write_Data                
000025b9  Oled_Write_String              
000029f1  Oled_int2string                
00002d61  PWM_Duty                       
00002c61  PWM_Init                       
200020e8  Peaks_index                    
00000731  Ping_TX                        
000011a9  Printfloat                     
00000739  Process_Data                   
200021ac  PutPt                          
200021b0  RED_DC                         
200021b4  RED_FIFO_DATA                  
200021b8  REDrms                         
20002632  REDsample_cnt                  
200021bc  RMS_RED_acumulator             
200021c0  RMSacumulator                  
2000261b  RX_PAYLOAD                     
00001909  Read_MAX_DATAFIFO              
000002c9  Read_Reg                       
00000601  Read_data                      
2000213c  RegisteredDevices              
00005949  ResetISR                       
UNDEFED   SHT$$INIT_ARRAY$$Base          
UNDEFED   SHT$$INIT_ARRAY$$Limit         
00004f59  SPI_Init                       
000022c1  SPI_Oled_Init                  
000023b9  SPI_Oled_transfer              
00005061  SPI_transfer                   
200021c4  SPO2                           
20002150  SPO2store                      
000009c9  Send_COM_PIPE                  
00000ce9  Send_Error_Code                
00002051  StartSampling                  
200021c8  StatusReg                      
00002071  StopSampling                   
200026c4  SystemCoreClock                
000039e9  SystemCoreClockUpdate          
00003b29  SystemInit                     
2000265c  T0flags                        
00003251  TIMER0A_HANDLER                
00003281  TIMER2A_HANDLER                
20002625  TX_PAYLOAD                     
00002fb9  TimerEdgeCounter_init          
00002f39  Timer_Init                     
00000da9  UART_Init                      
00000271  Write_Reg                      
00000659  Write_data                     
00000a89  Write_data_To_data_pipeX       
200026bc  _Errno                         
200028c8  __STACK_END                    
00000200  __STACK_SIZE                   
200028c8  __STACK_TOP                    
00000008  __SYSMEM_SIZE                  
00006288  __TI_CINIT_Base                
00006298  __TI_CINIT_Limit               
00006270  __TI_Handler_Table_Base        
0000627c  __TI_Handler_Table_Limit       
000055d5  __TI_auto_init                 
200026b4  __TI_cleanup_ptr               
000059a3  __TI_decompress_none           
0000186b  __TI_decompress_rle24          
200026b8  __TI_dtors_ptr                 
00000000  __TI_static_base__             
000059b1  __TI_zero_init                 
000054d3  __aeabi_cdcmpeq                
000054d3  __aeabi_cdcmple                
00005795  __aeabi_d2f                    
000057df  __aeabi_d2iz                   
0000586d  __aeabi_d2uiz                  
00004aa7  __aeabi_dadd                   
00005205  __aeabi_ddiv                   
0000533b  __aeabi_dmul                   
00004a9d  __aeabi_dsub                   
000058b1  __aeabi_f2d                    
00005919  __aeabi_i2d                    
00005559  __aeabi_memclr                 
00005559  __aeabi_memclr4                
00005559  __aeabi_memclr8                
00005437  __aeabi_memcpy                 
00005437  __aeabi_memcpy4                
00005437  __aeabi_memcpy8                
0000555b  __aeabi_memset                 
0000555b  __aeabi_memset4                
0000555b  __aeabi_memset8                
ffffffff  __binit__                      
ffffffff  __c_args__                     
200026c8  __stack                        
00005965  _args_main                     
000056ad  _c_int00                       
00005c00  _ctypes_                       
200026ac  _lock                          
0000598b  _nop                           
00005983  _register_lock                 
0000597d  _register_unlock               
200028c8  _sys_memory                    
00000d75  _system_pre_init               
200026b0  _unlock                        
0000582d  abort                          
00005991  atof                           
000056fd  atoi                           
ffffffff  binit                          
00003fed  calloc                         
20002640  configValues                   
2000264c  configresvalue                 
00005749  copy_in                        
00005835  exit                           
20002060  fir                            
000005d1  flush_RX                       
000005a1  flush_TX                       
00003d3b  free                           
00000000  g_pfnVectors                   
00002089  getPeak                        
00000a51  get_pipe_from_STATUS           
2000263c  h                              
2000263a  j                              
00003299  main                           
200026c0  main_func_sp                   
00003cd3  malloc                         
00003f09  memalign                       
00005437  memcpy                         
00005561  memset                         
00003c45  minit                          
00005db4  node                           
20002638  preavPeakindex                 
00000e99  printChar                      
00001151  printDouble                    
00001101  print_String                   
00000fd9  print_int                      
00000ed1  print_uint                     
00001649  process_REGISTER_command       
00001479  process_command                
00000e79  readChar                       
00001399  readStr                        
00003dfd  realloc                        
20002674  rps                            
20002658  samplingOptions                
00004a71  setSlaveAddress                
20002164  str                            
000058e9  strncpy                        
00004279  strtod                         
20002670  val                            
2000266c  voltage                        


GLOBAL SYMBOLS: SORTED BY Symbol Address 

address   name                           
-------   ----                           
00000000  __TI_static_base__             
00000000  g_pfnVectors                   
00000008  __SYSMEM_SIZE                  
00000200  __STACK_SIZE                   
00000271  Write_Reg                      
000002c9  Read_Reg                       
00000321  ConfigNRF24_Reg                
000005a1  flush_TX                       
000005d1  flush_RX                       
00000601  Read_data                      
00000659  Write_data                     
00000731  Ping_TX                        
00000739  Process_Data                   
000009c9  Send_COM_PIPE                  
00000a51  get_pipe_from_STATUS           
00000a89  Write_data_To_data_pipeX       
00000ce9  Send_Error_Code                
00000d75  _system_pre_init               
00000da9  UART_Init                      
00000e79  readChar                       
00000e99  printChar                      
00000ed1  print_uint                     
00000fd9  print_int                      
00001101  print_String                   
00001151  printDouble                    
000011a9  Printfloat                     
00001399  readStr                        
00001479  process_command                
00001649  process_REGISTER_command       
0000186b  __TI_decompress_rle24          
00001871  Max30100_Init                  
00001909  Read_MAX_DATAFIFO              
00002051  StartSampling                  
00002071  StopSampling                   
00002089  getPeak                        
00002149  Get_HRate                      
00002259  Get_SPO2                       
000022c1  SPI_Oled_Init                  
000023b9  SPI_Oled_transfer              
00002419  Oled_Write_Cmd                 
00002439  Oled_Write_Data                
00002459  Oled_Init                      
000025b9  Oled_Write_String              
00002649  Oled_Write_Char                
00002699  Oled_TrunOff                   
000026a9  Oled_Clear_Display             
00002709  Oled_Draw_Pixel                
000027a1  Oled_Draw_Hline                
00002861  Oled_Draw_Vline                
000029c1  Oled_DisplayWhen_Init          
000029f1  Oled_int2string                
00002b51  Interrupt_IRQ                  
00002c61  PWM_Init                       
00002d61  PWM_Duty                       
00002d89  ADC_initTimer3                 
00002f39  Timer_Init                     
00002fb9  TimerEdgeCounter_init          
000030b9  GPIO_init                      
000031d9  GPIO_PortC_Handler             
000031f9  GPIO_PortB_Handler             
00003219  ADCSeq2_HANDLER                
00003251  TIMER0A_HANDLER                
00003281  TIMER2A_HANDLER                
00003299  main                           
00003639  CheckInterrupts                
000037b9  Check_MAX_Interrupts           
000039e9  SystemCoreClockUpdate          
00003b29  SystemInit                     
00003c45  minit                          
00003cd3  malloc                         
00003d3b  free                           
00003dfd  realloc                        
00003f09  memalign                       
00003fed  calloc                         
00004021  Fifo_Init                      
00004071  Fifo_Put                       
000040d9  Fifo_Get                       
00004151  Fifo_Size                      
000041b1  Fifo_Write                     
00004279  strtod                         
000044b9  DC2notch_filter_create         
000044d1  DC2notch_filter_destroy        
000044e1  DC2notch_filter_init           
000044f1  DC2notch_filter_reset          
00004511  DC2notch_filter_filterBlock    
00004559  DC2notch_filter_filterBiquad   
000046b9  DCnotch_filter_create          
000046d1  DCnotch_filter_destroy         
000046e1  DCnotch_filter_init            
000046f1  DCnotch_filter_reset           
00004711  DCnotch_filter_filterBlock     
00004759  DCnotch_filter_filterBiquad    
000048b9  I2C_Init                       
00004931  I2C_writeByte                  
000049f1  I2C_ReadByte                   
00004a71  setSlaveAddress                
00004a91  I2C_Stop                       
00004a9d  __aeabi_dsub                   
00004aa7  __aeabi_dadd                   
00004c59  DC_blockFIR_filter_create      
00004c71  DC_blockFIR_filter_destroy     
00004c81  DC_blockFIR_filter_init        
00004c91  DC_blockFIR_filter_reset       
00004cb9  DC_blockFIR_filter_filterBlock 
00004d79  DC_blockFIR_filter_dotProduct  
00004dd9  FIR_LP_filter_create           
00004df1  FIR_LP_filter_destroy          
00004e01  FIR_LP_filter_init             
00004e11  FIR_LP_filter_reset            
00004e39  FIR_LP_filter_filterBlock      
00004ef9  FIR_LP_filter_dotProduct       
00004f59  SPI_Init                       
00005061  SPI_transfer                   
000050c9  MA_filter_create               
000050e1  MA_filter_destroy              
000050f1  MA_filter_init                 
00005101  MA_filter_reset                
00005131  MA_filter_filterBlock          
00005205  __aeabi_ddiv                   
0000533b  __aeabi_dmul                   
00005437  __aeabi_memcpy                 
00005437  __aeabi_memcpy4                
00005437  __aeabi_memcpy8                
00005437  memcpy                         
000054d3  __aeabi_cdcmpeq                
000054d3  __aeabi_cdcmple                
00005559  __aeabi_memclr                 
00005559  __aeabi_memclr4                
00005559  __aeabi_memclr8                
0000555b  __aeabi_memset                 
0000555b  __aeabi_memset4                
0000555b  __aeabi_memset8                
00005561  memset                         
000055d5  __TI_auto_init                 
000056ad  _c_int00                       
000056fd  atoi                           
00005749  copy_in                        
00005795  __aeabi_d2f                    
000057df  __aeabi_d2iz                   
00005829  C$$EXIT                        
0000582d  abort                          
00005835  exit                           
0000586d  __aeabi_d2uiz                  
000058b1  __aeabi_f2d                    
000058e9  strncpy                        
00005919  __aeabi_i2d                    
00005949  ResetISR                       
00005965  _args_main                     
0000597d  _register_unlock               
00005983  _register_lock                 
0000598b  _nop                           
00005991  atof                           
000059a3  __TI_decompress_none           
000059b1  __TI_zero_init                 
00005c00  _ctypes_                       
00005db4  node                           
00006270  __TI_Handler_Table_Base        
0000627c  __TI_Handler_Table_Limit       
00006288  __TI_CINIT_Base                
00006298  __TI_CINIT_Limit               
20000000  DC_blockFIR_filter             
20000630  DC_block_RED_FIR_filter        
20000c60  Filt_IRdata                    
20001110  Filt_REDdata                   
200015c0  DC_RED_notch_Data              
200018e0  DCnotch_Data                   
20001c00  FIR_LP_filter                  
20001e30  FIR_RED_LP_filter              
20002060  fir                            
200020bc  HR                             
200020e8  Peaks_index                    
20002100  DC2notch_filter                
20002114  DCnotch_filter                 
20002128  HRstore                        
2000213c  RegisteredDevices              
20002150  SPO2store                      
20002164  str                            
20002174  Fifo                           
20002180  ADCvalue                       
20002184  BackPt                         
20002188  DC_RED_acumulator              
2000218c  DCacumulator                   
20002190  FrontPt                        
20002194  GetPt                          
20002198  HRavg                          
2000219c  IR_DC                          
200021a0  IR_FIFO_DATA                   
200021a4  IRrms                          
200021a8  MidPt                          
200021ac  PutPt                          
200021b0  RED_DC                         
200021b4  RED_FIFO_DATA                  
200021b8  REDrms                         
200021bc  RMS_RED_acumulator             
200021c0  RMSacumulator                  
200021c4  SPO2                           
200021c8  StatusReg                      
200021cc  DeviceCnt                      
200021cd  Nofpeacks                      
200021d0  DC_blockFIR_filter_coefficients
200024e4  FIR_LP_filter_coefficients     
200025f8  DATA_PIPE0_ADDRESS             
200025fd  DATA_PIPE1_ADDRESS             
20002602  DATA_PIPE2_ADDRESS             
20002607  DATA_PIPE3_ADDRESS             
2000260c  DATA_PIPE4_ADDRESS             
20002611  DATA_PIPE5_ADDRESS             
20002616  DATA_PIPEx_ADDRESS             
2000261b  RX_PAYLOAD                     
20002625  TX_PAYLOAD                     
20002630  IRsample_cnt                   
20002632  REDsample_cnt                  
20002634  Discardsample_cnt              
20002636  Fifocnt                        
20002638  preavPeakindex                 
2000263a  j                              
2000263c  h                              
20002640  configValues                   
2000264c  configresvalue                 
20002658  samplingOptions                
2000265c  T0flags                        
20002660  IRQflags_NRF                   
20002664  IRQflags_MAX                   
20002668  ADCflag                        
2000266c  voltage                        
20002670  val                            
20002674  rps                            
20002678  DC2notch_filter_coefficients   
2000268c  DCnotch_filter_coefficients    
200026ac  _lock                          
200026b0  _unlock                        
200026b4  __TI_cleanup_ptr               
200026b8  __TI_dtors_ptr                 
200026bc  _Errno                         
200026c0  main_func_sp                   
200026c4  SystemCoreClock                
200026c8  __stack                        
200028c8  __STACK_END                    
200028c8  __STACK_TOP                    
200028c8  _sys_memory                    
ffffffff  __binit__                      
ffffffff  __c_args__                     
ffffffff  binit                          
UNDEFED   SHT$$INIT_ARRAY$$Base          
UNDEFED   SHT$$INIT_ARRAY$$Limit         

[245 symbols]
