******************************************************************************
                  TI ARM Linker PC v5.2.2                      
******************************************************************************
>> Linked Tue Feb 23 19:06:09 2016

OUTPUT FILE NAME:   <GIT_UART_OXIMETER_filter.out>
ENTRY POINT SYMBOL: "_c_int00"  address: 00004c3d


MEMORY CONFIGURATION

         name            origin    length      used     unused   attr    fill
----------------------  --------  ---------  --------  --------  ----  --------
  FLASH                 00000000   00040000  000055a4  0003aa5c  R  X
  SRAM                  20000000   00008000  0000346a  00004b96  RW X


SEGMENT ALLOCATION MAP

run origin  load origin   length   init length attrs members
----------  ----------- ---------- ----------- ----- -------
00000000    00000000    000055b0   000055b0    r-x
  00000000    00000000    0000026c   0000026c    r-- .intvecs
  00000270    00000270    00004cdc   00004cdc    r-x .text
  00004f50    00004f50    000001ac   000001ac    r-- .const
  00005100    00005100    000004b0   000004b0    r-- .cinit
20000000    20000000    00003470   00000000    rw-
  20000000    20000000    00002d96   00000000    rw- .bss
  20002d98    20002d98    000004cc   00000000    rw- .data
  20003264    20003264    00000200   00000000    rw- .stack
  20003468    20003468    00000008   00000000    rw- .sysmem


SECTION ALLOCATION MAP

 output                                  attributes/
section   page    origin      length       input sections
--------  ----  ----------  ----------   ----------------
.intvecs   0    00000000    0000026c     
                  00000000    0000026c     startup_ccs.obj (.intvecs)

.text      0    00000270    00004cdc     
                  00000270    00000b04     NRF24.obj (.text)
                  00000d74    00000004     rtsv7M4_T_le_v4SPD16_eabi.lib : pre_init.obj (.text)
                  00000d78    00000a6e     MAX30100.obj (.text)
                  000017e6    00000002     --HOLE-- [fill = 0]
                  000017e8    000009e0     UART.obj (.text)
                  000021c8    000006a4     Periferal_Init.obj (.text)
                  0000286c    00000004     --HOLE-- [fill = 0]
                  00002870    00000618     main.obj (.text)
                  00002e88    00000444     system_LM4F.obj (.text)
                  000032cc    000003dc     rtsv7M4_T_le_v4SPD16_eabi.lib : memory.obj (.text)
                  000036a8    0000023c                                   : strtod.obj (.text)
                  000038e4    00000004     --HOLE-- [fill = 0]
                  000038e8    000001fe     DC2notch_filter.obj (.text)
                  00003ae6    00000002     --HOLE-- [fill = 0]
                  00003ae8    000001fe     DCnotch_filter.obj (.text)
                  00003ce6    00000002     --HOLE-- [fill = 0]
                  00003ce8    000001e4     I2C.obj (.text)
                  00003ecc    000001b6     rtsv7M4_T_le_v4SPD16_eabi.lib : fd_add_t2.obj (.text)
                  00004082    00000006                                   : copy_decompress_rle.obj (.text:decompress:rle24)
                  00004088    0000017e     DC_blockFIR_filter.obj (.text)
                  00004206    00000002     --HOLE-- [fill = 0]
                  00004208    0000017e     FIR_LP_filter.obj (.text)
                  00004386    00000002     --HOLE-- [fill = 0]
                  00004388    0000016e     SPI.obj (.text)
                  000044f6    00000002     --HOLE-- [fill = 0]
                  000044f8    0000015e     FIFO.obj (.text)
                  00004656    00000002     --HOLE-- [fill = 0]
                  00004658    0000013c     MA_filter.obj (.text)
                  00004794    00000136     rtsv7M4_T_le_v4SPD16_eabi.lib : fd_div_t2.obj (.text)
                  000048ca    000000fc                                   : fd_mul_t2.obj (.text)
                  000049c6    0000009c                                   : memcpy_t2.obj (.text)
                  00004a62    00000086                                   : fd_cmp_t2.obj (.text:__aeabi_cdcmple)
                  00004ae8    0000007a                                   : memset_t2.obj (.text)
                  00004b62    00000002     --HOLE-- [fill = 0]
                  00004b64    0000006c                                   : autoinit.obj (.text)
                  00004bd0    0000006a                                   : copy_decompress_rle.obj (.text)
                  00004c3a    00000002     --HOLE-- [fill = 0]
                  00004c3c    00000050                                   : boot.obj (.text)
                  00004c8c    0000004c                                   : atoi.obj (.text)
                  00004cd8    0000004c                                   : cpy_tbl.obj (.text)
                  00004d24    0000004a                                   : fd_tos_t2.obj (.text)
                  00004d6e    00000048                                   : fd_toi_t2.obj (.text)
                  00004db6    00000002     --HOLE-- [fill = 0]
                  00004db8    00000044                                   : exit.obj (.text)
                  00004dfc    00000044                                   : fd_tou_t2.obj (.text)
                  00004e40    00000038                                   : fs_tod_t2.obj (.text)
                  00004e78    00000030                                   : strncpy.obj (.text)
                  00004ea8    0000002e                                   : i_tofd_t2.obj (.text)
                  00004ed6    00000002     --HOLE-- [fill = 0]
                  00004ed8    0000001a     startup_ccs.obj (.text)
                  00004ef2    00000002     --HOLE-- [fill = 0]
                  00004ef4    00000018     rtsv7M4_T_le_v4SPD16_eabi.lib : args_main.obj (.text)
                  00004f0c    00000014                                   : _lock.obj (.text)
                  00004f20    00000012                                   : atof.obj (.text)
                  00004f32    0000000e                                   : copy_decompress_none.obj (.text:decompress:none)
                  00004f40    0000000c                                   : copy_zero_init.obj (.text:decompress:ZI)

.const     0    00004f50    000001ac     
                  00004f50    00000101     rtsv7M4_T_le_v4SPD16_eabi.lib : ctype.obj (.const:.string:_ctypes_)
                  00005051    00000003     --HOLE-- [fill = 0]
                  00005054    00000004     DC_blockFIR_filter.obj (.const)
                  00005058    00000098     rtsv7M4_T_le_v4SPD16_eabi.lib : strtod.obj (.const)
                  000050f0    00000004     FIR_LP_filter.obj (.const)
                  000050f4    00000004     MA_filter.obj (.const)
                  000050f8    00000004     NRF24.obj (.const)

.cinit     0    00005100    000004b0     
                  00005100    00000489     (.cinit..data.load) [load image, compression = rle]
                  00005589    00000003     --HOLE-- [fill = 0]
                  0000558c    0000000c     (__TI_handler_table)
                  00005598    00000008     (.cinit..bss.load) [load image, compression = zero_init]
                  000055a0    00000010     (__TI_cinit_table)

.init_array 
*          0    00000000    00000000     UNINITIALIZED

.bss       0    20000000    00002d96     UNINITIALIZED
                  20000000    00000638     main.obj (.bss:DC_blockFIR_filter)
                  20000638    00000638     main.obj (.bss:DC_block_RED_FIR_filter)
                  20000c70    000004b0     MAX30100.obj (.bss:Filt_IRdata)
                  20001120    000004b0     MAX30100.obj (.bss:Filt_REDdata)
                  200015d0    000004b0     MAX30100.obj (.bss:IR_FIFO_DATA)
                  20001a80    000004b0     MAX30100.obj (.bss:RED_FIFO_DATA)
                  20001f30    00000328     FIFO.obj (.bss:Fifo)
                  20002258    00000320     MAX30100.obj (.bss:DC_RED_notch_Data)
                  20002578    00000320     MAX30100.obj (.bss:DCnotch_Data)
                  20002898    000001d8     main.obj (.bss:FIR_LP_filter)
                  20002a70    000001d8     main.obj (.bss:FIR_RED_LP_filter)
                  20002c48    0000005c     main.obj (.bss:fir)
                  20002ca4    0000002c     MAX30100.obj (.bss:HR)
                  20002cd0    00000018     (.common:Peaks_index)
                  20002ce8    00000014     (.common:DC2notch_filter)
                  20002cfc    00000014     (.common:DCnotch_filter)
                  20002d10    00000014     (.common:HRstore)
                  20002d24    00000014     (.common:RegisteredDevices)
                  20002d38    00000014     (.common:SPO2store)
                  20002d4c    00000010     (.common:str)
                  20002d5c    00000004     (.common:ADCvalue)
                  20002d60    00000004     (.common:DC_RED_acumulator)
                  20002d64    00000004     (.common:DCacumulator)
                  20002d68    00000004     (.common:GetPt)
                  20002d6c    00000004     (.common:HRavg)
                  20002d70    00000004     (.common:IR_DC)
                  20002d74    00000004     (.common:IRrms)
                  20002d78    00000004     (.common:PutPt)
                  20002d7c    00000004     (.common:RED_DC)
                  20002d80    00000004     (.common:REDrms)
                  20002d84    00000004     (.common:RMS_RED_acumulator)
                  20002d88    00000004     (.common:RMSacumulator)
                  20002d8c    00000004     (.common:SPO2)
                  20002d90    00000004     (.common:StatusReg)
                  20002d94    00000001     (.common:DeviceCnt)
                  20002d95    00000001     (.common:Nofpeacks)

.TI.noinit 
*          0    20000000    00000000     UNINITIALIZED

.data      0    20002d98    000004cc     UNINITIALIZED
                  20002d98    00000318     DC_blockFIR_filter.obj (.data:DC_blockFIR_filter_coefficients)
                  200030b0    000000e8     FIR_LP_filter.obj (.data:FIR_LP_filter_coefficients)
                  20003198    00000037     NRF24.obj (.data)
                  200031cf    00000001     --HOLE--
                  200031d0    00000028     MAX30100.obj (.data)
                  200031f8    0000001c     main.obj (.data)
                  20003214    00000014     DC2notch_filter.obj (.data)
                  20003228    00000014     DCnotch_filter.obj (.data)
                  2000323c    0000000c     rtsv7M4_T_le_v4SPD16_eabi.lib : memory.obj (.data)
                  20003248    00000008                                   : _lock.obj (.data)
                  20003250    00000008                                   : exit.obj (.data)
                  20003258    00000004                                   : errno.obj (.data)
                  2000325c    00000004                                   : stkdepth_vars.obj (.data)
                  20003260    00000004     system_LM4F.obj (.data)

.TI.persistent 
*          0    20002d98    00000000     UNINITIALIZED

.stack     0    20003264    00000200     UNINITIALIZED
                  20003264    00000200     --HOLE--

.sysmem    0    20003468    00000008     UNINITIALIZED
                  20003468    00000008     rtsv7M4_T_le_v4SPD16_eabi.lib : memory.obj (.sysmem)


LINKER GENERATED COPY TABLES

__TI_cinit_table @ 000055a0 records: 2, size/record: 8, table size: 16
	.data: load addr=00005100, load size=00000489 bytes, run addr=20002d98, run size=000004cc bytes, compression=rle
	.bss: load addr=00005598, load size=00000008 bytes, run addr=20000000, run size=00002d96 bytes, compression=zero_init


LINKER GENERATED HANDLER TABLE

__TI_handler_table @ 0000558c records: 3, size/record: 4, table size: 12
	index: 0, handler: __TI_decompress_rle24
	index: 1, handler: __TI_decompress_none
	index: 2, handler: __TI_zero_init


GLOBAL SYMBOLS: SORTED ALPHABETICALLY BY Name 

address   name                           
-------   ----                           
000028e1  ADCSeq2_HANDLER                
00002451  ADC_initTimer3                 
20003204  ADCflag                        
20002d5c  ADCvalue                       
00004db9  C$$EXIT                        
00002cc1  CheckInterrupts                
00002e41  Check_MAX_Interrupts           
00000321  ConfigNRF24_Reg                
20003198  DATA_PIPE0_ADDRESS             
2000319d  DATA_PIPE1_ADDRESS             
200031a2  DATA_PIPE2_ADDRESS             
200031a7  DATA_PIPE3_ADDRESS             
200031ac  DATA_PIPE4_ADDRESS             
200031b1  DATA_PIPE5_ADDRESS             
200031b6  DATA_PIPEx_ADDRESS             
20002ce8  DC2notch_filter                
20003214  DC2notch_filter_coefficients   
000038e9  DC2notch_filter_create         
00003901  DC2notch_filter_destroy        
00003989  DC2notch_filter_filterBiquad   
00003941  DC2notch_filter_filterBlock    
00003911  DC2notch_filter_init           
00003921  DC2notch_filter_reset          
20002d60  DC_RED_acumulator              
20002258  DC_RED_notch_Data              
20000000  DC_blockFIR_filter             
20002d98  DC_blockFIR_filter_coefficients
00004089  DC_blockFIR_filter_create      
000040a1  DC_blockFIR_filter_destroy     
000041a9  DC_blockFIR_filter_dotProduct  
000040e9  DC_blockFIR_filter_filterBlock 
000040b1  DC_blockFIR_filter_init        
000040c1  DC_blockFIR_filter_reset       
20000638  DC_block_RED_FIR_filter        
20002d64  DCacumulator                   
20002578  DCnotch_Data                   
20002cfc  DCnotch_filter                 
20003228  DCnotch_filter_coefficients    
00003ae9  DCnotch_filter_create          
00003b01  DCnotch_filter_destroy         
00003b89  DCnotch_filter_filterBiquad    
00003b41  DCnotch_filter_filterBlock     
00003b11  DCnotch_filter_init            
00003b21  DCnotch_filter_reset           
20002d94  DeviceCnt                      
200031d4  Discardsample_cnt              
20002898  FIR_LP_filter                  
200030b0  FIR_LP_filter_coefficients     
00004209  FIR_LP_filter_create           
00004221  FIR_LP_filter_destroy          
00004329  FIR_LP_filter_dotProduct       
00004269  FIR_LP_filter_filterBlock      
00004231  FIR_LP_filter_init             
00004241  FIR_LP_filter_reset            
20002a70  FIR_RED_LP_filter              
00004581  Fifo_Get                       
000044f9  Fifo_Init                      
00004519  Fifo_Put                       
000045f9  Fifo_Size                      
200031d6  Fifocnt                        
20000c70  Filt_IRdata                    
20001120  Filt_REDdata                   
000028c1  GPIO_PortB_Handler             
000028a1  GPIO_PortC_Handler             
00002781  GPIO_init                      
20002d68  GetPt                          
00001671  Get_HRate                      
00001781  Get_SPO2                       
20002ca4  HR                             
20002d6c  HRavg                          
20002d10  HRstore                        
00003ce9  I2C_Init                       
00003e21  I2C_ReadByte                   
00003ec1  I2C_Stop                       
00003d61  I2C_writeByte                  
20003200  IRQflags_MAX                   
200031fc  IRQflags_NRF                   
20002d70  IR_DC                          
200015d0  IR_FIFO_DATA                   
20002d74  IRrms                          
200031d0  IRsample_cnt                   
00002219  Interrupt_IRQ                  
00004659  MA_filter_create               
00004671  MA_filter_destroy              
000046c1  MA_filter_filterBlock          
00004681  MA_filter_init                 
00004691  MA_filter_reset                
00000d79  Max30100_Init                  
20002d95  Nofpeacks                      
00002429  PWM_Duty                       
00002329  PWM_Init                       
20002cd0  Peaks_index                    
00000731  Ping_TX                        
00001c19  Printfloat                     
00000739  Process_Data                   
20002d78  PutPt                          
20002d7c  RED_DC                         
20001a80  RED_FIFO_DATA                  
20002d80  REDrms                         
200031d2  REDsample_cnt                  
20002d84  RMS_RED_acumulator             
20002d88  RMSacumulator                  
200031bb  RX_PAYLOAD                     
00000eb1  Read_MAX_DATAFIFO              
000002c9  Read_Reg                       
00000601  Read_data                      
20002d24  RegisteredDevices              
00004ed9  ResetISR                       
UNDEFED   SHT$$INIT_ARRAY$$Base          
UNDEFED   SHT$$INIT_ARRAY$$Limit         
00004389  SPI_Init                       
00004491  SPI_transfer                   
20002d8c  SPO2                           
20002d38  SPO2store                      
000009c9  Send_COM_PIPE                  
00000ce9  Send_Error_Code                
00001579  StartSampling                  
20002d90  StatusReg                      
00001599  StopSampling                   
20003260  SystemCoreClock                
00003071  SystemCoreClockUpdate          
000031b1  SystemInit                     
200031f8  T0flags                        
00002919  TIMER0A_HANDLER                
00002949  TIMER2A_HANDLER                
200031c5  TX_PAYLOAD                     
00002681  TimerEdgeCounter_init          
00002601  Timer_Init                     
00001819  UART_Init                      
00000271  Write_Reg                      
00000659  Write_data                     
00000a89  Write_data_To_data_pipeX       
20003258  _Errno                         
20003464  __STACK_END                    
00000200  __STACK_SIZE                   
20003464  __STACK_TOP                    
00000008  __SYSMEM_SIZE                  
000055a0  __TI_CINIT_Base                
000055b0  __TI_CINIT_Limit               
0000558c  __TI_Handler_Table_Base        
00005598  __TI_Handler_Table_Limit       
00004b65  __TI_auto_init                 
20003250  __TI_cleanup_ptr               
00004f33  __TI_decompress_none           
00004083  __TI_decompress_rle24          
20003254  __TI_dtors_ptr                 
00000000  __TI_static_base__             
00004f41  __TI_zero_init                 
00004a63  __aeabi_cdcmpeq                
00004a63  __aeabi_cdcmple                
00004d25  __aeabi_d2f                    
00004d6f  __aeabi_d2iz                   
00004dfd  __aeabi_d2uiz                  
00003ed7  __aeabi_dadd                   
00004795  __aeabi_ddiv                   
000048cb  __aeabi_dmul                   
00003ecd  __aeabi_dsub                   
00004e41  __aeabi_f2d                    
00004ea9  __aeabi_i2d                    
00004ae9  __aeabi_memclr                 
00004ae9  __aeabi_memclr4                
00004ae9  __aeabi_memclr8                
000049c7  __aeabi_memcpy                 
000049c7  __aeabi_memcpy4                
000049c7  __aeabi_memcpy8                
00004aeb  __aeabi_memset                 
00004aeb  __aeabi_memset4                
00004aeb  __aeabi_memset8                
ffffffff  __binit__                      
ffffffff  __c_args__                     
20003264  __stack                        
00004ef5  _args_main                     
00004c3d  _c_int00                       
00004f50  _ctypes_                       
20003248  _lock                          
00004f1b  _nop                           
00004f13  _register_lock                 
00004f0d  _register_unlock               
20003468  _sys_memory                    
00000d75  _system_pre_init               
2000324c  _unlock                        
00004dbd  abort                          
00004f21  atof                           
00004c8d  atoi                           
ffffffff  binit                          
00003675  calloc                         
200031e0  configValues                   
200031ec  configresvalue                 
00004cd9  copy_in                        
00004dc5  exit                           
20002c48  fir                            
000005d1  flush_RX                       
000005a1  flush_TX                       
000033c3  free                           
00000000  g_pfnVectors                   
000015b1  getPeak                        
00000a51  get_pipe_from_STATUS           
200031dc  h                              
200031da  j                              
00002961  main                           
2000325c  main_func_sp                   
0000335b  malloc                         
00003591  memalign                       
000049c7  memcpy                         
00004af1  memset                         
000032cd  minit                          
000050f8  node                           
200031d8  preavPeakindex                 
00001909  printChar                      
00001bc1  printDouble                    
00001b71  print_String                   
00001a49  print_int                      
00001941  print_uint                     
000020b9  process_REGISTER_command       
00001ee9  process_command                
000018e9  readChar                       
00001e09  readStr                        
00003485  realloc                        
20003210  rps                            
200031f4  samplingOptions                
00003ea1  setSlaveAddress                
20002d4c  str                            
00004e79  strncpy                        
000036a9  strtod                         
2000320c  val                            
20003208  voltage                        


GLOBAL SYMBOLS: SORTED BY Symbol Address 

address   name                           
-------   ----                           
00000000  __TI_static_base__             
00000000  g_pfnVectors                   
00000008  __SYSMEM_SIZE                  
00000200  __STACK_SIZE                   
00000271  Write_Reg                      
000002c9  Read_Reg                       
00000321  ConfigNRF24_Reg                
000005a1  flush_TX                       
000005d1  flush_RX                       
00000601  Read_data                      
00000659  Write_data                     
00000731  Ping_TX                        
00000739  Process_Data                   
000009c9  Send_COM_PIPE                  
00000a51  get_pipe_from_STATUS           
00000a89  Write_data_To_data_pipeX       
00000ce9  Send_Error_Code                
00000d75  _system_pre_init               
00000d79  Max30100_Init                  
00000eb1  Read_MAX_DATAFIFO              
00001579  StartSampling                  
00001599  StopSampling                   
000015b1  getPeak                        
00001671  Get_HRate                      
00001781  Get_SPO2                       
00001819  UART_Init                      
000018e9  readChar                       
00001909  printChar                      
00001941  print_uint                     
00001a49  print_int                      
00001b71  print_String                   
00001bc1  printDouble                    
00001c19  Printfloat                     
00001e09  readStr                        
00001ee9  process_command                
000020b9  process_REGISTER_command       
00002219  Interrupt_IRQ                  
00002329  PWM_Init                       
00002429  PWM_Duty                       
00002451  ADC_initTimer3                 
00002601  Timer_Init                     
00002681  TimerEdgeCounter_init          
00002781  GPIO_init                      
000028a1  GPIO_PortC_Handler             
000028c1  GPIO_PortB_Handler             
000028e1  ADCSeq2_HANDLER                
00002919  TIMER0A_HANDLER                
00002949  TIMER2A_HANDLER                
00002961  main                           
00002cc1  CheckInterrupts                
00002e41  Check_MAX_Interrupts           
00003071  SystemCoreClockUpdate          
000031b1  SystemInit                     
000032cd  minit                          
0000335b  malloc                         
000033c3  free                           
00003485  realloc                        
00003591  memalign                       
00003675  calloc                         
000036a9  strtod                         
000038e9  DC2notch_filter_create         
00003901  DC2notch_filter_destroy        
00003911  DC2notch_filter_init           
00003921  DC2notch_filter_reset          
00003941  DC2notch_filter_filterBlock    
00003989  DC2notch_filter_filterBiquad   
00003ae9  DCnotch_filter_create          
00003b01  DCnotch_filter_destroy         
00003b11  DCnotch_filter_init            
00003b21  DCnotch_filter_reset           
00003b41  DCnotch_filter_filterBlock     
00003b89  DCnotch_filter_filterBiquad    
00003ce9  I2C_Init                       
00003d61  I2C_writeByte                  
00003e21  I2C_ReadByte                   
00003ea1  setSlaveAddress                
00003ec1  I2C_Stop                       
00003ecd  __aeabi_dsub                   
00003ed7  __aeabi_dadd                   
00004083  __TI_decompress_rle24          
00004089  DC_blockFIR_filter_create      
000040a1  DC_blockFIR_filter_destroy     
000040b1  DC_blockFIR_filter_init        
000040c1  DC_blockFIR_filter_reset       
000040e9  DC_blockFIR_filter_filterBlock 
000041a9  DC_blockFIR_filter_dotProduct  
00004209  FIR_LP_filter_create           
00004221  FIR_LP_filter_destroy          
00004231  FIR_LP_filter_init             
00004241  FIR_LP_filter_reset            
00004269  FIR_LP_filter_filterBlock      
00004329  FIR_LP_filter_dotProduct       
00004389  SPI_Init                       
00004491  SPI_transfer                   
000044f9  Fifo_Init                      
00004519  Fifo_Put                       
00004581  Fifo_Get                       
000045f9  Fifo_Size                      
00004659  MA_filter_create               
00004671  MA_filter_destroy              
00004681  MA_filter_init                 
00004691  MA_filter_reset                
000046c1  MA_filter_filterBlock          
00004795  __aeabi_ddiv                   
000048cb  __aeabi_dmul                   
000049c7  __aeabi_memcpy                 
000049c7  __aeabi_memcpy4                
000049c7  __aeabi_memcpy8                
000049c7  memcpy                         
00004a63  __aeabi_cdcmpeq                
00004a63  __aeabi_cdcmple                
00004ae9  __aeabi_memclr                 
00004ae9  __aeabi_memclr4                
00004ae9  __aeabi_memclr8                
00004aeb  __aeabi_memset                 
00004aeb  __aeabi_memset4                
00004aeb  __aeabi_memset8                
00004af1  memset                         
00004b65  __TI_auto_init                 
00004c3d  _c_int00                       
00004c8d  atoi                           
00004cd9  copy_in                        
00004d25  __aeabi_d2f                    
00004d6f  __aeabi_d2iz                   
00004db9  C$$EXIT                        
00004dbd  abort                          
00004dc5  exit                           
00004dfd  __aeabi_d2uiz                  
00004e41  __aeabi_f2d                    
00004e79  strncpy                        
00004ea9  __aeabi_i2d                    
00004ed9  ResetISR                       
00004ef5  _args_main                     
00004f0d  _register_unlock               
00004f13  _register_lock                 
00004f1b  _nop                           
00004f21  atof                           
00004f33  __TI_decompress_none           
00004f41  __TI_zero_init                 
00004f50  _ctypes_                       
000050f8  node                           
0000558c  __TI_Handler_Table_Base        
00005598  __TI_Handler_Table_Limit       
000055a0  __TI_CINIT_Base                
000055b0  __TI_CINIT_Limit               
20000000  DC_blockFIR_filter             
20000638  DC_block_RED_FIR_filter        
20000c70  Filt_IRdata                    
20001120  Filt_REDdata                   
200015d0  IR_FIFO_DATA                   
20001a80  RED_FIFO_DATA                  
20002258  DC_RED_notch_Data              
20002578  DCnotch_Data                   
20002898  FIR_LP_filter                  
20002a70  FIR_RED_LP_filter              
20002c48  fir                            
20002ca4  HR                             
20002cd0  Peaks_index                    
20002ce8  DC2notch_filter                
20002cfc  DCnotch_filter                 
20002d10  HRstore                        
20002d24  RegisteredDevices              
20002d38  SPO2store                      
20002d4c  str                            
20002d5c  ADCvalue                       
20002d60  DC_RED_acumulator              
20002d64  DCacumulator                   
20002d68  GetPt                          
20002d6c  HRavg                          
20002d70  IR_DC                          
20002d74  IRrms                          
20002d78  PutPt                          
20002d7c  RED_DC                         
20002d80  REDrms                         
20002d84  RMS_RED_acumulator             
20002d88  RMSacumulator                  
20002d8c  SPO2                           
20002d90  StatusReg                      
20002d94  DeviceCnt                      
20002d95  Nofpeacks                      
20002d98  DC_blockFIR_filter_coefficients
200030b0  FIR_LP_filter_coefficients     
20003198  DATA_PIPE0_ADDRESS             
2000319d  DATA_PIPE1_ADDRESS             
200031a2  DATA_PIPE2_ADDRESS             
200031a7  DATA_PIPE3_ADDRESS             
200031ac  DATA_PIPE4_ADDRESS             
200031b1  DATA_PIPE5_ADDRESS             
200031b6  DATA_PIPEx_ADDRESS             
200031bb  RX_PAYLOAD                     
200031c5  TX_PAYLOAD                     
200031d0  IRsample_cnt                   
200031d2  REDsample_cnt                  
200031d4  Discardsample_cnt              
200031d6  Fifocnt                        
200031d8  preavPeakindex                 
200031da  j                              
200031dc  h                              
200031e0  configValues                   
200031ec  configresvalue                 
200031f4  samplingOptions                
200031f8  T0flags                        
200031fc  IRQflags_NRF                   
20003200  IRQflags_MAX                   
20003204  ADCflag                        
20003208  voltage                        
2000320c  val                            
20003210  rps                            
20003214  DC2notch_filter_coefficients   
20003228  DCnotch_filter_coefficients    
20003248  _lock                          
2000324c  _unlock                        
20003250  __TI_cleanup_ptr               
20003254  __TI_dtors_ptr                 
20003258  _Errno                         
2000325c  main_func_sp                   
20003260  SystemCoreClock                
20003264  __stack                        
20003464  __STACK_END                    
20003464  __STACK_TOP                    
20003468  _sys_memory                    
ffffffff  __binit__                      
ffffffff  __c_args__                     
ffffffff  binit                          
UNDEFED   SHT$$INIT_ARRAY$$Base          
UNDEFED   SHT$$INIT_ARRAY$$Limit         

[226 symbols]
