******************************************************************************
                  TI ARM Linker PC v5.2.2                      
******************************************************************************
>> Linked Sat Dec 05 00:48:51 2015

OUTPUT FILE NAME:   <GIT_UART_OXIMETER_filter.out>
ENTRY POINT SYMBOL: "_c_int00"  address: 00004055


MEMORY CONFIGURATION

         name            origin    length      used     unused   attr    fill
----------------------  --------  ---------  --------  --------  ----  --------
  FLASH                 00000000   00040000  000046a0  0003b960  R  X
  SRAM                  20000000   00008000  000061c1  00001e3f  RW X


SEGMENT ALLOCATION MAP

run origin  load origin   length   init length attrs members
----------  ----------- ---------- ----------- ----- -------
00000000    00000000    000046a8   000046a8    r-x
  00000000    00000000    0000026c   0000026c    r-- .intvecs
  00000270    00000270    000041e4   000041e4    r-x .text
  00004458    00004458    000001a0   000001a0    r-- .const
  000045f8    000045f8    000000b0   000000b0    r-- .cinit
20000000    20000000    000061c8   00000000    rw-
  20000000    20000000    00005ded   00000000    rw- .bss
  20005df0    20005df0    00000200   00000000    rw- .stack
  20005ff0    20005ff0    000001cc   00000000    rw- .data
  200061c0    200061c0    00000008   00000000    rw- .sysmem


SECTION ALLOCATION MAP

 output                                  attributes/
section   page    origin      length       input sections
--------  ----  ----------  ----------   ----------------
.intvecs   0    00000000    0000026c     
                  00000000    0000026c     startup_ccs.obj (.intvecs)

.text      0    00000270    000041e4     
                  00000270    00000b04     NRF24.obj (.text)
                  00000d74    00000004     rtsv7M4_T_le_v4SPD16_eabi.lib : pre_init.obj (.text)
                  00000d78    00000830     main.obj (.text)
                  000015a8    00000700     Filters.obj (.text)
                  00001ca8    000006b0     UART.obj (.text)
                  00002358    000006a4     Periferal_Init.obj (.text)
                  000029fc    00000004     --HOLE-- [fill = 0]
                  00002a00    00000444     system_LM4F.obj (.text)
                  00002e44    00000004     --HOLE-- [fill = 0]
                  00002e48    00000298     MAX30100.obj (.text)
                  000030e0    0000023c     rtsv7M4_T_le_v4SPD16_eabi.lib : strtod.obj (.text)
                  0000331c    00000004     --HOLE-- [fill = 0]
                  00003320    000001e4     I2C.obj (.text)
                  00003504    000001b6     rtsv7M4_T_le_v4SPD16_eabi.lib : fd_add_t2.obj (.text)
                  000036ba    00000006                                   : copy_decompress_rle.obj (.text:decompress:rle24)
                  000036c0    0000016e     SPI.obj (.text)
                  0000382e    00000002     --HOLE-- [fill = 0]
                  00003830    00000148     rtsv7M4_T_le_v4SPD16_eabi.lib : sqrt.obj (.text)
                  00003978    00000136                                   : fd_div_t2.obj (.text)
                  00003aae    00000002     --HOLE-- [fill = 0]
                  00003ab0    00000110                                   : xdscale.obj (.text)
                  00003bc0    000000fc                                   : fd_mul_t2.obj (.text)
                  00003cbc    000000be                                   : xdnorm.obj (.text)
                  00003d7a    0000009c                                   : memcpy_t2.obj (.text)
                  00003e16    00000086                                   : fd_cmp_t2.obj (.text:__aeabi_cdcmple)
                  00003e9c    0000007a                                   : memset_t2.obj (.text)
                  00003f16    00000002     --HOLE-- [fill = 0]
                  00003f18    0000006c                                   : autoinit.obj (.text)
                  00003f84    0000006a                                   : copy_decompress_rle.obj (.text)
                  00003fee    00000066                                   : xdunscal.obj (.text)
                  00004054    00000050                                   : boot.obj (.text)
                  000040a4    0000004c                                   : atoi.obj (.text)
                  000040f0    0000004c                                   : cpy_tbl.obj (.text)
                  0000413c    0000004a                                   : fd_tos_t2.obj (.text)
                  00004186    00000048                                   : fd_toi_t2.obj (.text)
                  000041ce    00000002     --HOLE-- [fill = 0]
                  000041d0    00000044                                   : exit.obj (.text)
                  00004214    00000044                                   : fd_tou_t2.obj (.text)
                  00004258    00000040                                   : signal.obj (.text)
                  00004298    00000038                                   : fs_tod_t2.obj (.text)
                  000042d0    00000034                                   : feraiseexcept.obj (.text)
                  00004304    00000030                                   : strncpy.obj (.text)
                  00004334    00000030                                   : xferaise.obj (.text)
                  00004364    0000002e                                   : i_tofd_t2.obj (.text)
                  00004392    0000002e                                   : raise.obj (.text)
                  000043c0    00000020                                   : u_tofd_t2.obj (.text)
                  000043e0    0000001a     startup_ccs.obj (.text)
                  000043fa    00000002     --HOLE-- [fill = 0]
                  000043fc    00000018     rtsv7M4_T_le_v4SPD16_eabi.lib : args_main.obj (.text)
                  00004414    00000014                                   : _lock.obj (.text)
                  00004428    00000012                                   : atof.obj (.text)
                  0000443a    0000000e                                   : copy_decompress_none.obj (.text:decompress:none)
                  00004448    0000000c                                   : copy_zero_init.obj (.text:decompress:ZI)

.const     0    00004458    000001a0     
                  00004458    00000101     rtsv7M4_T_le_v4SPD16_eabi.lib : ctype.obj (.const:.string:_ctypes_)
                  00004559    00000004     NRF24.obj (.const)
                  0000455d    00000003     --HOLE-- [fill = 0]
                  00004560    00000098     rtsv7M4_T_le_v4SPD16_eabi.lib : strtod.obj (.const)

.cinit     0    000045f8    000000b0     
                  000045f8    00000087     (.cinit..data.load) [load image, compression = rle]
                  0000467f    00000001     --HOLE-- [fill = 0]
                  00004680    0000000c     (__TI_handler_table)
                  0000468c    00000004     --HOLE-- [fill = 0]
                  00004690    00000008     (.cinit..bss.load) [load image, compression = zero_init]
                  00004698    00000010     (__TI_cinit_table)

.init_array 
*          0    00000000    00000000     UNINITIALIZED

.bss       0    20000000    00005ded     UNINITIALIZED
                  20000000    00001f40     Filters.obj (.bss:Filt_data)
                  20001f40    00001f40     MAX30100.obj (.bss:IR_FIFO_DATA)
                  20003e80    00001f40     MAX30100.obj (.bss:RED_FIFO_DATA)
                  20005dc0    00000014     (.common:RegisteredDevices)
                  20005dd4    00000010     (.common:str)
                  20005de4    00000004     (.common:ADCvalue)
                  20005de8    00000004     (.common:StatusReg)
                  20005dec    00000001     (.common:DeviceCnt)

.TI.noinit 
*          0    20000000    00000000     UNINITIALIZED

.stack     0    20005df0    00000200     UNINITIALIZED
                  20005df0    00000200     --HOLE--

.data      0    20005ff0    000001cc     UNINITIALIZED
                  20005ff0    000000b0     rtsv7M4_T_le_v4SPD16_eabi.lib : signal.obj (.data:sigtable)
                  200060a0    00000080                                   : xvalues.obj (.data)
                  20006120    00000037     NRF24.obj (.data)
                  20006157    00000001     --HOLE--
                  20006158    0000001c     MAX30100.obj (.data)
                  20006174    0000001c     main.obj (.data)
                  20006190    00000008     Filters.obj (.data)
                  20006198    00000008     rtsv7M4_T_le_v4SPD16_eabi.lib : _lock.obj (.data)
                  200061a0    00000008                                   : exit.obj (.data)
                  200061a8    00000008                                   : feraiseexcept.obj (.data)
                  200061b0    00000004                                   : errno.obj (.data)
                  200061b4    00000004                                   : stkdepth_vars.obj (.data)
                  200061b8    00000004     system_LM4F.obj (.data)

.TI.persistent 
*          0    20005ff0    00000000     UNINITIALIZED

.sysmem    0    200061c0    00000008     UNINITIALIZED
                  200061c0    00000008     rtsv7M4_T_le_v4SPD16_eabi.lib : memory.obj (.sysmem)


LINKER GENERATED COPY TABLES

__TI_cinit_table @ 00004698 records: 2, size/record: 8, table size: 16
	.data: load addr=000045f8, load size=00000087 bytes, run addr=20005ff0, run size=000001cc bytes, compression=rle
	.bss: load addr=00004690, load size=00000008 bytes, run addr=20000000, run size=00005ded bytes, compression=zero_init


LINKER GENERATED HANDLER TABLE

__TI_handler_table @ 00004680 records: 3, size/record: 4, table size: 12
	index: 0, handler: __TI_decompress_rle24
	index: 1, handler: __TI_decompress_none
	index: 2, handler: __TI_zero_init


GLOBAL SYMBOLS: SORTED ALPHABETICALLY BY Name 

address   name                    
-------   ----                    
20006190  ACC                     
00000de9  ADCSeq2_HANDLER         
000025e1  ADC_initTimer3          
20006180  ADCflag                 
20005de4  ADCvalue                
000015a9  Accumulator_Init_values 
000041d1  C$$EXIT                 
000013d9  CheckInterrupts         
00001561  Check_MAX_Interrupts    
00000321  ConfigNRF24_Reg         
20006120  DATA_PIPE0_ADDRESS      
20006125  DATA_PIPE1_ADDRESS      
2000612a  DATA_PIPE2_ADDRESS      
2000612f  DATA_PIPE3_ADDRESS      
20006134  DATA_PIPE4_ADDRESS      
20006139  DATA_PIPE5_ADDRESS      
2000613e  DATA_PIPEx_ADDRESS      
00001c11  Detrend                 
20005dec  DeviceCnt               
2000615c  Discardsample_cnt       
00001709  EMA_Process             
20000000  Filt_data               
00000dc9  GPIO_PortB_Handler      
00000da9  GPIO_PortC_Handler      
00002911  GPIO_init               
00003321  I2C_Init                
00003459  I2C_ReadByte            
000034f9  I2C_Stop                
00003399  I2C_writeByte           
2000617c  IRQflags_MAX            
20006178  IRQflags_NRF            
20001f40  IR_FIFO_DATA            
20006158  IRsample_cnt            
000023a9  Interrupt_IRQ           
00001971  Linear_Regression1      
00002e49  Max30100_Init           
20006194  NewValue                
000025b9  PWM_Duty                
000024b9  PWM_Init                
00000731  Ping_TX                 
00000739  Process_Data            
20003e80  RED_FIFO_DATA           
2000615a  REDsample_cnt           
20006143  RX_PAYLOAD              
00002f71  Read_MAX_DATAFIFO       
000002c9  Read_Reg                
00000601  Read_data               
20005dc0  RegisteredDevices       
000043e1  ResetISR                
UNDEFED   SHT$$INIT_ARRAY$$Base   
UNDEFED   SHT$$INIT_ARRAY$$Limit  
000036c1  SPI_Init                
000037c9  SPI_transfer            
000009c9  Send_COM_PIPE           
00000ce9  Send_Error_Code         
000030a9  StartSampling           
20005de8  StatusReg               
000030c9  StopSampling            
200061b8  SystemCoreClock         
00002be9  SystemCoreClockUpdate   
00002d29  SystemInit              
20006174  T0flags                 
00000e21  TIMER0A_HANDLER         
00000e51  TIMER2A_HANDLER         
2000614d  TX_PAYLOAD              
00002811  TimerEdgeCounter_init   
00002791  Timer_Init              
00001ca9  UART_Init               
00000271  Write_Reg               
00000659  Write_data              
00000a89  Write_data_To_data_pipeX
200060a0  _Denorm                 
00003cbd  _Dnorm                  
00003ab1  _Dscale                 
00003fef  _Dunscale               
200060b0  _Eps                    
200061b0  _Errno                  
200061a8  _Fenv                   
00004335  _Feraise                
200060c0  _Hugeval                
200060d0  _Inf                    
200060e0  _Nan                    
20006100  _Rteps                  
200060f0  _Snan                   
200061ac  _Tls_setup__Fenv        
20006110  _Xbig                   
20006118  _Zero                   
20005ff0  __STACK_END             
00000200  __STACK_SIZE            
20005ff0  __STACK_TOP             
00000008  __SYSMEM_SIZE           
00004698  __TI_CINIT_Base         
000046a8  __TI_CINIT_Limit        
00004680  __TI_Handler_Table_Base 
0000468c  __TI_Handler_Table_Limit
00003f19  __TI_auto_init          
200061a0  __TI_cleanup_ptr        
0000443b  __TI_decompress_none    
000036bb  __TI_decompress_rle24   
200061a4  __TI_dtors_ptr          
00000000  __TI_static_base__      
00004449  __TI_zero_init          
00003e17  __aeabi_cdcmpeq         
00003e17  __aeabi_cdcmple         
0000413d  __aeabi_d2f             
00004187  __aeabi_d2iz            
00004215  __aeabi_d2uiz           
0000350f  __aeabi_dadd            
00003979  __aeabi_ddiv            
00003bc1  __aeabi_dmul            
00003505  __aeabi_dsub            
00004299  __aeabi_f2d             
00004365  __aeabi_i2d             
00003e9d  __aeabi_memclr          
00003e9d  __aeabi_memclr4         
00003e9d  __aeabi_memclr8         
00003d7b  __aeabi_memcpy          
00003d7b  __aeabi_memcpy4         
00003d7b  __aeabi_memcpy8         
00003e9f  __aeabi_memset          
00003e9f  __aeabi_memset4         
00003e9f  __aeabi_memset8         
000043c1  __aeabi_ui2d            
ffffffff  __binit__               
ffffffff  __c_args__              
20005df0  __stack                 
000043fd  _args_main              
00004055  _c_int00                
00004458  _ctypes_                
20006198  _lock                   
00004423  _nop                    
0000441b  _register_lock          
00004415  _register_unlock        
200061c0  _sys_memory             
00000d75  _system_pre_init        
2000619c  _unlock                 
000041d5  abort                   
00004429  atof                    
000040a5  atoi                    
ffffffff  binit                   
20006160  configValues            
2000616c  configresvalue          
000040f1  copy_in                 
000041dd  exit                    
000042d1  feraiseexcept           
000005d1  flush_RX                
000005a1  flush_TX                
00000000  g_pfnVectors            
00000a51  get_pipe_from_STATUS    
00001779  linear_Regression       
00000e69  main                    
200061b4  main_func_sp            
00003d7b  memcpy                  
00003ea5  memset                  
00004559  node                    
00001d61  printChar               
00002019  printDouble             
00001fc9  print_String            
00001ea1  print_int               
00001d99  print_uint              
00002241  process_REGISTER_command
00002149  process_command         
00004393  raise                   
00001d41  readChar                
00002071  readStr                 
2000618c  rps                     
000034d9  setSlaveAddress         
00004259  signal                  
00003831  sqrt                    
20005dd4  str                     
00004305  strncpy                 
000030e1  strtod                  
20006188  val                     
20006184  voltage                 


GLOBAL SYMBOLS: SORTED BY Symbol Address 

address   name                    
-------   ----                    
00000000  __TI_static_base__      
00000000  g_pfnVectors            
00000008  __SYSMEM_SIZE           
00000200  __STACK_SIZE            
00000271  Write_Reg               
000002c9  Read_Reg                
00000321  ConfigNRF24_Reg         
000005a1  flush_TX                
000005d1  flush_RX                
00000601  Read_data               
00000659  Write_data              
00000731  Ping_TX                 
00000739  Process_Data            
000009c9  Send_COM_PIPE           
00000a51  get_pipe_from_STATUS    
00000a89  Write_data_To_data_pipeX
00000ce9  Send_Error_Code         
00000d75  _system_pre_init        
00000da9  GPIO_PortC_Handler      
00000dc9  GPIO_PortB_Handler      
00000de9  ADCSeq2_HANDLER         
00000e21  TIMER0A_HANDLER         
00000e51  TIMER2A_HANDLER         
00000e69  main                    
000013d9  CheckInterrupts         
00001561  Check_MAX_Interrupts    
000015a9  Accumulator_Init_values 
00001709  EMA_Process             
00001779  linear_Regression       
00001971  Linear_Regression1      
00001c11  Detrend                 
00001ca9  UART_Init               
00001d41  readChar                
00001d61  printChar               
00001d99  print_uint              
00001ea1  print_int               
00001fc9  print_String            
00002019  printDouble             
00002071  readStr                 
00002149  process_command         
00002241  process_REGISTER_command
000023a9  Interrupt_IRQ           
000024b9  PWM_Init                
000025b9  PWM_Duty                
000025e1  ADC_initTimer3          
00002791  Timer_Init              
00002811  TimerEdgeCounter_init   
00002911  GPIO_init               
00002be9  SystemCoreClockUpdate   
00002d29  SystemInit              
00002e49  Max30100_Init           
00002f71  Read_MAX_DATAFIFO       
000030a9  StartSampling           
000030c9  StopSampling            
000030e1  strtod                  
00003321  I2C_Init                
00003399  I2C_writeByte           
00003459  I2C_ReadByte            
000034d9  setSlaveAddress         
000034f9  I2C_Stop                
00003505  __aeabi_dsub            
0000350f  __aeabi_dadd            
000036bb  __TI_decompress_rle24   
000036c1  SPI_Init                
000037c9  SPI_transfer            
00003831  sqrt                    
00003979  __aeabi_ddiv            
00003ab1  _Dscale                 
00003bc1  __aeabi_dmul            
00003cbd  _Dnorm                  
00003d7b  __aeabi_memcpy          
00003d7b  __aeabi_memcpy4         
00003d7b  __aeabi_memcpy8         
00003d7b  memcpy                  
00003e17  __aeabi_cdcmpeq         
00003e17  __aeabi_cdcmple         
00003e9d  __aeabi_memclr          
00003e9d  __aeabi_memclr4         
00003e9d  __aeabi_memclr8         
00003e9f  __aeabi_memset          
00003e9f  __aeabi_memset4         
00003e9f  __aeabi_memset8         
00003ea5  memset                  
00003f19  __TI_auto_init          
00003fef  _Dunscale               
00004055  _c_int00                
000040a5  atoi                    
000040f1  copy_in                 
0000413d  __aeabi_d2f             
00004187  __aeabi_d2iz            
000041d1  C$$EXIT                 
000041d5  abort                   
000041dd  exit                    
00004215  __aeabi_d2uiz           
00004259  signal                  
00004299  __aeabi_f2d             
000042d1  feraiseexcept           
00004305  strncpy                 
00004335  _Feraise                
00004365  __aeabi_i2d             
00004393  raise                   
000043c1  __aeabi_ui2d            
000043e1  ResetISR                
000043fd  _args_main              
00004415  _register_unlock        
0000441b  _register_lock          
00004423  _nop                    
00004429  atof                    
0000443b  __TI_decompress_none    
00004449  __TI_zero_init          
00004458  _ctypes_                
00004559  node                    
00004680  __TI_Handler_Table_Base 
0000468c  __TI_Handler_Table_Limit
00004698  __TI_CINIT_Base         
000046a8  __TI_CINIT_Limit        
20000000  Filt_data               
20001f40  IR_FIFO_DATA            
20003e80  RED_FIFO_DATA           
20005dc0  RegisteredDevices       
20005dd4  str                     
20005de4  ADCvalue                
20005de8  StatusReg               
20005dec  DeviceCnt               
20005df0  __stack                 
20005ff0  __STACK_END             
20005ff0  __STACK_TOP             
200060a0  _Denorm                 
200060b0  _Eps                    
200060c0  _Hugeval                
200060d0  _Inf                    
200060e0  _Nan                    
200060f0  _Snan                   
20006100  _Rteps                  
20006110  _Xbig                   
20006118  _Zero                   
20006120  DATA_PIPE0_ADDRESS      
20006125  DATA_PIPE1_ADDRESS      
2000612a  DATA_PIPE2_ADDRESS      
2000612f  DATA_PIPE3_ADDRESS      
20006134  DATA_PIPE4_ADDRESS      
20006139  DATA_PIPE5_ADDRESS      
2000613e  DATA_PIPEx_ADDRESS      
20006143  RX_PAYLOAD              
2000614d  TX_PAYLOAD              
20006158  IRsample_cnt            
2000615a  REDsample_cnt           
2000615c  Discardsample_cnt       
20006160  configValues            
2000616c  configresvalue          
20006174  T0flags                 
20006178  IRQflags_NRF            
2000617c  IRQflags_MAX            
20006180  ADCflag                 
20006184  voltage                 
20006188  val                     
2000618c  rps                     
20006190  ACC                     
20006194  NewValue                
20006198  _lock                   
2000619c  _unlock                 
200061a0  __TI_cleanup_ptr        
200061a4  __TI_dtors_ptr          
200061a8  _Fenv                   
200061ac  _Tls_setup__Fenv        
200061b0  _Errno                  
200061b4  main_func_sp            
200061b8  SystemCoreClock         
200061c0  _sys_memory             
ffffffff  __binit__               
ffffffff  __c_args__              
ffffffff  binit                   
UNDEFED   SHT$$INIT_ARRAY$$Base   
UNDEFED   SHT$$INIT_ARRAY$$Limit  

[174 symbols]
