******************************************************************************
                  TI ARM Linker PC v5.2.2                      
******************************************************************************
>> Linked Sun Dec 06 02:03:45 2015

OUTPUT FILE NAME:   <GIT_UART_OXIMETER_filter.out>
ENTRY POINT SYMBOL: "_c_int00"  address: 000040d5


MEMORY CONFIGURATION

         name            origin    length      used     unused   attr    fill
----------------------  --------  ---------  --------  --------  ----  --------
  FLASH                 00000000   00040000  00004720  0003b8e0  R  X
  SRAM                  20000000   00008000  000061c1  00001e3f  RW X


SEGMENT ALLOCATION MAP

run origin  load origin   length   init length attrs members
----------  ----------- ---------- ----------- ----- -------
00000000    00000000    00004728   00004728    r-x
  00000000    00000000    0000026c   0000026c    r-- .intvecs
  00000270    00000270    00004264   00004264    r-x .text
  000044d8    000044d8    000001a0   000001a0    r-- .const
  00004678    00004678    000000b0   000000b0    r-- .cinit
20000000    20000000    000061c8   00000000    rw-
  20000000    20000000    00005ded   00000000    rw- .bss
  20005df0    20005df0    00000200   00000000    rw- .stack
  20005ff0    20005ff0    000001cc   00000000    rw- .data
  200061c0    200061c0    00000008   00000000    rw- .sysmem


SECTION ALLOCATION MAP

 output                                  attributes/
section   page    origin      length       input sections
--------  ----  ----------  ----------   ----------------
.intvecs   0    00000000    0000026c     
                  00000000    0000026c     startup_ccs.obj (.intvecs)

.text      0    00000270    00004264     
                  00000270    00000b04     NRF24.obj (.text)
                  00000d74    00000004     rtsv7M4_T_le_v4SPD16_eabi.lib : pre_init.obj (.text)
                  00000d78    00000828     main.obj (.text)
                  000015a0    00000784     Filters.obj (.text)
                  00001d24    00000004     --HOLE-- [fill = 0]
                  00001d28    000006b0     UART.obj (.text)
                  000023d8    000006a4     Periferal_Init.obj (.text)
                  00002a7c    00000004     --HOLE-- [fill = 0]
                  00002a80    00000444     system_LM4F.obj (.text)
                  00002ec4    00000004     --HOLE-- [fill = 0]
                  00002ec8    00000298     MAX30100.obj (.text)
                  00003160    0000023c     rtsv7M4_T_le_v4SPD16_eabi.lib : strtod.obj (.text)
                  0000339c    00000004     --HOLE-- [fill = 0]
                  000033a0    000001e4     I2C.obj (.text)
                  00003584    000001b6     rtsv7M4_T_le_v4SPD16_eabi.lib : fd_add_t2.obj (.text)
                  0000373a    00000006                                   : copy_decompress_rle.obj (.text:decompress:rle24)
                  00003740    0000016e     SPI.obj (.text)
                  000038ae    00000002     --HOLE-- [fill = 0]
                  000038b0    00000148     rtsv7M4_T_le_v4SPD16_eabi.lib : sqrt.obj (.text)
                  000039f8    00000136                                   : fd_div_t2.obj (.text)
                  00003b2e    00000002     --HOLE-- [fill = 0]
                  00003b30    00000110                                   : xdscale.obj (.text)
                  00003c40    000000fc                                   : fd_mul_t2.obj (.text)
                  00003d3c    000000be                                   : xdnorm.obj (.text)
                  00003dfa    0000009c                                   : memcpy_t2.obj (.text)
                  00003e96    00000086                                   : fd_cmp_t2.obj (.text:__aeabi_cdcmple)
                  00003f1c    0000007a                                   : memset_t2.obj (.text)
                  00003f96    00000002     --HOLE-- [fill = 0]
                  00003f98    0000006c                                   : autoinit.obj (.text)
                  00004004    0000006a                                   : copy_decompress_rle.obj (.text)
                  0000406e    00000066                                   : xdunscal.obj (.text)
                  000040d4    00000050                                   : boot.obj (.text)
                  00004124    0000004c                                   : atoi.obj (.text)
                  00004170    0000004c                                   : cpy_tbl.obj (.text)
                  000041bc    0000004a                                   : fd_tos_t2.obj (.text)
                  00004206    00000048                                   : fd_toi_t2.obj (.text)
                  0000424e    00000002     --HOLE-- [fill = 0]
                  00004250    00000044                                   : exit.obj (.text)
                  00004294    00000044                                   : fd_tou_t2.obj (.text)
                  000042d8    00000040                                   : signal.obj (.text)
                  00004318    00000038                                   : fs_tod_t2.obj (.text)
                  00004350    00000034                                   : feraiseexcept.obj (.text)
                  00004384    00000030                                   : strncpy.obj (.text)
                  000043b4    00000030                                   : xferaise.obj (.text)
                  000043e4    0000002e                                   : i_tofd_t2.obj (.text)
                  00004412    0000002e                                   : raise.obj (.text)
                  00004440    00000020                                   : u_tofd_t2.obj (.text)
                  00004460    0000001a     startup_ccs.obj (.text)
                  0000447a    00000002     --HOLE-- [fill = 0]
                  0000447c    00000018     rtsv7M4_T_le_v4SPD16_eabi.lib : args_main.obj (.text)
                  00004494    00000014                                   : _lock.obj (.text)
                  000044a8    00000012                                   : atof.obj (.text)
                  000044ba    0000000e                                   : copy_decompress_none.obj (.text:decompress:none)
                  000044c8    0000000c                                   : copy_zero_init.obj (.text:decompress:ZI)

.const     0    000044d8    000001a0     
                  000044d8    00000101     rtsv7M4_T_le_v4SPD16_eabi.lib : ctype.obj (.const:.string:_ctypes_)
                  000045d9    00000004     NRF24.obj (.const)
                  000045dd    00000003     --HOLE-- [fill = 0]
                  000045e0    00000098     rtsv7M4_T_le_v4SPD16_eabi.lib : strtod.obj (.const)

.cinit     0    00004678    000000b0     
                  00004678    00000087     (.cinit..data.load) [load image, compression = rle]
                  000046ff    00000001     --HOLE-- [fill = 0]
                  00004700    0000000c     (__TI_handler_table)
                  0000470c    00000004     --HOLE-- [fill = 0]
                  00004710    00000008     (.cinit..bss.load) [load image, compression = zero_init]
                  00004718    00000010     (__TI_cinit_table)

.init_array 
*          0    00000000    00000000     UNINITIALIZED

.bss       0    20000000    00005ded     UNINITIALIZED
                  20000000    00001f40     Filters.obj (.bss:Filt_data)
                  20001f40    00001f40     MAX30100.obj (.bss:IR_FIFO_DATA)
                  20003e80    00001f40     MAX30100.obj (.bss:RED_FIFO_DATA)
                  20005dc0    00000014     (.common:RegisteredDevices)
                  20005dd4    00000010     (.common:str)
                  20005de4    00000004     (.common:ADCvalue)
                  20005de8    00000004     (.common:StatusReg)
                  20005dec    00000001     (.common:DeviceCnt)

.TI.noinit 
*          0    20000000    00000000     UNINITIALIZED

.stack     0    20005df0    00000200     UNINITIALIZED
                  20005df0    00000200     --HOLE--

.data      0    20005ff0    000001cc     UNINITIALIZED
                  20005ff0    000000b0     rtsv7M4_T_le_v4SPD16_eabi.lib : signal.obj (.data:sigtable)
                  200060a0    00000080                                   : xvalues.obj (.data)
                  20006120    00000037     NRF24.obj (.data)
                  20006157    00000001     --HOLE--
                  20006158    0000001c     MAX30100.obj (.data)
                  20006174    0000001c     main.obj (.data)
                  20006190    00000008     Filters.obj (.data)
                  20006198    00000008     rtsv7M4_T_le_v4SPD16_eabi.lib : _lock.obj (.data)
                  200061a0    00000008                                   : exit.obj (.data)
                  200061a8    00000008                                   : feraiseexcept.obj (.data)
                  200061b0    00000004                                   : errno.obj (.data)
                  200061b4    00000004                                   : stkdepth_vars.obj (.data)
                  200061b8    00000004     system_LM4F.obj (.data)

.TI.persistent 
*          0    20005ff0    00000000     UNINITIALIZED

.sysmem    0    200061c0    00000008     UNINITIALIZED
                  200061c0    00000008     rtsv7M4_T_le_v4SPD16_eabi.lib : memory.obj (.sysmem)


LINKER GENERATED COPY TABLES

__TI_cinit_table @ 00004718 records: 2, size/record: 8, table size: 16
	.data: load addr=00004678, load size=00000087 bytes, run addr=20005ff0, run size=000001cc bytes, compression=rle
	.bss: load addr=00004710, load size=00000008 bytes, run addr=20000000, run size=00005ded bytes, compression=zero_init


LINKER GENERATED HANDLER TABLE

__TI_handler_table @ 00004700 records: 3, size/record: 4, table size: 12
	index: 0, handler: __TI_decompress_rle24
	index: 1, handler: __TI_decompress_none
	index: 2, handler: __TI_zero_init


GLOBAL SYMBOLS: SORTED ALPHABETICALLY BY Name 

address   name                    
-------   ----                    
20006190  ACC                     
00000de9  ADCSeq2_HANDLER         
00002661  ADC_initTimer3          
20006180  ADCflag                 
20005de4  ADCvalue                
000015a1  Accumulator_Init_values 
00004251  C$$EXIT                 
000013d1  CheckInterrupts         
00001559  Check_MAX_Interrupts    
00000321  ConfigNRF24_Reg         
20006120  DATA_PIPE0_ADDRESS      
20006125  DATA_PIPE1_ADDRESS      
2000612a  DATA_PIPE2_ADDRESS      
2000612f  DATA_PIPE3_ADDRESS      
20006134  DATA_PIPE4_ADDRESS      
20006139  DATA_PIPE5_ADDRESS      
2000613e  DATA_PIPEx_ADDRESS      
00001c29  Detrend                 
20005dec  DeviceCnt               
2000615c  Discardsample_cnt       
00001701  EMA_Process             
20000000  Filt_data               
00000dc9  GPIO_PortB_Handler      
00000da9  GPIO_PortC_Handler      
00002991  GPIO_init               
000033a1  I2C_Init                
000034d9  I2C_ReadByte            
00003579  I2C_Stop                
00003419  I2C_writeByte           
2000617c  IRQflags_MAX            
20006178  IRQflags_NRF            
20001f40  IR_FIFO_DATA            
20006158  IRsample_cnt            
00002429  Interrupt_IRQ           
00001969  Linear_Regression1      
00002ec9  Max30100_Init           
20006194  NewValue                
00002639  PWM_Duty                
00002539  PWM_Init                
00000731  Ping_TX                 
00000739  Process_Data            
20003e80  RED_FIFO_DATA           
2000615a  REDsample_cnt           
20006143  RX_PAYLOAD              
00002ff1  Read_MAX_DATAFIFO       
000002c9  Read_Reg                
00000601  Read_data               
20005dc0  RegisteredDevices       
00004461  ResetISR                
UNDEFED   SHT$$INIT_ARRAY$$Base   
UNDEFED   SHT$$INIT_ARRAY$$Limit  
00003741  SPI_Init                
00003849  SPI_transfer            
000009c9  Send_COM_PIPE           
00000ce9  Send_Error_Code         
00001cc1  Shiftarray              
00003129  StartSampling           
20005de8  StatusReg               
00003149  StopSampling            
200061b8  SystemCoreClock         
00002c69  SystemCoreClockUpdate   
00002da9  SystemInit              
20006174  T0flags                 
00000e21  TIMER0A_HANDLER         
00000e51  TIMER2A_HANDLER         
2000614d  TX_PAYLOAD              
00002891  TimerEdgeCounter_init   
00002811  Timer_Init              
00001d29  UART_Init               
00000271  Write_Reg               
00000659  Write_data              
00000a89  Write_data_To_data_pipeX
200060a0  _Denorm                 
00003d3d  _Dnorm                  
00003b31  _Dscale                 
0000406f  _Dunscale               
200060b0  _Eps                    
200061b0  _Errno                  
200061a8  _Fenv                   
000043b5  _Feraise                
200060c0  _Hugeval                
200060d0  _Inf                    
200060e0  _Nan                    
20006100  _Rteps                  
200060f0  _Snan                   
200061ac  _Tls_setup__Fenv        
20006110  _Xbig                   
20006118  _Zero                   
20005ff0  __STACK_END             
00000200  __STACK_SIZE            
20005ff0  __STACK_TOP             
00000008  __SYSMEM_SIZE           
00004718  __TI_CINIT_Base         
00004728  __TI_CINIT_Limit        
00004700  __TI_Handler_Table_Base 
0000470c  __TI_Handler_Table_Limit
00003f99  __TI_auto_init          
200061a0  __TI_cleanup_ptr        
000044bb  __TI_decompress_none    
0000373b  __TI_decompress_rle24   
200061a4  __TI_dtors_ptr          
00000000  __TI_static_base__      
000044c9  __TI_zero_init          
00003e97  __aeabi_cdcmpeq         
00003e97  __aeabi_cdcmple         
000041bd  __aeabi_d2f             
00004207  __aeabi_d2iz            
00004295  __aeabi_d2uiz           
0000358f  __aeabi_dadd            
000039f9  __aeabi_ddiv            
00003c41  __aeabi_dmul            
00003585  __aeabi_dsub            
00004319  __aeabi_f2d             
000043e5  __aeabi_i2d             
00003f1d  __aeabi_memclr          
00003f1d  __aeabi_memclr4         
00003f1d  __aeabi_memclr8         
00003dfb  __aeabi_memcpy          
00003dfb  __aeabi_memcpy4         
00003dfb  __aeabi_memcpy8         
00003f1f  __aeabi_memset          
00003f1f  __aeabi_memset4         
00003f1f  __aeabi_memset8         
00004441  __aeabi_ui2d            
ffffffff  __binit__               
ffffffff  __c_args__              
20005df0  __stack                 
0000447d  _args_main              
000040d5  _c_int00                
000044d8  _ctypes_                
20006198  _lock                   
000044a3  _nop                    
0000449b  _register_lock          
00004495  _register_unlock        
200061c0  _sys_memory             
00000d75  _system_pre_init        
2000619c  _unlock                 
00004255  abort                   
000044a9  atof                    
00004125  atoi                    
ffffffff  binit                   
20006160  configValues            
2000616c  configresvalue          
00004171  copy_in                 
0000425d  exit                    
00004351  feraiseexcept           
000005d1  flush_RX                
000005a1  flush_TX                
00000000  g_pfnVectors            
00000a51  get_pipe_from_STATUS    
00001771  linear_Regression       
00000e69  main                    
200061b4  main_func_sp            
00003dfb  memcpy                  
00003f25  memset                  
000045d9  node                    
00001de1  printChar               
00002099  printDouble             
00002049  print_String            
00001f21  print_int               
00001e19  print_uint              
000022c1  process_REGISTER_command
000021c9  process_command         
00004413  raise                   
00001dc1  readChar                
000020f1  readStr                 
2000618c  rps                     
00003559  setSlaveAddress         
000042d9  signal                  
000038b1  sqrt                    
20005dd4  str                     
00004385  strncpy                 
00003161  strtod                  
20006188  val                     
20006184  voltage                 


GLOBAL SYMBOLS: SORTED BY Symbol Address 

address   name                    
-------   ----                    
00000000  __TI_static_base__      
00000000  g_pfnVectors            
00000008  __SYSMEM_SIZE           
00000200  __STACK_SIZE            
00000271  Write_Reg               
000002c9  Read_Reg                
00000321  ConfigNRF24_Reg         
000005a1  flush_TX                
000005d1  flush_RX                
00000601  Read_data               
00000659  Write_data              
00000731  Ping_TX                 
00000739  Process_Data            
000009c9  Send_COM_PIPE           
00000a51  get_pipe_from_STATUS    
00000a89  Write_data_To_data_pipeX
00000ce9  Send_Error_Code         
00000d75  _system_pre_init        
00000da9  GPIO_PortC_Handler      
00000dc9  GPIO_PortB_Handler      
00000de9  ADCSeq2_HANDLER         
00000e21  TIMER0A_HANDLER         
00000e51  TIMER2A_HANDLER         
00000e69  main                    
000013d1  CheckInterrupts         
00001559  Check_MAX_Interrupts    
000015a1  Accumulator_Init_values 
00001701  EMA_Process             
00001771  linear_Regression       
00001969  Linear_Regression1      
00001c29  Detrend                 
00001cc1  Shiftarray              
00001d29  UART_Init               
00001dc1  readChar                
00001de1  printChar               
00001e19  print_uint              
00001f21  print_int               
00002049  print_String            
00002099  printDouble             
000020f1  readStr                 
000021c9  process_command         
000022c1  process_REGISTER_command
00002429  Interrupt_IRQ           
00002539  PWM_Init                
00002639  PWM_Duty                
00002661  ADC_initTimer3          
00002811  Timer_Init              
00002891  TimerEdgeCounter_init   
00002991  GPIO_init               
00002c69  SystemCoreClockUpdate   
00002da9  SystemInit              
00002ec9  Max30100_Init           
00002ff1  Read_MAX_DATAFIFO       
00003129  StartSampling           
00003149  StopSampling            
00003161  strtod                  
000033a1  I2C_Init                
00003419  I2C_writeByte           
000034d9  I2C_ReadByte            
00003559  setSlaveAddress         
00003579  I2C_Stop                
00003585  __aeabi_dsub            
0000358f  __aeabi_dadd            
0000373b  __TI_decompress_rle24   
00003741  SPI_Init                
00003849  SPI_transfer            
000038b1  sqrt                    
000039f9  __aeabi_ddiv            
00003b31  _Dscale                 
00003c41  __aeabi_dmul            
00003d3d  _Dnorm                  
00003dfb  __aeabi_memcpy          
00003dfb  __aeabi_memcpy4         
00003dfb  __aeabi_memcpy8         
00003dfb  memcpy                  
00003e97  __aeabi_cdcmpeq         
00003e97  __aeabi_cdcmple         
00003f1d  __aeabi_memclr          
00003f1d  __aeabi_memclr4         
00003f1d  __aeabi_memclr8         
00003f1f  __aeabi_memset          
00003f1f  __aeabi_memset4         
00003f1f  __aeabi_memset8         
00003f25  memset                  
00003f99  __TI_auto_init          
0000406f  _Dunscale               
000040d5  _c_int00                
00004125  atoi                    
00004171  copy_in                 
000041bd  __aeabi_d2f             
00004207  __aeabi_d2iz            
00004251  C$$EXIT                 
00004255  abort                   
0000425d  exit                    
00004295  __aeabi_d2uiz           
000042d9  signal                  
00004319  __aeabi_f2d             
00004351  feraiseexcept           
00004385  strncpy                 
000043b5  _Feraise                
000043e5  __aeabi_i2d             
00004413  raise                   
00004441  __aeabi_ui2d            
00004461  ResetISR                
0000447d  _args_main              
00004495  _register_unlock        
0000449b  _register_lock          
000044a3  _nop                    
000044a9  atof                    
000044bb  __TI_decompress_none    
000044c9  __TI_zero_init          
000044d8  _ctypes_                
000045d9  node                    
00004700  __TI_Handler_Table_Base 
0000470c  __TI_Handler_Table_Limit
00004718  __TI_CINIT_Base         
00004728  __TI_CINIT_Limit        
20000000  Filt_data               
20001f40  IR_FIFO_DATA            
20003e80  RED_FIFO_DATA           
20005dc0  RegisteredDevices       
20005dd4  str                     
20005de4  ADCvalue                
20005de8  StatusReg               
20005dec  DeviceCnt               
20005df0  __stack                 
20005ff0  __STACK_END             
20005ff0  __STACK_TOP             
200060a0  _Denorm                 
200060b0  _Eps                    
200060c0  _Hugeval                
200060d0  _Inf                    
200060e0  _Nan                    
200060f0  _Snan                   
20006100  _Rteps                  
20006110  _Xbig                   
20006118  _Zero                   
20006120  DATA_PIPE0_ADDRESS      
20006125  DATA_PIPE1_ADDRESS      
2000612a  DATA_PIPE2_ADDRESS      
2000612f  DATA_PIPE3_ADDRESS      
20006134  DATA_PIPE4_ADDRESS      
20006139  DATA_PIPE5_ADDRESS      
2000613e  DATA_PIPEx_ADDRESS      
20006143  RX_PAYLOAD              
2000614d  TX_PAYLOAD              
20006158  IRsample_cnt            
2000615a  REDsample_cnt           
2000615c  Discardsample_cnt       
20006160  configValues            
2000616c  configresvalue          
20006174  T0flags                 
20006178  IRQflags_NRF            
2000617c  IRQflags_MAX            
20006180  ADCflag                 
20006184  voltage                 
20006188  val                     
2000618c  rps                     
20006190  ACC                     
20006194  NewValue                
20006198  _lock                   
2000619c  _unlock                 
200061a0  __TI_cleanup_ptr        
200061a4  __TI_dtors_ptr          
200061a8  _Fenv                   
200061ac  _Tls_setup__Fenv        
200061b0  _Errno                  
200061b4  main_func_sp            
200061b8  SystemCoreClock         
200061c0  _sys_memory             
ffffffff  __binit__               
ffffffff  __c_args__              
ffffffff  binit                   
UNDEFED   SHT$$INIT_ARRAY$$Base   
UNDEFED   SHT$$INIT_ARRAY$$Limit  

[175 symbols]
