******************************************************************************
                  TI ARM Linker PC v5.2.2                      
******************************************************************************
>> Linked Thu Nov 19 19:54:52 2015

OUTPUT FILE NAME:   <GIT_UART_OXIMETER_filter.out>
ENTRY POINT SYMBOL: "_c_int00"  address: 00003ccd


MEMORY CONFIGURATION

         name            origin    length      used     unused   attr    fill
----------------------  --------  ---------  --------  --------  ----  --------
  FLASH                 00000000   00040000  000043da  0003bc26  R  X
  SRAM                  20000000   00008000  00007fc5  0000003b  RW X


SEGMENT ALLOCATION MAP

run origin  load origin   length   init length attrs members
----------  ----------- ---------- ----------- ----- -------
00000000    00000000    000043e8   000043e8    r-x
  00000000    00000000    0000026c   0000026c    r-- .intvecs
  00000270    00000270    00003d6c   00003d6c    r-x .text
  00003fe0    00003fe0    0000038a   0000038a    r-- .const
  00004370    00004370    00000078   00000078    r-- .cinit
20000000    20000000    00007fc8   00000000    rw-
  20000000    20000000    00007d2d   00000000    rw- .bss
  20007d30    20007d30    00000200   00000000    rw- .stack
  20007f30    20007f30    00000090   00000000    rw- .data
  20007fc0    20007fc0    00000008   00000000    rw- .sysmem


SECTION ALLOCATION MAP

 output                                  attributes/
section   page    origin      length       input sections
--------  ----  ----------  ----------   ----------------
.intvecs   0    00000000    0000026c     
                  00000000    0000026c     startup_ccs.obj (.intvecs)

.text      0    00000270    00003d6c     
                  00000270    00000b04     NRF24.obj (.text)
                  00000d74    00000004     rtsv7M4_T_le_v4SPD16_eabi.lib : pre_init.obj (.text)
                  00000d78    00000796     main.obj (.text)
                  0000150e    00000002     --HOLE-- [fill = 0]
                  00001510    0000072a     Oled.obj (.text)
                  00001c3a    00000006     rtsv7M4_T_le_v4SPD16_eabi.lib : copy_decompress_rle.obj (.text:decompress:rle24)
                  00001c40    000006a4     Periferal_Init.obj (.text)
                  000022e4    00000004     --HOLE-- [fill = 0]
                  000022e8    00000588     UART.obj (.text)
                  00002870    00000444     system_LM4F.obj (.text)
                  00002cb4    00000004     --HOLE-- [fill = 0]
                  00002cb8    00000250     MAX30100.obj (.text)
                  00002f08    0000023c     rtsv7M4_T_le_v4SPD16_eabi.lib : strtod.obj (.text)
                  00003144    00000004     --HOLE-- [fill = 0]
                  00003148    000001e4     I2C.obj (.text)
                  0000332c    00000004     --HOLE-- [fill = 0]
                  00003330    000001d0     Filters.obj (.text)
                  00003500    000001b6     rtsv7M4_T_le_v4SPD16_eabi.lib : fd_add_t2.obj (.text)
                  000036b6    00000002     --HOLE-- [fill = 0]
                  000036b8    0000016e     SPI.obj (.text)
                  00003826    00000136     rtsv7M4_T_le_v4SPD16_eabi.lib : fd_div_t2.obj (.text)
                  0000395c    000000fc                                   : fd_mul_t2.obj (.text)
                  00003a58    0000009c                                   : memcpy_t2.obj (.text)
                  00003af4    00000086                                   : fd_cmp_t2.obj (.text:__aeabi_cdcmple)
                  00003b7a    0000007a                                   : memset_t2.obj (.text)
                  00003bf4    0000006c                                   : autoinit.obj (.text)
                  00003c60    0000006a                                   : copy_decompress_rle.obj (.text)
                  00003cca    00000002     --HOLE-- [fill = 0]
                  00003ccc    00000050                                   : boot.obj (.text)
                  00003d1c    0000004c                                   : atoi.obj (.text)
                  00003d68    0000004c                                   : cpy_tbl.obj (.text)
                  00003db4    0000004a                                   : fd_tos_t2.obj (.text)
                  00003dfe    00000048                                   : fd_toi_t2.obj (.text)
                  00003e46    00000002     --HOLE-- [fill = 0]
                  00003e48    00000044                                   : exit.obj (.text)
                  00003e8c    00000044                                   : fd_tou_t2.obj (.text)
                  00003ed0    00000038                                   : fs_tod_t2.obj (.text)
                  00003f08    00000030                                   : strncpy.obj (.text)
                  00003f38    0000002e                                   : i_tofd_t2.obj (.text)
                  00003f66    00000002     --HOLE-- [fill = 0]
                  00003f68    0000001a     startup_ccs.obj (.text)
                  00003f82    00000002     --HOLE-- [fill = 0]
                  00003f84    00000018     rtsv7M4_T_le_v4SPD16_eabi.lib : args_main.obj (.text)
                  00003f9c    00000014                                   : _lock.obj (.text)
                  00003fb0    00000012                                   : atof.obj (.text)
                  00003fc2    0000000e                                   : copy_decompress_none.obj (.text:decompress:none)
                  00003fd0    0000000c                                   : copy_zero_init.obj (.text:decompress:ZI)

.const     0    00003fe0    0000038a     
                  00003fe0    000001e0     Oled.obj (.const:ASCII)
                  000041c0    00000101     rtsv7M4_T_le_v4SPD16_eabi.lib : ctype.obj (.const:.string:_ctypes_)
                  000042c1    00000004     NRF24.obj (.const)
                  000042c5    00000003     --HOLE-- [fill = 0]
                  000042c8    00000098     rtsv7M4_T_le_v4SPD16_eabi.lib : strtod.obj (.const)
                  00004360    0000000a     main.obj (.const:.string)

.cinit     0    00004370    00000078     
                  00004370    00000053     (.cinit..data.load) [load image, compression = rle]
                  000043c3    00000001     --HOLE-- [fill = 0]
                  000043c4    0000000c     (__TI_handler_table)
                  000043d0    00000008     (.cinit..bss.load) [load image, compression = zero_init]
                  000043d8    00000010     (__TI_cinit_table)

.init_array 
*          0    00000000    00000000     UNINITIALIZED

.bss       0    20000000    00007d2d     UNINITIALIZED
                  20000000    00003e80     Filters.obj (.bss:Filt_data)
                  20003e80    00001f40     MAX30100.obj (.bss:IR_FIFO_DATA)
                  20005dc0    00001f40     MAX30100.obj (.bss:RED_FIFO_DATA)
                  20007d00    00000014     (.common:RegisteredDevices)
                  20007d14    00000010     (.common:str)
                  20007d24    00000004     (.common:ADCvalue)
                  20007d28    00000004     (.common:StatusReg)
                  20007d2c    00000001     (.common:DeviceCnt)

.TI.noinit 
*          0    20000000    00000000     UNINITIALIZED

.stack     0    20007d30    00000200     UNINITIALIZED
                  20007d30    00000200     --HOLE--

.data      0    20007f30    00000090     UNINITIALIZED
                  20007f30    00000037     NRF24.obj (.data)
                  20007f67    00000001     --HOLE--
                  20007f68    0000001c     main.obj (.data)
                  20007f84    00000018     MAX30100.obj (.data)
                  20007f9c    00000008     Filters.obj (.data)
                  20007fa4    00000008     rtsv7M4_T_le_v4SPD16_eabi.lib : _lock.obj (.data)
                  20007fac    00000008                                   : exit.obj (.data)
                  20007fb4    00000004                                   : errno.obj (.data)
                  20007fb8    00000004                                   : stkdepth_vars.obj (.data)
                  20007fbc    00000004     system_LM4F.obj (.data)

.TI.persistent 
*          0    20007f30    00000000     UNINITIALIZED

.sysmem    0    20007fc0    00000008     UNINITIALIZED
                  20007fc0    00000008     rtsv7M4_T_le_v4SPD16_eabi.lib : memory.obj (.sysmem)


LINKER GENERATED COPY TABLES

__TI_cinit_table @ 000043d8 records: 2, size/record: 8, table size: 16
	.data: load addr=00004370, load size=00000053 bytes, run addr=20007f30, run size=00000090 bytes, compression=rle
	.bss: load addr=000043d0, load size=00000008 bytes, run addr=20000000, run size=00007d2d bytes, compression=zero_init


LINKER GENERATED HANDLER TABLE

__TI_handler_table @ 000043c4 records: 3, size/record: 4, table size: 12
	index: 0, handler: __TI_decompress_rle24
	index: 1, handler: __TI_decompress_none
	index: 2, handler: __TI_zero_init


GLOBAL SYMBOLS: SORTED ALPHABETICALLY BY Name 

address   name                    
-------   ----                    
20007f9c  ACC                     
00000de9  ADCSeq2_HANDLER         
00001ec9  ADC_initTimer3          
20007f74  ADCflag                 
20007d24  ADCvalue                
00003331  Accumulator_Init_values 
00003e49  C$$EXIT                 
00001291  CheckInterrupts         
00001411  Check_MAX_Interrupts    
00000321  ConfigNRF24_Reg         
20007f30  DATA_PIPE0_ADDRESS      
20007f35  DATA_PIPE1_ADDRESS      
20007f3a  DATA_PIPE2_ADDRESS      
20007f3f  DATA_PIPE3_ADDRESS      
20007f44  DATA_PIPE4_ADDRESS      
20007f49  DATA_PIPE5_ADDRESS      
20007f4e  DATA_PIPEx_ADDRESS      
20007d2c  DeviceCnt               
00003491  EMA_Process             
20000000  Filt_data               
00000dc9  GPIO_PortB_Handler      
00000da9  GPIO_PortC_Handler      
000021f9  GPIO_init               
00003149  I2C_Init                
00003281  I2C_ReadByte            
00003321  I2C_Stop                
000031c1  I2C_writeByte           
20007f70  IRQflags_MAX            
20007f6c  IRQflags_NRF            
20003e80  IR_FIFO_DATA            
20007f84  IRsample_cnt            
00001c91  Interrupt_IRQ           
00002cb9  Max30100_Init           
20007fa0  NewValue                
000018f9  Oled_Clear_Display      
00001c11  Oled_DisplayWhen_Init   
000019f1  Oled_Draw_Hline         
00001959  Oled_Draw_Pixel         
00001ab1  Oled_Draw_Vline         
000016a9  Oled_Init               
000018e9  Oled_TrunOff            
00001899  Oled_Write_Char         
00001669  Oled_Write_Cmd          
00001689  Oled_Write_Data         
00001809  Oled_Write_String       
00001459  Oled_int2string         
00001ea1  PWM_Duty                
00001da1  PWM_Init                
00000731  Ping_TX                 
00000739  Process_Data            
20005dc0  RED_FIFO_DATA           
20007f86  REDsample_cnt           
20007f53  RX_PAYLOAD              
00002de1  Read_MAX_DATAFIFO       
000002c9  Read_Reg                
00000601  Read_data               
20007d00  RegisteredDevices       
00003f69  ResetISR                
UNDEFED   SHT$$INIT_ARRAY$$Base   
UNDEFED   SHT$$INIT_ARRAY$$Limit  
000036b9  SPI_Init                
00001511  SPI_Oled_Init           
00001609  SPI_Oled_transfer       
000037c1  SPI_transfer            
000009c9  Send_COM_PIPE           
00000ce9  Send_Error_Code         
00002ed1  StartSampling           
20007d28  StatusReg               
00002ef1  StopSampling            
20007fbc  SystemCoreClock         
00002a59  SystemCoreClockUpdate   
00002b99  SystemInit              
20007f68  T0flags                 
00000e21  TIMER0A_HANDLER         
00000e51  TIMER2A_HANDLER         
20007f5d  TX_PAYLOAD              
000020f9  TimerEdgeCounter_init   
00002079  Timer_Init              
000022e9  UART_Init               
00000271  Write_Reg               
00000659  Write_data              
00000a89  Write_data_To_data_pipeX
20007fb4  _Errno                  
20007f30  __STACK_END             
00000200  __STACK_SIZE            
20007f30  __STACK_TOP             
00000008  __SYSMEM_SIZE           
000043d8  __TI_CINIT_Base         
000043e8  __TI_CINIT_Limit        
000043c4  __TI_Handler_Table_Base 
000043d0  __TI_Handler_Table_Limit
00003bf5  __TI_auto_init          
20007fac  __TI_cleanup_ptr        
00003fc3  __TI_decompress_none    
00001c3b  __TI_decompress_rle24   
20007fb0  __TI_dtors_ptr          
00000000  __TI_static_base__      
00003fd1  __TI_zero_init          
00003af5  __aeabi_cdcmpeq         
00003af5  __aeabi_cdcmple         
00003db5  __aeabi_d2f             
00003dff  __aeabi_d2iz            
00003e8d  __aeabi_d2uiz           
0000350b  __aeabi_dadd            
00003827  __aeabi_ddiv            
0000395d  __aeabi_dmul            
00003501  __aeabi_dsub            
00003ed1  __aeabi_f2d             
00003f39  __aeabi_i2d             
00003b7b  __aeabi_memclr          
00003b7b  __aeabi_memclr4         
00003b7b  __aeabi_memclr8         
00003a59  __aeabi_memcpy          
00003a59  __aeabi_memcpy4         
00003a59  __aeabi_memcpy8         
00003b7d  __aeabi_memset          
00003b7d  __aeabi_memset4         
00003b7d  __aeabi_memset8         
ffffffff  __binit__               
ffffffff  __c_args__              
20007d30  __stack                 
00003f85  _args_main              
00003ccd  _c_int00                
000041c0  _ctypes_                
20007fa4  _lock                   
00003fab  _nop                    
00003fa3  _register_lock          
00003f9d  _register_unlock        
20007fc0  _sys_memory             
00000d75  _system_pre_init        
20007fa8  _unlock                 
00003e4d  abort                   
00003fb1  atof                    
00003d1d  atoi                    
ffffffff  binit                   
20007f88  configValues            
20007f94  configresvalue          
00003d69  copy_in                 
00003e55  exit                    
000005d1  flush_RX                
000005a1  flush_TX                
00000000  g_pfnVectors            
00000a51  get_pipe_from_STATUS    
00000e69  main                    
20007fb8  main_func_sp            
00003a59  memcpy                  
00003b83  memset                  
000042c1  node                    
000023a1  printChar               
00002531  printDouble             
000024e1  print_String            
000023d9  print_uint              
00002759  process_REGISTER_command
00002661  process_command         
00002381  readChar                
00002589  readStr                 
20007f80  rps                     
00003301  setSlaveAddress         
20007d14  str                     
00003f09  strncpy                 
00002f09  strtod                  
20007f7c  val                     
20007f78  voltage                 


GLOBAL SYMBOLS: SORTED BY Symbol Address 

address   name                    
-------   ----                    
00000000  __TI_static_base__      
00000000  g_pfnVectors            
00000008  __SYSMEM_SIZE           
00000200  __STACK_SIZE            
00000271  Write_Reg               
000002c9  Read_Reg                
00000321  ConfigNRF24_Reg         
000005a1  flush_TX                
000005d1  flush_RX                
00000601  Read_data               
00000659  Write_data              
00000731  Ping_TX                 
00000739  Process_Data            
000009c9  Send_COM_PIPE           
00000a51  get_pipe_from_STATUS    
00000a89  Write_data_To_data_pipeX
00000ce9  Send_Error_Code         
00000d75  _system_pre_init        
00000da9  GPIO_PortC_Handler      
00000dc9  GPIO_PortB_Handler      
00000de9  ADCSeq2_HANDLER         
00000e21  TIMER0A_HANDLER         
00000e51  TIMER2A_HANDLER         
00000e69  main                    
00001291  CheckInterrupts         
00001411  Check_MAX_Interrupts    
00001459  Oled_int2string         
00001511  SPI_Oled_Init           
00001609  SPI_Oled_transfer       
00001669  Oled_Write_Cmd          
00001689  Oled_Write_Data         
000016a9  Oled_Init               
00001809  Oled_Write_String       
00001899  Oled_Write_Char         
000018e9  Oled_TrunOff            
000018f9  Oled_Clear_Display      
00001959  Oled_Draw_Pixel         
000019f1  Oled_Draw_Hline         
00001ab1  Oled_Draw_Vline         
00001c11  Oled_DisplayWhen_Init   
00001c3b  __TI_decompress_rle24   
00001c91  Interrupt_IRQ           
00001da1  PWM_Init                
00001ea1  PWM_Duty                
00001ec9  ADC_initTimer3          
00002079  Timer_Init              
000020f9  TimerEdgeCounter_init   
000021f9  GPIO_init               
000022e9  UART_Init               
00002381  readChar                
000023a1  printChar               
000023d9  print_uint              
000024e1  print_String            
00002531  printDouble             
00002589  readStr                 
00002661  process_command         
00002759  process_REGISTER_command
00002a59  SystemCoreClockUpdate   
00002b99  SystemInit              
00002cb9  Max30100_Init           
00002de1  Read_MAX_DATAFIFO       
00002ed1  StartSampling           
00002ef1  StopSampling            
00002f09  strtod                  
00003149  I2C_Init                
000031c1  I2C_writeByte           
00003281  I2C_ReadByte            
00003301  setSlaveAddress         
00003321  I2C_Stop                
00003331  Accumulator_Init_values 
00003491  EMA_Process             
00003501  __aeabi_dsub            
0000350b  __aeabi_dadd            
000036b9  SPI_Init                
000037c1  SPI_transfer            
00003827  __aeabi_ddiv            
0000395d  __aeabi_dmul            
00003a59  __aeabi_memcpy          
00003a59  __aeabi_memcpy4         
00003a59  __aeabi_memcpy8         
00003a59  memcpy                  
00003af5  __aeabi_cdcmpeq         
00003af5  __aeabi_cdcmple         
00003b7b  __aeabi_memclr          
00003b7b  __aeabi_memclr4         
00003b7b  __aeabi_memclr8         
00003b7d  __aeabi_memset          
00003b7d  __aeabi_memset4         
00003b7d  __aeabi_memset8         
00003b83  memset                  
00003bf5  __TI_auto_init          
00003ccd  _c_int00                
00003d1d  atoi                    
00003d69  copy_in                 
00003db5  __aeabi_d2f             
00003dff  __aeabi_d2iz            
00003e49  C$$EXIT                 
00003e4d  abort                   
00003e55  exit                    
00003e8d  __aeabi_d2uiz           
00003ed1  __aeabi_f2d             
00003f09  strncpy                 
00003f39  __aeabi_i2d             
00003f69  ResetISR                
00003f85  _args_main              
00003f9d  _register_unlock        
00003fa3  _register_lock          
00003fab  _nop                    
00003fb1  atof                    
00003fc3  __TI_decompress_none    
00003fd1  __TI_zero_init          
000041c0  _ctypes_                
000042c1  node                    
000043c4  __TI_Handler_Table_Base 
000043d0  __TI_Handler_Table_Limit
000043d8  __TI_CINIT_Base         
000043e8  __TI_CINIT_Limit        
20000000  Filt_data               
20003e80  IR_FIFO_DATA            
20005dc0  RED_FIFO_DATA           
20007d00  RegisteredDevices       
20007d14  str                     
20007d24  ADCvalue                
20007d28  StatusReg               
20007d2c  DeviceCnt               
20007d30  __stack                 
20007f30  DATA_PIPE0_ADDRESS      
20007f30  __STACK_END             
20007f30  __STACK_TOP             
20007f35  DATA_PIPE1_ADDRESS      
20007f3a  DATA_PIPE2_ADDRESS      
20007f3f  DATA_PIPE3_ADDRESS      
20007f44  DATA_PIPE4_ADDRESS      
20007f49  DATA_PIPE5_ADDRESS      
20007f4e  DATA_PIPEx_ADDRESS      
20007f53  RX_PAYLOAD              
20007f5d  TX_PAYLOAD              
20007f68  T0flags                 
20007f6c  IRQflags_NRF            
20007f70  IRQflags_MAX            
20007f74  ADCflag                 
20007f78  voltage                 
20007f7c  val                     
20007f80  rps                     
20007f84  IRsample_cnt            
20007f86  REDsample_cnt           
20007f88  configValues            
20007f94  configresvalue          
20007f9c  ACC                     
20007fa0  NewValue                
20007fa4  _lock                   
20007fa8  _unlock                 
20007fac  __TI_cleanup_ptr        
20007fb0  __TI_dtors_ptr          
20007fb4  _Errno                  
20007fb8  main_func_sp            
20007fbc  SystemCoreClock         
20007fc0  _sys_memory             
ffffffff  __binit__               
ffffffff  __c_args__              
ffffffff  binit                   
UNDEFED   SHT$$INIT_ARRAY$$Base   
UNDEFED   SHT$$INIT_ARRAY$$Limit  

[163 symbols]
