<?xml version="1.0"?>
<link_info>
   <banner>TI ARM Linker PC v5.2.2</banner>
   <copyright>Copyright (c) 1996-2015 Texas Instruments Incorporated</copyright>
   <link_time>0x56e0676b</link_time>
   <link_errors>0x0</link_errors>
   <output_file>GIT_UART_OXIMETER_filter.out</output_file>
   <entry_point>
      <name>_c_int00</name>
      <address>0x599d</address>
   </entry_point>
   <input_file_list>
      <input_file id="fl-2">
         <path>.\</path>
         <kind>object</kind>
         <file>DC2notch_filter.obj</file>
         <name>DC2notch_filter.obj</name>
      </input_file>
      <input_file id="fl-3">
         <path>.\</path>
         <kind>object</kind>
         <file>DC_blockFIR_filter.obj</file>
         <name>DC_blockFIR_filter.obj</name>
      </input_file>
      <input_file id="fl-4">
         <path>.\</path>
         <kind>object</kind>
         <file>DCnotch_filter.obj</file>
         <name>DCnotch_filter.obj</name>
      </input_file>
      <input_file id="fl-5">
         <path>.\</path>
         <kind>object</kind>
         <file>FIFO.obj</file>
         <name>FIFO.obj</name>
      </input_file>
      <input_file id="fl-6">
         <path>.\</path>
         <kind>object</kind>
         <file>FIR_LP_filter.obj</file>
         <name>FIR_LP_filter.obj</name>
      </input_file>
      <input_file id="fl-7">
         <path>.\</path>
         <kind>object</kind>
         <file>I2C.obj</file>
         <name>I2C.obj</name>
      </input_file>
      <input_file id="fl-8">
         <path>.\</path>
         <kind>object</kind>
         <file>MAX30100.obj</file>
         <name>MAX30100.obj</name>
      </input_file>
      <input_file id="fl-9">
         <path>.\</path>
         <kind>object</kind>
         <file>MA_filter.obj</file>
         <name>MA_filter.obj</name>
      </input_file>
      <input_file id="fl-a">
         <path>.\</path>
         <kind>object</kind>
         <file>NRF24.obj</file>
         <name>NRF24.obj</name>
      </input_file>
      <input_file id="fl-b">
         <path>.\</path>
         <kind>object</kind>
         <file>Oled.obj</file>
         <name>Oled.obj</name>
      </input_file>
      <input_file id="fl-c">
         <path>.\</path>
         <kind>object</kind>
         <file>Periferal_Init.obj</file>
         <name>Periferal_Init.obj</name>
      </input_file>
      <input_file id="fl-d">
         <path>.\</path>
         <kind>object</kind>
         <file>SPI.obj</file>
         <name>SPI.obj</name>
      </input_file>
      <input_file id="fl-e">
         <path>.\</path>
         <kind>object</kind>
         <file>UART.obj</file>
         <name>UART.obj</name>
      </input_file>
      <input_file id="fl-f">
         <path>.\</path>
         <kind>object</kind>
         <file>filtfilter.obj</file>
         <name>filtfilter.obj</name>
      </input_file>
      <input_file id="fl-10">
         <path>.\</path>
         <kind>object</kind>
         <file>main.obj</file>
         <name>main.obj</name>
      </input_file>
      <input_file id="fl-11">
         <path>.\</path>
         <kind>object</kind>
         <file>startup_ccs.obj</file>
         <name>startup_ccs.obj</name>
      </input_file>
      <input_file id="fl-12">
         <path>.\src\</path>
         <kind>object</kind>
         <file>system_LM4F.obj</file>
         <name>system_LM4F.obj</name>
      </input_file>
      <input_file id="fl-138">
         <path>C:\ti\ccsv6\tools\compiler\ti-cgt-arm_5.2.2\lib\</path>
         <kind>archive</kind>
         <file>rtsv7M4_T_le_v4SPD16_eabi.lib</file>
         <name>atof.obj</name>
      </input_file>
      <input_file id="fl-139">
         <path>C:\ti\ccsv6\tools\compiler\ti-cgt-arm_5.2.2\lib\</path>
         <kind>archive</kind>
         <file>rtsv7M4_T_le_v4SPD16_eabi.lib</file>
         <name>atoi.obj</name>
      </input_file>
      <input_file id="fl-13a">
         <path>C:\ti\ccsv6\tools\compiler\ti-cgt-arm_5.2.2\lib\</path>
         <kind>archive</kind>
         <file>rtsv7M4_T_le_v4SPD16_eabi.lib</file>
         <name>boot.obj</name>
      </input_file>
      <input_file id="fl-13b">
         <path>C:\ti\ccsv6\tools\compiler\ti-cgt-arm_5.2.2\lib\</path>
         <kind>archive</kind>
         <file>rtsv7M4_T_le_v4SPD16_eabi.lib</file>
         <name>copy_decompress_none.obj</name>
      </input_file>
      <input_file id="fl-13c">
         <path>C:\ti\ccsv6\tools\compiler\ti-cgt-arm_5.2.2\lib\</path>
         <kind>archive</kind>
         <file>rtsv7M4_T_le_v4SPD16_eabi.lib</file>
         <name>copy_decompress_rle.obj</name>
      </input_file>
      <input_file id="fl-13d">
         <path>C:\ti\ccsv6\tools\compiler\ti-cgt-arm_5.2.2\lib\</path>
         <kind>archive</kind>
         <file>rtsv7M4_T_le_v4SPD16_eabi.lib</file>
         <name>copy_zero_init.obj</name>
      </input_file>
      <input_file id="fl-13e">
         <path>C:\ti\ccsv6\tools\compiler\ti-cgt-arm_5.2.2\lib\</path>
         <kind>archive</kind>
         <file>rtsv7M4_T_le_v4SPD16_eabi.lib</file>
         <name>ctype.obj</name>
      </input_file>
      <input_file id="fl-13f">
         <path>C:\ti\ccsv6\tools\compiler\ti-cgt-arm_5.2.2\lib\</path>
         <kind>archive</kind>
         <file>rtsv7M4_T_le_v4SPD16_eabi.lib</file>
         <name>exit.obj</name>
      </input_file>
      <input_file id="fl-140">
         <path>C:\ti\ccsv6\tools\compiler\ti-cgt-arm_5.2.2\lib\</path>
         <kind>archive</kind>
         <file>rtsv7M4_T_le_v4SPD16_eabi.lib</file>
         <name>fd_add_t2.obj</name>
      </input_file>
      <input_file id="fl-141">
         <path>C:\ti\ccsv6\tools\compiler\ti-cgt-arm_5.2.2\lib\</path>
         <kind>archive</kind>
         <file>rtsv7M4_T_le_v4SPD16_eabi.lib</file>
         <name>fd_cmp_t2.obj</name>
      </input_file>
      <input_file id="fl-142">
         <path>C:\ti\ccsv6\tools\compiler\ti-cgt-arm_5.2.2\lib\</path>
         <kind>archive</kind>
         <file>rtsv7M4_T_le_v4SPD16_eabi.lib</file>
         <name>fd_div_t2.obj</name>
      </input_file>
      <input_file id="fl-143">
         <path>C:\ti\ccsv6\tools\compiler\ti-cgt-arm_5.2.2\lib\</path>
         <kind>archive</kind>
         <file>rtsv7M4_T_le_v4SPD16_eabi.lib</file>
         <name>fd_mul_t2.obj</name>
      </input_file>
      <input_file id="fl-144">
         <path>C:\ti\ccsv6\tools\compiler\ti-cgt-arm_5.2.2\lib\</path>
         <kind>archive</kind>
         <file>rtsv7M4_T_le_v4SPD16_eabi.lib</file>
         <name>fd_toi_t2.obj</name>
      </input_file>
      <input_file id="fl-145">
         <path>C:\ti\ccsv6\tools\compiler\ti-cgt-arm_5.2.2\lib\</path>
         <kind>archive</kind>
         <file>rtsv7M4_T_le_v4SPD16_eabi.lib</file>
         <name>fd_tos_t2.obj</name>
      </input_file>
      <input_file id="fl-146">
         <path>C:\ti\ccsv6\tools\compiler\ti-cgt-arm_5.2.2\lib\</path>
         <kind>archive</kind>
         <file>rtsv7M4_T_le_v4SPD16_eabi.lib</file>
         <name>fd_tou_t2.obj</name>
      </input_file>
      <input_file id="fl-147">
         <path>C:\ti\ccsv6\tools\compiler\ti-cgt-arm_5.2.2\lib\</path>
         <kind>archive</kind>
         <file>rtsv7M4_T_le_v4SPD16_eabi.lib</file>
         <name>fs_tod_t2.obj</name>
      </input_file>
      <input_file id="fl-148">
         <path>C:\ti\ccsv6\tools\compiler\ti-cgt-arm_5.2.2\lib\</path>
         <kind>archive</kind>
         <file>rtsv7M4_T_le_v4SPD16_eabi.lib</file>
         <name>i_tofd_t2.obj</name>
      </input_file>
      <input_file id="fl-149">
         <path>C:\ti\ccsv6\tools\compiler\ti-cgt-arm_5.2.2\lib\</path>
         <kind>archive</kind>
         <file>rtsv7M4_T_le_v4SPD16_eabi.lib</file>
         <name>memcpy_t2.obj</name>
      </input_file>
      <input_file id="fl-14a">
         <path>C:\ti\ccsv6\tools\compiler\ti-cgt-arm_5.2.2\lib\</path>
         <kind>archive</kind>
         <file>rtsv7M4_T_le_v4SPD16_eabi.lib</file>
         <name>memory.obj</name>
      </input_file>
      <input_file id="fl-14b">
         <path>C:\ti\ccsv6\tools\compiler\ti-cgt-arm_5.2.2\lib\</path>
         <kind>archive</kind>
         <file>rtsv7M4_T_le_v4SPD16_eabi.lib</file>
         <name>memset_t2.obj</name>
      </input_file>
      <input_file id="fl-14c">
         <path>C:\ti\ccsv6\tools\compiler\ti-cgt-arm_5.2.2\lib\</path>
         <kind>archive</kind>
         <file>rtsv7M4_T_le_v4SPD16_eabi.lib</file>
         <name>pre_init.obj</name>
      </input_file>
      <input_file id="fl-14d">
         <path>C:\ti\ccsv6\tools\compiler\ti-cgt-arm_5.2.2\lib\</path>
         <kind>archive</kind>
         <file>rtsv7M4_T_le_v4SPD16_eabi.lib</file>
         <name>stkdepth_vars.obj</name>
      </input_file>
      <input_file id="fl-14e">
         <path>C:\ti\ccsv6\tools\compiler\ti-cgt-arm_5.2.2\lib\</path>
         <kind>archive</kind>
         <file>rtsv7M4_T_le_v4SPD16_eabi.lib</file>
         <name>strncpy.obj</name>
      </input_file>
      <input_file id="fl-14f">
         <path>C:\ti\ccsv6\tools\compiler\ti-cgt-arm_5.2.2\lib\</path>
         <kind>archive</kind>
         <file>rtsv7M4_T_le_v4SPD16_eabi.lib</file>
         <name>strtod.obj</name>
      </input_file>
      <input_file id="fl-150">
         <path>C:\ti\ccsv6\tools\compiler\ti-cgt-arm_5.2.2\lib\</path>
         <kind>archive</kind>
         <file>rtsv7M4_T_le_v4SPD16_eabi.lib</file>
         <name>u_tofd_t2.obj</name>
      </input_file>
      <input_file id="fl-151">
         <path>C:\ti\ccsv6\tools\compiler\ti-cgt-arm_5.2.2\lib\</path>
         <kind>archive</kind>
         <file>rtsv7M4_T_le_v4SPD16_eabi.lib</file>
         <name>_lock.obj</name>
      </input_file>
      <input_file id="fl-152">
         <path>C:\ti\ccsv6\tools\compiler\ti-cgt-arm_5.2.2\lib\</path>
         <kind>archive</kind>
         <file>rtsv7M4_T_le_v4SPD16_eabi.lib</file>
         <name>args_main.obj</name>
      </input_file>
      <input_file id="fl-153">
         <path>C:\ti\ccsv6\tools\compiler\ti-cgt-arm_5.2.2\lib\</path>
         <kind>archive</kind>
         <file>rtsv7M4_T_le_v4SPD16_eabi.lib</file>
         <name>autoinit.obj</name>
      </input_file>
      <input_file id="fl-154">
         <path>C:\ti\ccsv6\tools\compiler\ti-cgt-arm_5.2.2\lib\</path>
         <kind>archive</kind>
         <file>rtsv7M4_T_le_v4SPD16_eabi.lib</file>
         <name>cpy_tbl.obj</name>
      </input_file>
      <input_file id="fl-155">
         <path>C:\ti\ccsv6\tools\compiler\ti-cgt-arm_5.2.2\lib\</path>
         <kind>archive</kind>
         <file>rtsv7M4_T_le_v4SPD16_eabi.lib</file>
         <name>errno.obj</name>
      </input_file>
   </input_file_list>
   <object_component_list>
      <object_component id="oc-f">
         <name>.intvecs</name>
         <load_address>0x0</load_address>
         <run_address>0x0</run_address>
         <size>0x26c</size>
         <input_file_ref idref="fl-11"/>
      </object_component>
      <object_component id="oc-ac">
         <name>.text</name>
         <load_address>0x270</load_address>
         <run_address>0x270</run_address>
         <size>0xebc</size>
         <input_file_ref idref="fl-8"/>
      </object_component>
      <object_component id="oc-61">
         <name>.text</name>
         <load_address>0x112c</load_address>
         <run_address>0x112c</run_address>
         <size>0x4</size>
         <input_file_ref idref="fl-14c"/>
      </object_component>
      <object_component id="oc-a6">
         <name>.text</name>
         <load_address>0x1130</load_address>
         <run_address>0x1130</run_address>
         <size>0xb58</size>
         <input_file_ref idref="fl-e"/>
      </object_component>
      <object_component id="oc-e7">
         <name>.text</name>
         <load_address>0x1c88</load_address>
         <run_address>0x1c88</run_address>
         <size>0xb04</size>
         <input_file_ref idref="fl-a"/>
      </object_component>
      <object_component id="oc-9a">
         <name>.text</name>
         <load_address>0x2790</load_address>
         <run_address>0x2790</run_address>
         <size>0x83e</size>
         <input_file_ref idref="fl-b"/>
      </object_component>
      <object_component id="oc-8e">
         <name>.text</name>
         <load_address>0x2fd0</load_address>
         <run_address>0x2fd0</run_address>
         <size>0x6a4</size>
         <input_file_ref idref="fl-c"/>
      </object_component>
      <object_component id="oc-33">
         <name>.text</name>
         <load_address>0x3678</load_address>
         <run_address>0x3678</run_address>
         <size>0x474</size>
         <input_file_ref idref="fl-10"/>
      </object_component>
      <object_component id="oc-88">
         <name>.text</name>
         <load_address>0x3af0</load_address>
         <run_address>0x3af0</run_address>
         <size>0x444</size>
         <input_file_ref idref="fl-12"/>
      </object_component>
      <object_component id="oc-1d9">
         <name>.text</name>
         <load_address>0x3f34</load_address>
         <run_address>0x3f34</run_address>
         <size>0x3dc</size>
         <input_file_ref idref="fl-14a"/>
      </object_component>
      <object_component id="oc-e1">
         <name>.text</name>
         <load_address>0x4310</load_address>
         <run_address>0x4310</run_address>
         <size>0x256</size>
         <input_file_ref idref="fl-5"/>
      </object_component>
      <object_component id="oc-265">
         <name>.text</name>
         <load_address>0x4568</load_address>
         <run_address>0x4568</run_address>
         <size>0x23c</size>
         <input_file_ref idref="fl-14f"/>
      </object_component>
      <object_component id="oc-cf">
         <name>.text</name>
         <load_address>0x47a8</load_address>
         <run_address>0x47a8</run_address>
         <size>0x1fe</size>
         <input_file_ref idref="fl-2"/>
      </object_component>
      <object_component id="oc-c8">
         <name>.text</name>
         <load_address>0x49a8</load_address>
         <run_address>0x49a8</run_address>
         <size>0x1fe</size>
         <input_file_ref idref="fl-4"/>
      </object_component>
      <object_component id="oc-a0">
         <name>.text</name>
         <load_address>0x4ba8</load_address>
         <run_address>0x4ba8</run_address>
         <size>0x1e4</size>
         <input_file_ref idref="fl-7"/>
      </object_component>
      <object_component id="oc-173">
         <name>.text</name>
         <load_address>0x4d8c</load_address>
         <run_address>0x4d8c</run_address>
         <size>0x1b6</size>
         <input_file_ref idref="fl-140"/>
      </object_component>
      <object_component id="oc-18">
         <name>.text:decompress:rle24</name>
         <load_address>0x4f42</load_address>
         <run_address>0x4f42</run_address>
         <size>0x6</size>
         <input_file_ref idref="fl-13c"/>
      </object_component>
      <object_component id="oc-d8">
         <name>.text</name>
         <load_address>0x4f48</load_address>
         <run_address>0x4f48</run_address>
         <size>0x17e</size>
         <input_file_ref idref="fl-3"/>
      </object_component>
      <object_component id="oc-be">
         <name>.text</name>
         <load_address>0x50c8</load_address>
         <run_address>0x50c8</run_address>
         <size>0x17e</size>
         <input_file_ref idref="fl-6"/>
      </object_component>
      <object_component id="oc-94">
         <name>.text</name>
         <load_address>0x5248</load_address>
         <run_address>0x5248</run_address>
         <size>0x16e</size>
         <input_file_ref idref="fl-d"/>
      </object_component>
      <object_component id="oc-b5">
         <name>.text</name>
         <load_address>0x53b8</load_address>
         <run_address>0x53b8</run_address>
         <size>0x13c</size>
         <input_file_ref idref="fl-9"/>
      </object_component>
      <object_component id="oc-2c6">
         <name>.text</name>
         <load_address>0x54f4</load_address>
         <run_address>0x54f4</run_address>
         <size>0x136</size>
         <input_file_ref idref="fl-142"/>
      </object_component>
      <object_component id="oc-178">
         <name>.text</name>
         <load_address>0x562a</load_address>
         <run_address>0x562a</run_address>
         <size>0xfc</size>
         <input_file_ref idref="fl-143"/>
      </object_component>
      <object_component id="oc-3c">
         <name>.text</name>
         <load_address>0x5726</load_address>
         <run_address>0x5726</run_address>
         <size>0x9c</size>
         <input_file_ref idref="fl-149"/>
      </object_component>
      <object_component id="oc-2c1">
         <name>.text:__aeabi_cdcmple</name>
         <load_address>0x57c2</load_address>
         <run_address>0x57c2</run_address>
         <size>0x86</size>
         <input_file_ref idref="fl-141"/>
      </object_component>
      <object_component id="oc-55">
         <name>.text</name>
         <load_address>0x5848</load_address>
         <run_address>0x5848</run_address>
         <size>0x7a</size>
         <input_file_ref idref="fl-14b"/>
      </object_component>
      <object_component id="oc-67">
         <name>.text</name>
         <load_address>0x58c4</load_address>
         <run_address>0x58c4</run_address>
         <size>0x6c</size>
         <input_file_ref idref="fl-153"/>
      </object_component>
      <object_component id="oc-48">
         <name>.text</name>
         <load_address>0x5930</load_address>
         <run_address>0x5930</run_address>
         <size>0x6a</size>
         <input_file_ref idref="fl-13c"/>
      </object_component>
      <object_component id="oc-24">
         <name>.text</name>
         <load_address>0x599c</load_address>
         <run_address>0x599c</run_address>
         <size>0x50</size>
         <input_file_ref idref="fl-13a"/>
      </object_component>
      <object_component id="oc-18b">
         <name>.text</name>
         <load_address>0x59ec</load_address>
         <run_address>0x59ec</run_address>
         <size>0x4c</size>
         <input_file_ref idref="fl-139"/>
      </object_component>
      <object_component id="oc-117">
         <name>.text</name>
         <load_address>0x5a38</load_address>
         <run_address>0x5a38</run_address>
         <size>0x4c</size>
         <input_file_ref idref="fl-154"/>
      </object_component>
      <object_component id="oc-19a">
         <name>.text</name>
         <load_address>0x5a84</load_address>
         <run_address>0x5a84</run_address>
         <size>0x4a</size>
         <input_file_ref idref="fl-145"/>
      </object_component>
      <object_component id="oc-169">
         <name>.text</name>
         <load_address>0x5ace</load_address>
         <run_address>0x5ace</run_address>
         <size>0x48</size>
         <input_file_ref idref="fl-144"/>
      </object_component>
      <object_component id="oc-73">
         <name>.text</name>
         <load_address>0x5b18</load_address>
         <run_address>0x5b18</run_address>
         <size>0x44</size>
         <input_file_ref idref="fl-13f"/>
      </object_component>
      <object_component id="oc-17d">
         <name>.text</name>
         <load_address>0x5b5c</load_address>
         <run_address>0x5b5c</run_address>
         <size>0x44</size>
         <input_file_ref idref="fl-146"/>
      </object_component>
      <object_component id="oc-1df">
         <name>.text</name>
         <load_address>0x5ba0</load_address>
         <run_address>0x5ba0</run_address>
         <size>0x38</size>
         <input_file_ref idref="fl-147"/>
      </object_component>
      <object_component id="oc-185">
         <name>.text</name>
         <load_address>0x5bd8</load_address>
         <run_address>0x5bd8</run_address>
         <size>0x30</size>
         <input_file_ref idref="fl-14e"/>
      </object_component>
      <object_component id="oc-16e">
         <name>.text</name>
         <load_address>0x5c08</load_address>
         <run_address>0x5c08</run_address>
         <size>0x2e</size>
         <input_file_ref idref="fl-148"/>
      </object_component>
      <object_component id="oc-1c5">
         <name>.text</name>
         <load_address>0x5c36</load_address>
         <run_address>0x5c36</run_address>
         <size>0x20</size>
         <input_file_ref idref="fl-150"/>
      </object_component>
      <object_component id="oc-2d">
         <name>.text</name>
         <load_address>0x5c58</load_address>
         <run_address>0x5c58</run_address>
         <size>0x1a</size>
         <input_file_ref idref="fl-11"/>
      </object_component>
      <object_component id="oc-6d">
         <name>.text</name>
         <load_address>0x5c74</load_address>
         <run_address>0x5c74</run_address>
         <size>0x18</size>
         <input_file_ref idref="fl-152"/>
      </object_component>
      <object_component id="oc-234">
         <name>.text</name>
         <load_address>0x5c8c</load_address>
         <run_address>0x5c8c</run_address>
         <size>0x14</size>
         <input_file_ref idref="fl-151"/>
      </object_component>
      <object_component id="oc-194">
         <name>.text</name>
         <load_address>0x5ca0</load_address>
         <run_address>0x5ca0</run_address>
         <size>0x12</size>
         <input_file_ref idref="fl-138"/>
      </object_component>
      <object_component id="oc-12">
         <name>.text:decompress:none</name>
         <load_address>0x5cb2</load_address>
         <run_address>0x5cb2</run_address>
         <size>0xe</size>
         <input_file_ref idref="fl-13b"/>
      </object_component>
      <object_component id="oc-1e">
         <name>.text:decompress:ZI</name>
         <load_address>0x5cc0</load_address>
         <run_address>0x5cc0</run_address>
         <size>0xc</size>
         <input_file_ref idref="fl-13d"/>
      </object_component>
      <object_component id="oc-160">
         <name>.const:ASCII</name>
         <load_address>0x5cd0</load_address>
         <run_address>0x5cd0</run_address>
         <size>0x240</size>
         <input_file_ref idref="fl-b"/>
      </object_component>
      <object_component id="oc-25e">
         <name>.const:.string:_ctypes_</name>
         <load_address>0x5f10</load_address>
         <run_address>0x5f10</run_address>
         <size>0x101</size>
         <input_file_ref idref="fl-13e"/>
      </object_component>
      <object_component id="oc-201">
         <name>.const</name>
         <load_address>0x6014</load_address>
         <run_address>0x6014</run_address>
         <size>0x4</size>
         <input_file_ref idref="fl-3"/>
      </object_component>
      <object_component id="oc-2cb">
         <name>.const</name>
         <load_address>0x6018</load_address>
         <run_address>0x6018</run_address>
         <size>0x98</size>
         <input_file_ref idref="fl-14f"/>
      </object_component>
      <object_component id="oc-163">
         <name>.const:.string</name>
         <load_address>0x60b0</load_address>
         <run_address>0x60b0</run_address>
         <size>0xa</size>
         <input_file_ref idref="fl-b"/>
      </object_component>
      <object_component id="oc-1eb">
         <name>.const</name>
         <load_address>0x60bc</load_address>
         <run_address>0x60bc</run_address>
         <size>0x4</size>
         <input_file_ref idref="fl-6"/>
      </object_component>
      <object_component id="oc-1e4">
         <name>.const</name>
         <load_address>0x60c0</load_address>
         <run_address>0x60c0</run_address>
         <size>0x4</size>
         <input_file_ref idref="fl-9"/>
      </object_component>
      <object_component id="oc-217">
         <name>.const</name>
         <load_address>0x60c4</load_address>
         <run_address>0x60c4</run_address>
         <size>0x4</size>
         <input_file_ref idref="fl-a"/>
      </object_component>
      <object_component id="oc-305">
         <name>.cinit..data.load</name>
         <load_address>0x60c8</load_address>
         <run_address>0x60c8</run_address>
         <size>0x4b5</size>
      </object_component>
      <object_component id="oc-303">
         <name>__TI_handler_table</name>
         <load_address>0x6580</load_address>
         <run_address>0x6580</run_address>
         <size>0xc</size>
      </object_component>
      <object_component id="oc-306">
         <name>.cinit..bss.load</name>
         <load_address>0x6590</load_address>
         <run_address>0x6590</run_address>
         <size>0x8</size>
      </object_component>
      <object_component id="oc-304">
         <name>__TI_cinit_table</name>
         <load_address>0x6598</load_address>
         <run_address>0x6598</run_address>
         <size>0x10</size>
      </object_component>
      <object_component id="oc-2a">
         <name>.sysmem</name>
         <uninitialized>true</uninitialized>
         <run_address>0x20002580</run_address>
         <size>0x8</size>
         <input_file_ref idref="fl-14a"/>
      </object_component>
      <object_component id="oc-308">
         <name>.sysmem</name>
         <uninitialized>true</uninitialized>
         <run_address>0x20002580</run_address>
         <size>0x0</size>
      </object_component>
      <object_component id="oc-29">
         <name>.stack</name>
         <uninitialized>true</uninitialized>
         <run_address>0x2000237c</run_address>
         <size>0x0</size>
         <input_file_ref idref="fl-13a"/>
      </object_component>
      <object_component id="oc-307">
         <name>.stack</name>
         <uninitialized>true</uninitialized>
         <run_address>0x2000237c</run_address>
         <size>0x0</size>
      </object_component>
      <object_component id="oc-1a4">
         <name>.bss:Filt_IRdata</name>
         <uninitialized>true</uninitialized>
         <run_address>0x20000c60</run_address>
         <size>0x4b0</size>
         <input_file_ref idref="fl-8"/>
      </object_component>
      <object_component id="oc-1a8">
         <name>.bss:Filt_REDdata</name>
         <uninitialized>true</uninitialized>
         <run_address>0x20001110</run_address>
         <size>0x4b0</size>
         <input_file_ref idref="fl-8"/>
      </object_component>
      <object_component id="oc-1c0">
         <name>.bss:SPO2store</name>
         <uninitialized>true</uninitialized>
         <run_address>0x20001cdc</run_address>
         <size>0x64</size>
         <input_file_ref idref="fl-8"/>
      </object_component>
      <object_component id="oc-1b0">
         <name>.bss:Peaks_index</name>
         <uninitialized>true</uninitialized>
         <run_address>0x20001a20</run_address>
         <size>0xc8</size>
         <input_file_ref idref="fl-8"/>
      </object_component>
      <object_component id="oc-1d2">
         <name>.bss:Valley_index</name>
         <uninitialized>true</uninitialized>
         <run_address>0x20001ae8</run_address>
         <size>0xc8</size>
         <input_file_ref idref="fl-8"/>
      </object_component>
      <object_component id="oc-1ce">
         <name>.bss:ZerocrossIndex</name>
         <uninitialized>true</uninitialized>
         <run_address>0x20001bb0</run_address>
         <size>0xc8</size>
         <input_file_ref idref="fl-8"/>
      </object_component>
      <object_component id="oc-1b8">
         <name>.bss:HR</name>
         <uninitialized>true</uninitialized>
         <run_address>0x20001d9c</run_address>
         <size>0x28</size>
         <input_file_ref idref="fl-8"/>
      </object_component>
      <object_component id="oc-1bd">
         <name>.bss:HRstore</name>
         <uninitialized>true</uninitialized>
         <run_address>0x20001c78</run_address>
         <size>0x64</size>
         <input_file_ref idref="fl-8"/>
      </object_component>
      <object_component id="oc-b2">
         <name>.bss:fir</name>
         <uninitialized>true</uninitialized>
         <run_address>0x20001d40</run_address>
         <size>0x5c</size>
         <input_file_ref idref="fl-10"/>
      </object_component>
      <object_component id="oc-bb">
         <name>.bss:FIR_LP_filter</name>
         <uninitialized>true</uninitialized>
         <run_address>0x200015c0</run_address>
         <size>0x230</size>
         <input_file_ref idref="fl-10"/>
      </object_component>
      <object_component id="oc-c4">
         <name>.bss:FIR_RED_LP_filter</name>
         <uninitialized>true</uninitialized>
         <run_address>0x200017f0</run_address>
         <size>0x230</size>
         <input_file_ref idref="fl-10"/>
      </object_component>
      <object_component id="oc-d5">
         <name>.bss:DC_blockFIR_filter</name>
         <uninitialized>true</uninitialized>
         <run_address>0x20000000</run_address>
         <size>0x630</size>
         <input_file_ref idref="fl-10"/>
      </object_component>
      <object_component id="oc-de">
         <name>.bss:DC_block_RED_FIR_filter</name>
         <uninitialized>true</uninitialized>
         <run_address>0x20000630</run_address>
         <size>0x630</size>
         <input_file_ref idref="fl-10"/>
      </object_component>
      <object_component id="oc-1ca">
         <name>.common:PutPt</name>
         <uninitialized>true</uninitialized>
         <run_address>0x20001e5c</run_address>
         <size>0x4</size>
      </object_component>
      <object_component id="oc-20c">
         <name>.common:GetPt</name>
         <uninitialized>true</uninitialized>
         <run_address>0x20001e38</run_address>
         <size>0x4</size>
      </object_component>
      <object_component id="oc-1cd">
         <name>.common:BackPt</name>
         <uninitialized>true</uninitialized>
         <run_address>0x20001e20</run_address>
         <size>0x4</size>
      </object_component>
      <object_component id="oc-1d1">
         <name>.common:MidPt</name>
         <uninitialized>true</uninitialized>
         <run_address>0x20001e58</run_address>
         <size>0x4</size>
      </object_component>
      <object_component id="oc-20d">
         <name>.common:FrontPt</name>
         <uninitialized>true</uninitialized>
         <run_address>0x20001e34</run_address>
         <size>0x4</size>
      </object_component>
      <object_component id="oc-20b">
         <name>.common:Fifo</name>
         <uninitialized>true</uninitialized>
         <run_address>0x20001e10</run_address>
         <size>0xc</size>
      </object_component>
      <object_component id="oc-1a0">
         <name>.common:IR_FIFO_DATA</name>
         <uninitialized>true</uninitialized>
         <run_address>0x20001e44</run_address>
         <size>0x4</size>
      </object_component>
      <object_component id="oc-1a3">
         <name>.common:RED_FIFO_DATA</name>
         <uninitialized>true</uninitialized>
         <run_address>0x20001e64</run_address>
         <size>0x4</size>
      </object_component>
      <object_component id="oc-1c3">
         <name>.common:MAXtempval</name>
         <uninitialized>true</uninitialized>
         <run_address>0x20001e54</run_address>
         <size>0x4</size>
      </object_component>
      <object_component id="oc-1a7">
         <name>.common:DCnotch_Data</name>
         <uninitialized>true</uninitialized>
         <run_address>0x20001e30</run_address>
         <size>0x4</size>
      </object_component>
      <object_component id="oc-1ad">
         <name>.common:DC_RED_notch_Data</name>
         <uninitialized>true</uninitialized>
         <run_address>0x20001e28</run_address>
         <size>0x4</size>
      </object_component>
      <object_component id="oc-1b4">
         <name>.common:IRrms</name>
         <uninitialized>true</uninitialized>
         <run_address>0x20001e48</run_address>
         <size>0x4</size>
      </object_component>
      <object_component id="oc-1b5">
         <name>.common:REDrms</name>
         <uninitialized>true</uninitialized>
         <run_address>0x20001e68</run_address>
         <size>0x4</size>
      </object_component>
      <object_component id="oc-1bb">
         <name>.common:SPO2</name>
         <uninitialized>true</uninitialized>
         <run_address>0x20001e74</run_address>
         <size>0x4</size>
      </object_component>
      <object_component id="oc-1b3">
         <name>.common:Nofpeacks</name>
         <uninitialized>true</uninitialized>
         <run_address>0x20001e7d</run_address>
         <size>0x1</size>
      </object_component>
      <object_component id="oc-1c4">
         <name>.common:LastPeakVal</name>
         <uninitialized>true</uninitialized>
         <run_address>0x20001e4c</run_address>
         <size>0x4</size>
      </object_component>
      <object_component id="oc-1d5">
         <name>.common:LastValleyVal</name>
         <uninitialized>true</uninitialized>
         <run_address>0x20001e50</run_address>
         <size>0x4</size>
      </object_component>
      <object_component id="oc-1bc">
         <name>.common:HRavg</name>
         <uninitialized>true</uninitialized>
         <run_address>0x20001e3c</run_address>
         <size>0x4</size>
      </object_component>
      <object_component id="oc-1ab">
         <name>.common:DCacumulator</name>
         <uninitialized>true</uninitialized>
         <run_address>0x20001e2c</run_address>
         <size>0x4</size>
      </object_component>
      <object_component id="oc-1ac">
         <name>.common:DC_RED_acumulator</name>
         <uninitialized>true</uninitialized>
         <run_address>0x20001e24</run_address>
         <size>0x4</size>
      </object_component>
      <object_component id="oc-1ae">
         <name>.common:RMSacumulator</name>
         <uninitialized>true</uninitialized>
         <run_address>0x20001e70</run_address>
         <size>0x4</size>
      </object_component>
      <object_component id="oc-1af">
         <name>.common:RMS_RED_acumulator</name>
         <uninitialized>true</uninitialized>
         <run_address>0x20001e6c</run_address>
         <size>0x4</size>
      </object_component>
      <object_component id="oc-1b6">
         <name>.common:IR_DC</name>
         <uninitialized>true</uninitialized>
         <run_address>0x20001e40</run_address>
         <size>0x4</size>
      </object_component>
      <object_component id="oc-1b7">
         <name>.common:RED_DC</name>
         <uninitialized>true</uninitialized>
         <run_address>0x20001e60</run_address>
         <size>0x4</size>
      </object_component>
      <object_component id="oc-214">
         <name>.common:StatusReg</name>
         <uninitialized>true</uninitialized>
         <run_address>0x20001e78</run_address>
         <size>0x4</size>
      </object_component>
      <object_component id="oc-21b">
         <name>.common:DeviceCnt</name>
         <uninitialized>true</uninitialized>
         <run_address>0x20001e7c</run_address>
         <size>0x1</size>
      </object_component>
      <object_component id="oc-21a">
         <name>.common:RegisteredDevices</name>
         <uninitialized>true</uninitialized>
         <run_address>0x20001dec</run_address>
         <size>0x14</size>
      </object_component>
      <object_component id="oc-182">
         <name>.common:str</name>
         <uninitialized>true</uninitialized>
         <run_address>0x20001e00</run_address>
         <size>0x10</size>
      </object_component>
      <object_component id="oc-f0">
         <name>.common:TempReadyFlag</name>
         <uninitialized>true</uninitialized>
         <run_address>0x20001e7e</run_address>
         <size>0x1</size>
      </object_component>
      <object_component id="oc-85">
         <name>.common:ADCvalue</name>
         <uninitialized>true</uninitialized>
         <run_address>0x20001e1c</run_address>
         <size>0x4</size>
      </object_component>
      <object_component id="oc-c7">
         <name>.common:DCnotch_filter</name>
         <uninitialized>true</uninitialized>
         <run_address>0x20001dd8</run_address>
         <size>0x14</size>
      </object_component>
      <object_component id="oc-ce">
         <name>.common:DC2notch_filter</name>
         <uninitialized>true</uninitialized>
         <run_address>0x20001dc4</run_address>
         <size>0x14</size>
      </object_component>
      <object_component id="oc-1fa">
         <name>.data</name>
         <load_address>0x2000232c</load_address>
         <run_address>0x2000232c</run_address>
         <size>0x14</size>
         <input_file_ref idref="fl-2"/>
      </object_component>
      <object_component id="oc-204">
         <name>.data:DC_blockFIR_filter_coefficients</name>
         <load_address>0x20001e80</load_address>
         <run_address>0x20001e80</run_address>
         <size>0x314</size>
         <input_file_ref idref="fl-3"/>
      </object_component>
      <object_component id="oc-1f5">
         <name>.data</name>
         <load_address>0x20002340</load_address>
         <run_address>0x20002340</run_address>
         <size>0x14</size>
         <input_file_ref idref="fl-4"/>
      </object_component>
      <object_component id="oc-1ee">
         <name>.data:FIR_LP_filter_coefficients</name>
         <load_address>0x20002194</load_address>
         <run_address>0x20002194</run_address>
         <size>0x114</size>
         <input_file_ref idref="fl-6"/>
      </object_component>
      <object_component id="oc-191">
         <name>.data</name>
         <load_address>0x200022e0</load_address>
         <run_address>0x200022e0</run_address>
         <size>0x2e</size>
         <input_file_ref idref="fl-8"/>
      </object_component>
      <object_component id="oc-ed">
         <name>.data</name>
         <load_address>0x200022a8</load_address>
         <run_address>0x200022a8</run_address>
         <size>0x37</size>
         <input_file_ref idref="fl-a"/>
      </object_component>
      <object_component id="oc-82">
         <name>.data</name>
         <load_address>0x20002310</load_address>
         <run_address>0x20002310</run_address>
         <size>0x1c</size>
         <input_file_ref idref="fl-10"/>
      </object_component>
      <object_component id="oc-15a">
         <name>.data</name>
         <load_address>0x20002378</load_address>
         <run_address>0x20002378</run_address>
         <size>0x4</size>
         <input_file_ref idref="fl-12"/>
      </object_component>
      <object_component id="oc-124">
         <name>.data</name>
         <load_address>0x20002368</load_address>
         <run_address>0x20002368</run_address>
         <size>0x8</size>
         <input_file_ref idref="fl-13f"/>
      </object_component>
      <object_component id="oc-283">
         <name>.data</name>
         <load_address>0x20002354</load_address>
         <run_address>0x20002354</run_address>
         <size>0xc</size>
         <input_file_ref idref="fl-14a"/>
      </object_component>
      <object_component id="oc-79">
         <name>.data</name>
         <load_address>0x20002374</load_address>
         <run_address>0x20002374</run_address>
         <size>0x4</size>
         <input_file_ref idref="fl-14d"/>
      </object_component>
      <object_component id="oc-121">
         <name>.data</name>
         <load_address>0x20002360</load_address>
         <run_address>0x20002360</run_address>
         <size>0x8</size>
         <input_file_ref idref="fl-151"/>
      </object_component>
      <object_component id="oc-2ce">
         <name>.data</name>
         <load_address>0x20002370</load_address>
         <run_address>0x20002370</run_address>
         <size>0x4</size>
         <input_file_ref idref="fl-155"/>
      </object_component>
      <object_component id="oc-1fe">
         <name>.debug_info</name>
         <load_address>0x0</load_address>
         <run_address>0x0</run_address>
         <size>0x18a</size>
         <input_file_ref idref="fl-2"/>
      </object_component>
      <object_component id="oc-1fb">
         <name>.debug_info</name>
         <load_address>0x18a</load_address>
         <run_address>0x18a</run_address>
         <size>0x103</size>
         <input_file_ref idref="fl-2"/>
      </object_component>
      <object_component id="oc-d0">
         <name>.debug_info</name>
         <load_address>0x28d</load_address>
         <run_address>0x28d</run_address>
         <size>0x695</size>
         <input_file_ref idref="fl-2"/>
      </object_component>
      <object_component id="oc-146">
         <name>.debug_info</name>
         <load_address>0x922</load_address>
         <run_address>0x922</run_address>
         <size>0xd9</size>
         <input_file_ref idref="fl-2"/>
      </object_component>
      <object_component id="oc-28c">
         <name>.debug_info</name>
         <load_address>0x9fb</load_address>
         <run_address>0x9fb</run_address>
         <size>0x110</size>
         <input_file_ref idref="fl-2"/>
      </object_component>
      <object_component id="oc-f2">
         <name>.debug_info</name>
         <load_address>0xb0b</load_address>
         <run_address>0xb0b</run_address>
         <size>0x84</size>
         <input_file_ref idref="fl-2"/>
      </object_component>
      <object_component id="oc-208">
         <name>.debug_info</name>
         <load_address>0xb8f</load_address>
         <run_address>0xb8f</run_address>
         <size>0x18f</size>
         <input_file_ref idref="fl-3"/>
      </object_component>
      <object_component id="oc-202">
         <name>.debug_info</name>
         <load_address>0xd1e</load_address>
         <run_address>0xd1e</run_address>
         <size>0xff</size>
         <input_file_ref idref="fl-3"/>
      </object_component>
      <object_component id="oc-205">
         <name>.debug_info</name>
         <load_address>0xe1d</load_address>
         <run_address>0xe1d</run_address>
         <size>0x10c</size>
         <input_file_ref idref="fl-3"/>
      </object_component>
      <object_component id="oc-d9">
         <name>.debug_info</name>
         <load_address>0xf29</load_address>
         <run_address>0xf29</run_address>
         <size>0x6ce</size>
         <input_file_ref idref="fl-3"/>
      </object_component>
      <object_component id="oc-14b">
         <name>.debug_info</name>
         <load_address>0x15f7</load_address>
         <run_address>0x15f7</run_address>
         <size>0x74</size>
         <input_file_ref idref="fl-3"/>
      </object_component>
      <object_component id="oc-1f9">
         <name>.debug_info</name>
         <load_address>0x166b</load_address>
         <run_address>0x166b</run_address>
         <size>0x189</size>
         <input_file_ref idref="fl-4"/>
      </object_component>
      <object_component id="oc-1f6">
         <name>.debug_info</name>
         <load_address>0x17f4</load_address>
         <run_address>0x17f4</run_address>
         <size>0x100</size>
         <input_file_ref idref="fl-4"/>
      </object_component>
      <object_component id="oc-c9">
         <name>.debug_info</name>
         <load_address>0x18f4</load_address>
         <run_address>0x18f4</run_address>
         <size>0x679</size>
         <input_file_ref idref="fl-4"/>
      </object_component>
      <object_component id="oc-141">
         <name>.debug_info</name>
         <load_address>0x1f6d</load_address>
         <run_address>0x1f6d</run_address>
         <size>0xd9</size>
         <input_file_ref idref="fl-4"/>
      </object_component>
      <object_component id="oc-1cb">
         <name>.debug_info</name>
         <load_address>0x2046</load_address>
         <run_address>0x2046</run_address>
         <size>0x17a</size>
         <input_file_ref idref="fl-5"/>
      </object_component>
      <object_component id="oc-e2">
         <name>.debug_info</name>
         <load_address>0x21c0</load_address>
         <run_address>0x21c0</run_address>
         <size>0x2ff</size>
         <input_file_ref idref="fl-5"/>
      </object_component>
      <object_component id="oc-20f">
         <name>.debug_info</name>
         <load_address>0x24bf</load_address>
         <run_address>0x24bf</run_address>
         <size>0x2c</size>
         <input_file_ref idref="fl-5"/>
      </object_component>
      <object_component id="oc-1f2">
         <name>.debug_info</name>
         <load_address>0x24eb</load_address>
         <run_address>0x24eb</run_address>
         <size>0x189</size>
         <input_file_ref idref="fl-6"/>
      </object_component>
      <object_component id="oc-1ec">
         <name>.debug_info</name>
         <load_address>0x2674</load_address>
         <run_address>0x2674</run_address>
         <size>0xf0</size>
         <input_file_ref idref="fl-6"/>
      </object_component>
      <object_component id="oc-1ef">
         <name>.debug_info</name>
         <load_address>0x2764</load_address>
         <run_address>0x2764</run_address>
         <size>0xfd</size>
         <input_file_ref idref="fl-6"/>
      </object_component>
      <object_component id="oc-bf">
         <name>.debug_info</name>
         <load_address>0x2861</load_address>
         <run_address>0x2861</run_address>
         <size>0x642</size>
         <input_file_ref idref="fl-6"/>
      </object_component>
      <object_component id="oc-150">
         <name>.debug_info</name>
         <load_address>0x2ea3</load_address>
         <run_address>0x2ea3</run_address>
         <size>0x74</size>
         <input_file_ref idref="fl-6"/>
      </object_component>
      <object_component id="oc-242">
         <name>.debug_info</name>
         <load_address>0x2f17</load_address>
         <run_address>0x2f17</run_address>
         <size>0x463</size>
         <input_file_ref idref="fl-7"/>
      </object_component>
      <object_component id="oc-a1">
         <name>.debug_info</name>
         <load_address>0x337a</load_address>
         <run_address>0x337a</run_address>
         <size>0x32e</size>
         <input_file_ref idref="fl-7"/>
      </object_component>
      <object_component id="oc-155">
         <name>.debug_info</name>
         <load_address>0x36a8</load_address>
         <run_address>0x36a8</run_address>
         <size>0x103e</size>
         <input_file_ref idref="fl-7"/>
      </object_component>
      <object_component id="oc-f7">
         <name>.debug_info</name>
         <load_address>0x46e6</load_address>
         <run_address>0x46e6</run_address>
         <size>0x18b</size>
         <input_file_ref idref="fl-7"/>
      </object_component>
      <object_component id="oc-1a1">
         <name>.debug_info</name>
         <load_address>0x4871</load_address>
         <run_address>0x4871</run_address>
         <size>0xb5d</size>
         <input_file_ref idref="fl-8"/>
      </object_component>
      <object_component id="oc-1a5">
         <name>.debug_info</name>
         <load_address>0x53ce</load_address>
         <run_address>0x53ce</run_address>
         <size>0xda</size>
         <input_file_ref idref="fl-8"/>
      </object_component>
      <object_component id="oc-1a9">
         <name>.debug_info</name>
         <load_address>0x54a8</load_address>
         <run_address>0x54a8</run_address>
         <size>0xdc</size>
         <input_file_ref idref="fl-8"/>
      </object_component>
      <object_component id="oc-192">
         <name>.debug_info</name>
         <load_address>0x5584</load_address>
         <run_address>0x5584</run_address>
         <size>0x253</size>
         <input_file_ref idref="fl-8"/>
      </object_component>
      <object_component id="oc-1c1">
         <name>.debug_info</name>
         <load_address>0x57d7</load_address>
         <run_address>0x57d7</run_address>
         <size>0xd6</size>
         <input_file_ref idref="fl-8"/>
      </object_component>
      <object_component id="oc-1b1">
         <name>.debug_info</name>
         <load_address>0x58ad</load_address>
         <run_address>0x58ad</run_address>
         <size>0xda</size>
         <input_file_ref idref="fl-8"/>
      </object_component>
      <object_component id="oc-1d3">
         <name>.debug_info</name>
         <load_address>0x5987</load_address>
         <run_address>0x5987</run_address>
         <size>0xdc</size>
         <input_file_ref idref="fl-8"/>
      </object_component>
      <object_component id="oc-1cf">
         <name>.debug_info</name>
         <load_address>0x5a63</load_address>
         <run_address>0x5a63</run_address>
         <size>0xe0</size>
         <input_file_ref idref="fl-8"/>
      </object_component>
      <object_component id="oc-1b9">
         <name>.debug_info</name>
         <load_address>0x5b43</load_address>
         <run_address>0x5b43</run_address>
         <size>0xc8</size>
         <input_file_ref idref="fl-8"/>
      </object_component>
      <object_component id="oc-1be">
         <name>.debug_info</name>
         <load_address>0x5c0b</load_address>
         <run_address>0x5c0b</run_address>
         <size>0xd2</size>
         <input_file_ref idref="fl-8"/>
      </object_component>
      <object_component id="oc-ad">
         <name>.debug_info</name>
         <load_address>0x5cdd</load_address>
         <run_address>0x5cdd</run_address>
         <size>0xd42</size>
         <input_file_ref idref="fl-8"/>
      </object_component>
      <object_component id="oc-fc">
         <name>.debug_info</name>
         <load_address>0x6a1f</load_address>
         <run_address>0x6a1f</run_address>
         <size>0x482f</size>
         <input_file_ref idref="fl-8"/>
      </object_component>
      <object_component id="oc-252">
         <name>.debug_info</name>
         <load_address>0xb24e</load_address>
         <run_address>0xb24e</run_address>
         <size>0x233</size>
         <input_file_ref idref="fl-8"/>
      </object_component>
      <object_component id="oc-1e8">
         <name>.debug_info</name>
         <load_address>0xb481</load_address>
         <run_address>0xb481</run_address>
         <size>0x175</size>
         <input_file_ref idref="fl-9"/>
      </object_component>
      <object_component id="oc-1e5">
         <name>.debug_info</name>
         <load_address>0xb5f6</load_address>
         <run_address>0xb5f6</run_address>
         <size>0xe4</size>
         <input_file_ref idref="fl-9"/>
      </object_component>
      <object_component id="oc-b6">
         <name>.debug_info</name>
         <load_address>0xb6da</load_address>
         <run_address>0xb6da</run_address>
         <size>0x4a1</size>
         <input_file_ref idref="fl-9"/>
      </object_component>
      <object_component id="oc-13c">
         <name>.debug_info</name>
         <load_address>0xbb7b</load_address>
         <run_address>0xbb7b</run_address>
         <size>0x86</size>
         <input_file_ref idref="fl-9"/>
      </object_component>
      <object_component id="oc-215">
         <name>.debug_info</name>
         <load_address>0xbc01</load_address>
         <run_address>0xbc01</run_address>
         <size>0x549</size>
         <input_file_ref idref="fl-a"/>
      </object_component>
      <object_component id="oc-ee">
         <name>.debug_info</name>
         <load_address>0xc14a</load_address>
         <run_address>0xc14a</run_address>
         <size>0x26d</size>
         <input_file_ref idref="fl-a"/>
      </object_component>
      <object_component id="oc-218">
         <name>.debug_info</name>
         <load_address>0xc3b7</load_address>
         <run_address>0xc3b7</run_address>
         <size>0xc9</size>
         <input_file_ref idref="fl-a"/>
      </object_component>
      <object_component id="oc-e8">
         <name>.debug_info</name>
         <load_address>0xc480</load_address>
         <run_address>0xc480</run_address>
         <size>0xc33</size>
         <input_file_ref idref="fl-a"/>
      </object_component>
      <object_component id="oc-2a7">
         <name>.debug_info</name>
         <load_address>0xd0b3</load_address>
         <run_address>0xd0b3</run_address>
         <size>0x8b</size>
         <input_file_ref idref="fl-a"/>
      </object_component>
      <object_component id="oc-167">
         <name>.debug_info</name>
         <load_address>0xd13e</load_address>
         <run_address>0xd13e</run_address>
         <size>0x4b7</size>
         <input_file_ref idref="fl-b"/>
      </object_component>
      <object_component id="oc-161">
         <name>.debug_info</name>
         <load_address>0xd5f5</load_address>
         <run_address>0xd5f5</run_address>
         <size>0xc9</size>
         <input_file_ref idref="fl-b"/>
      </object_component>
      <object_component id="oc-164">
         <name>.debug_info</name>
         <load_address>0xd6be</load_address>
         <run_address>0xd6be</run_address>
         <size>0xce</size>
         <input_file_ref idref="fl-b"/>
      </object_component>
      <object_component id="oc-9b">
         <name>.debug_info</name>
         <load_address>0xd78c</load_address>
         <run_address>0xd78c</run_address>
         <size>0xf50</size>
         <input_file_ref idref="fl-b"/>
      </object_component>
      <object_component id="oc-8f">
         <name>.debug_info</name>
         <load_address>0xe6dc</load_address>
         <run_address>0xe6dc</run_address>
         <size>0x550</size>
         <input_file_ref idref="fl-c"/>
      </object_component>
      <object_component id="oc-95">
         <name>.debug_info</name>
         <load_address>0xec2c</load_address>
         <run_address>0xec2c</run_address>
         <size>0x167</size>
         <input_file_ref idref="fl-d"/>
      </object_component>
      <object_component id="oc-183">
         <name>.debug_info</name>
         <load_address>0xed93</load_address>
         <run_address>0xed93</run_address>
         <size>0x635</size>
         <input_file_ref idref="fl-e"/>
      </object_component>
      <object_component id="oc-a7">
         <name>.debug_info</name>
         <load_address>0xf3c8</load_address>
         <run_address>0xf3c8</run_address>
         <size>0xaef</size>
         <input_file_ref idref="fl-e"/>
      </object_component>
      <object_component id="oc-257">
         <name>.debug_info</name>
         <load_address>0xfeb7</load_address>
         <run_address>0xfeb7</run_address>
         <size>0xc8</size>
         <input_file_ref idref="fl-e"/>
      </object_component>
      <object_component id="oc-86">
         <name>.debug_info</name>
         <load_address>0xff7f</load_address>
         <run_address>0xff7f</run_address>
         <size>0xb24</size>
         <input_file_ref idref="fl-10"/>
      </object_component>
      <object_component id="oc-83">
         <name>.debug_info</name>
         <load_address>0x10aa3</load_address>
         <run_address>0x10aa3</run_address>
         <size>0x18c</size>
         <input_file_ref idref="fl-10"/>
      </object_component>
      <object_component id="oc-b3">
         <name>.debug_info</name>
         <load_address>0x10c2f</load_address>
         <run_address>0x10c2f</run_address>
         <size>0xc6</size>
         <input_file_ref idref="fl-10"/>
      </object_component>
      <object_component id="oc-bc">
         <name>.debug_info</name>
         <load_address>0x10cf5</load_address>
         <run_address>0x10cf5</run_address>
         <size>0xda</size>
         <input_file_ref idref="fl-10"/>
      </object_component>
      <object_component id="oc-c5">
         <name>.debug_info</name>
         <load_address>0x10dcf</load_address>
         <run_address>0x10dcf</run_address>
         <size>0xe2</size>
         <input_file_ref idref="fl-10"/>
      </object_component>
      <object_component id="oc-d6">
         <name>.debug_info</name>
         <load_address>0x10eb1</load_address>
         <run_address>0x10eb1</run_address>
         <size>0xe4</size>
         <input_file_ref idref="fl-10"/>
      </object_component>
      <object_component id="oc-df">
         <name>.debug_info</name>
         <load_address>0x10f95</load_address>
         <run_address>0x10f95</run_address>
         <size>0xee</size>
         <input_file_ref idref="fl-10"/>
      </object_component>
      <object_component id="oc-34">
         <name>.debug_info</name>
         <load_address>0x11083</load_address>
         <run_address>0x11083</run_address>
         <size>0x93b</size>
         <input_file_ref idref="fl-10"/>
      </object_component>
      <object_component id="oc-10e">
         <name>.debug_info</name>
         <load_address>0x119be</load_address>
         <run_address>0x119be</run_address>
         <size>0x2c</size>
         <input_file_ref idref="fl-10"/>
      </object_component>
      <object_component id="oc-3b">
         <name>.debug_info</name>
         <load_address>0x119ea</load_address>
         <run_address>0x119ea</run_address>
         <size>0x1c4</size>
         <input_file_ref idref="fl-11"/>
      </object_component>
      <object_component id="oc-10">
         <name>.debug_info</name>
         <load_address>0x11bae</load_address>
         <run_address>0x11bae</run_address>
         <size>0xdf</size>
         <input_file_ref idref="fl-11"/>
      </object_component>
      <object_component id="oc-2e">
         <name>.debug_info</name>
         <load_address>0x11c8d</load_address>
         <run_address>0x11c8d</run_address>
         <size>0x1f1</size>
         <input_file_ref idref="fl-11"/>
      </object_component>
      <object_component id="oc-15b">
         <name>.debug_info</name>
         <load_address>0x11e7e</load_address>
         <run_address>0x11e7e</run_address>
         <size>0xea</size>
         <input_file_ref idref="fl-12"/>
      </object_component>
      <object_component id="oc-89">
         <name>.debug_info</name>
         <load_address>0x11f68</load_address>
         <run_address>0x11f68</run_address>
         <size>0x2ab</size>
         <input_file_ref idref="fl-12"/>
      </object_component>
      <object_component id="oc-26c">
         <name>.debug_info</name>
         <load_address>0x12213</load_address>
         <run_address>0x12213</run_address>
         <size>0xfe</size>
         <input_file_ref idref="fl-138"/>
      </object_component>
      <object_component id="oc-197">
         <name>.debug_info</name>
         <load_address>0x12311</load_address>
         <run_address>0x12311</run_address>
         <size>0x12e</size>
         <input_file_ref idref="fl-138"/>
      </object_component>
      <object_component id="oc-262">
         <name>.debug_info</name>
         <load_address>0x1243f</load_address>
         <run_address>0x1243f</run_address>
         <size>0xf7</size>
         <input_file_ref idref="fl-139"/>
      </object_component>
      <object_component id="oc-18e">
         <name>.debug_info</name>
         <load_address>0x12536</load_address>
         <run_address>0x12536</run_address>
         <size>0x154</size>
         <input_file_ref idref="fl-139"/>
      </object_component>
      <object_component id="oc-25">
         <name>.debug_info</name>
         <load_address>0x1268a</load_address>
         <run_address>0x1268a</run_address>
         <size>0x138</size>
         <input_file_ref idref="fl-13a"/>
      </object_component>
      <object_component id="oc-47">
         <name>.debug_info</name>
         <load_address>0x127c2</load_address>
         <run_address>0x127c2</run_address>
         <size>0x123</size>
         <input_file_ref idref="fl-13b"/>
      </object_component>
      <object_component id="oc-14">
         <name>.debug_info</name>
         <load_address>0x128e5</load_address>
         <run_address>0x128e5</run_address>
         <size>0x1c2</size>
         <input_file_ref idref="fl-13b"/>
      </object_component>
      <object_component id="oc-42">
         <name>.debug_info</name>
         <load_address>0x12aa7</load_address>
         <run_address>0x12aa7</run_address>
         <size>0x46</size>
         <input_file_ref idref="fl-13b"/>
      </object_component>
      <object_component id="oc-104">
         <name>.debug_info</name>
         <load_address>0x12aed</load_address>
         <run_address>0x12aed</run_address>
         <size>0x2c</size>
         <input_file_ref idref="fl-13b"/>
      </object_component>
      <object_component id="oc-4f">
         <name>.debug_info</name>
         <load_address>0x12b19</load_address>
         <run_address>0x12b19</run_address>
         <size>0x117</size>
         <input_file_ref idref="fl-13c"/>
      </object_component>
      <object_component id="oc-4a">
         <name>.debug_info</name>
         <load_address>0x12c30</load_address>
         <run_address>0x12c30</run_address>
         <size>0x22a</size>
         <input_file_ref idref="fl-13c"/>
      </object_component>
      <object_component id="oc-1a">
         <name>.debug_info</name>
         <load_address>0x12e5a</load_address>
         <run_address>0x12e5a</run_address>
         <size>0x1bc</size>
         <input_file_ref idref="fl-13c"/>
      </object_component>
      <object_component id="oc-50">
         <name>.debug_info</name>
         <load_address>0x13016</load_address>
         <run_address>0x13016</run_address>
         <size>0x39</size>
         <input_file_ref idref="fl-13c"/>
      </object_component>
      <object_component id="oc-60">
         <name>.debug_info</name>
         <load_address>0x1304f</load_address>
         <run_address>0x1304f</run_address>
         <size>0x112</size>
         <input_file_ref idref="fl-13d"/>
      </object_component>
      <object_component id="oc-22">
         <name>.debug_info</name>
         <load_address>0x13161</load_address>
         <run_address>0x13161</run_address>
         <size>0x18d</size>
         <input_file_ref idref="fl-13d"/>
      </object_component>
      <object_component id="oc-5b">
         <name>.debug_info</name>
         <load_address>0x132ee</load_address>
         <run_address>0x132ee</run_address>
         <size>0x46</size>
         <input_file_ref idref="fl-13d"/>
      </object_component>
      <object_component id="oc-2be">
         <name>.debug_info</name>
         <load_address>0x13334</load_address>
         <run_address>0x13334</run_address>
         <size>0xd1</size>
         <input_file_ref idref="fl-13e"/>
      </object_component>
      <object_component id="oc-25f">
         <name>.debug_info</name>
         <load_address>0x13405</load_address>
         <run_address>0x13405</run_address>
         <size>0xdd</size>
         <input_file_ref idref="fl-13e"/>
      </object_component>
      <object_component id="oc-128">
         <name>.debug_info</name>
         <load_address>0x134e2</load_address>
         <run_address>0x134e2</run_address>
         <size>0x174</size>
         <input_file_ref idref="fl-13f"/>
      </object_component>
      <object_component id="oc-125">
         <name>.debug_info</name>
         <load_address>0x13656</load_address>
         <run_address>0x13656</run_address>
         <size>0x119</size>
         <input_file_ref idref="fl-13f"/>
      </object_component>
      <object_component id="oc-77">
         <name>.debug_info</name>
         <load_address>0x1376f</load_address>
         <run_address>0x1376f</run_address>
         <size>0x1f0</size>
         <input_file_ref idref="fl-13f"/>
      </object_component>
      <object_component id="oc-176">
         <name>.debug_info</name>
         <load_address>0x1395f</load_address>
         <run_address>0x1395f</run_address>
         <size>0x12d</size>
         <input_file_ref idref="fl-140"/>
      </object_component>
      <object_component id="oc-2c2">
         <name>.debug_info</name>
         <load_address>0x13a8c</load_address>
         <run_address>0x13a8c</run_address>
         <size>0x109</size>
         <input_file_ref idref="fl-141"/>
      </object_component>
      <object_component id="oc-2c9">
         <name>.debug_info</name>
         <load_address>0x13b95</load_address>
         <run_address>0x13b95</run_address>
         <size>0x11b</size>
         <input_file_ref idref="fl-142"/>
      </object_component>
      <object_component id="oc-17b">
         <name>.debug_info</name>
         <load_address>0x13cb0</load_address>
         <run_address>0x13cb0</run_address>
         <size>0x11b</size>
         <input_file_ref idref="fl-143"/>
      </object_component>
      <object_component id="oc-16c">
         <name>.debug_info</name>
         <load_address>0x13dcb</load_address>
         <run_address>0x13dcb</run_address>
         <size>0x10f</size>
         <input_file_ref idref="fl-144"/>
      </object_component>
      <object_component id="oc-19b">
         <name>.debug_info</name>
         <load_address>0x13eda</load_address>
         <run_address>0x13eda</run_address>
         <size>0x116</size>
         <input_file_ref idref="fl-145"/>
      </object_component>
      <object_component id="oc-17e">
         <name>.debug_info</name>
         <load_address>0x13ff0</load_address>
         <run_address>0x13ff0</run_address>
         <size>0x11a</size>
         <input_file_ref idref="fl-146"/>
      </object_component>
      <object_component id="oc-1e0">
         <name>.debug_info</name>
         <load_address>0x1410a</load_address>
         <run_address>0x1410a</run_address>
         <size>0x10d</size>
         <input_file_ref idref="fl-147"/>
      </object_component>
      <object_component id="oc-16f">
         <name>.debug_info</name>
         <load_address>0x14217</load_address>
         <run_address>0x14217</run_address>
         <size>0x10d</size>
         <input_file_ref idref="fl-148"/>
      </object_component>
      <object_component id="oc-3d">
         <name>.debug_info</name>
         <load_address>0x14324</load_address>
         <run_address>0x14324</run_address>
         <size>0xfa</size>
         <input_file_ref idref="fl-149"/>
      </object_component>
      <object_component id="oc-7f">
         <name>.debug_info</name>
         <load_address>0x1441e</load_address>
         <run_address>0x1441e</run_address>
         <size>0x205</size>
         <input_file_ref idref="fl-14a"/>
      </object_component>
      <object_component id="oc-2b">
         <name>.debug_info</name>
         <load_address>0x14623</load_address>
         <run_address>0x14623</run_address>
         <size>0xe4</size>
         <input_file_ref idref="fl-14a"/>
      </object_component>
      <object_component id="oc-284">
         <name>.debug_info</name>
         <load_address>0x14707</load_address>
         <run_address>0x14707</run_address>
         <size>0x12f</size>
         <input_file_ref idref="fl-14a"/>
      </object_component>
      <object_component id="oc-1da">
         <name>.debug_info</name>
         <load_address>0x14836</load_address>
         <run_address>0x14836</run_address>
         <size>0x883</size>
         <input_file_ref idref="fl-14a"/>
      </object_component>
      <object_component id="oc-12e">
         <name>.debug_info</name>
         <load_address>0x150b9</load_address>
         <run_address>0x150b9</run_address>
         <size>0x2c</size>
         <input_file_ref idref="fl-14a"/>
      </object_component>
      <object_component id="oc-133">
         <name>.debug_info</name>
         <load_address>0x150e5</load_address>
         <run_address>0x150e5</run_address>
         <size>0x62</size>
         <input_file_ref idref="fl-14a"/>
      </object_component>
      <object_component id="oc-56">
         <name>.debug_info</name>
         <load_address>0x15147</load_address>
         <run_address>0x15147</run_address>
         <size>0x12a</size>
         <input_file_ref idref="fl-14b"/>
      </object_component>
      <object_component id="oc-62">
         <name>.debug_info</name>
         <load_address>0x15271</load_address>
         <run_address>0x15271</run_address>
         <size>0x12b</size>
         <input_file_ref idref="fl-14c"/>
      </object_component>
      <object_component id="oc-7a">
         <name>.debug_info</name>
         <load_address>0x1539c</load_address>
         <run_address>0x1539c</run_address>
         <size>0xec</size>
         <input_file_ref idref="fl-14d"/>
      </object_component>
      <object_component id="oc-25d">
         <name>.debug_info</name>
         <load_address>0x15488</load_address>
         <run_address>0x15488</run_address>
         <size>0xd9</size>
         <input_file_ref idref="fl-14e"/>
      </object_component>
      <object_component id="oc-186">
         <name>.debug_info</name>
         <load_address>0x15561</load_address>
         <run_address>0x15561</run_address>
         <size>0x20c</size>
         <input_file_ref idref="fl-14e"/>
      </object_component>
      <object_component id="oc-2d2">
         <name>.debug_info</name>
         <load_address>0x1576d</load_address>
         <run_address>0x1576d</run_address>
         <size>0x23f</size>
         <input_file_ref idref="fl-14f"/>
      </object_component>
      <object_component id="oc-2cc">
         <name>.debug_info</name>
         <load_address>0x159ac</load_address>
         <run_address>0x159ac</run_address>
         <size>0xfb</size>
         <input_file_ref idref="fl-14f"/>
      </object_component>
      <object_component id="oc-266">
         <name>.debug_info</name>
         <load_address>0x15aa7</load_address>
         <run_address>0x15aa7</run_address>
         <size>0x2e3</size>
         <input_file_ref idref="fl-14f"/>
      </object_component>
      <object_component id="oc-1c7">
         <name>.debug_info</name>
         <load_address>0x15d8a</load_address>
         <run_address>0x15d8a</run_address>
         <size>0x10f</size>
         <input_file_ref idref="fl-150"/>
      </object_component>
      <object_component id="oc-23c">
         <name>.debug_info</name>
         <load_address>0x15e99</load_address>
         <run_address>0x15e99</run_address>
         <size>0x107</size>
         <input_file_ref idref="fl-151"/>
      </object_component>
      <object_component id="oc-122">
         <name>.debug_info</name>
         <load_address>0x15fa0</load_address>
         <run_address>0x15fa0</run_address>
         <size>0xf6</size>
         <input_file_ref idref="fl-151"/>
      </object_component>
      <object_component id="oc-235">
         <name>.debug_info</name>
         <load_address>0x16096</load_address>
         <run_address>0x16096</run_address>
         <size>0x202</size>
         <input_file_ref idref="fl-151"/>
      </object_component>
      <object_component id="oc-120">
         <name>.debug_info</name>
         <load_address>0x16298</load_address>
         <run_address>0x16298</run_address>
         <size>0x149</size>
         <input_file_ref idref="fl-152"/>
      </object_component>
      <object_component id="oc-6e">
         <name>.debug_info</name>
         <load_address>0x163e1</load_address>
         <run_address>0x163e1</run_address>
         <size>0x14a</size>
         <input_file_ref idref="fl-152"/>
      </object_component>
      <object_component id="oc-22f">
         <name>.debug_info</name>
         <load_address>0x1652b</load_address>
         <run_address>0x1652b</run_address>
         <size>0x5e</size>
         <input_file_ref idref="fl-152"/>
      </object_component>
      <object_component id="oc-11e">
         <name>.debug_info</name>
         <load_address>0x16589</load_address>
         <run_address>0x16589</run_address>
         <size>0x2a0</size>
         <input_file_ref idref="fl-153"/>
      </object_component>
      <object_component id="oc-68">
         <name>.debug_info</name>
         <load_address>0x16829</load_address>
         <run_address>0x16829</run_address>
         <size>0x15a</size>
         <input_file_ref idref="fl-153"/>
      </object_component>
      <object_component id="oc-223">
         <name>.debug_info</name>
         <load_address>0x16983</load_address>
         <run_address>0x16983</run_address>
         <size>0x39</size>
         <input_file_ref idref="fl-153"/>
      </object_component>
      <object_component id="oc-228">
         <name>.debug_info</name>
         <load_address>0x169bc</load_address>
         <run_address>0x169bc</run_address>
         <size>0xcd</size>
         <input_file_ref idref="fl-153"/>
      </object_component>
      <object_component id="oc-220">
         <name>.debug_info</name>
         <load_address>0x16a89</load_address>
         <run_address>0x16a89</run_address>
         <size>0x1c3</size>
         <input_file_ref idref="fl-154"/>
      </object_component>
      <object_component id="oc-118">
         <name>.debug_info</name>
         <load_address>0x16c4c</load_address>
         <run_address>0x16c4c</run_address>
         <size>0x17f</size>
         <input_file_ref idref="fl-154"/>
      </object_component>
      <object_component id="oc-2b0">
         <name>.debug_info</name>
         <load_address>0x16dcb</load_address>
         <run_address>0x16dcb</run_address>
         <size>0x2c</size>
         <input_file_ref idref="fl-154"/>
      </object_component>
      <object_component id="oc-2cf">
         <name>.debug_info</name>
         <load_address>0x16df7</load_address>
         <run_address>0x16df7</run_address>
         <size>0xd8</size>
         <input_file_ref idref="fl-155"/>
      </object_component>
      <object_component id="oc-309">
         <name>.debug_info</name>
         <load_address>0x16ecf</load_address>
         <run_address>0x16ecf</run_address>
         <size>0xa6</size>
      </object_component>
      <object_component id="oc-29e">
         <name>.debug_line</name>
         <load_address>0x0</load_address>
         <run_address>0x0</run_address>
         <size>0xa0</size>
         <input_file_ref idref="fl-2"/>
      </object_component>
      <object_component id="oc-29c">
         <name>.debug_line</name>
         <load_address>0xa0</load_address>
         <run_address>0xa0</run_address>
         <size>0x38</size>
         <input_file_ref idref="fl-2"/>
      </object_component>
      <object_component id="oc-d3">
         <name>.debug_line</name>
         <load_address>0xd8</load_address>
         <run_address>0xd8</run_address>
         <size>0x124</size>
         <input_file_ref idref="fl-2"/>
      </object_component>
      <object_component id="oc-149">
         <name>.debug_line</name>
         <load_address>0x1fc</load_address>
         <run_address>0x1fc</run_address>
         <size>0x38</size>
         <input_file_ref idref="fl-2"/>
      </object_component>
      <object_component id="oc-28f">
         <name>.debug_line</name>
         <load_address>0x234</load_address>
         <run_address>0x234</run_address>
         <size>0x60</size>
         <input_file_ref idref="fl-2"/>
      </object_component>
      <object_component id="oc-f5">
         <name>.debug_line</name>
         <load_address>0x294</load_address>
         <run_address>0x294</run_address>
         <size>0x20</size>
         <input_file_ref idref="fl-2"/>
      </object_component>
      <object_component id="oc-2a4">
         <name>.debug_line</name>
         <load_address>0x2b4</load_address>
         <run_address>0x2b4</run_address>
         <size>0xa0</size>
         <input_file_ref idref="fl-3"/>
      </object_component>
      <object_component id="oc-2a0">
         <name>.debug_line</name>
         <load_address>0x354</load_address>
         <run_address>0x354</run_address>
         <size>0x3b</size>
         <input_file_ref idref="fl-3"/>
      </object_component>
      <object_component id="oc-2a2">
         <name>.debug_line</name>
         <load_address>0x38f</load_address>
         <run_address>0x38f</run_address>
         <size>0x3b</size>
         <input_file_ref idref="fl-3"/>
      </object_component>
      <object_component id="oc-dc">
         <name>.debug_line</name>
         <load_address>0x3ca</load_address>
         <run_address>0x3ca</run_address>
         <size>0x109</size>
         <input_file_ref idref="fl-3"/>
      </object_component>
      <object_component id="oc-14e">
         <name>.debug_line</name>
         <load_address>0x4d3</load_address>
         <run_address>0x4d3</run_address>
         <size>0x3b</size>
         <input_file_ref idref="fl-3"/>
      </object_component>
      <object_component id="oc-29a">
         <name>.debug_line</name>
         <load_address>0x50e</load_address>
         <run_address>0x50e</run_address>
         <size>0xa0</size>
         <input_file_ref idref="fl-4"/>
      </object_component>
      <object_component id="oc-298">
         <name>.debug_line</name>
         <load_address>0x5ae</load_address>
         <run_address>0x5ae</run_address>
         <size>0x37</size>
         <input_file_ref idref="fl-4"/>
      </object_component>
      <object_component id="oc-cc">
         <name>.debug_line</name>
         <load_address>0x5e5</load_address>
         <run_address>0x5e5</run_address>
         <size>0x123</size>
         <input_file_ref idref="fl-4"/>
      </object_component>
      <object_component id="oc-144">
         <name>.debug_line</name>
         <load_address>0x708</load_address>
         <run_address>0x708</run_address>
         <size>0x37</size>
         <input_file_ref idref="fl-4"/>
      </object_component>
      <object_component id="oc-27e">
         <name>.debug_line</name>
         <load_address>0x73f</load_address>
         <run_address>0x73f</run_address>
         <size>0x2d</size>
         <input_file_ref idref="fl-5"/>
      </object_component>
      <object_component id="oc-e5">
         <name>.debug_line</name>
         <load_address>0x76c</load_address>
         <run_address>0x76c</run_address>
         <size>0xea</size>
         <input_file_ref idref="fl-5"/>
      </object_component>
      <object_component id="oc-212">
         <name>.debug_line</name>
         <load_address>0x856</load_address>
         <run_address>0x856</run_address>
         <size>0x2d</size>
         <input_file_ref idref="fl-5"/>
      </object_component>
      <object_component id="oc-296">
         <name>.debug_line</name>
         <load_address>0x883</load_address>
[...]
         <object_component_ref idref="oc-e7"/>
      </symbol>
      <symbol id="sm-26d">
         <name>flush_TX</name>
         <value>0x1fb9</value>
         <object_component_ref idref="oc-e7"/>
      </symbol>
      <symbol id="sm-26e">
         <name>DATA_PIPE1_ADDRESS</name>
         <value>0x200022ad</value>
         <object_component_ref idref="oc-ed"/>
      </symbol>
      <symbol id="sm-2b9">
         <name>Oled_Clear_Display</name>
         <value>0x2b79</value>
         <object_component_ref idref="oc-9a"/>
      </symbol>
      <symbol id="sm-2ba">
         <name>Oled_int2string</name>
         <value>0x2ec1</value>
         <object_component_ref idref="oc-9a"/>
      </symbol>
      <symbol id="sm-2bb">
         <name>Oled_Write_Data</name>
         <value>0x2909</value>
         <object_component_ref idref="oc-9a"/>
      </symbol>
      <symbol id="sm-2bc">
         <name>Oled_Draw_Pixel</name>
         <value>0x2bd9</value>
         <object_component_ref idref="oc-9a"/>
      </symbol>
      <symbol id="sm-2bd">
         <name>SPI_Oled_Init</name>
         <value>0x2791</value>
         <object_component_ref idref="oc-9a"/>
      </symbol>
      <symbol id="sm-2be">
         <name>Oled_Draw_Vline</name>
         <value>0x2d31</value>
         <object_component_ref idref="oc-9a"/>
      </symbol>
      <symbol id="sm-2bf">
         <name>Oled_Write_Char</name>
         <value>0x2b19</value>
         <object_component_ref idref="oc-9a"/>
      </symbol>
      <symbol id="sm-2c0">
         <name>Oled_Write_Cmd</name>
         <value>0x28e9</value>
         <object_component_ref idref="oc-9a"/>
      </symbol>
      <symbol id="sm-2c1">
         <name>Oled_Init</name>
         <value>0x2929</value>
         <object_component_ref idref="oc-9a"/>
      </symbol>
      <symbol id="sm-2c2">
         <name>SPI_Oled_transfer</name>
         <value>0x2889</value>
         <object_component_ref idref="oc-9a"/>
      </symbol>
      <symbol id="sm-2c3">
         <name>Oled_Draw_Hline</name>
         <value>0x2c71</value>
         <object_component_ref idref="oc-9a"/>
      </symbol>
      <symbol id="sm-2c4">
         <name>Oled_TrunOff</name>
         <value>0x2b69</value>
         <object_component_ref idref="oc-9a"/>
      </symbol>
      <symbol id="sm-2c5">
         <name>Oled_Write_String</name>
         <value>0x2a89</value>
         <object_component_ref idref="oc-9a"/>
      </symbol>
      <symbol id="sm-2c6">
         <name>Oled_DisplayWhen_Init</name>
         <value>0x2e91</value>
         <object_component_ref idref="oc-9a"/>
      </symbol>
      <symbol id="sm-2e0">
         <name>Interrupt_IRQ</name>
         <value>0x3021</value>
         <object_component_ref idref="oc-8e"/>
      </symbol>
      <symbol id="sm-2e1">
         <name>Timer_Init</name>
         <value>0x3409</value>
         <object_component_ref idref="oc-8e"/>
      </symbol>
      <symbol id="sm-2e2">
         <name>GPIO_init</name>
         <value>0x3589</value>
         <object_component_ref idref="oc-8e"/>
      </symbol>
      <symbol id="sm-2e3">
         <name>PWM_Duty</name>
         <value>0x3231</value>
         <object_component_ref idref="oc-8e"/>
      </symbol>
      <symbol id="sm-2e4">
         <name>PWM_Init</name>
         <value>0x3131</value>
         <object_component_ref idref="oc-8e"/>
      </symbol>
      <symbol id="sm-2e5">
         <name>TimerEdgeCounter_init</name>
         <value>0x3489</value>
         <object_component_ref idref="oc-8e"/>
      </symbol>
      <symbol id="sm-2e6">
         <name>ADC_initTimer3</name>
         <value>0x3259</value>
         <object_component_ref idref="oc-8e"/>
      </symbol>
      <symbol id="sm-2f7">
         <name>SPI_transfer</name>
         <value>0x5351</value>
         <object_component_ref idref="oc-94"/>
      </symbol>
      <symbol id="sm-2f8">
         <name>SPI_Init</name>
         <value>0x5249</value>
         <object_component_ref idref="oc-94"/>
      </symbol>
      <symbol id="sm-353">
         <name>str</name>
         <value>0x20001e00</value>
      </symbol>
      <symbol id="sm-354">
         <name>printDouble</name>
         <value>0x1509</value>
         <object_component_ref idref="oc-a6"/>
      </symbol>
      <symbol id="sm-355">
         <name>print_uint</name>
         <value>0x1289</value>
         <object_component_ref idref="oc-a6"/>
      </symbol>
      <symbol id="sm-356">
         <name>print_int</name>
         <value>0x1391</value>
         <object_component_ref idref="oc-a6"/>
      </symbol>
      <symbol id="sm-357">
         <name>print_String</name>
         <value>0x14b9</value>
         <object_component_ref idref="oc-a6"/>
      </symbol>
      <symbol id="sm-358">
         <name>process_command</name>
         <value>0x1831</value>
         <object_component_ref idref="oc-a6"/>
      </symbol>
      <symbol id="sm-359">
         <name>printChar</name>
         <value>0x1251</value>
         <object_component_ref idref="oc-a6"/>
      </symbol>
      <symbol id="sm-35a">
         <name>UART_Init</name>
         <value>0x1161</value>
         <object_component_ref idref="oc-a6"/>
      </symbol>
      <symbol id="sm-35b">
         <name>process_REGISTER_command</name>
         <value>0x1a01</value>
         <object_component_ref idref="oc-a6"/>
      </symbol>
      <symbol id="sm-35c">
         <name>readChar</name>
         <value>0x1231</value>
         <object_component_ref idref="oc-a6"/>
      </symbol>
      <symbol id="sm-35d">
         <name>readStr</name>
         <value>0x1751</value>
         <object_component_ref idref="oc-a6"/>
      </symbol>
      <symbol id="sm-35e">
         <name>Printfloat</name>
         <value>0x1561</value>
         <object_component_ref idref="oc-a6"/>
      </symbol>
      <symbol id="sm-3b5">
         <name>TempReadyFlag</name>
         <value>0x20001e7e</value>
      </symbol>
      <symbol id="sm-3b6">
         <name>ADCvalue</name>
         <value>0x20001e1c</value>
      </symbol>
      <symbol id="sm-3b7">
         <name>DCnotch_filter</name>
         <value>0x20001dd8</value>
      </symbol>
      <symbol id="sm-3b8">
         <name>DC2notch_filter</name>
         <value>0x20001dc4</value>
      </symbol>
      <symbol id="sm-3b9">
         <name>ADCflag</name>
         <value>0x2000231c</value>
         <object_component_ref idref="oc-82"/>
      </symbol>
      <symbol id="sm-3ba">
         <name>FIR_LP_filter</name>
         <value>0x200015c0</value>
         <object_component_ref idref="oc-bb"/>
      </symbol>
      <symbol id="sm-3bb">
         <name>TIMER2A_HANDLER</name>
         <value>0x3751</value>
         <object_component_ref idref="oc-33"/>
      </symbol>
      <symbol id="sm-3bc">
         <name>TIMER0A_HANDLER</name>
         <value>0x3721</value>
         <object_component_ref idref="oc-33"/>
      </symbol>
      <symbol id="sm-3bd">
         <name>rps</name>
         <value>0x20002328</value>
         <object_component_ref idref="oc-82"/>
      </symbol>
      <symbol id="sm-3be">
         <name>IRQflags_NRF</name>
         <value>0x20002314</value>
         <object_component_ref idref="oc-82"/>
      </symbol>
      <symbol id="sm-3bf">
         <name>FIR_RED_LP_filter</name>
         <value>0x200017f0</value>
         <object_component_ref idref="oc-c4"/>
      </symbol>
      <symbol id="sm-3c0">
         <name>T0flags</name>
         <value>0x20002310</value>
         <object_component_ref idref="oc-82"/>
      </symbol>
      <symbol id="sm-3c1">
         <name>val</name>
         <value>0x20002324</value>
         <object_component_ref idref="oc-82"/>
      </symbol>
      <symbol id="sm-3c2">
         <name>GPIO_PortC_Handler</name>
         <value>0x36a9</value>
         <object_component_ref idref="oc-33"/>
      </symbol>
      <symbol id="sm-3c3">
         <name>main</name>
         <value>0x3769</value>
         <object_component_ref idref="oc-33"/>
      </symbol>
      <symbol id="sm-3c4">
         <name>fir</name>
         <value>0x20001d40</value>
         <object_component_ref idref="oc-b2"/>
      </symbol>
      <symbol id="sm-3c5">
         <name>ADCSeq2_HANDLER</name>
         <value>0x36e9</value>
         <object_component_ref idref="oc-33"/>
      </symbol>
      <symbol id="sm-3c6">
         <name>voltage</name>
         <value>0x20002320</value>
         <object_component_ref idref="oc-82"/>
      </symbol>
      <symbol id="sm-3c7">
         <name>CheckInterrupts</name>
         <value>0x3911</value>
         <object_component_ref idref="oc-33"/>
      </symbol>
      <symbol id="sm-3c8">
         <name>DC_block_RED_FIR_filter</name>
         <value>0x20000630</value>
         <object_component_ref idref="oc-de"/>
      </symbol>
      <symbol id="sm-3c9">
         <name>IRQflags_MAX</name>
         <value>0x20002318</value>
         <object_component_ref idref="oc-82"/>
      </symbol>
      <symbol id="sm-3ca">
         <name>GPIO_PortB_Handler</name>
         <value>0x36c9</value>
         <object_component_ref idref="oc-33"/>
      </symbol>
      <symbol id="sm-3cb">
         <name>DC_blockFIR_filter</name>
         <value>0x20000000</value>
         <object_component_ref idref="oc-d5"/>
      </symbol>
      <symbol id="sm-3cc">
         <name>Check_MAX_Interrupts</name>
         <value>0x3a91</value>
         <object_component_ref idref="oc-33"/>
      </symbol>
      <symbol id="sm-3e8">
         <name>ResetISR</name>
         <value>0x5c59</value>
         <object_component_ref idref="oc-2d"/>
      </symbol>
      <symbol id="sm-3e9">
         <name>g_pfnVectors</name>
         <value>0x0</value>
         <object_component_ref idref="oc-f"/>
      </symbol>
      <symbol id="sm-42c">
         <name>SystemInit</name>
         <value>0x3e19</value>
         <object_component_ref idref="oc-88"/>
      </symbol>
      <symbol id="sm-42d">
         <name>SystemCoreClockUpdate</name>
         <value>0x3cd9</value>
         <object_component_ref idref="oc-88"/>
      </symbol>
      <symbol id="sm-42e">
         <name>SystemCoreClock</name>
         <value>0x20002378</value>
         <object_component_ref idref="oc-15a"/>
      </symbol>
      <symbol id="sm-43b">
         <name>atof</name>
         <value>0x5ca1</value>
         <object_component_ref idref="oc-194"/>
      </symbol>
      <symbol id="sm-451">
         <name>atoi</name>
         <value>0x59ed</value>
         <object_component_ref idref="oc-18b"/>
      </symbol>
      <symbol id="sm-463">
         <name>_c_int00</name>
         <value>0x599d</value>
         <object_component_ref idref="oc-24"/>
      </symbol>
      <symbol id="sm-464">
         <name>__stack</name>
         <value>0x2000237c</value>
         <object_component_ref idref="oc-29"/>
      </symbol>
      <symbol id="sm-47b">
         <name>__TI_decompress_none</name>
         <value>0x5cb3</value>
         <object_component_ref idref="oc-12"/>
      </symbol>
      <symbol id="sm-49e">
         <name>__TI_decompress_rle24</name>
         <value>0x4f43</value>
         <object_component_ref idref="oc-18"/>
      </symbol>
      <symbol id="sm-4b0">
         <name>__TI_zero_init</name>
         <value>0x5cc1</value>
         <object_component_ref idref="oc-1e"/>
      </symbol>
      <symbol id="sm-4bb">
         <name>_ctypes_</name>
         <value>0x5f10</value>
         <object_component_ref idref="oc-25e"/>
      </symbol>
      <symbol id="sm-4da">
         <name>C$$EXIT</name>
         <value>0x5b19</value>
         <object_component_ref idref="oc-73"/>
      </symbol>
      <symbol id="sm-4db">
         <name>abort</name>
         <value>0x5b1d</value>
         <object_component_ref idref="oc-73"/>
      </symbol>
      <symbol id="sm-4dc">
         <name>exit</name>
         <value>0x5b25</value>
         <object_component_ref idref="oc-73"/>
      </symbol>
      <symbol id="sm-4dd">
         <name>__TI_dtors_ptr</name>
         <value>0x2000236c</value>
         <object_component_ref idref="oc-124"/>
      </symbol>
      <symbol id="sm-4de">
         <name>__TI_cleanup_ptr</name>
         <value>0x20002368</value>
         <object_component_ref idref="oc-124"/>
      </symbol>
      <symbol id="sm-502">
         <name>__aeabi_dsub</name>
         <value>0x4d8d</value>
         <object_component_ref idref="oc-173"/>
      </symbol>
      <symbol id="sm-503">
         <name>__aeabi_dadd</name>
         <value>0x4d97</value>
         <object_component_ref idref="oc-173"/>
      </symbol>
      <symbol id="sm-51a">
         <name>__aeabi_cdcmpeq</name>
         <value>0x57c3</value>
         <object_component_ref idref="oc-2c1"/>
      </symbol>
      <symbol id="sm-51b">
         <name>__aeabi_cdcmple</name>
         <value>0x57c3</value>
         <object_component_ref idref="oc-2c1"/>
      </symbol>
      <symbol id="sm-53b">
         <name>__aeabi_ddiv</name>
         <value>0x54f5</value>
         <object_component_ref idref="oc-2c6"/>
      </symbol>
      <symbol id="sm-552">
         <name>__aeabi_dmul</name>
         <value>0x562b</value>
         <object_component_ref idref="oc-178"/>
      </symbol>
      <symbol id="sm-560">
         <name>__aeabi_d2iz</name>
         <value>0x5acf</value>
         <object_component_ref idref="oc-169"/>
      </symbol>
      <symbol id="sm-56c">
         <name>__aeabi_d2f</name>
         <value>0x5a85</value>
         <object_component_ref idref="oc-19a"/>
      </symbol>
      <symbol id="sm-579">
         <name>__aeabi_d2uiz</name>
         <value>0x5b5d</value>
         <object_component_ref idref="oc-17d"/>
      </symbol>
      <symbol id="sm-587">
         <name>__aeabi_f2d</name>
         <value>0x5ba1</value>
         <object_component_ref idref="oc-1df"/>
      </symbol>
      <symbol id="sm-593">
         <name>__aeabi_i2d</name>
         <value>0x5c09</value>
         <object_component_ref idref="oc-16e"/>
      </symbol>
      <symbol id="sm-5ae">
         <name>memcpy</name>
         <value>0x5727</value>
         <object_component_ref idref="oc-3c"/>
      </symbol>
      <symbol id="sm-5af">
         <name>__aeabi_memcpy</name>
         <value>0x5727</value>
         <object_component_ref idref="oc-3c"/>
      </symbol>
      <symbol id="sm-5b0">
         <name>__aeabi_memcpy8</name>
         <value>0x5727</value>
         <object_component_ref idref="oc-3c"/>
      </symbol>
      <symbol id="sm-5b1">
         <name>__aeabi_memcpy4</name>
         <value>0x5727</value>
         <object_component_ref idref="oc-3c"/>
      </symbol>
      <symbol id="sm-628">
         <name>_sys_memory</name>
         <value>0x20002580</value>
         <object_component_ref idref="oc-2a"/>
      </symbol>
      <symbol id="sm-629">
         <name>free</name>
         <value>0x402b</value>
         <object_component_ref idref="oc-1d9"/>
      </symbol>
      <symbol id="sm-62a">
         <name>realloc</name>
         <value>0x40ed</value>
         <object_component_ref idref="oc-1d9"/>
      </symbol>
      <symbol id="sm-62b">
         <name>memalign</name>
         <value>0x41f9</value>
         <object_component_ref idref="oc-1d9"/>
      </symbol>
      <symbol id="sm-62c">
         <name>calloc</name>
         <value>0x42dd</value>
         <object_component_ref idref="oc-1d9"/>
      </symbol>
      <symbol id="sm-62d">
         <name>malloc</name>
         <value>0x3fc3</value>
         <object_component_ref idref="oc-1d9"/>
      </symbol>
      <symbol id="sm-62e">
         <name>minit</name>
         <value>0x3f35</value>
         <object_component_ref idref="oc-1d9"/>
      </symbol>
      <symbol id="sm-63d">
         <name>__aeabi_memset</name>
         <value>0x584b</value>
         <object_component_ref idref="oc-55"/>
      </symbol>
      <symbol id="sm-63e">
         <name>memset</name>
         <value>0x5851</value>
         <object_component_ref idref="oc-55"/>
      </symbol>
      <symbol id="sm-63f">
         <name>__aeabi_memset8</name>
         <value>0x584b</value>
         <object_component_ref idref="oc-55"/>
      </symbol>
      <symbol id="sm-640">
         <name>__aeabi_memset4</name>
         <value>0x584b</value>
         <object_component_ref idref="oc-55"/>
      </symbol>
      <symbol id="sm-641">
         <name>__aeabi_memclr8</name>
         <value>0x5849</value>
         <object_component_ref idref="oc-55"/>
      </symbol>
      <symbol id="sm-642">
         <name>__aeabi_memclr4</name>
         <value>0x5849</value>
         <object_component_ref idref="oc-55"/>
      </symbol>
      <symbol id="sm-643">
         <name>__aeabi_memclr</name>
         <value>0x5849</value>
         <object_component_ref idref="oc-55"/>
      </symbol>
      <symbol id="sm-64d">
         <name>_system_pre_init</name>
         <value>0x112d</value>
         <object_component_ref idref="oc-61"/>
      </symbol>
      <symbol id="sm-655">
         <name>main_func_sp</name>
         <value>0x20002374</value>
         <object_component_ref idref="oc-79"/>
      </symbol>
      <symbol id="sm-665">
         <name>strncpy</name>
         <value>0x5bd9</value>
         <object_component_ref idref="oc-185"/>
      </symbol>
      <symbol id="sm-6a4">
         <name>strtod</name>
         <value>0x4569</value>
         <object_component_ref idref="oc-265"/>
      </symbol>
      <symbol id="sm-6b0">
         <name>__aeabi_ui2d</name>
         <value>0x5c37</value>
         <object_component_ref idref="oc-1c5"/>
      </symbol>
      <symbol id="sm-6c9">
         <name>_nop</name>
         <value>0x5c9b</value>
         <object_component_ref idref="oc-234"/>
      </symbol>
      <symbol id="sm-6ca">
         <name>_lock</name>
         <value>0x20002360</value>
         <object_component_ref idref="oc-121"/>
      </symbol>
      <symbol id="sm-6cb">
         <name>_unlock</name>
         <value>0x20002364</value>
         <object_component_ref idref="oc-121"/>
      </symbol>
      <symbol id="sm-6cc">
         <name>_register_lock</name>
         <value>0x5c93</value>
         <object_component_ref idref="oc-234"/>
      </symbol>
      <symbol id="sm-6cd">
         <name>_register_unlock</name>
         <value>0x5c8d</value>
         <object_component_ref idref="oc-234"/>
      </symbol>
      <symbol id="sm-6e2">
         <name>_args_main</name>
         <value>0x5c75</value>
         <object_component_ref idref="oc-6d"/>
      </symbol>
      <symbol id="sm-708">
         <name>__TI_auto_init</name>
         <value>0x58c5</value>
         <object_component_ref idref="oc-67"/>
      </symbol>
      <symbol id="sm-722">
         <name>copy_in</name>
         <value>0x5a39</value>
         <object_component_ref idref="oc-117"/>
      </symbol>
      <symbol id="sm-72a">
         <name>_Errno</name>
         <value>0x20002370</value>
         <object_component_ref idref="oc-2ce"/>
      </symbol>
      <symbol id="sm-72b">
         <name>__TI_static_base__</name>
         <value>0x0</value>
      </symbol>
      <symbol id="sm-72e">
         <name>SHT$$INIT_ARRAY$$Limit</name>
         <value>0x0</value>
      </symbol>
      <symbol id="sm-72f">
         <name>SHT$$INIT_ARRAY$$Base</name>
         <value>0x0</value>
      </symbol>
   </symbol_table>
   <title>Link successful</title>
</link_info>
