******************************************************************************
                  TI ARM Linker PC v5.2.2                      
******************************************************************************
>> Linked Wed Jan 27 22:50:16 2016

OUTPUT FILE NAME:   <GIT_UART_OXIMETER_filter.out>
ENTRY POINT SYMBOL: "_c_int00"  address: 0000418d


MEMORY CONFIGURATION

         name            origin    length      used     unused   attr    fill
----------------------  --------  ---------  --------  --------  ----  --------
  FLASH                 00000000   00040000  00004748  0003b8b8  R  X
  SRAM                  20000000   00008000  000036b1  0000494f  RW X


SEGMENT ALLOCATION MAP

run origin  load origin   length   init length attrs members
----------  ----------- ---------- ----------- ----- -------
00000000    00000000    00004750   00004750    r-x
  00000000    00000000    0000026c   0000026c    r-- .intvecs
  00000270    00000270    0000422c   0000422c    r-x .text
  000044a0    000044a0    000001a8   000001a8    r-- .const
  00004648    00004648    00000108   00000108    r-- .cinit
20000000    20000000    000036b8   00000000    rw-
  20000000    20000000    00003385   00000000    rw- .bss
  20003388    20003388    00000200   00000000    rw- .stack
  20003588    20003588    00000124   00000000    rw- .data
  200036b0    200036b0    00000008   00000000    rw- .sysmem


SECTION ALLOCATION MAP

 output                                  attributes/
section   page    origin      length       input sections
--------  ----  ----------  ----------   ----------------
.intvecs   0    00000000    0000026c     
                  00000000    0000026c     startup_ccs.obj (.intvecs)

.text      0    00000270    0000422c     
                  00000270    00000b04     NRF24.obj (.text)
                  00000d74    00000004     rtsv7M4_T_le_v4SPD16_eabi.lib : pre_init.obj (.text)
                  00000d78    000009e0     UART.obj (.text)
                  00001758    000006a4     Periferal_Init.obj (.text)
                  00001dfc    00000004     --HOLE-- [fill = 0]
                  00001e00    00000630     main.obj (.text)
                  00002430    00000444     system_LM4F.obj (.text)
                  00002874    000003dc     rtsv7M4_T_le_v4SPD16_eabi.lib : memory.obj (.text)
                  00002c50    00000320     MAX30100.obj (.text)
                  00002f70    0000023c     rtsv7M4_T_le_v4SPD16_eabi.lib : strtod.obj (.text)
                  000031ac    00000004     --HOLE-- [fill = 0]
                  000031b0    00000206     Butterword_filter.obj (.text)
                  000033b6    00000002     --HOLE-- [fill = 0]
                  000033b8    000001e4     I2C.obj (.text)
                  0000359c    000001b6     rtsv7M4_T_le_v4SPD16_eabi.lib : fd_add_t2.obj (.text)
                  00003752    00000006                                   : copy_decompress_rle.obj (.text:decompress:rle24)
                  00003758    0000017e     FIR_filter.obj (.text)
                  000038d6    00000002     --HOLE-- [fill = 0]
                  000038d8    0000016e     SPI.obj (.text)
                  00003a46    00000002     --HOLE-- [fill = 0]
                  00003a48    0000015e     FIFO.obj (.text)
                  00003ba6    00000002     --HOLE-- [fill = 0]
                  00003ba8    0000013c     MA_filter.obj (.text)
                  00003ce4    00000136     rtsv7M4_T_le_v4SPD16_eabi.lib : fd_div_t2.obj (.text)
                  00003e1a    000000fc                                   : fd_mul_t2.obj (.text)
                  00003f16    0000009c                                   : memcpy_t2.obj (.text)
                  00003fb2    00000086                                   : fd_cmp_t2.obj (.text:__aeabi_cdcmple)
                  00004038    0000007a                                   : memset_t2.obj (.text)
                  000040b2    00000002     --HOLE-- [fill = 0]
                  000040b4    0000006c                                   : autoinit.obj (.text)
                  00004120    0000006a                                   : copy_decompress_rle.obj (.text)
                  0000418a    00000002     --HOLE-- [fill = 0]
                  0000418c    00000050                                   : boot.obj (.text)
                  000041dc    0000004c                                   : atoi.obj (.text)
                  00004228    0000004c                                   : cpy_tbl.obj (.text)
                  00004274    0000004a                                   : fd_tos_t2.obj (.text)
                  000042be    00000048                                   : fd_toi_t2.obj (.text)
                  00004306    00000002     --HOLE-- [fill = 0]
                  00004308    00000044                                   : exit.obj (.text)
                  0000434c    00000044                                   : fd_tou_t2.obj (.text)
                  00004390    00000038                                   : fs_tod_t2.obj (.text)
                  000043c8    00000030                                   : strncpy.obj (.text)
                  000043f8    0000002e                                   : i_tofd_t2.obj (.text)
                  00004426    00000002     --HOLE-- [fill = 0]
                  00004428    0000001a     startup_ccs.obj (.text)
                  00004442    00000002     --HOLE-- [fill = 0]
                  00004444    00000018     rtsv7M4_T_le_v4SPD16_eabi.lib : args_main.obj (.text)
                  0000445c    00000014                                   : _lock.obj (.text)
                  00004470    00000012                                   : atof.obj (.text)
                  00004482    0000000e                                   : copy_decompress_none.obj (.text:decompress:none)
                  00004490    0000000c                                   : copy_zero_init.obj (.text:decompress:ZI)

.const     0    000044a0    000001a8     
                  000044a0    00000101     rtsv7M4_T_le_v4SPD16_eabi.lib : ctype.obj (.const:.string:_ctypes_)
                  000045a1    00000003     --HOLE-- [fill = 0]
                  000045a4    00000004     FIR_filter.obj (.const)
                  000045a8    00000098     rtsv7M4_T_le_v4SPD16_eabi.lib : strtod.obj (.const)
                  00004640    00000004     MA_filter.obj (.const)
                  00004644    00000004     NRF24.obj (.const)

.cinit     0    00004648    00000108     
                  00004648    000000de     (.cinit..data.load) [load image, compression = rle]
                  00004726    00000002     --HOLE-- [fill = 0]
                  00004728    0000000c     (__TI_handler_table)
                  00004734    00000004     --HOLE-- [fill = 0]
                  00004738    00000008     (.cinit..bss.load) [load image, compression = zero_init]
                  00004740    00000010     (__TI_cinit_table)

.init_array 
*          0    00000000    00000000     UNINITIALIZED

.bss       0    20000000    00003385     UNINITIALIZED
                  20000000    00000fa0     Filters.obj (.bss:Filt_data)
                  20000fa0    00000fa0     MAX30100.obj (.bss:IR_FIFO_DATA)
                  20001f40    00000fa0     MAX30100.obj (.bss:RED_FIFO_DATA)
                  20002ee0    00000328     FIFO.obj (.bss:Fifo)
                  20003208    000000c8     main.obj (.bss:fir11)
                  200032d0    0000005c     main.obj (.bss:fir)
                  2000332c    00000024     main.obj (.bss:Butterword)
                  20003350    00000014     (.common:RegisteredDevices)
                  20003364    00000010     (.common:str)
                  20003374    00000004     (.common:ADCvalue)
                  20003378    00000004     (.common:GetPt)
                  2000337c    00000004     (.common:PutPt)
                  20003380    00000004     (.common:StatusReg)
                  20003384    00000001     (.common:DeviceCnt)

.TI.noinit 
*          0    20000000    00000000     UNINITIALIZED

.stack     0    20003388    00000200     UNINITIALIZED
                  20003388    00000200     --HOLE--

.data      0    20003588    00000124     UNINITIALIZED
                  20003588    00000060     FIR_filter.obj (.data:FIR_filter_coefficients)
                  200035e8    00000037     NRF24.obj (.data)
                  2000361f    00000001     --HOLE--
                  20003620    00000028     Butterword_filter.obj (.data:Butterword_filter_coefficients)
                  20003648    00000020     MAX30100.obj (.data)
                  20003668    0000001c     main.obj (.data)
                  20003684    0000000c     rtsv7M4_T_le_v4SPD16_eabi.lib : memory.obj (.data)
                  20003690    00000008                                   : _lock.obj (.data)
                  20003698    00000008                                   : exit.obj (.data)
                  200036a0    00000004                                   : errno.obj (.data)
                  200036a4    00000004                                   : stkdepth_vars.obj (.data)
                  200036a8    00000004     system_LM4F.obj (.data)

.TI.persistent 
*          0    20003588    00000000     UNINITIALIZED

.sysmem    0    200036b0    00000008     UNINITIALIZED
                  200036b0    00000008     rtsv7M4_T_le_v4SPD16_eabi.lib : memory.obj (.sysmem)


LINKER GENERATED COPY TABLES

__TI_cinit_table @ 00004740 records: 2, size/record: 8, table size: 16
	.data: load addr=00004648, load size=000000de bytes, run addr=20003588, run size=00000124 bytes, compression=rle
	.bss: load addr=00004738, load size=00000008 bytes, run addr=20000000, run size=00003385 bytes, compression=zero_init


LINKER GENERATED HANDLER TABLE

__TI_handler_table @ 00004728 records: 3, size/record: 4, table size: 12
	index: 0, handler: __TI_decompress_rle24
	index: 1, handler: __TI_decompress_none
	index: 2, handler: __TI_zero_init


GLOBAL SYMBOLS: SORTED ALPHABETICALLY BY Name 

address   name                          
-------   ----                          
00001e71  ADCSeq2_HANDLER               
000019e1  ADC_initTimer3                
20003674  ADCflag                       
20003374  ADCvalue                      
2000332c  Butterword                    
20003620  Butterword_filter_coefficients
000031b1  Butterword_filter_create      
000031c9  Butterword_filter_destroy     
00003259  Butterword_filter_filterBiquad
00003209  Butterword_filter_filterBlock 
000031d9  Butterword_filter_init        
000031e9  Butterword_filter_reset       
00004309  C$$EXIT                       
00002269  CheckInterrupts               
000023e9  Check_MAX_Interrupts          
00000321  ConfigNRF24_Reg               
200035e8  DATA_PIPE0_ADDRESS            
200035ed  DATA_PIPE1_ADDRESS            
200035f2  DATA_PIPE2_ADDRESS            
200035f7  DATA_PIPE3_ADDRESS            
200035fc  DATA_PIPE4_ADDRESS            
20003601  DATA_PIPE5_ADDRESS            
20003606  DATA_PIPEx_ADDRESS            
20003384  DeviceCnt                     
2000364c  Discardsample_cnt             
20003588  FIR_filter_coefficients       
00003759  FIR_filter_create             
00003771  FIR_filter_destroy            
00003879  FIR_filter_dotProduct         
000037b9  FIR_filter_filterBlock        
00003781  FIR_filter_init               
00003791  FIR_filter_reset              
00003ad1  Fifo_Get                      
00003a49  Fifo_Init                     
00003a69  Fifo_Put                      
00003b49  Fifo_Size                     
2000364d  Fifocnt                       
20000000  Filt_data                     
00001e51  GPIO_PortB_Handler            
00001e31  GPIO_PortC_Handler            
00001d11  GPIO_init                     
20003378  GetPt                         
000033b9  I2C_Init                      
000034f1  I2C_ReadByte                  
00003591  I2C_Stop                      
00003431  I2C_writeByte                 
20003670  IRQflags_MAX                  
2000366c  IRQflags_NRF                  
20000fa0  IR_FIFO_DATA                  
20003648  IRsample_cnt                  
000017a9  Interrupt_IRQ                 
00003ba9  MA_filter_create              
00003bc1  MA_filter_destroy             
00003c11  MA_filter_filterBlock         
00003bd1  MA_filter_init                
00003be1  MA_filter_reset               
00002c51  Max30100_Init                 
000019b9  PWM_Duty                      
000018b9  PWM_Init                      
00000731  Ping_TX                       
000011a9  Printfloat                    
00000739  Process_Data                  
2000337c  PutPt                         
20001f40  RED_FIFO_DATA                 
2000364a  REDsample_cnt                 
2000360b  RX_PAYLOAD                    
00002d89  Read_MAX_DATAFIFO             
000002c9  Read_Reg                      
00000601  Read_data                     
20003350  RegisteredDevices             
00004429  ResetISR                      
UNDEFED   SHT$$INIT_ARRAY$$Base         
UNDEFED   SHT$$INIT_ARRAY$$Limit        
000038d9  SPI_Init                      
000039e1  SPI_transfer                  
000009c9  Send_COM_PIPE                 
00000ce9  Send_Error_Code               
00002f39  StartSampling                 
20003380  StatusReg                     
00002f59  StopSampling                  
200036a8  SystemCoreClock               
00002619  SystemCoreClockUpdate         
00002759  SystemInit                    
20003668  T0flags                       
00001ea9  TIMER0A_HANDLER               
00001ed9  TIMER2A_HANDLER               
20003615  TX_PAYLOAD                    
00001c11  TimerEdgeCounter_init         
00001b91  Timer_Init                    
00000da9  UART_Init                     
00000271  Write_Reg                     
00000659  Write_data                    
00000a89  Write_data_To_data_pipeX      
200036a0  _Errno                        
20003588  __STACK_END                   
00000200  __STACK_SIZE                  
20003588  __STACK_TOP                   
00000008  __SYSMEM_SIZE                 
00004740  __TI_CINIT_Base               
00004750  __TI_CINIT_Limit              
00004728  __TI_Handler_Table_Base       
00004734  __TI_Handler_Table_Limit      
000040b5  __TI_auto_init                
20003698  __TI_cleanup_ptr              
00004483  __TI_decompress_none          
00003753  __TI_decompress_rle24         
2000369c  __TI_dtors_ptr                
00000000  __TI_static_base__            
00004491  __TI_zero_init                
00003fb3  __aeabi_cdcmpeq               
00003fb3  __aeabi_cdcmple               
00004275  __aeabi_d2f                   
000042bf  __aeabi_d2iz                  
0000434d  __aeabi_d2uiz                 
000035a7  __aeabi_dadd                  
00003ce5  __aeabi_ddiv                  
00003e1b  __aeabi_dmul                  
0000359d  __aeabi_dsub                  
00004391  __aeabi_f2d                   
000043f9  __aeabi_i2d                   
00004039  __aeabi_memclr                
00004039  __aeabi_memclr4               
00004039  __aeabi_memclr8               
00003f17  __aeabi_memcpy                
00003f17  __aeabi_memcpy4               
00003f17  __aeabi_memcpy8               
0000403b  __aeabi_memset                
0000403b  __aeabi_memset4               
0000403b  __aeabi_memset8               
ffffffff  __binit__                     
ffffffff  __c_args__                    
20003388  __stack                       
00004445  _args_main                    
0000418d  _c_int00                      
000044a0  _ctypes_                      
20003690  _lock                         
0000446b  _nop                          
00004463  _register_lock                
0000445d  _register_unlock              
200036b0  _sys_memory                   
00000d75  _system_pre_init              
20003694  _unlock                       
0000430d  abort                         
00004471  atof                          
000041dd  atoi                          
ffffffff  binit                         
00002c1d  calloc                        
20003650  configValues                  
2000365c  configresvalue                
00004229  copy_in                       
00004315  exit                          
200032d0  fir                           
20003208  fir11                         
000005d1  flush_RX                      
000005a1  flush_TX                      
0000296b  free                          
00000000  g_pfnVectors                  
00000a51  get_pipe_from_STATUS          
00001ef1  main                          
200036a4  main_func_sp                  
00002903  malloc                        
00002b39  memalign                      
00003f17  memcpy                        
00004041  memset                        
00002875  minit                         
00004644  node                          
00000e99  printChar                     
00001151  printDouble                   
00001101  print_String                  
00000fd9  print_int                     
00000ed1  print_uint                    
00001649  process_REGISTER_command      
00001479  process_command               
00000e79  readChar                      
00001399  readStr                       
00002a2d  realloc                       
20003680  rps                           
20003664  samplingOptions               
00003571  setSlaveAddress               
20003364  str                           
000043c9  strncpy                       
00002f71  strtod                        
2000367c  val                           
20003678  voltage                       


GLOBAL SYMBOLS: SORTED BY Symbol Address 

address   name                          
-------   ----                          
00000000  __TI_static_base__            
00000000  g_pfnVectors                  
00000008  __SYSMEM_SIZE                 
00000200  __STACK_SIZE                  
00000271  Write_Reg                     
000002c9  Read_Reg                      
00000321  ConfigNRF24_Reg               
000005a1  flush_TX                      
000005d1  flush_RX                      
00000601  Read_data                     
00000659  Write_data                    
00000731  Ping_TX                       
00000739  Process_Data                  
000009c9  Send_COM_PIPE                 
00000a51  get_pipe_from_STATUS          
00000a89  Write_data_To_data_pipeX      
00000ce9  Send_Error_Code               
00000d75  _system_pre_init              
00000da9  UART_Init                     
00000e79  readChar                      
00000e99  printChar                     
00000ed1  print_uint                    
00000fd9  print_int                     
00001101  print_String                  
00001151  printDouble                   
000011a9  Printfloat                    
00001399  readStr                       
00001479  process_command               
00001649  process_REGISTER_command      
000017a9  Interrupt_IRQ                 
000018b9  PWM_Init                      
000019b9  PWM_Duty                      
000019e1  ADC_initTimer3                
00001b91  Timer_Init                    
00001c11  TimerEdgeCounter_init         
00001d11  GPIO_init                     
00001e31  GPIO_PortC_Handler            
00001e51  GPIO_PortB_Handler            
00001e71  ADCSeq2_HANDLER               
00001ea9  TIMER0A_HANDLER               
00001ed9  TIMER2A_HANDLER               
00001ef1  main                          
00002269  CheckInterrupts               
000023e9  Check_MAX_Interrupts          
00002619  SystemCoreClockUpdate         
00002759  SystemInit                    
00002875  minit                         
00002903  malloc                        
0000296b  free                          
00002a2d  realloc                       
00002b39  memalign                      
00002c1d  calloc                        
00002c51  Max30100_Init                 
00002d89  Read_MAX_DATAFIFO             
00002f39  StartSampling                 
00002f59  StopSampling                  
00002f71  strtod                        
000031b1  Butterword_filter_create      
000031c9  Butterword_filter_destroy     
000031d9  Butterword_filter_init        
000031e9  Butterword_filter_reset       
00003209  Butterword_filter_filterBlock 
00003259  Butterword_filter_filterBiquad
000033b9  I2C_Init                      
00003431  I2C_writeByte                 
000034f1  I2C_ReadByte                  
00003571  setSlaveAddress               
00003591  I2C_Stop                      
0000359d  __aeabi_dsub                  
000035a7  __aeabi_dadd                  
00003753  __TI_decompress_rle24         
00003759  FIR_filter_create             
00003771  FIR_filter_destroy            
00003781  FIR_filter_init               
00003791  FIR_filter_reset              
000037b9  FIR_filter_filterBlock        
00003879  FIR_filter_dotProduct         
000038d9  SPI_Init                      
000039e1  SPI_transfer                  
00003a49  Fifo_Init                     
00003a69  Fifo_Put                      
00003ad1  Fifo_Get                      
00003b49  Fifo_Size                     
00003ba9  MA_filter_create              
00003bc1  MA_filter_destroy             
00003bd1  MA_filter_init                
00003be1  MA_filter_reset               
00003c11  MA_filter_filterBlock         
00003ce5  __aeabi_ddiv                  
00003e1b  __aeabi_dmul                  
00003f17  __aeabi_memcpy                
00003f17  __aeabi_memcpy4               
00003f17  __aeabi_memcpy8               
00003f17  memcpy                        
00003fb3  __aeabi_cdcmpeq               
00003fb3  __aeabi_cdcmple               
00004039  __aeabi_memclr                
00004039  __aeabi_memclr4               
00004039  __aeabi_memclr8               
0000403b  __aeabi_memset                
0000403b  __aeabi_memset4               
0000403b  __aeabi_memset8               
00004041  memset                        
000040b5  __TI_auto_init                
0000418d  _c_int00                      
000041dd  atoi                          
00004229  copy_in                       
00004275  __aeabi_d2f                   
000042bf  __aeabi_d2iz                  
00004309  C$$EXIT                       
0000430d  abort                         
00004315  exit                          
0000434d  __aeabi_d2uiz                 
00004391  __aeabi_f2d                   
000043c9  strncpy                       
000043f9  __aeabi_i2d                   
00004429  ResetISR                      
00004445  _args_main                    
0000445d  _register_unlock              
00004463  _register_lock                
0000446b  _nop                          
00004471  atof                          
00004483  __TI_decompress_none          
00004491  __TI_zero_init                
000044a0  _ctypes_                      
00004644  node                          
00004728  __TI_Handler_Table_Base       
00004734  __TI_Handler_Table_Limit      
00004740  __TI_CINIT_Base               
00004750  __TI_CINIT_Limit              
20000000  Filt_data                     
20000fa0  IR_FIFO_DATA                  
20001f40  RED_FIFO_DATA                 
20003208  fir11                         
200032d0  fir                           
2000332c  Butterword                    
20003350  RegisteredDevices             
20003364  str                           
20003374  ADCvalue                      
20003378  GetPt                         
2000337c  PutPt                         
20003380  StatusReg                     
20003384  DeviceCnt                     
20003388  __stack                       
20003588  FIR_filter_coefficients       
20003588  __STACK_END                   
20003588  __STACK_TOP                   
200035e8  DATA_PIPE0_ADDRESS            
200035ed  DATA_PIPE1_ADDRESS            
200035f2  DATA_PIPE2_ADDRESS            
200035f7  DATA_PIPE3_ADDRESS            
200035fc  DATA_PIPE4_ADDRESS            
20003601  DATA_PIPE5_ADDRESS            
20003606  DATA_PIPEx_ADDRESS            
2000360b  RX_PAYLOAD                    
20003615  TX_PAYLOAD                    
20003620  Butterword_filter_coefficients
20003648  IRsample_cnt                  
2000364a  REDsample_cnt                 
2000364c  Discardsample_cnt             
2000364d  Fifocnt                       
20003650  configValues                  
2000365c  configresvalue                
20003664  samplingOptions               
20003668  T0flags                       
2000366c  IRQflags_NRF                  
20003670  IRQflags_MAX                  
20003674  ADCflag                       
20003678  voltage                       
2000367c  val                           
20003680  rps                           
20003690  _lock                         
20003694  _unlock                       
20003698  __TI_cleanup_ptr              
2000369c  __TI_dtors_ptr                
200036a0  _Errno                        
200036a4  main_func_sp                  
200036a8  SystemCoreClock               
200036b0  _sys_memory                   
ffffffff  __binit__                     
ffffffff  __c_args__                    
ffffffff  binit                         
UNDEFED   SHT$$INIT_ARRAY$$Base         
UNDEFED   SHT$$INIT_ARRAY$$Limit        

[184 symbols]
