******************************************************************************
                  TI ARM Linker PC v5.2.2                      
******************************************************************************
>> Linked Sat Mar 19 18:22:57 2016

OUTPUT FILE NAME:   <GIT_UART_OXIMETER_filter.out>
ENTRY POINT SYMBOL: "_c_int00"  address: 000059b5


MEMORY CONFIGURATION

         name            origin    length      used     unused   attr    fill
----------------------  --------  ---------  --------  --------  ----  --------
  FLASH                 00000000   00040000  000068c8  00039738  R  X
  SRAM                  20000000   00008000  000034d4  00004b2c  RW X


SEGMENT ALLOCATION MAP

run origin  load origin   length   init length attrs members
----------  ----------- ---------- ----------- ----- -------
00000000    00000000    000068d0   000068d0    r-x
  00000000    00000000    0000026c   0000026c    r-- .intvecs
  00000270    00000270    00005a74   00005a74    r-x .text
  00005ce8    00005ce8    000003f8   000003f8    r-- .const
  000060e0    000060e0    000007f0   000007f0    r-- .cinit
20000000    20000000    000034d8   00000000    rw-
  20000000    20000000    00002ac0   00000000    rw- .bss
  20002ac0    20002ac0    0000080c   00000000    rw- .data
  200032cc    200032cc    00000200   00000000    rw- .stack
  200034d0    200034d0    00000008   00000000    rw- .sysmem


SECTION ALLOCATION MAP

 output                                  attributes/
section   page    origin      length       input sections
--------  ----  ----------  ----------   ----------------
.intvecs   0    00000000    0000026c     
                  00000000    0000026c     startup_ccs.obj (.intvecs)

.text      0    00000270    00005a74     
                  00000270    00000ec4     MAX30100.obj (.text)
                  00001134    00000004     rtsv7M4_T_le_v4SPD16_eabi.lib : pre_init.obj (.text)
                  00001138    00000b68     UART.obj (.text)
                  00001ca0    00000b04     NRF24.obj (.text)
                  000027a4    00000004     --HOLE-- [fill = 0]
                  000027a8    0000083e     Oled.obj (.text)
                  00002fe6    00000002     --HOLE-- [fill = 0]
                  00002fe8    000006a4     Periferal_Init.obj (.text)
                  0000368c    00000004     --HOLE-- [fill = 0]
                  00003690    00000474     main.obj (.text)
                  00003b04    00000004     --HOLE-- [fill = 0]
                  00003b08    00000444     system_LM4F.obj (.text)
                  00003f4c    000003dc     rtsv7M4_T_le_v4SPD16_eabi.lib : memory.obj (.text)
                  00004328    00000256     FIFO.obj (.text)
                  0000457e    00000002     --HOLE-- [fill = 0]
                  00004580    0000023c     rtsv7M4_T_le_v4SPD16_eabi.lib : strtod.obj (.text)
                  000047bc    00000004     --HOLE-- [fill = 0]
                  000047c0    000001fe     DC2notch_filter.obj (.text)
                  000049be    00000002     --HOLE-- [fill = 0]
                  000049c0    000001fe     DCnotch_filter.obj (.text)
                  00004bbe    00000002     --HOLE-- [fill = 0]
                  00004bc0    000001e4     I2C.obj (.text)
                  00004da4    000001b6     rtsv7M4_T_le_v4SPD16_eabi.lib : fd_add_t2.obj (.text)
                  00004f5a    00000006                                   : copy_decompress_rle.obj (.text:decompress:rle24)
                  00004f60    0000017e     DC_blockFIR_filter.obj (.text)
                  000050de    00000002     --HOLE-- [fill = 0]
                  000050e0    0000017e     FIR_LP_filter.obj (.text)
                  0000525e    00000002     --HOLE-- [fill = 0]
                  00005260    0000016e     SPI.obj (.text)
                  000053ce    00000002     --HOLE-- [fill = 0]
                  000053d0    0000013c     MA_filter.obj (.text)
                  0000550c    00000136     rtsv7M4_T_le_v4SPD16_eabi.lib : fd_div_t2.obj (.text)
                  00005642    000000fc                                   : fd_mul_t2.obj (.text)
                  0000573e    0000009c                                   : memcpy_t2.obj (.text)
                  000057da    00000086                                   : fd_cmp_t2.obj (.text:__aeabi_cdcmple)
                  00005860    0000007a                                   : memset_t2.obj (.text)
                  000058da    00000002     --HOLE-- [fill = 0]
                  000058dc    0000006c                                   : autoinit.obj (.text)
                  00005948    0000006a                                   : copy_decompress_rle.obj (.text)
                  000059b2    00000002     --HOLE-- [fill = 0]
                  000059b4    00000050                                   : boot.obj (.text)
                  00005a04    0000004c                                   : atoi.obj (.text)
                  00005a50    0000004c                                   : cpy_tbl.obj (.text)
                  00005a9c    0000004a                                   : fd_tos_t2.obj (.text)
                  00005ae6    00000048                                   : fd_toi_t2.obj (.text)
                  00005b2e    00000002     --HOLE-- [fill = 0]
                  00005b30    00000044                                   : exit.obj (.text)
                  00005b74    00000044                                   : fd_tou_t2.obj (.text)
                  00005bb8    00000038                                   : fs_tod_t2.obj (.text)
                  00005bf0    00000030                                   : strncpy.obj (.text)
                  00005c20    0000002e                                   : i_tofd_t2.obj (.text)
                  00005c4e    00000020                                   : u_tofd_t2.obj (.text)
                  00005c6e    00000002     --HOLE-- [fill = 0]
                  00005c70    0000001a     startup_ccs.obj (.text)
                  00005c8a    00000002     --HOLE-- [fill = 0]
                  00005c8c    00000018     rtsv7M4_T_le_v4SPD16_eabi.lib : args_main.obj (.text)
                  00005ca4    00000014                                   : _lock.obj (.text)
                  00005cb8    00000012                                   : atof.obj (.text)
                  00005cca    0000000e                                   : copy_decompress_none.obj (.text:decompress:none)
                  00005cd8    0000000c                                   : copy_zero_init.obj (.text:decompress:ZI)

.const     0    00005ce8    000003f8     
                  00005ce8    00000240     Oled.obj (.const:ASCII)
                  00005f28    00000101     rtsv7M4_T_le_v4SPD16_eabi.lib : ctype.obj (.const:.string:_ctypes_)
                  00006029    00000003     --HOLE-- [fill = 0]
                  0000602c    00000004     DC_blockFIR_filter.obj (.const)
                  00006030    00000098     rtsv7M4_T_le_v4SPD16_eabi.lib : strtod.obj (.const)
                  000060c8    0000000a     Oled.obj (.const:.string)
                  000060d2    00000002     --HOLE-- [fill = 0]
                  000060d4    00000004     FIR_LP_filter.obj (.const)
                  000060d8    00000004     MA_filter.obj (.const)
                  000060dc    00000004     NRF24.obj (.const)

.cinit     0    000060e0    000007f0     
                  000060e0    000007c5     (.cinit..data.load) [load image, compression = rle]
                  000068a5    00000003     --HOLE-- [fill = 0]
                  000068a8    0000000c     (__TI_handler_table)
                  000068b4    00000004     --HOLE-- [fill = 0]
                  000068b8    00000008     (.cinit..bss.load) [load image, compression = zero_init]
                  000068c0    00000010     (__TI_cinit_table)

.init_array 
*          0    00000000    00000000     UNINITIALIZED

.bss       0    20000000    00002ac0     UNINITIALIZED
                  20000000    00000c50     main.obj (.bss:DC_blockFIR_filter)
                  20000c50    00000c50     main.obj (.bss:DC_block_RED_FIR_filter)
                  200018a0    000004b0     MAX30100.obj (.bss:Filt_IRdata)
                  20001d50    000004b0     MAX30100.obj (.bss:Filt_REDdata)
                  20002200    00000230     main.obj (.bss:FIR_LP_filter)
                  20002430    00000230     main.obj (.bss:FIR_RED_LP_filter)
                  20002660    000000c8     MAX30100.obj (.bss:Peaks_index)
                  20002728    000000c8     MAX30100.obj (.bss:Valley_index)
                  200027f0    000000c8     MAX30100.obj (.bss:ZerocrossIndex)
                  200028b8    00000064     MAX30100.obj (.bss:HRstore)
                  2000291c    00000064     MAX30100.obj (.bss:SPO2store)
                  20002980    0000005c     main.obj (.bss:fir)
                  200029dc    00000028     MAX30100.obj (.bss:HR)
                  20002a04    00000014     (.common:DC2notch_filter)
                  20002a18    00000014     (.common:DCnotch_filter)
                  20002a2c    00000014     (.common:RegisteredDevices)
                  20002a40    00000010     (.common:str)
                  20002a50    0000000c     (.common:Fifo)
                  20002a5c    00000004     (.common:ADCvalue)
                  20002a60    00000004     (.common:BackPt)
                  20002a64    00000004     (.common:DC_RED_acumulator)
                  20002a68    00000004     (.common:DC_RED_notch_Data)
                  20002a6c    00000004     (.common:DCacumulator)
                  20002a70    00000004     (.common:DCnotch_Data)
                  20002a74    00000004     (.common:FrontPt)
                  20002a78    00000004     (.common:GetPt)
                  20002a7c    00000004     (.common:HRavg)
                  20002a80    00000004     (.common:IR_DC)
                  20002a84    00000004     (.common:IR_FIFO_DATA)
                  20002a88    00000004     (.common:IRrms)
                  20002a8c    00000004     (.common:LastPeakVal)
                  20002a90    00000004     (.common:LastValleyVal)
                  20002a94    00000004     (.common:MAXtempval)
                  20002a98    00000004     (.common:MidPt)
                  20002a9c    00000004     (.common:PutPt)
                  20002aa0    00000004     (.common:RED_DC)
                  20002aa4    00000004     (.common:RED_FIFO_DATA)
                  20002aa8    00000004     (.common:REDrms)
                  20002aac    00000004     (.common:RMS_RED_acumulator)
                  20002ab0    00000004     (.common:RMSacumulator)
                  20002ab4    00000004     (.common:SPO2)
                  20002ab8    00000004     (.common:StatusReg)
                  20002abc    00000001     (.common:DeviceCnt)
                  20002abd    00000001     (.common:Nofpeacks)
                  20002abe    00000001     (.common:SP_HighSpeed_Divisor)
                  20002abf    00000001     (.common:TempReadyFlag)

.TI.noinit 
*          0    20000000    00000000     UNINITIALIZED

.data      0    20002ac0    0000080c     UNINITIALIZED
                  20002ac0    00000624     DC_blockFIR_filter.obj (.data:DC_blockFIR_filter_coefficients)
                  200030e4    00000114     FIR_LP_filter.obj (.data:FIR_LP_filter_coefficients)
                  200031f8    00000037     NRF24.obj (.data)
                  2000322f    00000001     --HOLE--
                  20003230    0000002e     MAX30100.obj (.data)
                  2000325e    00000002     --HOLE--
                  20003260    0000001c     main.obj (.data)
                  2000327c    00000014     DC2notch_filter.obj (.data)
                  20003290    00000014     DCnotch_filter.obj (.data)
                  200032a4    0000000c     rtsv7M4_T_le_v4SPD16_eabi.lib : memory.obj (.data)
                  200032b0    00000008                                   : _lock.obj (.data)
                  200032b8    00000008                                   : exit.obj (.data)
                  200032c0    00000004                                   : errno.obj (.data)
                  200032c4    00000004                                   : stkdepth_vars.obj (.data)
                  200032c8    00000004     system_LM4F.obj (.data)

.TI.persistent 
*          0    20002ac0    00000000     UNINITIALIZED

.stack     0    200032cc    00000200     UNINITIALIZED
                  200032cc    00000200     --HOLE--

.sysmem    0    200034d0    00000008     UNINITIALIZED
                  200034d0    00000008     rtsv7M4_T_le_v4SPD16_eabi.lib : memory.obj (.sysmem)


LINKER GENERATED COPY TABLES

__TI_cinit_table @ 000068c0 records: 2, size/record: 8, table size: 16
	.data: load addr=000060e0, load size=000007c5 bytes, run addr=20002ac0, run size=0000080c bytes, compression=rle
	.bss: load addr=000068b8, load size=00000008 bytes, run addr=20000000, run size=00002ac0 bytes, compression=zero_init


LINKER GENERATED HANDLER TABLE

__TI_handler_table @ 000068a8 records: 3, size/record: 4, table size: 12
	index: 0, handler: __TI_decompress_rle24
	index: 1, handler: __TI_decompress_none
	index: 2, handler: __TI_zero_init


GLOBAL SYMBOLS: SORTED ALPHABETICALLY BY Name 

address   name                           
-------   ----                           
00003701  ADCSeq2_HANDLER                
00003271  ADC_initTimer3                 
2000326c  ADCflag                        
20002a5c  ADCvalue                       
20002a60  BackPt                         
00005b31  C$$EXIT                        
00003929  CheckInterrupts                
00003aa9  Check_MAX_Interrupts           
00001d51  ConfigNRF24_Reg                
200031f8  DATA_PIPE0_ADDRESS             
200031fd  DATA_PIPE1_ADDRESS             
20003202  DATA_PIPE2_ADDRESS             
20003207  DATA_PIPE3_ADDRESS             
2000320c  DATA_PIPE4_ADDRESS             
20003211  DATA_PIPE5_ADDRESS             
20003216  DATA_PIPEx_ADDRESS             
20002a04  DC2notch_filter                
2000327c  DC2notch_filter_coefficients   
000047c1  DC2notch_filter_create         
000047d9  DC2notch_filter_destroy        
00004861  DC2notch_filter_filterBiquad   
00004819  DC2notch_filter_filterBlock    
000047e9  DC2notch_filter_init           
000047f9  DC2notch_filter_reset          
20002a64  DC_RED_acumulator              
20002a68  DC_RED_notch_Data              
20000000  DC_blockFIR_filter             
20002ac0  DC_blockFIR_filter_coefficients
00004f61  DC_blockFIR_filter_create      
00004f79  DC_blockFIR_filter_destroy     
00005081  DC_blockFIR_filter_dotProduct  
00004fc1  DC_blockFIR_filter_filterBlock 
00004f89  DC_blockFIR_filter_init        
00004f99  DC_blockFIR_filter_reset       
20000c50  DC_block_RED_FIR_filter        
20002a6c  DCacumulator                   
20002a70  DCnotch_Data                   
20002a18  DCnotch_filter                 
20003290  DCnotch_filter_coefficients    
000049c1  DCnotch_filter_create          
000049d9  DCnotch_filter_destroy         
00004a61  DCnotch_filter_filterBiquad    
00004a19  DCnotch_filter_filterBlock     
000049e9  DCnotch_filter_init            
000049f9  DCnotch_filter_reset           
20002abc  DeviceCnt                      
20003234  Discardsample_cnt              
20002200  FIR_LP_filter                  
200030e4  FIR_LP_filter_coefficients     
000050e1  FIR_LP_filter_create           
000050f9  FIR_LP_filter_destroy          
00005201  FIR_LP_filter_dotProduct       
00005141  FIR_LP_filter_filterBlock      
00005109  FIR_LP_filter_init             
00005119  FIR_LP_filter_reset            
20002430  FIR_RED_LP_filter              
20002a50  Fifo                           
000043e1  Fifo_Get                       
00004329  Fifo_Init                      
00004379  Fifo_Put                       
00004459  Fifo_Size                      
000044b9  Fifo_Write                     
200018a0  Filt_IRdata                    
20001d50  Filt_REDdata                   
20002a74  FrontPt                        
000036e1  GPIO_PortB_Handler             
000036c1  GPIO_PortC_Handler             
000035a1  GPIO_init                      
00000d51  GetPeak_fromFIFO               
20002a78  GetPt                          
00000bc9  Get_HRate                      
00000ce1  Get_SPO2                       
200029dc  HR                             
20002a7c  HRavg                          
200028b8  HRstore                        
20003238  Hspeedcount                    
00004bc1  I2C_Init                       
00004cf9  I2C_ReadByte                   
00004d99  I2C_Stop                       
00004c39  I2C_writeByte                  
20003268  IRQflags_MAX                   
20003264  IRQflags_NRF                   
20002a80  IR_DC                          
20002a84  IR_FIFO_DATA                   
20002a88  IRrms                          
20003230  IRsample_cnt                   
00003039  Interrupt_IRQ                  
20002a8c  LastPeakVal                    
20002a90  LastValleyVal                  
20002a94  MAXtempval                     
000053d1  MA_filter_create               
000053e9  MA_filter_destroy              
00005439  MA_filter_filterBlock          
000053f9  MA_filter_init                 
00005409  MA_filter_reset                
00000271  Max30100_Init                  
20002a98  MidPt                          
20002abd  Nofpeacks                      
00002b91  Oled_Clear_Display             
00002ea9  Oled_DisplayWhen_Init          
00002c89  Oled_Draw_Hline                
00002bf1  Oled_Draw_Pixel                
00002d49  Oled_Draw_Vline                
00002941  Oled_Init                      
00002b81  Oled_TrunOff                   
00002b31  Oled_Write_Char                
00002901  Oled_Write_Cmd                 
00002921  Oled_Write_Data                
00002aa1  Oled_Write_String              
00002ed9  Oled_int2string                
00003249  PWM_Duty                       
00003149  PWM_Init                       
20002660  Peaks_index                    
00002161  Ping_TX                        
00001569  Printfloat                     
00002169  Process_Data                   
20002a9c  PutPt                          
20002aa0  RED_DC                         
20002aa4  RED_FIFO_DATA                  
20002aa8  REDrms                         
20003232  REDsample_cnt                  
20002aac  RMS_RED_acumulator             
20002ab0  RMSacumulator                  
2000321b  RX_PAYLOAD                     
00000309  Read_MAX_DATAFIFO              
00000a99  Read_MAX_Temp                  
00001cf9  Read_Reg                       
00002031  Read_data                      
20002a2c  RegisteredDevices              
00005c71  ResetISR                       
UNDEFED   SHT$$INIT_ARRAY$$Base          
UNDEFED   SHT$$INIT_ARRAY$$Limit         
00005261  SPI_Init                       
000027a9  SPI_Oled_Init                  
000028a1  SPI_Oled_transfer              
00005369  SPI_transfer                   
20002ab4  SPO2                           
2000291c  SPO2store                      
20002abe  SP_HighSpeed_Divisor           
000023f9  Send_COM_PIPE                  
00002719  Send_Error_Code                
00000a61  StartSampling                  
20002ab8  StatusReg                      
00000a81  StopSampling                   
200032c8  SystemCoreClock                
00003cf1  SystemCoreClockUpdate          
00003e31  SystemInit                     
20003260  T0flags                        
00003739  TIMER0A_HANDLER                
00003769  TIMER2A_HANDLER                
20003225  TX_PAYLOAD                     
20002abf  TempReadyFlag                  
000034a1  TimerEdgeCounter_init          
00003421  Timer_Init                     
00001169  UART_Init                      
20002728  Valley_index                   
00001ca1  Write_Reg                      
00002089  Write_data                     
000024b9  Write_data_To_data_pipeX       
200027f0  ZerocrossIndex                 
200032c0  _Errno                         
200034cc  __STACK_END                    
00000200  __STACK_SIZE                   
200034cc  __STACK_TOP                    
00000008  __SYSMEM_SIZE                  
000068c0  __TI_CINIT_Base                
000068d0  __TI_CINIT_Limit               
000068a8  __TI_Handler_Table_Base        
000068b4  __TI_Handler_Table_Limit       
000058dd  __TI_auto_init                 
200032b8  __TI_cleanup_ptr               
00005ccb  __TI_decompress_none           
00004f5b  __TI_decompress_rle24          
200032bc  __TI_dtors_ptr                 
00000000  __TI_static_base__             
00005cd9  __TI_zero_init                 
000057db  __aeabi_cdcmpeq                
000057db  __aeabi_cdcmple                
00005a9d  __aeabi_d2f                    
00005ae7  __aeabi_d2iz                   
00005b75  __aeabi_d2uiz                  
00004daf  __aeabi_dadd                   
0000550d  __aeabi_ddiv                   
00005643  __aeabi_dmul                   
00004da5  __aeabi_dsub                   
00005bb9  __aeabi_f2d                    
00005c21  __aeabi_i2d                    
00005861  __aeabi_memclr                 
00005861  __aeabi_memclr4                
00005861  __aeabi_memclr8                
0000573f  __aeabi_memcpy                 
0000573f  __aeabi_memcpy4                
0000573f  __aeabi_memcpy8                
00005863  __aeabi_memset                 
00005863  __aeabi_memset4                
00005863  __aeabi_memset8                
00005c4f  __aeabi_ui2d                   
ffffffff  __binit__                      
ffffffff  __c_args__                     
200032cc  __stack                        
00005c8d  _args_main                     
000059b5  _c_int00                       
00005f28  _ctypes_                       
200032b0  _lock                          
00005cb3  _nop                           
00005cab  _register_lock                 
00005ca5  _register_unlock               
200034d0  _sys_memory                    
00001135  _system_pre_init               
200032b4  _unlock                        
00005b35  abort                          
00005cb9  atof                           
00005a05  atoi                           
ffffffff  binit                          
000042f5  calloc                         
20003240  configValues                   
2000324c  configresvalue                 
00005a51  copy_in                        
00005b3d  exit                           
20002980  fir                            
00002001  flush_RX                       
00001fd1  flush_TX                       
00004043  free                           
00000000  g_pfnVectors                   
00000b09  getPeak                        
00002481  get_pipe_from_STATUS           
2000323e  h                              
2000323a  j                              
2000323f  k                              
2000323c  l                              
00003781  main                           
200032c4  main_func_sp                   
00003fdb  malloc                         
00004211  memalign                       
0000573f  memcpy                         
00005869  memset                         
00003f4d  minit                          
000060dc  node                           
00001259  printChar                      
00001511  printDouble                    
000014c1  print_String                   
00001399  print_int                      
00001291  print_uint                     
00001a09  process_REGISTER_command       
00001839  process_command                
00001239  readChar                       
00001759  readStr                        
00004105  realloc                        
20003278  rps                            
20003236  samplcnt                       
2000325a  samplingOptions                
00004d79  setSlaveAddress                
20002a40  str                            
00005bf1  strncpy                        
00004581  strtod                         
20003274  val                            
20003270  voltage                        


GLOBAL SYMBOLS: SORTED BY Symbol Address 

address   name                           
-------   ----                           
00000000  __TI_static_base__             
00000000  g_pfnVectors                   
00000008  __SYSMEM_SIZE                  
00000200  __STACK_SIZE                   
00000271  Max30100_Init                  
00000309  Read_MAX_DATAFIFO              
00000a61  StartSampling                  
00000a81  StopSampling                   
00000a99  Read_MAX_Temp                  
00000b09  getPeak                        
00000bc9  Get_HRate                      
00000ce1  Get_SPO2                       
00000d51  GetPeak_fromFIFO               
00001135  _system_pre_init               
00001169  UART_Init                      
00001239  readChar                       
00001259  printChar                      
00001291  print_uint                     
00001399  print_int                      
000014c1  print_String                   
00001511  printDouble                    
00001569  Printfloat                     
00001759  readStr                        
00001839  process_command                
00001a09  process_REGISTER_command       
00001ca1  Write_Reg                      
00001cf9  Read_Reg                       
00001d51  ConfigNRF24_Reg                
00001fd1  flush_TX                       
00002001  flush_RX                       
00002031  Read_data                      
00002089  Write_data                     
00002161  Ping_TX                        
00002169  Process_Data                   
000023f9  Send_COM_PIPE                  
00002481  get_pipe_from_STATUS           
000024b9  Write_data_To_data_pipeX       
00002719  Send_Error_Code                
000027a9  SPI_Oled_Init                  
000028a1  SPI_Oled_transfer              
00002901  Oled_Write_Cmd                 
00002921  Oled_Write_Data                
00002941  Oled_Init                      
00002aa1  Oled_Write_String              
00002b31  Oled_Write_Char                
00002b81  Oled_TrunOff                   
00002b91  Oled_Clear_Display             
00002bf1  Oled_Draw_Pixel                
00002c89  Oled_Draw_Hline                
00002d49  Oled_Draw_Vline                
00002ea9  Oled_DisplayWhen_Init          
00002ed9  Oled_int2string                
00003039  Interrupt_IRQ                  
00003149  PWM_Init                       
00003249  PWM_Duty                       
00003271  ADC_initTimer3                 
00003421  Timer_Init                     
000034a1  TimerEdgeCounter_init          
000035a1  GPIO_init                      
000036c1  GPIO_PortC_Handler             
000036e1  GPIO_PortB_Handler             
00003701  ADCSeq2_HANDLER                
00003739  TIMER0A_HANDLER                
00003769  TIMER2A_HANDLER                
00003781  main                           
00003929  CheckInterrupts                
00003aa9  Check_MAX_Interrupts           
00003cf1  SystemCoreClockUpdate          
00003e31  SystemInit                     
00003f4d  minit                          
00003fdb  malloc                         
00004043  free                           
00004105  realloc                        
00004211  memalign                       
000042f5  calloc                         
00004329  Fifo_Init                      
00004379  Fifo_Put                       
000043e1  Fifo_Get                       
00004459  Fifo_Size                      
000044b9  Fifo_Write                     
00004581  strtod                         
000047c1  DC2notch_filter_create         
000047d9  DC2notch_filter_destroy        
000047e9  DC2notch_filter_init           
000047f9  DC2notch_filter_reset          
00004819  DC2notch_filter_filterBlock    
00004861  DC2notch_filter_filterBiquad   
000049c1  DCnotch_filter_create          
000049d9  DCnotch_filter_destroy         
000049e9  DCnotch_filter_init            
000049f9  DCnotch_filter_reset           
00004a19  DCnotch_filter_filterBlock     
00004a61  DCnotch_filter_filterBiquad    
00004bc1  I2C_Init                       
00004c39  I2C_writeByte                  
00004cf9  I2C_ReadByte                   
00004d79  setSlaveAddress                
00004d99  I2C_Stop                       
00004da5  __aeabi_dsub                   
00004daf  __aeabi_dadd                   
00004f5b  __TI_decompress_rle24          
00004f61  DC_blockFIR_filter_create      
00004f79  DC_blockFIR_filter_destroy     
00004f89  DC_blockFIR_filter_init        
00004f99  DC_blockFIR_filter_reset       
00004fc1  DC_blockFIR_filter_filterBlock 
00005081  DC_blockFIR_filter_dotProduct  
000050e1  FIR_LP_filter_create           
000050f9  FIR_LP_filter_destroy          
00005109  FIR_LP_filter_init             
00005119  FIR_LP_filter_reset            
00005141  FIR_LP_filter_filterBlock      
00005201  FIR_LP_filter_dotProduct       
00005261  SPI_Init                       
00005369  SPI_transfer                   
000053d1  MA_filter_create               
000053e9  MA_filter_destroy              
000053f9  MA_filter_init                 
00005409  MA_filter_reset                
00005439  MA_filter_filterBlock          
0000550d  __aeabi_ddiv                   
00005643  __aeabi_dmul                   
0000573f  __aeabi_memcpy                 
0000573f  __aeabi_memcpy4                
0000573f  __aeabi_memcpy8                
0000573f  memcpy                         
000057db  __aeabi_cdcmpeq                
000057db  __aeabi_cdcmple                
00005861  __aeabi_memclr                 
00005861  __aeabi_memclr4                
00005861  __aeabi_memclr8                
00005863  __aeabi_memset                 
00005863  __aeabi_memset4                
00005863  __aeabi_memset8                
00005869  memset                         
000058dd  __TI_auto_init                 
000059b5  _c_int00                       
00005a05  atoi                           
00005a51  copy_in                        
00005a9d  __aeabi_d2f                    
00005ae7  __aeabi_d2iz                   
00005b31  C$$EXIT                        
00005b35  abort                          
00005b3d  exit                           
00005b75  __aeabi_d2uiz                  
00005bb9  __aeabi_f2d                    
00005bf1  strncpy                        
00005c21  __aeabi_i2d                    
00005c4f  __aeabi_ui2d                   
00005c71  ResetISR                       
00005c8d  _args_main                     
00005ca5  _register_unlock               
00005cab  _register_lock                 
00005cb3  _nop                           
00005cb9  atof                           
00005ccb  __TI_decompress_none           
00005cd9  __TI_zero_init                 
00005f28  _ctypes_                       
000060dc  node                           
000068a8  __TI_Handler_Table_Base        
000068b4  __TI_Handler_Table_Limit       
000068c0  __TI_CINIT_Base                
000068d0  __TI_CINIT_Limit               
20000000  DC_blockFIR_filter             
20000c50  DC_block_RED_FIR_filter        
200018a0  Filt_IRdata                    
20001d50  Filt_REDdata                   
20002200  FIR_LP_filter                  
20002430  FIR_RED_LP_filter              
20002660  Peaks_index                    
20002728  Valley_index                   
200027f0  ZerocrossIndex                 
200028b8  HRstore                        
2000291c  SPO2store                      
20002980  fir                            
200029dc  HR                             
20002a04  DC2notch_filter                
20002a18  DCnotch_filter                 
20002a2c  RegisteredDevices              
20002a40  str                            
20002a50  Fifo                           
20002a5c  ADCvalue                       
20002a60  BackPt                         
20002a64  DC_RED_acumulator              
20002a68  DC_RED_notch_Data              
20002a6c  DCacumulator                   
20002a70  DCnotch_Data                   
20002a74  FrontPt                        
20002a78  GetPt                          
20002a7c  HRavg                          
20002a80  IR_DC                          
20002a84  IR_FIFO_DATA                   
20002a88  IRrms                          
20002a8c  LastPeakVal                    
20002a90  LastValleyVal                  
20002a94  MAXtempval                     
20002a98  MidPt                          
20002a9c  PutPt                          
20002aa0  RED_DC                         
20002aa4  RED_FIFO_DATA                  
20002aa8  REDrms                         
20002aac  RMS_RED_acumulator             
20002ab0  RMSacumulator                  
20002ab4  SPO2                           
20002ab8  StatusReg                      
20002abc  DeviceCnt                      
20002abd  Nofpeacks                      
20002abe  SP_HighSpeed_Divisor           
20002abf  TempReadyFlag                  
20002ac0  DC_blockFIR_filter_coefficients
200030e4  FIR_LP_filter_coefficients     
200031f8  DATA_PIPE0_ADDRESS             
200031fd  DATA_PIPE1_ADDRESS             
20003202  DATA_PIPE2_ADDRESS             
20003207  DATA_PIPE3_ADDRESS             
2000320c  DATA_PIPE4_ADDRESS             
20003211  DATA_PIPE5_ADDRESS             
20003216  DATA_PIPEx_ADDRESS             
2000321b  RX_PAYLOAD                     
20003225  TX_PAYLOAD                     
20003230  IRsample_cnt                   
20003232  REDsample_cnt                  
20003234  Discardsample_cnt              
20003236  samplcnt                       
20003238  Hspeedcount                    
2000323a  j                              
2000323c  l                              
2000323e  h                              
2000323f  k                              
20003240  configValues                   
2000324c  configresvalue                 
2000325a  samplingOptions                
20003260  T0flags                        
20003264  IRQflags_NRF                   
20003268  IRQflags_MAX                   
2000326c  ADCflag                        
20003270  voltage                        
20003274  val                            
20003278  rps                            
2000327c  DC2notch_filter_coefficients   
20003290  DCnotch_filter_coefficients    
200032b0  _lock                          
200032b4  _unlock                        
200032b8  __TI_cleanup_ptr               
200032bc  __TI_dtors_ptr                 
200032c0  _Errno                         
200032c4  main_func_sp                   
200032c8  SystemCoreClock                
200032cc  __stack                        
200034cc  __STACK_END                    
200034cc  __STACK_TOP                    
200034d0  _sys_memory                    
ffffffff  __binit__                      
ffffffff  __c_args__                     
ffffffff  binit                          
UNDEFED   SHT$$INIT_ARRAY$$Base          
UNDEFED   SHT$$INIT_ARRAY$$Limit         

[257 symbols]
