******************************************************************************
                  TI ARM Linker PC v5.2.2                      
******************************************************************************
>> Linked Thu Feb 25 18:10:06 2016

OUTPUT FILE NAME:   <GIT_UART_OXIMETER_filter.out>
ENTRY POINT SYMBOL: "_c_int00"  address: 000054bd


MEMORY CONFIGURATION

         name            origin    length      used     unused   attr    fill
----------------------  --------  ---------  --------  --------  ----  --------
  FLASH                 00000000   00040000  00006070  00039f90  R  X
  SRAM                  20000000   00008000  0000346a  00004b96  RW X


SEGMENT ALLOCATION MAP

run origin  load origin   length   init length attrs members
----------  ----------- ---------- ----------- ----- -------
00000000    00000000    00006078   00006078    r-x
  00000000    00000000    0000026c   0000026c    r-- .intvecs
  00000270    00000270    0000555c   0000555c    r-x .text
  000057d0    000057d0    000003f8   000003f8    r-- .const
  00005bc8    00005bc8    000004b0   000004b0    r-- .cinit
20000000    20000000    00003470   00000000    rw-
  20000000    20000000    00002d96   00000000    rw- .bss
  20002d98    20002d98    000004cc   00000000    rw- .data
  20003264    20003264    00000200   00000000    rw- .stack
  20003468    20003468    00000008   00000000    rw- .sysmem


SECTION ALLOCATION MAP

 output                                  attributes/
section   page    origin      length       input sections
--------  ----  ----------  ----------   ----------------
.intvecs   0    00000000    0000026c     
                  00000000    0000026c     startup_ccs.obj (.intvecs)

.text      0    00000270    0000555c     
                  00000270    00000b04     NRF24.obj (.text)
                  00000d74    00000004     rtsv7M4_T_le_v4SPD16_eabi.lib : pre_init.obj (.text)
                  00000d78    00000aa6     MAX30100.obj (.text)
                  0000181e    00000002     --HOLE-- [fill = 0]
                  00001820    000009e0     UART.obj (.text)
                  00002200    0000083e     Oled.obj (.text)
                  00002a3e    00000002     --HOLE-- [fill = 0]
                  00002a40    000006a4     Periferal_Init.obj (.text)
                  000030e4    00000004     --HOLE-- [fill = 0]
                  000030e8    00000620     main.obj (.text)
                  00003708    00000444     system_LM4F.obj (.text)
                  00003b4c    000003dc     rtsv7M4_T_le_v4SPD16_eabi.lib : memory.obj (.text)
                  00003f28    0000023c                                   : strtod.obj (.text)
                  00004164    00000004     --HOLE-- [fill = 0]
                  00004168    000001fe     DC2notch_filter.obj (.text)
                  00004366    00000002     --HOLE-- [fill = 0]
                  00004368    000001fe     DCnotch_filter.obj (.text)
                  00004566    00000002     --HOLE-- [fill = 0]
                  00004568    000001e4     I2C.obj (.text)
                  0000474c    000001b6     rtsv7M4_T_le_v4SPD16_eabi.lib : fd_add_t2.obj (.text)
                  00004902    00000006                                   : copy_decompress_rle.obj (.text:decompress:rle24)
                  00004908    0000017e     DC_blockFIR_filter.obj (.text)
                  00004a86    00000002     --HOLE-- [fill = 0]
                  00004a88    0000017e     FIR_LP_filter.obj (.text)
                  00004c06    00000002     --HOLE-- [fill = 0]
                  00004c08    0000016e     SPI.obj (.text)
                  00004d76    00000002     --HOLE-- [fill = 0]
                  00004d78    0000015e     FIFO.obj (.text)
                  00004ed6    00000002     --HOLE-- [fill = 0]
                  00004ed8    0000013c     MA_filter.obj (.text)
                  00005014    00000136     rtsv7M4_T_le_v4SPD16_eabi.lib : fd_div_t2.obj (.text)
                  0000514a    000000fc                                   : fd_mul_t2.obj (.text)
                  00005246    0000009c                                   : memcpy_t2.obj (.text)
                  000052e2    00000086                                   : fd_cmp_t2.obj (.text:__aeabi_cdcmple)
                  00005368    0000007a                                   : memset_t2.obj (.text)
                  000053e2    00000002     --HOLE-- [fill = 0]
                  000053e4    0000006c                                   : autoinit.obj (.text)
                  00005450    0000006a                                   : copy_decompress_rle.obj (.text)
                  000054ba    00000002     --HOLE-- [fill = 0]
                  000054bc    00000050                                   : boot.obj (.text)
                  0000550c    0000004c                                   : atoi.obj (.text)
                  00005558    0000004c                                   : cpy_tbl.obj (.text)
                  000055a4    0000004a                                   : fd_tos_t2.obj (.text)
                  000055ee    00000048                                   : fd_toi_t2.obj (.text)
                  00005636    00000002     --HOLE-- [fill = 0]
                  00005638    00000044                                   : exit.obj (.text)
                  0000567c    00000044                                   : fd_tou_t2.obj (.text)
                  000056c0    00000038                                   : fs_tod_t2.obj (.text)
                  000056f8    00000030                                   : strncpy.obj (.text)
                  00005728    0000002e                                   : i_tofd_t2.obj (.text)
                  00005756    00000002     --HOLE-- [fill = 0]
                  00005758    0000001a     startup_ccs.obj (.text)
                  00005772    00000002     --HOLE-- [fill = 0]
                  00005774    00000018     rtsv7M4_T_le_v4SPD16_eabi.lib : args_main.obj (.text)
                  0000578c    00000014                                   : _lock.obj (.text)
                  000057a0    00000012                                   : atof.obj (.text)
                  000057b2    0000000e                                   : copy_decompress_none.obj (.text:decompress:none)
                  000057c0    0000000c                                   : copy_zero_init.obj (.text:decompress:ZI)

.const     0    000057d0    000003f8     
                  000057d0    00000240     Oled.obj (.const:ASCII)
                  00005a10    00000101     rtsv7M4_T_le_v4SPD16_eabi.lib : ctype.obj (.const:.string:_ctypes_)
                  00005b11    00000003     --HOLE-- [fill = 0]
                  00005b14    00000004     DC_blockFIR_filter.obj (.const)
                  00005b18    00000098     rtsv7M4_T_le_v4SPD16_eabi.lib : strtod.obj (.const)
                  00005bb0    0000000a     Oled.obj (.const:.string)
                  00005bba    00000002     --HOLE-- [fill = 0]
                  00005bbc    00000004     FIR_LP_filter.obj (.const)
                  00005bc0    00000004     MA_filter.obj (.const)
                  00005bc4    00000004     NRF24.obj (.const)

.cinit     0    00005bc8    000004b0     
                  00005bc8    00000489     (.cinit..data.load) [load image, compression = rle]
                  00006051    00000003     --HOLE-- [fill = 0]
                  00006054    0000000c     (__TI_handler_table)
                  00006060    00000008     (.cinit..bss.load) [load image, compression = zero_init]
                  00006068    00000010     (__TI_cinit_table)

.init_array 
*          0    00000000    00000000     UNINITIALIZED

.bss       0    20000000    00002d96     UNINITIALIZED
                  20000000    00000638     main.obj (.bss:DC_blockFIR_filter)
                  20000638    00000638     main.obj (.bss:DC_block_RED_FIR_filter)
                  20000c70    000004b0     MAX30100.obj (.bss:Filt_IRdata)
                  20001120    000004b0     MAX30100.obj (.bss:Filt_REDdata)
                  200015d0    000004b0     MAX30100.obj (.bss:IR_FIFO_DATA)
                  20001a80    000004b0     MAX30100.obj (.bss:RED_FIFO_DATA)
                  20001f30    00000328     FIFO.obj (.bss:Fifo)
                  20002258    00000320     MAX30100.obj (.bss:DC_RED_notch_Data)
                  20002578    00000320     MAX30100.obj (.bss:DCnotch_Data)
                  20002898    000001d8     main.obj (.bss:FIR_LP_filter)
                  20002a70    000001d8     main.obj (.bss:FIR_RED_LP_filter)
                  20002c48    0000005c     main.obj (.bss:fir)
                  20002ca4    0000002c     MAX30100.obj (.bss:HR)
                  20002cd0    00000018     (.common:Peaks_index)
                  20002ce8    00000014     (.common:DC2notch_filter)
                  20002cfc    00000014     (.common:DCnotch_filter)
                  20002d10    00000014     (.common:HRstore)
                  20002d24    00000014     (.common:RegisteredDevices)
                  20002d38    00000014     (.common:SPO2store)
                  20002d4c    00000010     (.common:str)
                  20002d5c    00000004     (.common:ADCvalue)
                  20002d60    00000004     (.common:DC_RED_acumulator)
                  20002d64    00000004     (.common:DCacumulator)
                  20002d68    00000004     (.common:GetPt)
                  20002d6c    00000004     (.common:HRavg)
                  20002d70    00000004     (.common:IR_DC)
                  20002d74    00000004     (.common:IRrms)
                  20002d78    00000004     (.common:PutPt)
                  20002d7c    00000004     (.common:RED_DC)
                  20002d80    00000004     (.common:REDrms)
                  20002d84    00000004     (.common:RMS_RED_acumulator)
                  20002d88    00000004     (.common:RMSacumulator)
                  20002d8c    00000004     (.common:SPO2)
                  20002d90    00000004     (.common:StatusReg)
                  20002d94    00000001     (.common:DeviceCnt)
                  20002d95    00000001     (.common:Nofpeacks)

.TI.noinit 
*          0    20000000    00000000     UNINITIALIZED

.data      0    20002d98    000004cc     UNINITIALIZED
                  20002d98    00000318     DC_blockFIR_filter.obj (.data:DC_blockFIR_filter_coefficients)
                  200030b0    000000e8     FIR_LP_filter.obj (.data:FIR_LP_filter_coefficients)
                  20003198    00000037     NRF24.obj (.data)
                  200031cf    00000001     --HOLE--
                  200031d0    00000028     MAX30100.obj (.data)
                  200031f8    0000001c     main.obj (.data)
                  20003214    00000014     DC2notch_filter.obj (.data)
                  20003228    00000014     DCnotch_filter.obj (.data)
                  2000323c    0000000c     rtsv7M4_T_le_v4SPD16_eabi.lib : memory.obj (.data)
                  20003248    00000008                                   : _lock.obj (.data)
                  20003250    00000008                                   : exit.obj (.data)
                  20003258    00000004                                   : errno.obj (.data)
                  2000325c    00000004                                   : stkdepth_vars.obj (.data)
                  20003260    00000004     system_LM4F.obj (.data)

.TI.persistent 
*          0    20002d98    00000000     UNINITIALIZED

.stack     0    20003264    00000200     UNINITIALIZED
                  20003264    00000200     --HOLE--

.sysmem    0    20003468    00000008     UNINITIALIZED
                  20003468    00000008     rtsv7M4_T_le_v4SPD16_eabi.lib : memory.obj (.sysmem)


LINKER GENERATED COPY TABLES

__TI_cinit_table @ 00006068 records: 2, size/record: 8, table size: 16
	.data: load addr=00005bc8, load size=00000489 bytes, run addr=20002d98, run size=000004cc bytes, compression=rle
	.bss: load addr=00006060, load size=00000008 bytes, run addr=20000000, run size=00002d96 bytes, compression=zero_init


LINKER GENERATED HANDLER TABLE

__TI_handler_table @ 00006054 records: 3, size/record: 4, table size: 12
	index: 0, handler: __TI_decompress_rle24
	index: 1, handler: __TI_decompress_none
	index: 2, handler: __TI_zero_init


GLOBAL SYMBOLS: SORTED ALPHABETICALLY BY Name 

address   name                           
-------   ----                           
00003159  ADCSeq2_HANDLER                
00002cc9  ADC_initTimer3                 
20003204  ADCflag                        
20002d5c  ADCvalue                       
00005639  C$$EXIT                        
00003541  CheckInterrupts                
000036c1  Check_MAX_Interrupts           
00000321  ConfigNRF24_Reg                
20003198  DATA_PIPE0_ADDRESS             
2000319d  DATA_PIPE1_ADDRESS             
200031a2  DATA_PIPE2_ADDRESS             
200031a7  DATA_PIPE3_ADDRESS             
200031ac  DATA_PIPE4_ADDRESS             
200031b1  DATA_PIPE5_ADDRESS             
200031b6  DATA_PIPEx_ADDRESS             
20002ce8  DC2notch_filter                
20003214  DC2notch_filter_coefficients   
00004169  DC2notch_filter_create         
00004181  DC2notch_filter_destroy        
00004209  DC2notch_filter_filterBiquad   
000041c1  DC2notch_filter_filterBlock    
00004191  DC2notch_filter_init           
000041a1  DC2notch_filter_reset          
20002d60  DC_RED_acumulator              
20002258  DC_RED_notch_Data              
20000000  DC_blockFIR_filter             
20002d98  DC_blockFIR_filter_coefficients
00004909  DC_blockFIR_filter_create      
00004921  DC_blockFIR_filter_destroy     
00004a29  DC_blockFIR_filter_dotProduct  
00004969  DC_blockFIR_filter_filterBlock 
00004931  DC_blockFIR_filter_init        
00004941  DC_blockFIR_filter_reset       
20000638  DC_block_RED_FIR_filter        
20002d64  DCacumulator                   
20002578  DCnotch_Data                   
20002cfc  DCnotch_filter                 
20003228  DCnotch_filter_coefficients    
00004369  DCnotch_filter_create          
00004381  DCnotch_filter_destroy         
00004409  DCnotch_filter_filterBiquad    
000043c1  DCnotch_filter_filterBlock     
00004391  DCnotch_filter_init            
000043a1  DCnotch_filter_reset           
20002d94  DeviceCnt                      
200031d4  Discardsample_cnt              
20002898  FIR_LP_filter                  
200030b0  FIR_LP_filter_coefficients     
00004a89  FIR_LP_filter_create           
00004aa1  FIR_LP_filter_destroy          
00004ba9  FIR_LP_filter_dotProduct       
00004ae9  FIR_LP_filter_filterBlock      
00004ab1  FIR_LP_filter_init             
00004ac1  FIR_LP_filter_reset            
20002a70  FIR_RED_LP_filter              
00004e01  Fifo_Get                       
00004d79  Fifo_Init                      
00004d99  Fifo_Put                       
00004e79  Fifo_Size                      
200031d6  Fifocnt                        
20000c70  Filt_IRdata                    
20001120  Filt_REDdata                   
00003139  GPIO_PortB_Handler             
00003119  GPIO_PortC_Handler             
00002ff9  GPIO_init                      
20002d68  GetPt                          
000016a9  Get_HRate                      
000017b9  Get_SPO2                       
20002ca4  HR                             
20002d6c  HRavg                          
20002d10  HRstore                        
00004569  I2C_Init                       
000046a1  I2C_ReadByte                   
00004741  I2C_Stop                       
000045e1  I2C_writeByte                  
20003200  IRQflags_MAX                   
200031fc  IRQflags_NRF                   
20002d70  IR_DC                          
200015d0  IR_FIFO_DATA                   
20002d74  IRrms                          
200031d0  IRsample_cnt                   
00002a91  Interrupt_IRQ                  
00004ed9  MA_filter_create               
00004ef1  MA_filter_destroy              
00004f41  MA_filter_filterBlock          
00004f01  MA_filter_init                 
00004f11  MA_filter_reset                
00000d79  Max30100_Init                  
20002d95  Nofpeacks                      
000025e9  Oled_Clear_Display             
00002901  Oled_DisplayWhen_Init          
000026e1  Oled_Draw_Hline                
00002649  Oled_Draw_Pixel                
000027a1  Oled_Draw_Vline                
00002399  Oled_Init                      
000025d9  Oled_TrunOff                   
00002589  Oled_Write_Char                
00002359  Oled_Write_Cmd                 
00002379  Oled_Write_Data                
000024f9  Oled_Write_String              
00002931  Oled_int2string                
00002ca1  PWM_Duty                       
00002ba1  PWM_Init                       
20002cd0  Peaks_index                    
00000731  Ping_TX                        
00001c51  Printfloat                     
00000739  Process_Data                   
20002d78  PutPt                          
20002d7c  RED_DC                         
20001a80  RED_FIFO_DATA                  
20002d80  REDrms                         
200031d2  REDsample_cnt                  
20002d84  RMS_RED_acumulator             
20002d88  RMSacumulator                  
200031bb  RX_PAYLOAD                     
00000eb1  Read_MAX_DATAFIFO              
000002c9  Read_Reg                       
00000601  Read_data                      
20002d24  RegisteredDevices              
00005759  ResetISR                       
UNDEFED   SHT$$INIT_ARRAY$$Base          
UNDEFED   SHT$$INIT_ARRAY$$Limit         
00004c09  SPI_Init                       
00002201  SPI_Oled_Init                  
000022f9  SPI_Oled_transfer              
00004d11  SPI_transfer                   
20002d8c  SPO2                           
20002d38  SPO2store                      
000009c9  Send_COM_PIPE                  
00000ce9  Send_Error_Code                
000015b1  StartSampling                  
20002d90  StatusReg                      
000015d1  StopSampling                   
20003260  SystemCoreClock                
000038f1  SystemCoreClockUpdate          
00003a31  SystemInit                     
200031f8  T0flags                        
00003191  TIMER0A_HANDLER                
000031c1  TIMER2A_HANDLER                
200031c5  TX_PAYLOAD                     
00002ef9  TimerEdgeCounter_init          
00002e79  Timer_Init                     
00001851  UART_Init                      
00000271  Write_Reg                      
00000659  Write_data                     
00000a89  Write_data_To_data_pipeX       
20003258  _Errno                         
20003464  __STACK_END                    
00000200  __STACK_SIZE                   
20003464  __STACK_TOP                    
00000008  __SYSMEM_SIZE                  
00006068  __TI_CINIT_Base                
00006078  __TI_CINIT_Limit               
00006054  __TI_Handler_Table_Base        
00006060  __TI_Handler_Table_Limit       
000053e5  __TI_auto_init                 
20003250  __TI_cleanup_ptr               
000057b3  __TI_decompress_none           
00004903  __TI_decompress_rle24          
20003254  __TI_dtors_ptr                 
00000000  __TI_static_base__             
000057c1  __TI_zero_init                 
000052e3  __aeabi_cdcmpeq                
000052e3  __aeabi_cdcmple                
000055a5  __aeabi_d2f                    
000055ef  __aeabi_d2iz                   
0000567d  __aeabi_d2uiz                  
00004757  __aeabi_dadd                   
00005015  __aeabi_ddiv                   
0000514b  __aeabi_dmul                   
0000474d  __aeabi_dsub                   
000056c1  __aeabi_f2d                    
00005729  __aeabi_i2d                    
00005369  __aeabi_memclr                 
00005369  __aeabi_memclr4                
00005369  __aeabi_memclr8                
00005247  __aeabi_memcpy                 
00005247  __aeabi_memcpy4                
00005247  __aeabi_memcpy8                
0000536b  __aeabi_memset                 
0000536b  __aeabi_memset4                
0000536b  __aeabi_memset8                
ffffffff  __binit__                      
ffffffff  __c_args__                     
20003264  __stack                        
00005775  _args_main                     
000054bd  _c_int00                       
00005a10  _ctypes_                       
20003248  _lock                          
0000579b  _nop                           
00005793  _register_lock                 
0000578d  _register_unlock               
20003468  _sys_memory                    
00000d75  _system_pre_init               
2000324c  _unlock                        
0000563d  abort                          
000057a1  atof                           
0000550d  atoi                           
ffffffff  binit                          
00003ef5  calloc                         
200031e0  configValues                   
200031ec  configresvalue                 
00005559  copy_in                        
00005645  exit                           
20002c48  fir                            
000005d1  flush_RX                       
000005a1  flush_TX                       
00003c43  free                           
00000000  g_pfnVectors                   
000015e9  getPeak                        
00000a51  get_pipe_from_STATUS           
200031dc  h                              
200031da  j                              
000031d9  main                           
2000325c  main_func_sp                   
00003bdb  malloc                         
00003e11  memalign                       
00005247  memcpy                         
00005371  memset                         
00003b4d  minit                          
00005bc4  node                           
200031d8  preavPeakindex                 
00001941  printChar                      
00001bf9  printDouble                    
00001ba9  print_String                   
00001a81  print_int                      
00001979  print_uint                     
000020f1  process_REGISTER_command       
00001f21  process_command                
00001921  readChar                       
00001e41  readStr                        
00003d05  realloc                        
20003210  rps                            
200031f4  samplingOptions                
00004721  setSlaveAddress                
20002d4c  str                            
000056f9  strncpy                        
00003f29  strtod                         
2000320c  val                            
20003208  voltage                        


GLOBAL SYMBOLS: SORTED BY Symbol Address 

address   name                           
-------   ----                           
00000000  __TI_static_base__             
00000000  g_pfnVectors                   
00000008  __SYSMEM_SIZE                  
00000200  __STACK_SIZE                   
00000271  Write_Reg                      
000002c9  Read_Reg                       
00000321  ConfigNRF24_Reg                
000005a1  flush_TX                       
000005d1  flush_RX                       
00000601  Read_data                      
00000659  Write_data                     
00000731  Ping_TX                        
00000739  Process_Data                   
000009c9  Send_COM_PIPE                  
00000a51  get_pipe_from_STATUS           
00000a89  Write_data_To_data_pipeX       
00000ce9  Send_Error_Code                
00000d75  _system_pre_init               
00000d79  Max30100_Init                  
00000eb1  Read_MAX_DATAFIFO              
000015b1  StartSampling                  
000015d1  StopSampling                   
000015e9  getPeak                        
000016a9  Get_HRate                      
000017b9  Get_SPO2                       
00001851  UART_Init                      
00001921  readChar                       
00001941  printChar                      
00001979  print_uint                     
00001a81  print_int                      
00001ba9  print_String                   
00001bf9  printDouble                    
00001c51  Printfloat                     
00001e41  readStr                        
00001f21  process_command                
000020f1  process_REGISTER_command       
00002201  SPI_Oled_Init                  
000022f9  SPI_Oled_transfer              
00002359  Oled_Write_Cmd                 
00002379  Oled_Write_Data                
00002399  Oled_Init                      
000024f9  Oled_Write_String              
00002589  Oled_Write_Char                
000025d9  Oled_TrunOff                   
000025e9  Oled_Clear_Display             
00002649  Oled_Draw_Pixel                
000026e1  Oled_Draw_Hline                
000027a1  Oled_Draw_Vline                
00002901  Oled_DisplayWhen_Init          
00002931  Oled_int2string                
00002a91  Interrupt_IRQ                  
00002ba1  PWM_Init                       
00002ca1  PWM_Duty                       
00002cc9  ADC_initTimer3                 
00002e79  Timer_Init                     
00002ef9  TimerEdgeCounter_init          
00002ff9  GPIO_init                      
00003119  GPIO_PortC_Handler             
00003139  GPIO_PortB_Handler             
00003159  ADCSeq2_HANDLER                
00003191  TIMER0A_HANDLER                
000031c1  TIMER2A_HANDLER                
000031d9  main                           
00003541  CheckInterrupts                
000036c1  Check_MAX_Interrupts           
000038f1  SystemCoreClockUpdate          
00003a31  SystemInit                     
00003b4d  minit                          
00003bdb  malloc                         
00003c43  free                           
00003d05  realloc                        
00003e11  memalign                       
00003ef5  calloc                         
00003f29  strtod                         
00004169  DC2notch_filter_create         
00004181  DC2notch_filter_destroy        
00004191  DC2notch_filter_init           
000041a1  DC2notch_filter_reset          
000041c1  DC2notch_filter_filterBlock    
00004209  DC2notch_filter_filterBiquad   
00004369  DCnotch_filter_create          
00004381  DCnotch_filter_destroy         
00004391  DCnotch_filter_init            
000043a1  DCnotch_filter_reset           
000043c1  DCnotch_filter_filterBlock     
00004409  DCnotch_filter_filterBiquad    
00004569  I2C_Init                       
000045e1  I2C_writeByte                  
000046a1  I2C_ReadByte                   
00004721  setSlaveAddress                
00004741  I2C_Stop                       
0000474d  __aeabi_dsub                   
00004757  __aeabi_dadd                   
00004903  __TI_decompress_rle24          
00004909  DC_blockFIR_filter_create      
00004921  DC_blockFIR_filter_destroy     
00004931  DC_blockFIR_filter_init        
00004941  DC_blockFIR_filter_reset       
00004969  DC_blockFIR_filter_filterBlock 
00004a29  DC_blockFIR_filter_dotProduct  
00004a89  FIR_LP_filter_create           
00004aa1  FIR_LP_filter_destroy          
00004ab1  FIR_LP_filter_init             
00004ac1  FIR_LP_filter_reset            
00004ae9  FIR_LP_filter_filterBlock      
00004ba9  FIR_LP_filter_dotProduct       
00004c09  SPI_Init                       
00004d11  SPI_transfer                   
00004d79  Fifo_Init                      
00004d99  Fifo_Put                       
00004e01  Fifo_Get                       
00004e79  Fifo_Size                      
00004ed9  MA_filter_create               
00004ef1  MA_filter_destroy              
00004f01  MA_filter_init                 
00004f11  MA_filter_reset                
00004f41  MA_filter_filterBlock          
00005015  __aeabi_ddiv                   
0000514b  __aeabi_dmul                   
00005247  __aeabi_memcpy                 
00005247  __aeabi_memcpy4                
00005247  __aeabi_memcpy8                
00005247  memcpy                         
000052e3  __aeabi_cdcmpeq                
000052e3  __aeabi_cdcmple                
00005369  __aeabi_memclr                 
00005369  __aeabi_memclr4                
00005369  __aeabi_memclr8                
0000536b  __aeabi_memset                 
0000536b  __aeabi_memset4                
0000536b  __aeabi_memset8                
00005371  memset                         
000053e5  __TI_auto_init                 
000054bd  _c_int00                       
0000550d  atoi                           
00005559  copy_in                        
000055a5  __aeabi_d2f                    
000055ef  __aeabi_d2iz                   
00005639  C$$EXIT                        
0000563d  abort                          
00005645  exit                           
0000567d  __aeabi_d2uiz                  
000056c1  __aeabi_f2d                    
000056f9  strncpy                        
00005729  __aeabi_i2d                    
00005759  ResetISR                       
00005775  _args_main                     
0000578d  _register_unlock               
00005793  _register_lock                 
0000579b  _nop                           
000057a1  atof                           
000057b3  __TI_decompress_none           
000057c1  __TI_zero_init                 
00005a10  _ctypes_                       
00005bc4  node                           
00006054  __TI_Handler_Table_Base        
00006060  __TI_Handler_Table_Limit       
00006068  __TI_CINIT_Base                
00006078  __TI_CINIT_Limit               
20000000  DC_blockFIR_filter             
20000638  DC_block_RED_FIR_filter        
20000c70  Filt_IRdata                    
20001120  Filt_REDdata                   
200015d0  IR_FIFO_DATA                   
20001a80  RED_FIFO_DATA                  
20002258  DC_RED_notch_Data              
20002578  DCnotch_Data                   
20002898  FIR_LP_filter                  
20002a70  FIR_RED_LP_filter              
20002c48  fir                            
20002ca4  HR                             
20002cd0  Peaks_index                    
20002ce8  DC2notch_filter                
20002cfc  DCnotch_filter                 
20002d10  HRstore                        
20002d24  RegisteredDevices              
20002d38  SPO2store                      
20002d4c  str                            
20002d5c  ADCvalue                       
20002d60  DC_RED_acumulator              
20002d64  DCacumulator                   
20002d68  GetPt                          
20002d6c  HRavg                          
20002d70  IR_DC                          
20002d74  IRrms                          
20002d78  PutPt                          
20002d7c  RED_DC                         
20002d80  REDrms                         
20002d84  RMS_RED_acumulator             
20002d88  RMSacumulator                  
20002d8c  SPO2                           
20002d90  StatusReg                      
20002d94  DeviceCnt                      
20002d95  Nofpeacks                      
20002d98  DC_blockFIR_filter_coefficients
200030b0  FIR_LP_filter_coefficients     
20003198  DATA_PIPE0_ADDRESS             
2000319d  DATA_PIPE1_ADDRESS             
200031a2  DATA_PIPE2_ADDRESS             
200031a7  DATA_PIPE3_ADDRESS             
200031ac  DATA_PIPE4_ADDRESS             
200031b1  DATA_PIPE5_ADDRESS             
200031b6  DATA_PIPEx_ADDRESS             
200031bb  RX_PAYLOAD                     
200031c5  TX_PAYLOAD                     
200031d0  IRsample_cnt                   
200031d2  REDsample_cnt                  
200031d4  Discardsample_cnt              
200031d6  Fifocnt                        
200031d8  preavPeakindex                 
200031da  j                              
200031dc  h                              
200031e0  configValues                   
200031ec  configresvalue                 
200031f4  samplingOptions                
200031f8  T0flags                        
200031fc  IRQflags_NRF                   
20003200  IRQflags_MAX                   
20003204  ADCflag                        
20003208  voltage                        
2000320c  val                            
20003210  rps                            
20003214  DC2notch_filter_coefficients   
20003228  DCnotch_filter_coefficients    
20003248  _lock                          
2000324c  _unlock                        
20003250  __TI_cleanup_ptr               
20003254  __TI_dtors_ptr                 
20003258  _Errno                         
2000325c  main_func_sp                   
20003260  SystemCoreClock                
20003264  __stack                        
20003464  __STACK_END                    
20003464  __STACK_TOP                    
20003468  _sys_memory                    
ffffffff  __binit__                      
ffffffff  __c_args__                     
ffffffff  binit                          
UNDEFED   SHT$$INIT_ARRAY$$Base          
UNDEFED   SHT$$INIT_ARRAY$$Limit         

[240 symbols]
