******************************************************************************
                  TI ARM Linker PC v5.2.2                      
******************************************************************************
>> Linked Thu Nov 19 03:22:21 2015

OUTPUT FILE NAME:   <GIT_UART_OXIMETER_filter.out>
ENTRY POINT SYMBOL: "_c_int00"  address: 00003c75


MEMORY CONFIGURATION

         name            origin    length      used     unused   attr    fill
----------------------  --------  ---------  --------  --------  ----  --------
  FLASH                 00000000   00040000  00004382  0003bc7e  R  X
  SRAM                  20000000   00008000  00007fc5  0000003b  RW X


SEGMENT ALLOCATION MAP

run origin  load origin   length   init length attrs members
----------  ----------- ---------- ----------- ----- -------
00000000    00000000    00004390   00004390    r-x
  00000000    00000000    0000026c   0000026c    r-- .intvecs
  00000270    00000270    00003d14   00003d14    r-x .text
  00003f88    00003f88    0000038a   0000038a    r-- .const
  00004318    00004318    00000078   00000078    r-- .cinit
20000000    20000000    00007fc8   00000000    rw-
  20000000    20000000    00007d2d   00000000    rw- .bss
  20007d30    20007d30    00000200   00000000    rw- .stack
  20007f30    20007f30    00000090   00000000    rw- .data
  20007fc0    20007fc0    00000008   00000000    rw- .sysmem


SECTION ALLOCATION MAP

 output                                  attributes/
section   page    origin      length       input sections
--------  ----  ----------  ----------   ----------------
.intvecs   0    00000000    0000026c     
                  00000000    0000026c     startup_ccs.obj (.intvecs)

.text      0    00000270    00003d14     
                  00000270    00000b04     NRF24.obj (.text)
                  00000d74    00000004     rtsv7M4_T_le_v4SPD16_eabi.lib : pre_init.obj (.text)
                  00000d78    0000079e     main.obj (.text)
                  00001516    00000002     --HOLE-- [fill = 0]
                  00001518    0000072a     Oled.obj (.text)
                  00001c42    00000006     rtsv7M4_T_le_v4SPD16_eabi.lib : copy_decompress_rle.obj (.text:decompress:rle24)
                  00001c48    000006a4     Periferal_Init.obj (.text)
                  000022ec    00000004     --HOLE-- [fill = 0]
                  000022f0    0000054c     UART.obj (.text)
                  0000283c    00000004     --HOLE-- [fill = 0]
                  00002840    00000444     system_LM4F.obj (.text)
                  00002c84    0000023c     rtsv7M4_T_le_v4SPD16_eabi.lib : strtod.obj (.text)
                  00002ec0    00000230     MAX30100.obj (.text)
                  000030f0    000001e4     I2C.obj (.text)
                  000032d4    00000004     --HOLE-- [fill = 0]
                  000032d8    000001d0     Filters.obj (.text)
                  000034a8    000001b6     rtsv7M4_T_le_v4SPD16_eabi.lib : fd_add_t2.obj (.text)
                  0000365e    00000002     --HOLE-- [fill = 0]
                  00003660    0000016e     SPI.obj (.text)
                  000037ce    00000136     rtsv7M4_T_le_v4SPD16_eabi.lib : fd_div_t2.obj (.text)
                  00003904    000000fc                                   : fd_mul_t2.obj (.text)
                  00003a00    0000009c                                   : memcpy_t2.obj (.text)
                  00003a9c    00000086                                   : fd_cmp_t2.obj (.text:__aeabi_cdcmple)
                  00003b22    0000007a                                   : memset_t2.obj (.text)
                  00003b9c    0000006c                                   : autoinit.obj (.text)
                  00003c08    0000006a                                   : copy_decompress_rle.obj (.text)
                  00003c72    00000002     --HOLE-- [fill = 0]
                  00003c74    00000050                                   : boot.obj (.text)
                  00003cc4    0000004c                                   : atoi.obj (.text)
                  00003d10    0000004c                                   : cpy_tbl.obj (.text)
                  00003d5c    0000004a                                   : fd_tos_t2.obj (.text)
                  00003da6    00000048                                   : fd_toi_t2.obj (.text)
                  00003dee    00000002     --HOLE-- [fill = 0]
                  00003df0    00000044                                   : exit.obj (.text)
                  00003e34    00000044                                   : fd_tou_t2.obj (.text)
                  00003e78    00000038                                   : fs_tod_t2.obj (.text)
                  00003eb0    00000030                                   : strncpy.obj (.text)
                  00003ee0    0000002e                                   : i_tofd_t2.obj (.text)
                  00003f0e    00000002     --HOLE-- [fill = 0]
                  00003f10    0000001a     startup_ccs.obj (.text)
                  00003f2a    00000002     --HOLE-- [fill = 0]
                  00003f2c    00000018     rtsv7M4_T_le_v4SPD16_eabi.lib : args_main.obj (.text)
                  00003f44    00000014                                   : _lock.obj (.text)
                  00003f58    00000012                                   : atof.obj (.text)
                  00003f6a    0000000e                                   : copy_decompress_none.obj (.text:decompress:none)
                  00003f78    0000000c                                   : copy_zero_init.obj (.text:decompress:ZI)

.const     0    00003f88    0000038a     
                  00003f88    000001e0     Oled.obj (.const:ASCII)
                  00004168    00000101     rtsv7M4_T_le_v4SPD16_eabi.lib : ctype.obj (.const:.string:_ctypes_)
                  00004269    00000004     NRF24.obj (.const)
                  0000426d    00000003     --HOLE-- [fill = 0]
                  00004270    00000098     rtsv7M4_T_le_v4SPD16_eabi.lib : strtod.obj (.const)
                  00004308    0000000a     main.obj (.const:.string)

.cinit     0    00004318    00000078     
                  00004318    00000053     (.cinit..data.load) [load image, compression = rle]
                  0000436b    00000001     --HOLE-- [fill = 0]
                  0000436c    0000000c     (__TI_handler_table)
                  00004378    00000008     (.cinit..bss.load) [load image, compression = zero_init]
                  00004380    00000010     (__TI_cinit_table)

.init_array 
*          0    00000000    00000000     UNINITIALIZED

.bss       0    20000000    00007d2d     UNINITIALIZED
                  20000000    00003e80     Filters.obj (.bss:Filt_data)
                  20003e80    00001f40     MAX30100.obj (.bss:IR_FIFO_DATA)
                  20005dc0    00001f40     MAX30100.obj (.bss:RED_FIFO_DATA)
                  20007d00    00000014     (.common:RegisteredDevices)
                  20007d14    00000010     (.common:str)
                  20007d24    00000004     (.common:ADCvalue)
                  20007d28    00000004     (.common:StatusReg)
                  20007d2c    00000001     (.common:DeviceCnt)

.TI.noinit 
*          0    20000000    00000000     UNINITIALIZED

.stack     0    20007d30    00000200     UNINITIALIZED
                  20007d30    00000200     --HOLE--

.data      0    20007f30    00000090     UNINITIALIZED
                  20007f30    00000037     NRF24.obj (.data)
                  20007f67    00000001     --HOLE--
                  20007f68    0000001c     main.obj (.data)
                  20007f84    00000018     MAX30100.obj (.data)
                  20007f9c    00000008     Filters.obj (.data)
                  20007fa4    00000008     rtsv7M4_T_le_v4SPD16_eabi.lib : _lock.obj (.data)
                  20007fac    00000008                                   : exit.obj (.data)
                  20007fb4    00000004                                   : errno.obj (.data)
                  20007fb8    00000004                                   : stkdepth_vars.obj (.data)
                  20007fbc    00000004     system_LM4F.obj (.data)

.TI.persistent 
*          0    20007f30    00000000     UNINITIALIZED

.sysmem    0    20007fc0    00000008     UNINITIALIZED
                  20007fc0    00000008     rtsv7M4_T_le_v4SPD16_eabi.lib : memory.obj (.sysmem)


LINKER GENERATED COPY TABLES

__TI_cinit_table @ 00004380 records: 2, size/record: 8, table size: 16
	.data: load addr=00004318, load size=00000053 bytes, run addr=20007f30, run size=00000090 bytes, compression=rle
	.bss: load addr=00004378, load size=00000008 bytes, run addr=20000000, run size=00007d2d bytes, compression=zero_init


LINKER GENERATED HANDLER TABLE

__TI_handler_table @ 0000436c records: 3, size/record: 4, table size: 12
	index: 0, handler: __TI_decompress_rle24
	index: 1, handler: __TI_decompress_none
	index: 2, handler: __TI_zero_init


GLOBAL SYMBOLS: SORTED ALPHABETICALLY BY Name 

address   name                    
-------   ----                    
20007f9c  ACC                     
00000de9  ADCSeq2_HANDLER         
00001ed1  ADC_initTimer3          
20007f74  ADCflag                 
20007d24  ADCvalue                
000032d9  Accumulator_Init_values 
00003df1  C$$EXIT                 
00001299  CheckInterrupts         
00001419  Check_MAX_Interrupts    
00000321  ConfigNRF24_Reg         
20007f30  DATA_PIPE0_ADDRESS      
20007f35  DATA_PIPE1_ADDRESS      
20007f3a  DATA_PIPE2_ADDRESS      
20007f3f  DATA_PIPE3_ADDRESS      
20007f44  DATA_PIPE4_ADDRESS      
20007f49  DATA_PIPE5_ADDRESS      
20007f4e  DATA_PIPEx_ADDRESS      
20007d2c  DeviceCnt               
00003439  EMA_Process             
20000000  Filt_data               
00000dc9  GPIO_PortB_Handler      
00000da9  GPIO_PortC_Handler      
00002201  GPIO_init               
000030f1  I2C_Init                
00003229  I2C_ReadByte            
000032c9  I2C_Stop                
00003169  I2C_writeByte           
20007f70  IRQflags_MAX            
20007f6c  IRQflags_NRF            
20003e80  IR_FIFO_DATA            
20007f84  IRsample_cnt            
00001c99  Interrupt_IRQ           
00002ec1  Max30100_Init           
20007fa0  NewValue                
00001901  Oled_Clear_Display      
00001c19  Oled_DisplayWhen_Init   
000019f9  Oled_Draw_Hline         
00001961  Oled_Draw_Pixel         
00001ab9  Oled_Draw_Vline         
000016b1  Oled_Init               
000018f1  Oled_TrunOff            
000018a1  Oled_Write_Char         
00001671  Oled_Write_Cmd          
00001691  Oled_Write_Data         
00001811  Oled_Write_String       
00001461  Oled_int2string         
00001ea9  PWM_Duty                
00001da9  PWM_Init                
00000731  Ping_TX                 
00000739  Process_Data            
20005dc0  RED_FIFO_DATA           
20007f86  REDsample_cnt           
20007f53  RX_PAYLOAD              
00002fd1  Read_MAX_DATAFIFO       
000002c9  Read_Reg                
00000601  Read_data               
20007d00  RegisteredDevices       
00003f11  ResetISR                
UNDEFED   SHT$$INIT_ARRAY$$Base   
UNDEFED   SHT$$INIT_ARRAY$$Limit  
00003661  SPI_Init                
00001519  SPI_Oled_Init           
00001611  SPI_Oled_transfer       
00003769  SPI_transfer            
000009c9  Send_COM_PIPE           
00000ce9  Send_Error_Code         
000030c1  StartSampling           
20007d28  StatusReg               
000030d9  StopSampling            
20007fbc  SystemCoreClock         
00002a29  SystemCoreClockUpdate   
00002b69  SystemInit              
20007f68  T0flags                 
00000e21  TIMER0A_HANDLER         
00000e51  TIMER2A_HANDLER         
20007f5d  TX_PAYLOAD              
00002101  TimerEdgeCounter_init   
00002081  Timer_Init              
000022f1  UART_Init               
00000271  Write_Reg               
00000659  Write_data              
00000a89  Write_data_To_data_pipeX
20007fb4  _Errno                  
20007f30  __STACK_END             
00000200  __STACK_SIZE            
20007f30  __STACK_TOP             
00000008  __SYSMEM_SIZE           
00004380  __TI_CINIT_Base         
00004390  __TI_CINIT_Limit        
0000436c  __TI_Handler_Table_Base 
00004378  __TI_Handler_Table_Limit
00003b9d  __TI_auto_init          
20007fac  __TI_cleanup_ptr        
00003f6b  __TI_decompress_none    
00001c43  __TI_decompress_rle24   
20007fb0  __TI_dtors_ptr          
00000000  __TI_static_base__      
00003f79  __TI_zero_init          
00003a9d  __aeabi_cdcmpeq         
00003a9d  __aeabi_cdcmple         
00003d5d  __aeabi_d2f             
00003da7  __aeabi_d2iz            
00003e35  __aeabi_d2uiz           
000034b3  __aeabi_dadd            
000037cf  __aeabi_ddiv            
00003905  __aeabi_dmul            
000034a9  __aeabi_dsub            
00003e79  __aeabi_f2d             
00003ee1  __aeabi_i2d             
00003b23  __aeabi_memclr          
00003b23  __aeabi_memclr4         
00003b23  __aeabi_memclr8         
00003a01  __aeabi_memcpy          
00003a01  __aeabi_memcpy4         
00003a01  __aeabi_memcpy8         
00003b25  __aeabi_memset          
00003b25  __aeabi_memset4         
00003b25  __aeabi_memset8         
ffffffff  __binit__               
ffffffff  __c_args__              
20007d30  __stack                 
00003f2d  _args_main              
00003c75  _c_int00                
00004168  _ctypes_                
20007fa4  _lock                   
00003f53  _nop                    
00003f4b  _register_lock          
00003f45  _register_unlock        
20007fc0  _sys_memory             
00000d75  _system_pre_init        
20007fa8  _unlock                 
00003df5  abort                   
00003f59  atof                    
00003cc5  atoi                    
ffffffff  binit                   
20007f88  configValues            
20007f94  configresvalue          
00003d11  copy_in                 
00003dfd  exit                    
000005d1  flush_RX                
000005a1  flush_TX                
00000000  g_pfnVectors            
00000a51  get_pipe_from_STATUS    
00000e69  main                    
20007fb8  main_func_sp            
00003a01  memcpy                  
00003b2b  memset                  
00004269  node                    
000023a9  printChar               
00002539  printDouble             
000024e9  print_String            
000023e1  print_uint              
00002739  process_REGISTER_command
00002659  process_command         
00002389  readChar                
00002591  readStr                 
20007f80  rps                     
000032a9  setSlaveAddress         
20007d14  str                     
00003eb1  strncpy                 
00002c85  strtod                  
20007f7c  val                     
20007f78  voltage                 


GLOBAL SYMBOLS: SORTED BY Symbol Address 

address   name                    
-------   ----                    
00000000  __TI_static_base__      
00000000  g_pfnVectors            
00000008  __SYSMEM_SIZE           
00000200  __STACK_SIZE            
00000271  Write_Reg               
000002c9  Read_Reg                
00000321  ConfigNRF24_Reg         
000005a1  flush_TX                
000005d1  flush_RX                
00000601  Read_data               
00000659  Write_data              
00000731  Ping_TX                 
00000739  Process_Data            
000009c9  Send_COM_PIPE           
00000a51  get_pipe_from_STATUS    
00000a89  Write_data_To_data_pipeX
00000ce9  Send_Error_Code         
00000d75  _system_pre_init        
00000da9  GPIO_PortC_Handler      
00000dc9  GPIO_PortB_Handler      
00000de9  ADCSeq2_HANDLER         
00000e21  TIMER0A_HANDLER         
00000e51  TIMER2A_HANDLER         
00000e69  main                    
00001299  CheckInterrupts         
00001419  Check_MAX_Interrupts    
00001461  Oled_int2string         
00001519  SPI_Oled_Init           
00001611  SPI_Oled_transfer       
00001671  Oled_Write_Cmd          
00001691  Oled_Write_Data         
000016b1  Oled_Init               
00001811  Oled_Write_String       
000018a1  Oled_Write_Char         
000018f1  Oled_TrunOff            
00001901  Oled_Clear_Display      
00001961  Oled_Draw_Pixel         
000019f9  Oled_Draw_Hline         
00001ab9  Oled_Draw_Vline         
00001c19  Oled_DisplayWhen_Init   
00001c43  __TI_decompress_rle24   
00001c99  Interrupt_IRQ           
00001da9  PWM_Init                
00001ea9  PWM_Duty                
00001ed1  ADC_initTimer3          
00002081  Timer_Init              
00002101  TimerEdgeCounter_init   
00002201  GPIO_init               
000022f1  UART_Init               
00002389  readChar                
000023a9  printChar               
000023e1  print_uint              
000024e9  print_String            
00002539  printDouble             
00002591  readStr                 
00002659  process_command         
00002739  process_REGISTER_command
00002a29  SystemCoreClockUpdate   
00002b69  SystemInit              
00002c85  strtod                  
00002ec1  Max30100_Init           
00002fd1  Read_MAX_DATAFIFO       
000030c1  StartSampling           
000030d9  StopSampling            
000030f1  I2C_Init                
00003169  I2C_writeByte           
00003229  I2C_ReadByte            
000032a9  setSlaveAddress         
000032c9  I2C_Stop                
000032d9  Accumulator_Init_values 
00003439  EMA_Process             
000034a9  __aeabi_dsub            
000034b3  __aeabi_dadd            
00003661  SPI_Init                
00003769  SPI_transfer            
000037cf  __aeabi_ddiv            
00003905  __aeabi_dmul            
00003a01  __aeabi_memcpy          
00003a01  __aeabi_memcpy4         
00003a01  __aeabi_memcpy8         
00003a01  memcpy                  
00003a9d  __aeabi_cdcmpeq         
00003a9d  __aeabi_cdcmple         
00003b23  __aeabi_memclr          
00003b23  __aeabi_memclr4         
00003b23  __aeabi_memclr8         
00003b25  __aeabi_memset          
00003b25  __aeabi_memset4         
00003b25  __aeabi_memset8         
00003b2b  memset                  
00003b9d  __TI_auto_init          
00003c75  _c_int00                
00003cc5  atoi                    
00003d11  copy_in                 
00003d5d  __aeabi_d2f             
00003da7  __aeabi_d2iz            
00003df1  C$$EXIT                 
00003df5  abort                   
00003dfd  exit                    
00003e35  __aeabi_d2uiz           
00003e79  __aeabi_f2d             
00003eb1  strncpy                 
00003ee1  __aeabi_i2d             
00003f11  ResetISR                
00003f2d  _args_main              
00003f45  _register_unlock        
00003f4b  _register_lock          
00003f53  _nop                    
00003f59  atof                    
00003f6b  __TI_decompress_none    
00003f79  __TI_zero_init          
00004168  _ctypes_                
00004269  node                    
0000436c  __TI_Handler_Table_Base 
00004378  __TI_Handler_Table_Limit
00004380  __TI_CINIT_Base         
00004390  __TI_CINIT_Limit        
20000000  Filt_data               
20003e80  IR_FIFO_DATA            
20005dc0  RED_FIFO_DATA           
20007d00  RegisteredDevices       
20007d14  str                     
20007d24  ADCvalue                
20007d28  StatusReg               
20007d2c  DeviceCnt               
20007d30  __stack                 
20007f30  DATA_PIPE0_ADDRESS      
20007f30  __STACK_END             
20007f30  __STACK_TOP             
20007f35  DATA_PIPE1_ADDRESS      
20007f3a  DATA_PIPE2_ADDRESS      
20007f3f  DATA_PIPE3_ADDRESS      
20007f44  DATA_PIPE4_ADDRESS      
20007f49  DATA_PIPE5_ADDRESS      
20007f4e  DATA_PIPEx_ADDRESS      
20007f53  RX_PAYLOAD              
20007f5d  TX_PAYLOAD              
20007f68  T0flags                 
20007f6c  IRQflags_NRF            
20007f70  IRQflags_MAX            
20007f74  ADCflag                 
20007f78  voltage                 
20007f7c  val                     
20007f80  rps                     
20007f84  IRsample_cnt            
20007f86  REDsample_cnt           
20007f88  configValues            
20007f94  configresvalue          
20007f9c  ACC                     
20007fa0  NewValue                
20007fa4  _lock                   
20007fa8  _unlock                 
20007fac  __TI_cleanup_ptr        
20007fb0  __TI_dtors_ptr          
20007fb4  _Errno                  
20007fb8  main_func_sp            
20007fbc  SystemCoreClock         
20007fc0  _sys_memory             
ffffffff  __binit__               
ffffffff  __c_args__              
ffffffff  binit                   
UNDEFED   SHT$$INIT_ARRAY$$Base   
UNDEFED   SHT$$INIT_ARRAY$$Limit  

[163 symbols]
