******************************************************************************
                  TI ARM Linker PC v5.2.2                      
******************************************************************************
>> Linked Fri Mar 04 15:10:33 2016

OUTPUT FILE NAME:   <GIT_UART_OXIMETER_filter.out>
ENTRY POINT SYMBOL: "_c_int00"  address: 00005775


MEMORY CONFIGURATION

         name            origin    length      used     unused   attr    fill
----------------------  --------  ---------  --------  --------  ----  --------
  FLASH                 00000000   00040000  00006660  000399a0  R  X
  SRAM                  20000000   00008000  00003332  00004cce  RW X


SEGMENT ALLOCATION MAP

run origin  load origin   length   init length attrs members
----------  ----------- ---------- ----------- ----- -------
00000000    00000000    00006668   00006668    r-x
  00000000    00000000    0000026c   0000026c    r-- .intvecs
  00000270    00000270    00005814   00005814    r-x .text
  00005a88    00005a88    000003f8   000003f8    r-- .const
  00005e80    00005e80    000007e8   000007e8    r-- .cinit
20000000    20000000    00003338   00000000    rw-
  20000000    20000000    00002922   00000000    rw- .bss
  20002924    20002924    00000808   00000000    rw- .data
  2000312c    2000312c    00000200   00000000    rw- .stack
  20003330    20003330    00000008   00000000    rw- .sysmem


SECTION ALLOCATION MAP

 output                                  attributes/
section   page    origin      length       input sections
--------  ----  ----------  ----------   ----------------
.intvecs   0    00000000    0000026c     
                  00000000    0000026c     startup_ccs.obj (.intvecs)

.text      0    00000270    00005814     
                  00000270    00000b58     UART.obj (.text)
                  00000dc8    00000b04     NRF24.obj (.text)
                  000018cc    00000004     rtsv7M4_T_le_v4SPD16_eabi.lib : pre_init.obj (.text)
                  000018d0    00000ab8     MAX30100.obj (.text)
                  00002388    0000083e     Oled.obj (.text)
                  00002bc6    00000002     --HOLE-- [fill = 0]
                  00002bc8    000006a4     Periferal_Init.obj (.text)
                  0000326c    00000004     --HOLE-- [fill = 0]
                  00003270    00000658     main.obj (.text)
                  000038c8    00000444     system_LM4F.obj (.text)
                  00003d0c    000003dc     rtsv7M4_T_le_v4SPD16_eabi.lib : memory.obj (.text)
                  000040e8    00000256     FIFO.obj (.text)
                  0000433e    00000002     --HOLE-- [fill = 0]
                  00004340    0000023c     rtsv7M4_T_le_v4SPD16_eabi.lib : strtod.obj (.text)
                  0000457c    00000004     --HOLE-- [fill = 0]
                  00004580    000001fe     DC2notch_filter.obj (.text)
                  0000477e    00000002     --HOLE-- [fill = 0]
                  00004780    000001fe     DCnotch_filter.obj (.text)
                  0000497e    00000002     --HOLE-- [fill = 0]
                  00004980    000001e4     I2C.obj (.text)
                  00004b64    000001b6     rtsv7M4_T_le_v4SPD16_eabi.lib : fd_add_t2.obj (.text)
                  00004d1a    00000006                                   : copy_decompress_rle.obj (.text:decompress:rle24)
                  00004d20    0000017e     DC_blockFIR_filter.obj (.text)
                  00004e9e    00000002     --HOLE-- [fill = 0]
                  00004ea0    0000017e     FIR_LP_filter.obj (.text)
                  0000501e    00000002     --HOLE-- [fill = 0]
                  00005020    0000016e     SPI.obj (.text)
                  0000518e    00000002     --HOLE-- [fill = 0]
                  00005190    0000013c     MA_filter.obj (.text)
                  000052cc    00000136     rtsv7M4_T_le_v4SPD16_eabi.lib : fd_div_t2.obj (.text)
                  00005402    000000fc                                   : fd_mul_t2.obj (.text)
                  000054fe    0000009c                                   : memcpy_t2.obj (.text)
                  0000559a    00000086                                   : fd_cmp_t2.obj (.text:__aeabi_cdcmple)
                  00005620    0000007a                                   : memset_t2.obj (.text)
                  0000569a    00000002     --HOLE-- [fill = 0]
                  0000569c    0000006c                                   : autoinit.obj (.text)
                  00005708    0000006a                                   : copy_decompress_rle.obj (.text)
                  00005772    00000002     --HOLE-- [fill = 0]
                  00005774    00000050                                   : boot.obj (.text)
                  000057c4    0000004c                                   : atoi.obj (.text)
                  00005810    0000004c                                   : cpy_tbl.obj (.text)
                  0000585c    0000004a                                   : fd_tos_t2.obj (.text)
                  000058a6    00000048                                   : fd_toi_t2.obj (.text)
                  000058ee    00000002     --HOLE-- [fill = 0]
                  000058f0    00000044                                   : exit.obj (.text)
                  00005934    00000044                                   : fd_tou_t2.obj (.text)
                  00005978    00000038                                   : fs_tod_t2.obj (.text)
                  000059b0    00000030                                   : strncpy.obj (.text)
                  000059e0    0000002e                                   : i_tofd_t2.obj (.text)
                  00005a0e    00000002     --HOLE-- [fill = 0]
                  00005a10    0000001a     startup_ccs.obj (.text)
                  00005a2a    00000002     --HOLE-- [fill = 0]
                  00005a2c    00000018     rtsv7M4_T_le_v4SPD16_eabi.lib : args_main.obj (.text)
                  00005a44    00000014                                   : _lock.obj (.text)
                  00005a58    00000012                                   : atof.obj (.text)
                  00005a6a    0000000e                                   : copy_decompress_none.obj (.text:decompress:none)
                  00005a78    0000000c                                   : copy_zero_init.obj (.text:decompress:ZI)

.const     0    00005a88    000003f8     
                  00005a88    00000240     Oled.obj (.const:ASCII)
                  00005cc8    00000101     rtsv7M4_T_le_v4SPD16_eabi.lib : ctype.obj (.const:.string:_ctypes_)
                  00005dc9    00000003     --HOLE-- [fill = 0]
                  00005dcc    00000004     DC_blockFIR_filter.obj (.const)
                  00005dd0    00000098     rtsv7M4_T_le_v4SPD16_eabi.lib : strtod.obj (.const)
                  00005e68    0000000a     Oled.obj (.const:.string)
                  00005e72    00000002     --HOLE-- [fill = 0]
                  00005e74    00000004     FIR_LP_filter.obj (.const)
                  00005e78    00000004     MA_filter.obj (.const)
                  00005e7c    00000004     NRF24.obj (.const)

.cinit     0    00005e80    000007e8     
                  00005e80    000007c2     (.cinit..data.load) [load image, compression = rle]
                  00006642    00000002     --HOLE-- [fill = 0]
                  00006644    0000000c     (__TI_handler_table)
                  00006650    00000008     (.cinit..bss.load) [load image, compression = zero_init]
                  00006658    00000010     (__TI_cinit_table)

.init_array 
*          0    00000000    00000000     UNINITIALIZED

.bss       0    20000000    00002922     UNINITIALIZED
                  20000000    00000c50     main.obj (.bss:DC_blockFIR_filter)
                  20000c50    00000c50     main.obj (.bss:DC_block_RED_FIR_filter)
                  200018a0    000004b0     MAX30100.obj (.bss:Filt_IRdata)
                  20001d50    000004b0     MAX30100.obj (.bss:Filt_REDdata)
                  20002200    00000230     main.obj (.bss:FIR_LP_filter)
                  20002430    00000230     main.obj (.bss:FIR_RED_LP_filter)
                  20002660    000000c8     MAX30100.obj (.bss:Peaks_index)
                  20002728    00000064     MAX30100.obj (.bss:HRstore)
                  2000278c    00000064     MAX30100.obj (.bss:SPO2store)
                  200027f0    0000005c     main.obj (.bss:fir)
                  2000284c    00000028     MAX30100.obj (.bss:HR)
                  20002874    00000014     (.common:DC2notch_filter)
                  20002888    00000014     (.common:DCnotch_filter)
                  2000289c    00000014     (.common:RegisteredDevices)
                  200028b0    00000010     (.common:str)
                  200028c0    0000000c     (.common:Fifo)
                  200028cc    00000004     (.common:ADCvalue)
                  200028d0    00000004     (.common:BackPt)
                  200028d4    00000004     (.common:DC_RED_acumulator)
                  200028d8    00000004     (.common:DC_RED_notch_Data)
                  200028dc    00000004     (.common:DCacumulator)
                  200028e0    00000004     (.common:DCnotch_Data)
                  200028e4    00000004     (.common:FrontPt)
                  200028e8    00000004     (.common:GetPt)
                  200028ec    00000004     (.common:HRavg)
                  200028f0    00000004     (.common:IR_DC)
                  200028f4    00000004     (.common:IR_FIFO_DATA)
                  200028f8    00000004     (.common:IRrms)
                  200028fc    00000004     (.common:MidPt)
                  20002900    00000004     (.common:PutPt)
                  20002904    00000004     (.common:RED_DC)
                  20002908    00000004     (.common:RED_FIFO_DATA)
                  2000290c    00000004     (.common:REDrms)
                  20002910    00000004     (.common:RMS_RED_acumulator)
                  20002914    00000004     (.common:RMSacumulator)
                  20002918    00000004     (.common:SPO2)
                  2000291c    00000004     (.common:StatusReg)
                  20002920    00000001     (.common:DeviceCnt)
                  20002921    00000001     (.common:Nofpeacks)

.TI.noinit 
*          0    20000000    00000000     UNINITIALIZED

.data      0    20002924    00000808     UNINITIALIZED
                  20002924    00000624     DC_blockFIR_filter.obj (.data:DC_blockFIR_filter_coefficients)
                  20002f48    00000114     FIR_LP_filter.obj (.data:FIR_LP_filter_coefficients)
                  2000305c    00000037     NRF24.obj (.data)
                  20003093    00000001     --HOLE--
                  20003094    0000002a     MAX30100.obj (.data)
                  200030be    00000002     --HOLE--
                  200030c0    0000001c     main.obj (.data)
                  200030dc    00000014     DC2notch_filter.obj (.data)
                  200030f0    00000014     DCnotch_filter.obj (.data)
                  20003104    0000000c     rtsv7M4_T_le_v4SPD16_eabi.lib : memory.obj (.data)
                  20003110    00000008                                   : _lock.obj (.data)
                  20003118    00000008                                   : exit.obj (.data)
                  20003120    00000004                                   : errno.obj (.data)
                  20003124    00000004                                   : stkdepth_vars.obj (.data)
                  20003128    00000004     system_LM4F.obj (.data)

.TI.persistent 
*          0    20002924    00000000     UNINITIALIZED

.stack     0    2000312c    00000200     UNINITIALIZED
                  2000312c    00000200     --HOLE--

.sysmem    0    20003330    00000008     UNINITIALIZED
                  20003330    00000008     rtsv7M4_T_le_v4SPD16_eabi.lib : memory.obj (.sysmem)


LINKER GENERATED COPY TABLES

__TI_cinit_table @ 00006658 records: 2, size/record: 8, table size: 16
	.data: load addr=00005e80, load size=000007c2 bytes, run addr=20002924, run size=00000808 bytes, compression=rle
	.bss: load addr=00006650, load size=00000008 bytes, run addr=20000000, run size=00002922 bytes, compression=zero_init


LINKER GENERATED HANDLER TABLE

__TI_handler_table @ 00006644 records: 3, size/record: 4, table size: 12
	index: 0, handler: __TI_decompress_rle24
	index: 1, handler: __TI_decompress_none
	index: 2, handler: __TI_zero_init


GLOBAL SYMBOLS: SORTED ALPHABETICALLY BY Name 

address   name                           
-------   ----                           
000032e1  ADCSeq2_HANDLER                
00002e51  ADC_initTimer3                 
200030cc  ADCflag                        
200028cc  ADCvalue                       
200028d0  BackPt                         
000058f1  C$$EXIT                        
00003701  CheckInterrupts                
00003881  Check_MAX_Interrupts           
00000e79  ConfigNRF24_Reg                
2000305c  DATA_PIPE0_ADDRESS             
20003061  DATA_PIPE1_ADDRESS             
20003066  DATA_PIPE2_ADDRESS             
2000306b  DATA_PIPE3_ADDRESS             
20003070  DATA_PIPE4_ADDRESS             
20003075  DATA_PIPE5_ADDRESS             
2000307a  DATA_PIPEx_ADDRESS             
20002874  DC2notch_filter                
200030dc  DC2notch_filter_coefficients   
00004581  DC2notch_filter_create         
00004599  DC2notch_filter_destroy        
00004621  DC2notch_filter_filterBiquad   
000045d9  DC2notch_filter_filterBlock    
000045a9  DC2notch_filter_init           
000045b9  DC2notch_filter_reset          
200028d4  DC_RED_acumulator              
200028d8  DC_RED_notch_Data              
20000000  DC_blockFIR_filter             
20002924  DC_blockFIR_filter_coefficients
00004d21  DC_blockFIR_filter_create      
00004d39  DC_blockFIR_filter_destroy     
00004e41  DC_blockFIR_filter_dotProduct  
00004d81  DC_blockFIR_filter_filterBlock 
00004d49  DC_blockFIR_filter_init        
00004d59  DC_blockFIR_filter_reset       
20000c50  DC_block_RED_FIR_filter        
200028dc  DCacumulator                   
200028e0  DCnotch_Data                   
20002888  DCnotch_filter                 
200030f0  DCnotch_filter_coefficients    
00004781  DCnotch_filter_create          
00004799  DCnotch_filter_destroy         
00004821  DCnotch_filter_filterBiquad    
000047d9  DCnotch_filter_filterBlock     
000047a9  DCnotch_filter_init            
000047b9  DCnotch_filter_reset           
20002920  DeviceCnt                      
20003098  Discardsample_cnt              
20002200  FIR_LP_filter                  
20002f48  FIR_LP_filter_coefficients     
00004ea1  FIR_LP_filter_create           
00004eb9  FIR_LP_filter_destroy          
00004fc1  FIR_LP_filter_dotProduct       
00004f01  FIR_LP_filter_filterBlock      
00004ec9  FIR_LP_filter_init             
00004ed9  FIR_LP_filter_reset            
20002430  FIR_RED_LP_filter              
200028c0  Fifo                           
000041a1  Fifo_Get                       
000040e9  Fifo_Init                      
00004139  Fifo_Put                       
00004219  Fifo_Size                      
00004279  Fifo_Write                     
200018a0  Filt_IRdata                    
20001d50  Filt_REDdata                   
200028e4  FrontPt                        
000032c1  GPIO_PortB_Handler             
000032a1  GPIO_PortC_Handler             
00003181  GPIO_init                      
000022e1  GetPeak_fromFIFO               
200028e8  GetPt                          
00002161  Get_HRate                      
00002279  Get_SPO2                       
2000284c  HR                             
200028ec  HRavg                          
20002728  HRstore                        
00004981  I2C_Init                       
00004ab9  I2C_ReadByte                   
00004b59  I2C_Stop                       
000049f9  I2C_writeByte                  
200030c8  IRQflags_MAX                   
200030c4  IRQflags_NRF                   
200028f0  IR_DC                          
200028f4  IR_FIFO_DATA                   
200028f8  IRrms                          
20003094  IRsample_cnt                   
00002c19  Interrupt_IRQ                  
00005191  MA_filter_create               
000051a9  MA_filter_destroy              
000051f9  MA_filter_filterBlock          
000051b9  MA_filter_init                 
000051c9  MA_filter_reset                
000018d1  Max30100_Init                  
200028fc  MidPt                          
20002921  Nofpeacks                      
00002771  Oled_Clear_Display             
00002a89  Oled_DisplayWhen_Init          
00002869  Oled_Draw_Hline                
000027d1  Oled_Draw_Pixel                
00002929  Oled_Draw_Vline                
00002521  Oled_Init                      
00002761  Oled_TrunOff                   
00002711  Oled_Write_Char                
000024e1  Oled_Write_Cmd                 
00002501  Oled_Write_Data                
00002681  Oled_Write_String              
00002ab9  Oled_int2string                
00002e29  PWM_Duty                       
00002d29  PWM_Init                       
20002660  Peaks_index                    
00001289  Ping_TX                        
000006a1  Printfloat                     
00001291  Process_Data                   
20002900  PutPt                          
20002904  RED_DC                         
20002908  RED_FIFO_DATA                  
2000290c  REDrms                         
20003096  REDsample_cnt                  
20002910  RMS_RED_acumulator             
20002914  RMSacumulator                  
2000307f  RX_PAYLOAD                     
00001969  Read_MAX_DATAFIFO              
00000e21  Read_Reg                       
00001159  Read_data                      
2000289c  RegisteredDevices              
00005a11  ResetISR                       
UNDEFED   SHT$$INIT_ARRAY$$Base          
UNDEFED   SHT$$INIT_ARRAY$$Limit         
00005021  SPI_Init                       
00002389  SPI_Oled_Init                  
00002481  SPI_Oled_transfer              
00005129  SPI_transfer                   
20002918  SPO2                           
2000278c  SPO2store                      
00001521  Send_COM_PIPE                  
00001841  Send_Error_Code                
00002069  StartSampling                  
2000291c  StatusReg                      
00002089  StopSampling                   
20003128  SystemCoreClock                
00003ab1  SystemCoreClockUpdate          
00003bf1  SystemInit                     
200030c0  T0flags                        
00003319  TIMER0A_HANDLER                
00003349  TIMER2A_HANDLER                
20003089  TX_PAYLOAD                     
00003081  TimerEdgeCounter_init          
00003001  Timer_Init                     
000002a1  UART_Init                      
00000dc9  Write_Reg                      
000011b1  Write_data                     
000015e1  Write_data_To_data_pipeX       
20003120  _Errno                         
2000332c  __STACK_END                    
00000200  __STACK_SIZE                   
2000332c  __STACK_TOP                    
00000008  __SYSMEM_SIZE                  
00006658  __TI_CINIT_Base                
00006668  __TI_CINIT_Limit               
00006644  __TI_Handler_Table_Base        
00006650  __TI_Handler_Table_Limit       
0000569d  __TI_auto_init                 
20003118  __TI_cleanup_ptr               
00005a6b  __TI_decompress_none           
00004d1b  __TI_decompress_rle24          
2000311c  __TI_dtors_ptr                 
00000000  __TI_static_base__             
00005a79  __TI_zero_init                 
0000559b  __aeabi_cdcmpeq                
0000559b  __aeabi_cdcmple                
0000585d  __aeabi_d2f                    
000058a7  __aeabi_d2iz                   
00005935  __aeabi_d2uiz                  
00004b6f  __aeabi_dadd                   
000052cd  __aeabi_ddiv                   
00005403  __aeabi_dmul                   
00004b65  __aeabi_dsub                   
00005979  __aeabi_f2d                    
000059e1  __aeabi_i2d                    
00005621  __aeabi_memclr                 
00005621  __aeabi_memclr4                
00005621  __aeabi_memclr8                
000054ff  __aeabi_memcpy                 
000054ff  __aeabi_memcpy4                
000054ff  __aeabi_memcpy8                
00005623  __aeabi_memset                 
00005623  __aeabi_memset4                
00005623  __aeabi_memset8                
ffffffff  __binit__                      
ffffffff  __c_args__                     
2000312c  __stack                        
00005a2d  _args_main                     
00005775  _c_int00                       
00005cc8  _ctypes_                       
20003110  _lock                          
00005a53  _nop                           
00005a4b  _register_lock                 
00005a45  _register_unlock               
20003330  _sys_memory                    
000018cd  _system_pre_init               
20003114  _unlock                        
000058f5  abort                          
00005a59  atof                           
000057c5  atoi                           
ffffffff  binit                          
000040b5  calloc                         
200030a0  configValues                   
200030ac  configresvalue                 
00005811  copy_in                        
000058fd  exit                           
200027f0  fir                            
00001129  flush_RX                       
000010f9  flush_TX                       
00003e03  free                           
00000000  g_pfnVectors                   
000020a1  getPeak                        
000015a9  get_pipe_from_STATUS           
2000309e  h                              
2000309c  j                              
00003361  main                           
20003124  main_func_sp                   
00003d9b  malloc                         
00003fd1  memalign                       
000054ff  memcpy                         
00005629  memset                         
00003d0d  minit                          
00005e7c  node                           
00000391  printChar                      
00000649  printDouble                    
000005f9  print_String                   
000004d1  print_int                      
000003c9  print_uint                     
00000b41  process_REGISTER_command       
00000971  process_command                
00000371  readChar                       
00000891  readStr                        
00003ec5  realloc                        
200030d8  rps                            
2000309a  samplcnt                       
200030ba  samplingOptions                
00004b39  setSlaveAddress                
200028b0  str                            
000059b1  strncpy                        
00004341  strtod                         
200030d4  val                            
200030d0  voltage                        


GLOBAL SYMBOLS: SORTED BY Symbol Address 

address   name                           
-------   ----                           
00000000  __TI_static_base__             
00000000  g_pfnVectors                   
00000008  __SYSMEM_SIZE                  
00000200  __STACK_SIZE                   
000002a1  UART_Init                      
00000371  readChar                       
00000391  printChar                      
000003c9  print_uint                     
000004d1  print_int                      
000005f9  print_String                   
00000649  printDouble                    
000006a1  Printfloat                     
00000891  readStr                        
00000971  process_command                
00000b41  process_REGISTER_command       
00000dc9  Write_Reg                      
00000e21  Read_Reg                       
00000e79  ConfigNRF24_Reg                
000010f9  flush_TX                       
00001129  flush_RX                       
00001159  Read_data                      
000011b1  Write_data                     
00001289  Ping_TX                        
00001291  Process_Data                   
00001521  Send_COM_PIPE                  
000015a9  get_pipe_from_STATUS           
000015e1  Write_data_To_data_pipeX       
00001841  Send_Error_Code                
000018cd  _system_pre_init               
000018d1  Max30100_Init                  
00001969  Read_MAX_DATAFIFO              
00002069  StartSampling                  
00002089  StopSampling                   
000020a1  getPeak                        
00002161  Get_HRate                      
00002279  Get_SPO2                       
000022e1  GetPeak_fromFIFO               
00002389  SPI_Oled_Init                  
00002481  SPI_Oled_transfer              
000024e1  Oled_Write_Cmd                 
00002501  Oled_Write_Data                
00002521  Oled_Init                      
00002681  Oled_Write_String              
00002711  Oled_Write_Char                
00002761  Oled_TrunOff                   
00002771  Oled_Clear_Display             
000027d1  Oled_Draw_Pixel                
00002869  Oled_Draw_Hline                
00002929  Oled_Draw_Vline                
00002a89  Oled_DisplayWhen_Init          
00002ab9  Oled_int2string                
00002c19  Interrupt_IRQ                  
00002d29  PWM_Init                       
00002e29  PWM_Duty                       
00002e51  ADC_initTimer3                 
00003001  Timer_Init                     
00003081  TimerEdgeCounter_init          
00003181  GPIO_init                      
000032a1  GPIO_PortC_Handler             
000032c1  GPIO_PortB_Handler             
000032e1  ADCSeq2_HANDLER                
00003319  TIMER0A_HANDLER                
00003349  TIMER2A_HANDLER                
00003361  main                           
00003701  CheckInterrupts                
00003881  Check_MAX_Interrupts           
00003ab1  SystemCoreClockUpdate          
00003bf1  SystemInit                     
00003d0d  minit                          
00003d9b  malloc                         
00003e03  free                           
00003ec5  realloc                        
00003fd1  memalign                       
000040b5  calloc                         
000040e9  Fifo_Init                      
00004139  Fifo_Put                       
000041a1  Fifo_Get                       
00004219  Fifo_Size                      
00004279  Fifo_Write                     
00004341  strtod                         
00004581  DC2notch_filter_create         
00004599  DC2notch_filter_destroy        
000045a9  DC2notch_filter_init           
000045b9  DC2notch_filter_reset          
000045d9  DC2notch_filter_filterBlock    
00004621  DC2notch_filter_filterBiquad   
00004781  DCnotch_filter_create          
00004799  DCnotch_filter_destroy         
000047a9  DCnotch_filter_init            
000047b9  DCnotch_filter_reset           
000047d9  DCnotch_filter_filterBlock     
00004821  DCnotch_filter_filterBiquad    
00004981  I2C_Init                       
000049f9  I2C_writeByte                  
00004ab9  I2C_ReadByte                   
00004b39  setSlaveAddress                
00004b59  I2C_Stop                       
00004b65  __aeabi_dsub                   
00004b6f  __aeabi_dadd                   
00004d1b  __TI_decompress_rle24          
00004d21  DC_blockFIR_filter_create      
00004d39  DC_blockFIR_filter_destroy     
00004d49  DC_blockFIR_filter_init        
00004d59  DC_blockFIR_filter_reset       
00004d81  DC_blockFIR_filter_filterBlock 
00004e41  DC_blockFIR_filter_dotProduct  
00004ea1  FIR_LP_filter_create           
00004eb9  FIR_LP_filter_destroy          
00004ec9  FIR_LP_filter_init             
00004ed9  FIR_LP_filter_reset            
00004f01  FIR_LP_filter_filterBlock      
00004fc1  FIR_LP_filter_dotProduct       
00005021  SPI_Init                       
00005129  SPI_transfer                   
00005191  MA_filter_create               
000051a9  MA_filter_destroy              
000051b9  MA_filter_init                 
000051c9  MA_filter_reset                
000051f9  MA_filter_filterBlock          
000052cd  __aeabi_ddiv                   
00005403  __aeabi_dmul                   
000054ff  __aeabi_memcpy                 
000054ff  __aeabi_memcpy4                
000054ff  __aeabi_memcpy8                
000054ff  memcpy                         
0000559b  __aeabi_cdcmpeq                
0000559b  __aeabi_cdcmple                
00005621  __aeabi_memclr                 
00005621  __aeabi_memclr4                
00005621  __aeabi_memclr8                
00005623  __aeabi_memset                 
00005623  __aeabi_memset4                
00005623  __aeabi_memset8                
00005629  memset                         
0000569d  __TI_auto_init                 
00005775  _c_int00                       
000057c5  atoi                           
00005811  copy_in                        
0000585d  __aeabi_d2f                    
000058a7  __aeabi_d2iz                   
000058f1  C$$EXIT                        
000058f5  abort                          
000058fd  exit                           
00005935  __aeabi_d2uiz                  
00005979  __aeabi_f2d                    
000059b1  strncpy                        
000059e1  __aeabi_i2d                    
00005a11  ResetISR                       
00005a2d  _args_main                     
00005a45  _register_unlock               
00005a4b  _register_lock                 
00005a53  _nop                           
00005a59  atof                           
00005a6b  __TI_decompress_none           
00005a79  __TI_zero_init                 
00005cc8  _ctypes_                       
00005e7c  node                           
00006644  __TI_Handler_Table_Base        
00006650  __TI_Handler_Table_Limit       
00006658  __TI_CINIT_Base                
00006668  __TI_CINIT_Limit               
20000000  DC_blockFIR_filter             
20000c50  DC_block_RED_FIR_filter        
200018a0  Filt_IRdata                    
20001d50  Filt_REDdata                   
20002200  FIR_LP_filter                  
20002430  FIR_RED_LP_filter              
20002660  Peaks_index                    
20002728  HRstore                        
2000278c  SPO2store                      
200027f0  fir                            
2000284c  HR                             
20002874  DC2notch_filter                
20002888  DCnotch_filter                 
2000289c  RegisteredDevices              
200028b0  str                            
200028c0  Fifo                           
200028cc  ADCvalue                       
200028d0  BackPt                         
200028d4  DC_RED_acumulator              
200028d8  DC_RED_notch_Data              
200028dc  DCacumulator                   
200028e0  DCnotch_Data                   
200028e4  FrontPt                        
200028e8  GetPt                          
200028ec  HRavg                          
200028f0  IR_DC                          
200028f4  IR_FIFO_DATA                   
200028f8  IRrms                          
200028fc  MidPt                          
20002900  PutPt                          
20002904  RED_DC                         
20002908  RED_FIFO_DATA                  
2000290c  REDrms                         
20002910  RMS_RED_acumulator             
20002914  RMSacumulator                  
20002918  SPO2                           
2000291c  StatusReg                      
20002920  DeviceCnt                      
20002921  Nofpeacks                      
20002924  DC_blockFIR_filter_coefficients
20002f48  FIR_LP_filter_coefficients     
2000305c  DATA_PIPE0_ADDRESS             
20003061  DATA_PIPE1_ADDRESS             
20003066  DATA_PIPE2_ADDRESS             
2000306b  DATA_PIPE3_ADDRESS             
20003070  DATA_PIPE4_ADDRESS             
20003075  DATA_PIPE5_ADDRESS             
2000307a  DATA_PIPEx_ADDRESS             
2000307f  RX_PAYLOAD                     
20003089  TX_PAYLOAD                     
20003094  IRsample_cnt                   
20003096  REDsample_cnt                  
20003098  Discardsample_cnt              
2000309a  samplcnt                       
2000309c  j                              
2000309e  h                              
200030a0  configValues                   
200030ac  configresvalue                 
200030ba  samplingOptions                
200030c0  T0flags                        
200030c4  IRQflags_NRF                   
200030c8  IRQflags_MAX                   
200030cc  ADCflag                        
200030d0  voltage                        
200030d4  val                            
200030d8  rps                            
200030dc  DC2notch_filter_coefficients   
200030f0  DCnotch_filter_coefficients    
20003110  _lock                          
20003114  _unlock                        
20003118  __TI_cleanup_ptr               
2000311c  __TI_dtors_ptr                 
20003120  _Errno                         
20003124  main_func_sp                   
20003128  SystemCoreClock                
2000312c  __stack                        
2000332c  __STACK_END                    
2000332c  __STACK_TOP                    
20003330  _sys_memory                    
ffffffff  __binit__                      
ffffffff  __c_args__                     
ffffffff  binit                          
UNDEFED   SHT$$INIT_ARRAY$$Base          
UNDEFED   SHT$$INIT_ARRAY$$Limit         

[245 symbols]
