******************************************************************************
                  TI ARM Linker PC v5.2.2                      
******************************************************************************
>> Linked Sun Oct 11 23:31:18 2015

OUTPUT FILE NAME:   <NRFnetwork_V2.out>
ENTRY POINT SYMBOL: "_c_int00"  address: 00002635


MEMORY CONFIGURATION

         name            origin    length      used     unused   attr    fill
----------------------  --------  ---------  --------  --------  ----  --------
  FLASH                 00000000   00040000  000029cc  0003d634  R  X
  SRAM                  20000000   00008000  00000291  00007d6f  RW X


SEGMENT ALLOCATION MAP

run origin  load origin   length   init length attrs members
----------  ----------- ---------- ----------- ----- -------
00000000    00000000    000029d0   000029d0    r-x
  00000000    00000000    0000026c   0000026c    r-- .intvecs
  00000270    00000270    0000250a   0000250a    r-x .text
  0000277a    0000277a    000001ee   000001ee    r-- .const
  00002968    00002968    00000068   00000068    r-- .cinit
20000000    20000000    00000298   00000000    rw-
  20000000    20000000    00000200   00000000    rw- .stack
  20000200    20000200    00000068   00000000    rw- .data
  20000268    20000268    00000021   00000000    rw- .bss
  20000290    20000290    00000008   00000000    rw- .sysmem


SECTION ALLOCATION MAP

 output                                  attributes/
section   page    origin      length       input sections
--------  ----  ----------  ----------   ----------------
.intvecs   0    00000000    0000026c     
                  00000000    0000026c     startup_ccs.obj (.intvecs)

.text      0    00000270    0000250a     
                  00000270    00000b04     NRF24.obj (.text)
                  00000d74    00000004     rtsv7M4_T_le_v4SPD16_eabi.lib : pre_init.obj (.text)
                  00000d78    0000072a     Oled.obj (.text)
                  000014a2    00000006     rtsv7M4_T_le_v4SPD16_eabi.lib : copy_decompress_rle.obj (.text:decompress:rle24)
                  000014a8    0000061c     Periferal_Init.obj (.text)
                  00001ac4    00000004     --HOLE-- [fill = 0]
                  00001ac8    00000444     system_LM4F.obj (.text)
                  00001f0c    00000004     --HOLE-- [fill = 0]
                  00001f10    000003c6     main.obj (.text)
                  000022d6    00000002     --HOLE-- [fill = 0]
                  000022d8    0000016e     SPI.obj (.text)
                  00002446    0000009c     rtsv7M4_T_le_v4SPD16_eabi.lib : memcpy_t2.obj (.text)
                  000024e2    0000007a                                   : memset_t2.obj (.text)
                  0000255c    0000006c                                   : autoinit.obj (.text)
                  000025c8    0000006a                                   : copy_decompress_rle.obj (.text)
                  00002632    00000002     --HOLE-- [fill = 0]
                  00002634    00000050                                   : boot.obj (.text)
                  00002684    0000004c                                   : cpy_tbl.obj (.text)
                  000026d0    00000044                                   : exit.obj (.text)
                  00002714    00000004     --HOLE-- [fill = 0]
                  00002718    0000001a     startup_ccs.obj (.text)
                  00002732    00000002     --HOLE-- [fill = 0]
                  00002734    00000018     rtsv7M4_T_le_v4SPD16_eabi.lib : args_main.obj (.text)
                  0000274c    00000014                                   : _lock.obj (.text)
                  00002760    0000000e                                   : copy_decompress_none.obj (.text:decompress:none)
                  0000276e    0000000c                                   : copy_zero_init.obj (.text:decompress:ZI)

.const     0    0000277a    000001ee     
                  0000277a    000001e0     Oled.obj (.const:ASCII)
                  0000295a    0000000a     main.obj (.const:.string)
                  00002964    00000004     NRF24.obj (.const)

.cinit     0    00002968    00000068     
                  00002968    0000003d     (.cinit..data.load) [load image, compression = rle]
                  000029a5    00000003     --HOLE-- [fill = 0]
                  000029a8    0000000c     (__TI_handler_table)
                  000029b4    00000004     --HOLE-- [fill = 0]
                  000029b8    00000008     (.cinit..bss.load) [load image, compression = zero_init]
                  000029c0    00000010     (__TI_cinit_table)

.init_array 
*          0    00000000    00000000     UNINITIALIZED

.stack     0    20000000    00000200     UNINITIALIZED
                  20000000    00000200     --HOLE--

.data      0    20000200    00000068     UNINITIALIZED
                  20000200    00000037     NRF24.obj (.data)
                  20000237    00000001     --HOLE--
                  20000238    00000018     main.obj (.data)
                  20000250    00000008     rtsv7M4_T_le_v4SPD16_eabi.lib : _lock.obj (.data)
                  20000258    00000008                                   : exit.obj (.data)
                  20000260    00000004                                   : stkdepth_vars.obj (.data)
                  20000264    00000004     system_LM4F.obj (.data)

.TI.persistent 
*          0    20000200    00000000     UNINITIALIZED

.bss       0    20000268    00000021     UNINITIALIZED
                  20000268    00000014     (.common:RegisteredDevices)
                  2000027c    00000004     (.common:ADCvalue)
                  20000280    00000004     (.common:StatusReg)
                  20000284    00000004     (.common:duty_cycle)
                  20000288    00000001     (.common:DeviceCnt)

.TI.noinit 
*          0    20000268    00000000     UNINITIALIZED

.sysmem    0    20000290    00000008     UNINITIALIZED
                  20000290    00000008     rtsv7M4_T_le_v4SPD16_eabi.lib : memory.obj (.sysmem)


LINKER GENERATED COPY TABLES

__TI_cinit_table @ 000029c0 records: 2, size/record: 8, table size: 16
	.data: load addr=00002968, load size=0000003d bytes, run addr=20000200, run size=00000068 bytes, compression=rle
	.bss: load addr=000029b8, load size=00000008 bytes, run addr=20000268, run size=00000021 bytes, compression=zero_init


LINKER GENERATED HANDLER TABLE

__TI_handler_table @ 000029a8 records: 3, size/record: 4, table size: 12
	index: 0, handler: __TI_decompress_rle24
	index: 1, handler: __TI_decompress_none
	index: 2, handler: __TI_zero_init


GLOBAL SYMBOLS: SORTED ALPHABETICALLY BY Name 

address   name                    
-------   ----                    
00001f61  ADCSeq2_HANDLER         
000016a9  ADC_initTimer3          
20000240  ADCflag                 
2000027c  ADCvalue                
000026d1  C$$EXIT                 
000020a1  CheckInterrupts         
00000321  ConfigNRF24_Reg         
20000200  DATA_PIPE0_ADDRESS      
20000205  DATA_PIPE1_ADDRESS      
2000020a  DATA_PIPE2_ADDRESS      
2000020f  DATA_PIPE3_ADDRESS      
20000214  DATA_PIPE4_ADDRESS      
20000219  DATA_PIPE5_ADDRESS      
2000021e  DATA_PIPEx_ADDRESS      
20000288  DeviceCnt               
00001f41  GPIO_PortC_Handler      
000019d9  GPIO_init               
2000023c  IRQflags                
000014f9  Interrupt_IRQ           
00001161  Oled_Clear_Display      
00001479  Oled_DisplayWhen_Init   
00001259  Oled_Draw_Hline         
000011c1  Oled_Draw_Pixel         
00001319  Oled_Draw_Vline         
00000f11  Oled_Init               
00001151  Oled_TrunOff            
00001101  Oled_Write_Char         
00000ed1  Oled_Write_Cmd          
00000ef1  Oled_Write_Data         
00001071  Oled_Write_String       
00002221  Oled_int2string         
00001681  PWM_Duty                
00001581  PWM_Init                
00000731  Ping_TX                 
00000739  Process_Data            
20000223  RX_PAYLOAD              
000002c9  Read_Reg                
00000601  Read_data               
20000268  RegisteredDevices       
00002719  ResetISR                
UNDEFED   SHT$$INIT_ARRAY$$Base   
UNDEFED   SHT$$INIT_ARRAY$$Limit  
000022d9  SPI_Init                
00000d79  SPI_Oled_Init           
00000e71  SPI_Oled_transfer       
000023e1  SPI_transfer            
000009c9  Send_COM_PIPE           
00000ce9  Send_Error_Code         
20000280  StatusReg               
20000264  SystemCoreClock         
00001cb1  SystemCoreClockUpdate   
00001df1  SystemInit              
20000238  T0flags                 
00001f99  TIMER0A_HANDLER         
00001fb9  TIMER2A_HANDLER         
2000022d  TX_PAYLOAD              
000018d9  TimerEdgeCounter_init   
00001859  Timer_Init              
00000271  Write_Reg               
00000659  Write_data              
00000a89  Write_data_To_data_pipeX
20000200  __STACK_END             
00000200  __STACK_SIZE            
20000200  __STACK_TOP             
00000008  __SYSMEM_SIZE           
000029c0  __TI_CINIT_Base         
000029d0  __TI_CINIT_Limit        
000029a8  __TI_Handler_Table_Base 
000029b4  __TI_Handler_Table_Limit
0000255d  __TI_auto_init          
20000258  __TI_cleanup_ptr        
00002761  __TI_decompress_none    
000014a3  __TI_decompress_rle24   
2000025c  __TI_dtors_ptr          
00000000  __TI_static_base__      
0000276f  __TI_zero_init          
000024e3  __aeabi_memclr          
000024e3  __aeabi_memclr4         
000024e3  __aeabi_memclr8         
00002447  __aeabi_memcpy          
00002447  __aeabi_memcpy4         
00002447  __aeabi_memcpy8         
000024e5  __aeabi_memset          
000024e5  __aeabi_memset4         
000024e5  __aeabi_memset8         
ffffffff  __binit__               
ffffffff  __c_args__              
20000000  __stack                 
00002735  _args_main              
00002635  _c_int00                
20000250  _lock                   
0000275b  _nop                    
00002753  _register_lock          
0000274d  _register_unlock        
20000290  _sys_memory             
00000d75  _system_pre_init        
20000254  _unlock                 
000026d5  abort                   
ffffffff  binit                   
00002685  copy_in                 
20000284  duty_cycle              
000026dd  exit                    
000005d1  flush_RX                
000005a1  flush_TX                
00000000  g_pfnVectors            
00000a51  get_pipe_from_STATUS    
00001fd1  main                    
20000260  main_func_sp            
00002447  memcpy                  
000024eb  memset                  
00002964  node                    
2000024c  rps                     
20000248  val                     
20000244  voltage                 


GLOBAL SYMBOLS: SORTED BY Symbol Address 

address   name                    
-------   ----                    
00000000  __TI_static_base__      
00000000  g_pfnVectors            
00000008  __SYSMEM_SIZE           
00000200  __STACK_SIZE            
00000271  Write_Reg               
000002c9  Read_Reg                
00000321  ConfigNRF24_Reg         
000005a1  flush_TX                
000005d1  flush_RX                
00000601  Read_data               
00000659  Write_data              
00000731  Ping_TX                 
00000739  Process_Data            
000009c9  Send_COM_PIPE           
00000a51  get_pipe_from_STATUS    
00000a89  Write_data_To_data_pipeX
00000ce9  Send_Error_Code         
00000d75  _system_pre_init        
00000d79  SPI_Oled_Init           
00000e71  SPI_Oled_transfer       
00000ed1  Oled_Write_Cmd          
00000ef1  Oled_Write_Data         
00000f11  Oled_Init               
00001071  Oled_Write_String       
00001101  Oled_Write_Char         
00001151  Oled_TrunOff            
00001161  Oled_Clear_Display      
000011c1  Oled_Draw_Pixel         
00001259  Oled_Draw_Hline         
00001319  Oled_Draw_Vline         
00001479  Oled_DisplayWhen_Init   
000014a3  __TI_decompress_rle24   
000014f9  Interrupt_IRQ           
00001581  PWM_Init                
00001681  PWM_Duty                
000016a9  ADC_initTimer3          
00001859  Timer_Init              
000018d9  TimerEdgeCounter_init   
000019d9  GPIO_init               
00001cb1  SystemCoreClockUpdate   
00001df1  SystemInit              
00001f41  GPIO_PortC_Handler      
00001f61  ADCSeq2_HANDLER         
00001f99  TIMER0A_HANDLER         
00001fb9  TIMER2A_HANDLER         
00001fd1  main                    
000020a1  CheckInterrupts         
00002221  Oled_int2string         
000022d9  SPI_Init                
000023e1  SPI_transfer            
00002447  __aeabi_memcpy          
00002447  __aeabi_memcpy4         
00002447  __aeabi_memcpy8         
00002447  memcpy                  
000024e3  __aeabi_memclr          
000024e3  __aeabi_memclr4         
000024e3  __aeabi_memclr8         
000024e5  __aeabi_memset          
000024e5  __aeabi_memset4         
000024e5  __aeabi_memset8         
000024eb  memset                  
0000255d  __TI_auto_init          
00002635  _c_int00                
00002685  copy_in                 
000026d1  C$$EXIT                 
000026d5  abort                   
000026dd  exit                    
00002719  ResetISR                
00002735  _args_main              
0000274d  _register_unlock        
00002753  _register_lock          
0000275b  _nop                    
00002761  __TI_decompress_none    
0000276f  __TI_zero_init          
00002964  node                    
000029a8  __TI_Handler_Table_Base 
000029b4  __TI_Handler_Table_Limit
000029c0  __TI_CINIT_Base         
000029d0  __TI_CINIT_Limit        
20000000  __stack                 
20000200  DATA_PIPE0_ADDRESS      
20000200  __STACK_END             
20000200  __STACK_TOP             
20000205  DATA_PIPE1_ADDRESS      
2000020a  DATA_PIPE2_ADDRESS      
2000020f  DATA_PIPE3_ADDRESS      
20000214  DATA_PIPE4_ADDRESS      
20000219  DATA_PIPE5_ADDRESS      
2000021e  DATA_PIPEx_ADDRESS      
20000223  RX_PAYLOAD              
2000022d  TX_PAYLOAD              
20000238  T0flags                 
2000023c  IRQflags                
20000240  ADCflag                 
20000244  voltage                 
20000248  val                     
2000024c  rps                     
20000250  _lock                   
20000254  _unlock                 
20000258  __TI_cleanup_ptr        
2000025c  __TI_dtors_ptr          
20000260  main_func_sp            
20000264  SystemCoreClock         
20000268  RegisteredDevices       
2000027c  ADCvalue                
20000280  StatusReg               
20000284  duty_cycle              
20000288  DeviceCnt               
20000290  _sys_memory             
ffffffff  __binit__               
ffffffff  __c_args__              
ffffffff  binit                   
UNDEFED   SHT$$INIT_ARRAY$$Base   
UNDEFED   SHT$$INIT_ARRAY$$Limit  

[114 symbols]
